fam=base n=58 Dbase=382160924970 rho_rel=1.0000 Xa=7.255e+15 Kmax=50 (n*dmax=1.108e+15)
fam=base n=57 Dbase=382160924970 rho_rel=1.0000 Xa=7.255e+15 Kmax=50 (n*dmax=1.089e+15)
fam=no53 n=58 Dbase=7210583490 rho_rel=0.9231 Xa=7.552e+15 Kmax=2758 (n*dmax=1.153e+15)
fam=no53 n=57 Dbase=7210583490 rho_rel=0.9423 Xa=7.474e+15 Kmax=2729 (n*dmax=1.122e+15)
fam=no47 n=58 Dbase=8131083510 rho_rel=0.7826 Xa=8.201e+15 Kmax=2656 (n*dmax=1.253e+15)
fam=no41 n=58 Dbase=9320998170 rho_rel=0.6000 Xa=9.367e+15 Kmax=2646 (n*dmax=1.430e+15)
fam=no29 n=57 Dbase=13177962930 rho_rel=0.0357 Xa=3.839e+16 Kmax=7672 (n*dmax=5.763e+15)
fam=no41+no47+no53 n=58 Dbase=3741870 rho_rel=0.4334 Xa=1.102e+16 Kmax=7756408 (n*dmax=1.683e+15)
fam=sq n=58 Dbase=382160924970 rho_rel=2.2876 Xa=4.797e+15 Kmax=33 (n*dmax=7.315e+14)
fam=sq n=57 Dbase=382160924970 rho_rel=1.6956 Xa=5.572e+15 Kmax=38 (n*dmax=8.278e+14)
fam=no53+sq n=58 Dbase=7210583490 rho_rel=2.1116 Xa=4.993e+15 Kmax=1823 (n*dmax=7.624e+14)
fam=base n=58 Dbase=382160924970 rho_rel=1.0000 Xa=7.255e+14 Kmax=5 (n*dmax=1.108e+14)
fam=base n=58 Dbase=382160924970 rho_rel=1.0000 Xa=7.255e+16 Kmax=500 (n*dmax=1.108e+16)
fam=base n=58 Dbase=382160924970 rho_rel=1.0000 Xa=7.255e+15 Kmax=50 (n*dmax=1.108e+15)
fam=no53 n=58 Dbase=7210583490 rho_rel=0.9231 Xa=7.552e+15 Kmax=2758 (n*dmax=1.153e+15)
fam=sq n=58 Dbase=382160924970 rho_rel=2.2876 Xa=4.797e+15 Kmax=33 (n*dmax=7.315e+14)
fam=no41+no47+no53 n=58 Dbase=3741870 rho_rel=0.4334 Xa=1.102e+16 Kmax=7756408 (n*dmax=1.683e+15)
fam=base n=57 Dbase=382160924970 rho_rel=1.0000 Xa=7.255e+15 Kmax=50 (n*dmax=1.089e+15)
fam=no29 n=57 Dbase=13177962930 rho_rel=0.0357 Xa=3.839e+16 Kmax=7672 (n*dmax=5.763e+15)
fam=sq n=57 Dbase=382160924970 rho_rel=1.6956 Xa=5.572e+15 Kmax=38 (n*dmax=8.278e+14)
