sieving Loeschian numbers up to N=1345651183 (160.4 MiB bitmap)...
sieve selftest: OK
sieve built in 19.3s
*** new best n=27  a=511443607  d=5610
m=1 d=5610 best_n=27 a=511443607 (6.7s)
m=2 d=11220 best_n=26 a=70265797 (6.7s)
m=3 d=16830 best_n=27 a=1302282463 (6.4s)
m=4 d=22440 best_n=27 a=716717884 (5.8s)
*** new best n=28  a=431372803  d=28050
m=5 d=28050 best_n=28 a=431372803 (6.0s)
m=6 d=33660 best_n=27 a=413995891 (5.8s)
m=7 d=39270 best_n=27 a=1254256297 (5.5s)
m=8 d=44880 best_n=26 a=281063188 (6.0s)
m=9 d=50490 best_n=25 a=923791233 (6.4s)
m=10 d=56100 best_n=27 a=749996419 (6.1s)
m=11 d=61710 best_n=26 a=818542777 (5.7s)
m=12 d=67320 best_n=26 a=34887649 (6.0s)
m=13 d=72930 best_n=28 a=306628837 (5.6s)
m=14 d=78540 best_n=26 a=491860579 (6.6s)
m=15 d=84150 best_n=28 a=1294118409 (5.5s)
m=16 d=89760 best_n=24 a=1154438608 (5.7s)
m=17 d=95370 best_n=27 a=969655879 (5.7s)
m=18 d=100980 best_n=27 a=1241987673 (5.6s)
m=19 d=106590 best_n=24 a=659237761 (5.6s)
m=20 d=112200 best_n=24 a=894405181 (5.4s)
m=21 d=117810 best_n=26 a=1033379521 (5.5s)
m=22 d=123420 best_n=24 a=751772071 (5.4s)
*** new best n=31  a=252316027  d=129030
m=23 d=129030 best_n=31 a=252316027 (5.9s)
m=24 d=134640 best_n=27 a=1323747268 (6.0s)
m=25 d=140250 best_n=25 a=632179213 (6.0s)
m=26 d=145860 best_n=27 a=314633953 (5.4s)
m=27 d=151470 best_n=25 a=173984227 (5.3s)
m=28 d=157080 best_n=24 a=1143680311 (5.6s)
m=29 d=162690 best_n=27 a=569755477 (5.2s)
m=30 d=168300 best_n=27 a=812883 (5.3s)
m=31 d=173910 best_n=25 a=1328861089 (5.2s)
m=32 d=179520 best_n=27 a=1283850919 (5.5s)
m=33 d=185130 best_n=25 a=277609309 (5.3s)
m=34 d=190740 best_n=25 a=109204147 (5.4s)
m=35 d=196350 best_n=25 a=655057657 (5.8s)
m=36 d=201960 best_n=26 a=335400991 (5.5s)
m=37 d=207570 best_n=29 a=1327565473 (5.4s)
m=38 d=213180 best_n=26 a=1335050143 (5.7s)
m=39 d=218790 best_n=28 a=919886511 (5.7s)
m=40 d=224400 best_n=27 a=1083844 (5.6s)
m=41 d=230010 best_n=28 a=1267228489 (6.0s)
m=42 d=235620 best_n=26 a=456676441 (5.8s)
m=43 d=241230 best_n=26 a=237536311 (5.4s)
m=44 d=246840 best_n=25 a=177174673 (5.7s)
m=45 d=252450 best_n=27 a=706613637 (5.5s)
m=46 d=258060 best_n=27 a=1174130431 (5.4s)
m=47 d=263670 best_n=27 a=155369389 (5.7s)
m=48 d=269280 best_n=26 a=139550596 (5.4s)
m=49 d=274890 best_n=25 a=463451029 (5.4s)
m=50 d=280500 best_n=27 a=150681037 (5.5s)
m=51 d=286110 best_n=25 a=568314057 (5.5s)
m=52 d=291720 best_n=28 a=1226515348 (5.4s)
m=53 d=297330 best_n=29 a=183493477 (5.4s)
m=54 d=302940 best_n=28 a=126652663 (5.4s)
m=55 d=308550 best_n=25 a=32348707 (5.2s)
m=56 d=314160 best_n=24 a=346700977 (5.6s)
m=57 d=319770 best_n=25 a=567207913 (5.7s)
m=58 d=325380 best_n=27 a=229093321 (5.5s)
m=59 d=330990 best_n=27 a=217647433 (5.6s)
m=60 d=336600 best_n=27 a=942151516 (5.8s)
m=61 d=342210 best_n=28 a=1152871549 (7.1s)
m=62 d=347820 best_n=24 a=1194480907 (7.6s)
m=63 d=353430 best_n=24 a=726563869 (6.2s)
m=64 d=359040 best_n=27 a=55639159 (6.2s)
m=65 d=364650 best_n=26 a=527006941 (5.9s)
m=66 d=370260 best_n=25 a=1213969213 (6.0s)
m=67 d=375870 best_n=26 a=53025343 (6.1s)
m=68 d=381480 best_n=26 a=27970339 (6.0s)
m=69 d=387090 best_n=31 a=756948081 (6.1s)
m=70 d=392700 best_n=27 a=1896727 (5.7s)
m=71 d=398310 best_n=26 a=8860993 (5.8s)
m=72 d=403920 best_n=29 a=949713073 (5.7s)
m=73 d=409530 best_n=26 a=336338947 (6.5s)
m=74 d=415140 best_n=25 a=199353313 (5.8s)
m=75 d=420750 best_n=26 a=581886997 (5.7s)
m=76 d=426360 best_n=25 a=328880971 (5.9s)
m=77 d=431970 best_n=25 a=549395683 (6.1s)
m=78 d=437580 best_n=27 a=943901859 (6.1s)
m=79 d=443190 best_n=26 a=24560953 (5.8s)
m=80 d=448800 best_n=26 a=1125007747 (5.9s)
m=81 d=454410 best_n=25 a=521952681 (5.9s)
m=82 d=460020 best_n=28 a=503491 (5.7s)
m=83 d=465630 best_n=26 a=989868241 (5.9s)
m=84 d=471240 best_n=28 a=34889629 (5.8s)
m=85 d=476850 best_n=27 a=172196551 (6.1s)
m=86 d=482460 best_n=26 a=1007716891 (6.1s)
m=87 d=488070 best_n=29 a=100257769 (6.0s)
m=88 d=493680 best_n=26 a=895672057 (5.9s)
m=89 d=499290 best_n=27 a=94563313 (5.8s)
m=90 d=504900 best_n=27 a=517186687 (5.8s)
m=91 d=510510 best_n=26 a=664223563 (5.8s)
m=92 d=516120 best_n=31 a=1009264108 (6.2s)
m=93 d=521730 best_n=27 a=38953777 (5.9s)
m=94 d=527340 best_n=26 a=386301211 (5.9s)
m=95 d=532950 best_n=24 a=83374243 (5.7s)
m=96 d=538560 best_n=28 a=355385257 (5.8s)
m=97 d=544170 best_n=27 a=612950959 (6.3s)
m=98 d=549780 best_n=25 a=976262407 (6.0s)
m=99 d=555390 best_n=27 a=283604797 (6.2s)
m=100 d=561000 best_n=28 a=373101127 (6.2s)
m=101 d=566610 best_n=25 a=481233403 (5.9s)
m=102 d=572220 best_n=25 a=327612441 (6.3s)
m=103 d=577830 best_n=26 a=62521753 (6.3s)
m=104 d=583440 best_n=27 a=1258535812 (5.8s)
m=105 d=589050 best_n=24 a=319995957 (6.4s)
m=106 d=594660 best_n=27 a=1308642589 (8.1s)
m=107 d=600270 best_n=30 a=619463197 (8.0s)
m=108 d=605880 best_n=28 a=11358529 (8.1s)
m=109 d=611490 best_n=25 a=135308761 (8.6s)
m=110 d=617100 best_n=24 a=138754741 (9.1s)
m=111 d=622710 best_n=26 a=1076096983 (9.2s)
m=112 d=628320 best_n=28 a=1197714187 (7.0s)
m=113 d=633930 best_n=26 a=149995423 (5.9s)
m=114 d=639540 best_n=25 a=228094959 (5.8s)
m=115 d=645150 best_n=31 a=466051 (5.4s)
m=116 d=650760 best_n=27 a=643642573 (6.4s)
m=117 d=656370 best_n=27 a=1151557789 (5.5s)
m=118 d=661980 best_n=31 a=176022793 (5.2s)
m=119 d=667590 best_n=28 a=272911789 (5.4s)
m=120 d=673200 best_n=27 a=3251532 (5.6s)
m=121 d=678810 best_n=25 a=1211508937 (5.3s)
m=122 d=684420 best_n=26 a=407079469 (5.8s)
m=123 d=690030 best_n=27 a=1077413331 (5.3s)
