sieving Loeschian numbers up to N=1345651183 (160.4 MiB bitmap)...
sieve selftest: OK
sieve built in 20.1s
*** new best n=26  a=33136207  d=6608580
m=1178 d=6608580 best_n=26 a=33136207 (6.7s)
*** new best n=27  a=187048623  d=6614190
m=1179 d=6614190 best_n=27 a=187048623 (6.4s)
m=1180 d=6619800 best_n=27 a=8113909 (6.1s)
m=1181 d=6625410 best_n=24 a=1148123881 (5.7s)
m=1182 d=6631020 best_n=27 a=614444539 (6.3s)
m=1183 d=6636630 best_n=26 a=5260549 (5.9s)
m=1184 d=6642240 best_n=27 a=104563147 (5.7s)
m=1185 d=6647850 best_n=25 a=1150048081 (6.2s)
*** new best n=28  a=934873657  d=6653460
m=1186 d=6653460 best_n=28 a=934873657 (6.7s)
m=1187 d=6659070 best_n=24 a=1030236151 (6.0s)
m=1188 d=6664680 best_n=27 a=612642967 (6.1s)
m=1189 d=6670290 best_n=28 a=74615089 (5.8s)
m=1190 d=6675900 best_n=27 a=1029626569 (6.1s)
m=1191 d=6681510 best_n=27 a=218286129 (6.2s)
m=1192 d=6687120 best_n=27 a=314622721 (5.6s)
m=1193 d=6692730 best_n=27 a=235066999 (5.8s)
m=1194 d=6698340 best_n=24 a=1185241027 (5.5s)
m=1195 d=6703950 best_n=25 a=390692227 (5.5s)
m=1196 d=6709560 best_n=28 a=1002392863 (5.7s)
m=1197 d=6715170 best_n=24 a=46698843 (5.5s)
m=1198 d=6720780 best_n=28 a=130698637 (5.6s)
m=1199 d=6726390 best_n=25 a=1089889033 (5.6s)
m=1200 d=6732000 best_n=25 a=1118161551 (6.1s)
m=1201 d=6737610 best_n=26 a=69391291 (6.0s)
m=1202 d=6743220 best_n=24 a=686195467 (5.9s)
m=1203 d=6748830 best_n=28 a=35293153 (5.2s)
m=1204 d=6754440 best_n=25 a=85501219 (5.4s)
*** new best n=29  a=719558299  d=6760050
m=1205 d=6760050 best_n=29 a=719558299 (5.5s)
m=1206 d=6765660 best_n=26 a=199931731 (5.3s)
m=1207 d=6771270 best_n=26 a=838740757 (5.3s)
m=1208 d=6776880 best_n=27 a=73401727 (5.3s)
m=1209 d=6782490 best_n=27 a=506399101 (5.4s)
m=1210 d=6788100 best_n=27 a=32786281 (5.4s)
m=1211 d=6793710 best_n=24 a=1178997967 (5.4s)
m=1212 d=6799320 best_n=27 a=259670707 (6.0s)
m=1213 d=6804930 best_n=26 a=870445897 (5.6s)
m=1214 d=6810540 best_n=25 a=758506879 (5.8s)
m=1215 d=6816150 best_n=25 a=623388697 (5.3s)
m=1216 d=6821760 best_n=27 a=1057144021 (5.7s)
m=1217 d=6827370 best_n=25 a=432651451 (5.9s)
m=1218 d=6832980 best_n=28 a=139064763 (5.6s)
*** new best n=34  a=354558043  d=6838590
m=1219 d=6838590 best_n=34 a=354558043 (5.8s)
m=1220 d=6844200 best_n=24 a=277219807 (5.4s)
m=1221 d=6849810 best_n=28 a=549414841 (5.3s)
m=1222 d=6855420 best_n=26 a=497991793 (5.6s)
m=1223 d=6861030 best_n=26 a=1032778051 (5.3s)
m=1224 d=6866640 best_n=27 a=32593989 (5.4s)
m=1225 d=6872250 best_n=26 a=133093039 (5.3s)
m=1226 d=6877860 best_n=26 a=97822411 (5.3s)
m=1227 d=6883470 best_n=28 a=32375941 (5.7s)
m=1228 d=6889080 best_n=25 a=6877261 (5.4s)
m=1229 d=6894690 best_n=24 a=45302137 (5.4s)
m=1230 d=6900300 best_n=28 a=573837007 (5.4s)
m=1231 d=6905910 best_n=23 a=764591737 (5.7s)
m=1232 d=6911520 best_n=25 a=634554004 (5.4s)
m=1233 d=6917130 best_n=27 a=421461769 (5.9s)
m=1234 d=6922740 best_n=26 a=651236437 (5.5s)
m=1235 d=6928350 best_n=28 a=373028323 (5.5s)
m=1236 d=6933960 best_n=26 a=750261036 (5.5s)
m=1237 d=6939570 best_n=28 a=467536507 (5.8s)
m=1238 d=6945180 best_n=24 a=976639291 (8.0s)
m=1239 d=6950790 best_n=25 a=509071297 (6.5s)
m=1240 d=6956400 best_n=27 a=33599164 (6.0s)
m=1241 d=6962010 best_n=25 a=314188759 (6.1s)
m=1242 d=6967620 best_n=29 a=80846049 (6.3s)
m=1243 d=6973230 best_n=28 a=168201079 (6.2s)
m=1244 d=6978840 best_n=27 a=133528276 (6.1s)
m=1245 d=6984450 best_n=25 a=175629763 (5.9s)
m=1246 d=6990060 best_n=25 a=463900549 (5.8s)
m=1247 d=6995670 best_n=30 a=492339451 (5.9s)
m=1248 d=7001280 best_n=27 a=110215209 (6.0s)
m=1249 d=7006890 best_n=26 a=148366717 (5.9s)
m=1250 d=7012500 best_n=27 a=49320175 (6.0s)
m=1251 d=7018110 best_n=28 a=677480391 (5.8s)
m=1252 d=7023720 best_n=24 a=1022509513 (6.0s)
m=1253 d=7029330 best_n=26 a=98555719 (5.8s)
m=1254 d=7034940 best_n=25 a=427474939 (5.8s)
m=1255 d=7040550 best_n=28 a=33412693 (5.8s)
m=1256 d=7046160 best_n=24 a=901059187 (6.2s)
m=1257 d=7051770 best_n=28 a=725023111 (6.3s)
m=1258 d=7057380 best_n=24 a=503046229 (5.9s)
m=1259 d=7062990 best_n=23 a=453695731 (6.2s)
m=1260 d=7068600 best_n=24 a=880117969 (5.6s)
m=1261 d=7074210 best_n=25 a=692628289 (5.9s)
m=1262 d=7079820 best_n=25 a=1140059737 (6.2s)
m=1263 d=7085430 best_n=26 a=275964933 (6.0s)
m=1264 d=7091040 best_n=26 a=392975248 (6.0s)
m=1265 d=7096650 best_n=28 a=782901199 (5.8s)
m=1266 d=7102260 best_n=26 a=256784017 (5.8s)
m=1267 d=7107870 best_n=28 a=730519237 (5.9s)
m=1268 d=7113480 best_n=26 a=474372031 (6.0s)
m=1269 d=7119090 best_n=28 a=165068721 (6.1s)
m=1270 d=7124700 best_n=27 a=34412047 (6.2s)
m=1271 d=7130310 best_n=31 a=11404177 (6.2s)
m=1272 d=7135920 best_n=29 a=4724668 (5.9s)
m=1273 d=7141530 best_n=26 a=1007481517 (6.0s)
m=1274 d=7147140 best_n=25 a=504914833 (6.2s)
m=1275 d=7152750 best_n=28 a=384241867 (5.9s)
m=1276 d=7158360 best_n=28 a=241738543 (6.0s)
m=1277 d=7163970 best_n=25 a=840282769 (6.2s)
m=1278 d=7169580 best_n=27 a=303129451 (6.2s)
m=1279 d=7175190 best_n=26 a=834379243 (6.3s)
m=1280 d=7180800 best_n=28 a=873674671 (6.1s)
m=1281 d=7186410 best_n=26 a=624512469 (6.3s)
m=1282 d=7192020 best_n=26 a=556846291 (7.4s)
m=1283 d=7197630 best_n=25 a=359690401 (8.1s)
m=1284 d=7203240 best_n=28 a=973263079 (8.2s)
m=1285 d=7208850 best_n=30 a=59958559 (8.5s)
m=1286 d=7214460 best_n=25 a=424945423 (8.7s)
m=1287 d=7220070 best_n=25 a=943560963 (9.2s)
m=1288 d=7225680 best_n=29 a=29896252 (8.1s)
m=1289 d=7231290 best_n=24 a=606947761 (6.6s)
m=1290 d=7236900 best_n=27 a=34953969 (5.8s)
m=1291 d=7242510 best_n=26 a=425134669 (5.5s)
m=1292 d=7248120 best_n=26 a=531436441 (6.1s)
m=1293 d=7253730 best_n=26 a=774842527 (5.7s)
m=1294 d=7259340 best_n=28 a=733146031 (5.3s)
m=1295 d=7264950 best_n=23 a=961071559 (5.5s)
m=1296 d=7270560 best_n=28 a=582007611 (5.5s)
m=1297 d=7276170 best_n=25 a=772358491 (5.4s)
m=1298 d=7281780 best_n=26 a=500530861 (5.8s)
m=1299 d=7287390 best_n=30 a=596468181 (5.5s)
m=1300 d=7293000 best_n=28 a=444406636 (5.8s)
m=1301 d=7298610 best_n=25 a=743662423 (7.1s)
m=1302 d=7304220 best_n=27 a=393695029 (9.9s)
m=1303 d=7309830 best_n=26 a=873883309 (9.8s)
m=1304 d=7315440 best_n=27 a=22428268 (8.7s)
m=1305 d=7321050 best_n=29 a=592349007 (8.6s)
m=1306 d=7326660 best_n=24 a=205784593 (9.6s)
m=1307 d=7332270 best_n=28 a=676393363 (9.0s)
m=1308 d=7337880 best_n=26 a=778791124 (9.1s)
m=1309 d=7343490 best_n=27 a=791316463 (6.2s)
m=1310 d=7349100 best_n=24 a=1081877167 (7.5s)
m=1311 d=7354710 best_n=29 a=203608011 (12.4s)
m=1312 d=7360320 best_n=28 a=8055856 (9.3s)
m=1313 d=7365930 best_n=25 a=288236491 (8.6s)
m=1314 d=7371540 best_n=25 a=623480371 (7.6s)
m=1315 d=7377150 best_n=25 a=926467441 (7.6s)
m=1316 d=7382760 best_n=28 a=1107504169 (7.4s)
m=1317 d=7388370 best_n=25 a=648697 (8.2s)
m=1318 d=7393980 best_n=30 a=53461621 (8.9s)
m=1319 d=7399590 best_n=25 a=1115829499 (7.7s)
m=1320 d=7405200 best_n=27 a=420840183 (7.6s)
m=1321 d=7410810 best_n=25 a=25989907 (7.5s)
m=1322 d=7416420 best_n=27 a=737700133 (8.4s)
m=1323 d=7422030 best_n=26 a=652354741 (7.8s)
m=1324 d=7427640 best_n=26 a=242017804 (7.2s)
m=1325 d=7433250 best_n=27 a=35022109 (7.5s)
m=1326 d=7438860 best_n=27 a=334732251 (7.1s)
m=1327 d=7444470 best_n=27 a=873491737 (7.4s)
m=1328 d=7450080 best_n=28 a=999175057 (7.8s)
m=1329 d=7455690 best_n=25 a=375730977 (7.2s)
m=1330 d=7461300 best_n=27 a=36037813 (7.7s)
m=1331 d=7466910 best_n=25 a=76953259 (7.8s)
m=1332 d=7472520 best_n=28 a=296092564 (8.4s)
m=1333 d=7478130 best_n=24 a=1079491753 (8.1s)
m=1334 d=7483740 best_n=32 a=301623889 (7.1s)
m=1335 d=7489350 best_n=25 a=238330713 (9.8s)
m=1336 d=7494960 best_n=27 a=375834049 (9.9s)
m=1337 d=7500570 best_n=27 a=542400583 (8.5s)
m=1338 d=7506180 best_n=26 a=382548063 (8.9s)
m=1339 d=7511790 best_n=26 a=812782789 (8.6s)
m=1340 d=7517400 best_n=27 a=397506817 (8.5s)
m=1341 d=7523010 best_n=26 a=171891567 (8.4s)
m=1342 d=7528620 best_n=26 a=269924593 (7.8s)
m=1343 d=7534230 best_n=25 a=243835249 (8.3s)
m=1344 d=7539840 best_n=28 a=558234064 (8.4s)
m=1345 d=7545450 best_n=26 a=1142310199 (7.9s)
m=1346 d=7551060 best_n=27 a=51670741 (7.3s)
m=1347 d=7556670 best_n=28 a=331483161 (9.3s)
m=1348 d=7562280 best_n=26 a=936890764 (8.1s)
m=1349 d=7567890 best_n=26 a=168358867 (9.7s)
m=1350 d=7573500 best_n=27 a=53265789 (8.5s)
m=1351 d=7579110 best_n=26 a=167389417 (9.1s)
m=1352 d=7584720 best_n=26 a=276235471 (8.1s)
m=1353 d=7590330 best_n=25 a=1098290757 (8.7s)
m=1354 d=7595940 best_n=26 a=800955349 (9.2s)
m=1355 d=7601550 best_n=25 a=274723711 (8.3s)
m=1356 d=7607160 best_n=27 a=710110261 (8.2s)
m=1357 d=7612770 best_n=30 a=699655387 (7.8s)
m=1358 d=7618380 best_n=27 a=256632847 (8.2s)
m=1359 d=7623990 best_n=28 a=365521719 (8.3s)
m=1360 d=7629600 best_n=28 a=389888953 (7.7s)
m=1361 d=7635210 best_n=26 a=324941761 (8.6s)
m=1362 d=7640820 best_n=25 a=1157498247 (8.0s)
m=1363 d=7646430 best_n=31 a=646339879 (7.9s)
m=1364 d=7652040 best_n=25 a=1096564972 (8.0s)
m=1365 d=7657650 best_n=25 a=939624739 (8.2s)
m=1366 d=7663260 best_n=25 a=225220681 (7.8s)
m=1367 d=7668870 best_n=26 a=923804239 (8.3s)
m=1368 d=7674480 best_n=27 a=29209743 (7.7s)
m=1369 d=7680090 best_n=27 a=62656657 (7.6s)
m=1370 d=7685700 best_n=28 a=126791107 (8.2s)
m=1371 d=7691310 best_n=26 a=404870281 (7.8s)
m=1372 d=7696920 best_n=28 a=311020999 (7.8s)
m=1373 d=7702530 best_n=29 a=218805493 (8.0s)
m=1374 d=7708140 best_n=26 a=94325833 (7.7s)
m=1375 d=7713750 best_n=25 a=808717675 (8.3s)
m=1376 d=7719360 best_n=27 a=121519333 (8.2s)
m=1377 d=7724970 best_n=27 a=618135799 (7.6s)
m=1378 d=7730580 best_n=25 a=768883807 (8.3s)
m=1379 d=7736190 best_n=25 a=404548483 (7.9s)
m=1380 d=7741800 best_n=31 a=5592612 (7.7s)
m=1381 d=7747410 best_n=25 a=1500667 (8.2s)
m=1382 d=7753020 best_n=25 a=654995641 (7.9s)
m=1383 d=7758630 best_n=24 a=1083706563 (7.9s)
m=1384 d=7764240 best_n=28 a=296828236 (8.2s)
m=1385 d=7769850 best_n=25 a=22254973 (7.6s)
m=1386 d=7775460 best_n=25 a=607988379 (6.4s)
m=1387 d=7781070 best_n=32 a=521214007 (8.1s)
m=1388 d=7786680 best_n=26 a=980938996 (8.2s)
m=1389 d=7792290 best_n=25 a=501252897 (8.1s)
m=1390 d=7797900 best_n=27 a=37663579 (8.5s)
m=1391 d=7803510 best_n=25 a=808426897 (8.0s)
m=1392 d=7809120 best_n=27 a=394756023 (8.4s)
m=1393 d=7814730 best_n=25 a=1044687223 (9.0s)
m=1394 d=7820340 best_n=26 a=1052738161 (8.4s)
m=1395 d=7825950 best_n=25 a=862593681 (8.5s)
m=1396 d=7831560 best_n=27 a=820175233 (9.5s)
m=1397 d=7837170 best_n=26 a=16826191 (8.3s)
m=1398 d=7842780 best_n=25 a=629805133 (8.0s)
m=1399 d=7848390 best_n=25 a=1025495083 (8.6s)
m=1400 d=7854000 best_n=27 a=55238596 (8.6s)
m=1401 d=7859610 best_n=28 a=32632483 (9.7s)
m=1402 d=7865220 best_n=24 a=577906531 (9.2s)
m=1403 d=7870830 best_n=29 a=708370411 (8.8s)
m=1404 d=7876440 best_n=28 a=147660877 (8.0s)
m=1405 d=7882050 best_n=25 a=552065629 (9.0s)
m=1406 d=7887660 best_n=25 a=166766881 (7.8s)
m=1407 d=7893270 best_n=26 a=1113532203 (8.6s)
m=1408 d=7898880 best_n=26 a=1039070179 (8.3s)
m=1409 d=7904490 best_n=24 a=510542713 (8.2s)
m=1410 d=7910100 best_n=25 a=425963977 (8.8s)
m=1411 d=7915710 best_n=25 a=17005369 (8.3s)
m=1412 d=7921320 best_n=25 a=420555244 (9.2s)
m=1413 d=7926930 best_n=28 a=42514041 (8.2s)
m=1414 d=7932540 best_n=27 a=638273839 (8.2s)
m=1415 d=7938150 best_n=25 a=865604767 (8.2s)
m=1416 d=7943760 best_n=27 a=753145153 (7.1s)
m=1417 d=7949370 best_n=26 a=1110203509 (7.5s)
m=1418 d=7954980 best_n=25 a=1045456717 (7.5s)
m=1419 d=7960590 best_n=25 a=1666551 (8.3s)
m=1420 d=7966200 best_n=26 a=161350477 (7.5s)
m=1421 d=7971810 best_n=26 a=533018059 (8.0s)
m=1422 d=7977420 best_n=25 a=985579929 (8.4s)
m=1423 d=7983030 best_n=26 a=474291163 (8.3s)
m=1424 d=7988640 best_n=26 a=1022251663 (7.9s)
m=1425 d=7994250 best_n=25 a=201154881 (8.4s)
m=1426 d=7999860 best_n=29 a=489583141 (7.9s)
m=1427 d=8005470 best_n=25 a=1024290913 (8.3s)
m=1428 d=8011080 best_n=26 a=587377119 (7.4s)
m=1429 d=8016690 best_n=26 a=3967333 (8.3s)
m=1430 d=8022300 best_n=28 a=1022283931 (7.7s)
m=1431 d=8027910 best_n=27 a=130279599 (8.5s)
m=1432 d=8033520 best_n=26 a=106176799 (8.1s)
m=1433 d=8039130 best_n=24 a=990142183 (7.8s)
m=1434 d=8044740 best_n=27 a=702612019 (7.6s)
m=1435 d=8050350 best_n=28 a=235700263 (7.9s)
m=1436 d=8055960 best_n=24 a=751726012 (7.6s)
m=1437 d=8061570 best_n=28 a=130623661 (8.2s)
m=1438 d=8067180 best_n=27 a=966092551 (8.1s)
m=1439 d=8072790 best_n=28 a=666577849 (7.8s)
m=1440 d=8078400 best_n=27 a=184937908 (8.1s)
m=1441 d=8084010 best_n=28 a=292240249 (7.4s)
m=1442 d=8089620 best_n=26 a=8500939 (7.8s)
m=1443 d=8095230 best_n=25 a=995099239 (7.8s)
m=1444 d=8100840 best_n=25 a=705292711 (7.4s)
m=1445 d=8106450 best_n=25 a=946035811 (8.0s)
m=1446 d=8112060 best_n=28 a=189749773 (7.7s)
m=1447 d=8117670 best_n=26 a=735892303 (7.7s)
m=1448 d=8123280 best_n=26 a=1024963684 (7.8s)
*** new best n=35  a=659492733  d=8128890
*** G1 n=35 last=935874993 a=659492733 d=8128890
m=1449 d=8128890 best_n=35 a=659492733 (7.6s)
m=1450 d=8134500 best_n=31 a=85870567 (8.2s)
m=1451 d=8140110 best_n=27 a=402589141 (8.2s)
m=1452 d=8145720 best_n=28 a=404114011 (8.0s)
m=1453 d=8151330 best_n=23 a=958887649 (7.7s)
m=1454 d=8156940 best_n=25 a=555274891 (7.8s)
m=1455 d=8162550 best_n=26 a=1078774617 (8.3s)
m=1456 d=8168160 best_n=26 a=211973461 (7.9s)
m=1457 d=8173770 best_n=26 a=32297449 (7.7s)
m=1458 d=8179380 best_n=26 a=988064793 (7.6s)
m=1459 d=8184990 best_n=25 a=716790697 (8.1s)
m=1460 d=8190600 best_n=25 a=493482196 (8.2s)
m=1461 d=8196210 best_n=28 a=66908653 (7.7s)
m=1462 d=8201820 best_n=26 a=467075941 (8.1s)
m=1463 d=8207430 best_n=26 a=75462973 (7.8s)
m=1464 d=8213040 best_n=26 a=1026779389 (8.1s)
m=1465 d=8218650 best_n=26 a=208695787 (7.9s)
m=1466 d=8224260 best_n=27 a=689273953 (7.5s)
m=1467 d=8229870 best_n=26 a=518957193 (8.4s)
m=1468 d=8235480 best_n=27 a=24693127 (7.9s)
m=1469 d=8241090 best_n=24 a=305597449 (7.9s)
m=1470 d=8246700 best_n=28 a=679082617 (8.8s)
m=1471 d=8252310 best_n=25 a=56677363 (8.0s)
m=1472 d=8257920 best_n=30 a=1046535067 (8.3s)
m=1473 d=8263530 best_n=26 a=283954399 (8.0s)
m=1474 d=8269140 best_n=26 a=672146377 (7.0s)
m=1475 d=8274750 best_n=26 a=975685489 (8.3s)
m=1476 d=8280360 best_n=27 a=1115714757 (8.2s)
m=1477 d=8285970 best_n=27 a=31578799 (7.9s)
m=1478 d=8291580 best_n=26 a=125896933 (8.7s)
m=1479 d=8297190 best_n=32 a=805075729 (7.6s)
m=1480 d=8302800 best_n=28 a=490223524 (8.3s)
m=1481 d=8308410 best_n=24 a=808686097 (8.2s)
m=1482 d=8314020 best_n=27 a=770072893 (7.7s)
m=1483 d=8319630 best_n=23 a=1153424359 (8.3s)
m=1484 d=8325240 best_n=26 a=37124023 (8.1s)
m=1485 d=8330850 best_n=27 a=544121733 (7.8s)
m=1486 d=8336460 best_n=27 a=684490111 (8.1s)
m=1487 d=8342070 best_n=27 a=705379117 (8.8s)
m=1488 d=8347680 best_n=27 a=623260432 (7.6s)
m=1489 d=8353290 best_n=25 a=375469291 (7.8s)
m=1490 d=8358900 best_n=25 a=429562753 (7.7s)
m=1491 d=8364510 best_n=27 a=75304021 (7.5s)
m=1492 d=8370120 best_n=25 a=915391828 (8.5s)
m=1493 d=8375730 best_n=25 a=463339699 (7.6s)
m=1494 d=8381340 best_n=25 a=785665449 (7.9s)
m=1495 d=8386950 best_n=32 a=203648437 (8.8s)
m=1496 d=8392560 best_n=27 a=37253059 (8.3s)
m=1497 d=8398170 best_n=25 a=1037817043 (7.9s)
m=1498 d=8403780 best_n=26 a=839923651 (7.8s)
m=1499 d=8409390 best_n=28 a=173981149 (8.0s)
m=1500 d=8415000 best_n=25 a=442050127 (7.9s)
m=1501 d=8420610 best_n=26 a=466658107 (7.7s)
m=1502 d=8426220 best_n=26 a=523277593 (7.8s)
m=1503 d=8431830 best_n=26 a=410994417 (7.3s)
m=1504 d=8437440 best_n=26 a=687625804 (7.8s)
m=1505 d=8443050 best_n=28 a=357532609 (7.6s)
m=1506 d=8448660 best_n=26 a=500748223 (7.9s)
m=1507 d=8454270 best_n=26 a=770237623 (7.7s)
m=1508 d=8459880 best_n=27 a=467919532 (7.7s)
m=1509 d=8465490 best_n=25 a=187037137 (8.4s)
m=1510 d=8471100 best_n=27 a=40915111 (8.1s)
m=1511 d=8476710 best_n=23 a=912054439 (7.6s)
m=1512 d=8482320 best_n=28 a=1092939031 (8.3s)
m=1513 d=8487930 best_n=27 a=361508011 (7.7s)
m=1514 d=8493540 best_n=26 a=10618903 (7.9s)
m=1515 d=8499150 best_n=25 a=1133689377 (7.8s)
m=1516 d=8504760 best_n=26 a=662068228 (7.3s)
m=1517 d=8510370 best_n=27 a=237977743 (7.7s)
m=1518 d=8515980 best_n=28 a=859595133 (7.8s)
m=1519 d=8521590 best_n=25 a=1040803939 (7.6s)
m=1520 d=8527200 best_n=25 a=14900404 (8.2s)
m=1521 d=8532810 best_n=26 a=975110959 (7.9s)
m=1522 d=8538420 best_n=34 a=133345111 (7.8s)
m=1523 d=8544030 best_n=25 a=8614993 (8.0s)
m=1524 d=8549640 best_n=26 a=77900772 (7.5s)
m=1525 d=8555250 best_n=28 a=134975443 (6.4s)
m=1526 d=8560860 best_n=26 a=337007701 (7.9s)
m=1527 d=8566470 best_n=27 a=210133029 (7.7s)
m=1528 d=8572080 best_n=29 a=195511708 (7.5s)
m=1529 d=8577690 best_n=25 a=1795741 (7.7s)
m=1530 d=8583300 best_n=28 a=96024187 (7.6s)
m=1531 d=8588910 best_n=28 a=1030930873 (8.1s)
m=1532 d=8594520 best_n=27 a=197065897 (7.8s)
m=1533 d=8600130 best_n=26 a=739549579 (7.7s)
m=1534 d=8605740 best_n=27 a=72695131 (8.1s)
m=1535 d=8611350 best_n=27 a=14205337 (8.1s)
m=1536 d=8616960 best_n=27 a=135649488 (8.3s)
m=1537 d=8622570 best_n=30 a=519696163 (7.1s)
m=1538 d=8628180 best_n=25 a=627905677 (8.2s)
m=1539 d=8633790 best_n=23 a=1043879821 (7.8s)
m=1540 d=8639400 best_n=27 a=405170941 (8.6s)
m=1541 d=8645010 best_n=29 a=894172621 (8.4s)
m=1542 d=8650620 best_n=26 a=941895777 (8.2s)
m=1543 d=8656230 best_n=26 a=577249567 (8.2s)
m=1544 d=8661840 best_n=25 a=955620532 (8.3s)
m=1545 d=8667450 best_n=25 a=738786871 (7.8s)
m=1546 d=8673060 best_n=27 a=550741177 (8.2s)
m=1547 d=8678670 best_n=28 a=928890343 (9.0s)
m=1548 d=8684280 best_n=27 a=169078116 (8.2s)
m=1549 d=8689890 best_n=25 a=739221913 (8.2s)
m=1550 d=8695500 best_n=27 a=61157017 (8.0s)
m=1551 d=8701110 best_n=27 a=146562913 (7.6s)
m=1552 d=8706720 best_n=26 a=687181324 (7.8s)
m=1553 d=8712330 best_n=24 a=54986557 (7.9s)
m=1554 d=8717940 best_n=25 a=575397841 (7.8s)
m=1555 d=8723550 best_n=26 a=1122899233 (8.5s)
m=1556 d=8729160 best_n=26 a=295652956 (7.6s)
m=1557 d=8734770 best_n=25 a=607594171 (7.6s)
m=1558 d=8740380 best_n=28 a=9566329 (8.1s)
m=1559 d=8745990 best_n=26 a=320729461 (8.0s)
m=1560 d=8751600 best_n=27 a=42269916 (8.8s)
m=1561 d=8757210 best_n=25 a=192202249 (8.4s)
m=1562 d=8762820 best_n=26 a=921332767 (8.0s)
m=1563 d=8768430 best_n=28 a=4453491 (8.9s)
m=1564 d=8774040 best_n=28 a=1107084292 (7.7s)
m=1565 d=8779650 best_n=26 a=7134583 (6.7s)
m=1566 d=8785260 best_n=30 a=61820247 (7.8s)
m=1567 d=8790870 best_n=27 a=172397431 (7.6s)
m=1568 d=8796480 best_n=27 a=138475519 (7.6s)
m=1569 d=8802090 best_n=26 a=934893997 (10.9s)
m=1570 d=8807700 best_n=27 a=42540877 (7.9s)
m=1571 d=8813310 best_n=28 a=968813737 (7.7s)
m=1572 d=8818920 best_n=27 a=772347189 (8.1s)
m=1573 d=8824530 best_n=25 a=591491167 (7.7s)
m=1574 d=8830140 best_n=28 a=318386851 (7.9s)
m=1575 d=8835750 best_n=25 a=258247003 (8.1s)
m=1576 d=8841360 best_n=25 a=971970523 (10.5s)
m=1577 d=8846970 best_n=28 a=27132427 (7.8s)
m=1578 d=8852580 best_n=26 a=780055699 (8.2s)
m=1579 d=8858190 best_n=26 a=61605961 (7.7s)
m=1580 d=8863800 best_n=24 a=359022373 (8.1s)
m=1581 d=8869410 best_n=25 a=433675003 (8.0s)
m=1582 d=8875020 best_n=24 a=816542971 (7.7s)
m=1583 d=8880630 best_n=25 a=327971059 (7.9s)
m=1584 d=8886240 best_n=25 a=815855148 (9.9s)
m=1585 d=8891850 best_n=24 a=1039011871 (8.4s)
m=1586 d=8897460 best_n=26 a=635592997 (7.8s)
m=1587 d=8903070 best_n=31 a=825926269 (7.7s)
m=1588 d=8908680 best_n=27 a=291048172 (7.6s)
m=1589 d=8914290 best_n=27 a=659794669 (7.9s)
m=1590 d=8919900 best_n=27 a=81572839 (7.6s)
m=1591 d=8925510 best_n=24 a=723386203 (7.6s)
m=1592 d=8931120 best_n=27 a=251635687 (9.8s)
m=1593 d=8936730 best_n=27 a=7737409 (7.9s)
m=1594 d=8942340 best_n=24 a=146492143 (7.7s)
m=1595 d=8947950 best_n=26 a=742443763 (7.9s)
m=1596 d=8953560 best_n=28 a=662902951 (7.5s)
m=1597 d=8959170 best_n=26 a=346081357 (7.7s)
m=1598 d=8964780 best_n=26 a=98581489 (8.3s)
m=1599 d=8970390 best_n=28 a=375533203 (8.6s)
m=1600 d=8976000 best_n=25 a=225858112 (8.1s)
m=1601 d=8981610 best_n=24 a=373952497 (7.9s)
m=1602 d=8987220 best_n=26 a=1040569333 (7.8s)
m=1603 d=8992830 best_n=26 a=411916921 (7.9s)
m=1604 d=8998440 best_n=25 a=160047379 (7.4s)
m=1605 d=9004050 best_n=25 a=619644919 (7.6s)
m=1606 d=9009660 best_n=26 a=389833339 (7.9s)
m=1607 d=9015270 best_n=25 a=155507173 (7.8s)
m=1608 d=9020880 best_n=26 a=144098269 (8.3s)
m=1609 d=9026490 best_n=23 a=682085803 (7.8s)
m=1610 d=9032100 best_n=31 a=318541123 (7.4s)
m=1611 d=9037710 best_n=26 a=146336277 (7.9s)
m=1612 d=9043320 best_n=25 a=19879699 (7.9s)
m=1613 d=9048930 best_n=23 a=1075177303 (8.3s)
m=1614 d=9054540 best_n=29 a=374644857 (7.9s)
m=1615 d=9060150 best_n=24 a=1025315701 (8.0s)
m=1616 d=9065760 best_n=28 a=825393517 (8.1s)
m=1617 d=9071370 best_n=27 a=292051249 (7.6s)
m=1618 d=9076980 best_n=25 a=366446749 (7.7s)
m=1619 d=9082590 best_n=27 a=30659743 (8.0s)
m=1620 d=9088200 best_n=26 a=951902473 (7.5s)
m=1621 d=9093810 best_n=25 a=280871911 (7.6s)
m=1622 d=9099420 best_n=26 a=527262349 (7.6s)
m=1623 d=9105030 best_n=28 a=521785213 (7.7s)
m=1624 d=9110640 best_n=28 a=185419684 (7.6s)
m=1625 d=9116250 best_n=25 a=770039449 (7.1s)
m=1626 d=9121860 best_n=27 a=952613193 (7.7s)
m=1627 d=9127470 best_n=26 a=594472657 (7.5s)
m=1628 d=9133080 best_n=26 a=32311417 (7.4s)
m=1629 d=9138690 best_n=28 a=939239019 (8.2s)
m=1630 d=9144300 best_n=27 a=44166643 (7.6s)
m=1631 d=9149910 best_n=28 a=401406781 (7.7s)
m=1632 d=9155520 best_n=27 a=43458652 (7.8s)
m=1633 d=9161130 best_n=29 a=283977289 (7.5s)
m=1634 d=9166740 best_n=25 a=533356297 (7.9s)
m=1635 d=9172350 best_n=24 a=607874011 (7.5s)
m=1636 d=9177960 best_n=25 a=164948332 (7.6s)
m=1637 d=9183570 best_n=24 a=658164787 (7.6s)
m=1638 d=9189180 best_n=26 a=67191007 (8.0s)
m=1639 d=9194790 best_n=27 a=215236969 (8.1s)
m=1640 d=9200400 best_n=28 a=157715548 (7.8s)
m=1641 d=9206010 best_n=25 a=881879161 (8.0s)
m=1642 d=9211620 best_n=25 a=473270407 (8.2s)
m=1643 d=9217230 best_n=25 a=275548693 (7.6s)
m=1644 d=9222840 best_n=27 a=227723601 (8.8s)
m=1645 d=9228450 best_n=25 a=462586999 (8.2s)
m=1646 d=9234060 best_n=24 a=472106743 (8.7s)
m=1647 d=9239670 best_n=26 a=873405633 (7.8s)
m=1648 d=9245280 best_n=26 a=1000348048 (8.3s)
m=1649 d=9250890 best_n=24 a=931222747 (7.8s)
m=1650 d=9256500 best_n=25 a=562467025 (7.7s)
m=1651 d=9262110 best_n=26 a=84392503 (8.4s)
m=1652 d=9267720 best_n=26 a=836437 (7.5s)
m=1653 d=9273330 best_n=27 a=213059991 (8.7s)
m=1654 d=9278940 best_n=25 a=542770867 (7.6s)
m=1655 d=9284550 best_n=25 a=412560571 (7.5s)
m=1656 d=9290160 best_n=29 a=107794732 (7.9s)
m=1657 d=9295770 best_n=24 a=616118479 (8.5s)
m=1658 d=9301380 best_n=26 a=122669659 (8.5s)
m=1659 d=9306990 best_n=28 a=6454231 (8.6s)
m=1660 d=9312600 best_n=26 a=75384439 (8.2s)
m=1661 d=9318210 best_n=25 a=73958287 (7.9s)
m=1662 d=9323820 best_n=25 a=1062247729 (7.9s)
m=1663 d=9329430 best_n=25 a=212546479 (7.4s)
m=1664 d=9335040 best_n=27 a=146953612 (6.6s)
m=1665 d=9340650 best_n=27 a=875468541 (7.6s)
m=1666 d=9346260 best_n=27 a=837978799 (7.8s)
m=1667 d=9351870 best_n=27 a=724508611 (8.0s)
m=1668 d=9357480 best_n=28 a=903307188 (7.8s)
m=1669 d=9363090 best_n=28 a=158687599 (7.8s)
m=1670 d=9368700 best_n=25 a=836079037 (7.7s)
m=1671 d=9374310 best_n=33 a=73673431 (7.7s)
m=1672 d=9379920 best_n=26 a=840638299 (7.8s)
m=1673 d=9385530 best_n=25 a=155716801 (7.6s)
m=1674 d=9391140 best_n=27 a=506179323 (7.5s)
m=1675 d=9396750 best_n=25 a=236445211 (7.4s)
m=1676 d=9402360 best_n=24 a=864634273 (7.8s)
m=1677 d=9407970 best_n=27 a=183167959 (7.5s)
m=1678 d=9413580 best_n=25 a=712132573 (7.5s)
m=1679 d=9419190 best_n=28 a=163174783 (7.6s)
m=1680 d=9424800 best_n=25 a=554089669 (7.7s)
m=1681 d=9430410 best_n=28 a=198634849 (8.1s)
m=1682 d=9436020 best_n=27 a=438132223 (7.7s)
m=1683 d=9441630 best_n=27 a=1017406881 (7.5s)
m=1684 d=9447240 best_n=26 a=367953244 (8.1s)
m=1685 d=9452850 best_n=26 a=1078899367 (7.1s)
m=1686 d=9458460 best_n=26 a=158752393 (7.6s)
m=1687 d=9464070 best_n=25 a=1037532013 (7.4s)
m=1688 d=9469680 best_n=25 a=184630987 (7.4s)
m=1689 d=9475290 best_n=28 a=569178381 (8.0s)
m=1690 d=9480900 best_n=27 a=45792409 (7.4s)
m=1691 d=9486510 best_n=27 a=419120587 (7.5s)
m=1692 d=9492120 best_n=28 a=961956723 (7.8s)
m=1693 d=9497730 best_n=27 a=19675771 (7.4s)
m=1694 d=9503340 best_n=27 a=591189487 (7.8s)
m=1695 d=9508950 best_n=25 a=223727353 (7.9s)
m=1696 d=9514560 best_n=27 a=1018291363 (7.7s)
m=1697 d=9520170 best_n=25 a=3753283 (8.2s)
m=1698 d=9525780 best_n=24 a=841890727 (8.0s)
m=1699 d=9531390 best_n=24 a=1108571737 (7.6s)
m=1700 d=9537000 best_n=27 a=100196539 (8.7s)
m=1701 d=9542610 best_n=25 a=412834963 (9.6s)
m=1702 d=9548220 best_n=32 a=273691717 (7.7s)
m=1703 d=9553830 best_n=27 a=354813661 (8.1s)
m=1704 d=9559440 best_n=25 a=1062126028 (7.5s)
m=1705 d=9565050 best_n=28 a=515943127 (7.5s)
m=1706 d=9570660 best_n=27 a=227907571 (7.7s)
m=1707 d=9576270 best_n=25 a=727459653 (7.4s)
m=1708 d=9581880 best_n=26 a=832683292 (7.8s)
m=1709 d=9587490 best_n=25 a=253028953 (8.3s)
m=1710 d=9593100 best_n=27 a=46334331 (7.5s)
m=1711 d=9598710 best_n=27 a=1024580869 (8.0s)
m=1712 d=9604320 best_n=27 a=344819989 (7.6s)
m=1713 d=9609930 best_n=26 a=793623271 (7.7s)
m=1714 d=9615540 best_n=23 a=896779501 (7.5s)
m=1715 d=9621150 best_n=27 a=85000699 (7.5s)
m=1716 d=9626760 best_n=25 a=883843077 (7.7s)
m=1717 d=9632370 best_n=24 a=1074896671 (9.0s)
m=1718 d=9637980 best_n=24 a=126951601 (7.6s)
m=1719 d=9643590 best_n=27 a=143788339 (7.6s)
m=1720 d=9649200 best_n=27 a=46605292 (7.9s)
m=1721 d=9654810 best_n=26 a=552826753 (7.9s)
m=1722 d=9660420 best_n=28 a=10573311 (8.2s)
m=1723 d=9666030 best_n=25 a=1023197257 (7.5s)
m=1724 d=9671640 best_n=27 a=89281 (7.6s)
m=1725 d=9677250 best_n=28 a=806383549 (7.7s)
m=1726 d=9682860 best_n=27 a=87298711 (7.6s)
m=1727 d=9688470 best_n=26 a=512286871 (7.1s)
m=1728 d=9694080 best_n=28 a=776010148 (8.2s)
m=1729 d=9699690 best_n=26 a=1064871451 (7.6s)
m=1730 d=9705300 best_n=25 a=52450069 (7.6s)
m=1731 d=9710910 best_n=25 a=748043689 (8.3s)
m=1732 d=9716520 best_n=30 a=795290908 (7.5s)
m=1733 d=9722130 best_n=24 a=215394667 (7.5s)
m=1734 d=9727740 best_n=27 a=307356451 (7.7s)
m=1735 d=9733350 best_n=25 a=31770421 (7.5s)
m=1736 d=9738960 best_n=26 a=307692889 (8.3s)
m=1737 d=9744570 best_n=25 a=588071449 (7.4s)
m=1738 d=9750180 best_n=24 a=445665739 (7.7s)
m=1739 d=9755790 best_n=25 a=806269033 (7.8s)
m=1740 d=9761400 best_n=29 a=789798676 (7.5s)
m=1741 d=9767010 best_n=24 a=757084957 (7.6s)
m=1742 d=9772620 best_n=24 a=1058444839 (7.9s)
m=1743 d=9778230 best_n=27 a=98287759 (7.4s)
m=1744 d=9783840 best_n=26 a=668583133 (7.9s)
m=1745 d=9789450 best_n=26 a=311894659 (7.4s)
m=1746 d=9795060 best_n=26 a=163581087 (8.1s)
m=1747 d=9800670 best_n=25 a=302459941 (7.8s)
m=1748 d=9806280 best_n=29 a=311359729 (7.7s)
m=1749 d=9811890 best_n=26 a=342237121 (8.1s)
m=1750 d=9817500 best_n=27 a=47418175 (7.9s)
m=1751 d=9823110 best_n=27 a=104053303 (7.9s)
m=1752 d=9828720 best_n=24 a=886503103 (8.8s)
m=1753 d=9834330 best_n=27 a=116932543 (7.7s)
m=1754 d=9839940 best_n=28 a=554104081 (8.0s)
m=1755 d=9845550 best_n=25 a=125841289 (7.9s)
m=1756 d=9851160 best_n=25 a=420218923 (7.9s)
m=1757 d=9856770 best_n=24 a=201745057 (7.6s)
m=1758 d=9862380 best_n=25 a=430503349 (7.9s)
m=1759 d=9867990 best_n=26 a=32613139 (7.8s)
m=1760 d=9873600 best_n=27 a=561120244 (7.7s)
m=1761 d=9879210 best_n=25 a=129515971 (8.4s)
m=1762 d=9884820 best_n=25 a=702473509 (8.1s)
m=1763 d=9890430 best_n=28 a=948458359 (8.0s)
m=1764 d=9896040 best_n=28 a=732682209 (7.9s)
m=1765 d=9901650 best_n=28 a=282792781 (7.8s)
m=1766 d=9907260 best_n=26 a=241619821 (8.3s)
m=1767 d=9912870 best_n=27 a=740121763 (8.1s)
m=1768 d=9918480 best_n=27 a=446309668 (7.6s)
m=1769 d=9924090 best_n=26 a=274943197 (8.0s)
m=1770 d=9929700 best_n=25 a=346469403 (8.1s)
m=1771 d=9935310 best_n=29 a=180662221 (8.5s)
m=1772 d=9940920 best_n=25 a=500974636 (8.4s)
m=1773 d=9946530 best_n=29 a=6930037 (7.4s)
m=1774 d=9952140 best_n=26 a=792945847 (7.7s)
m=1775 d=9957750 best_n=26 a=221524825 (8.0s)
m=1776 d=9963360 best_n=26 a=1041933748 (7.7s)
m=1777 d=9968970 best_n=24 a=457753891 (7.9s)
m=1778 d=9974580 best_n=25 a=208699981 (7.6s)
m=1779 d=9980190 best_n=25 a=591329197 (7.6s)
m=1780 d=9985800 best_n=25 a=317774284 (7.9s)
m=1781 d=9991410 best_n=25 a=69388177 (7.7s)
m=1782 d=9997020 best_n=25 a=607464387 (8.1s)
m=1783 d=10002630 best_n=30 a=32156413 (7.9s)
m=1784 d=10008240 best_n=26 a=510064084 (8.0s)
m=1785 d=10013850 best_n=25 a=285490213 (8.1s)
m=1786 d=10019460 best_n=27 a=304685317 (7.8s)
m=1787 d=10025070 best_n=24 a=975597679 (7.8s)
m=1788 d=10030680 best_n=26 a=721922071 (8.2s)
m=1789 d=10036290 best_n=25 a=327930433 (7.5s)
m=1790 d=10041900 best_n=28 a=125430667 (7.8s)
m=1791 d=10047510 best_n=25 a=176778561 (7.9s)
m=1792 d=10053120 best_n=24 a=1105423207 (7.4s)
m=1793 d=10058730 best_n=25 a=704836003 (7.9s)
m=1794 d=10064340 best_n=28 a=218816113 (7.6s)
m=1795 d=10069950 best_n=28 a=422781913 (8.0s)
m=1796 d=10075560 best_n=28 a=441977548 (9.1s)
m=1797 d=10081170 best_n=26 a=10491897 (7.7s)
m=1798 d=10086780 best_n=28 a=324200581 (8.7s)
m=1799 d=10092390 best_n=27 a=110904133 (9.3s)
m=1800 d=10098000 best_n=27 a=71021052 (10.5s)
m=1801 d=10103610 best_n=24 a=1063075003 (7.9s)
m=1802 d=10109220 best_n=25 a=432683323 (7.5s)
m=1803 d=10114830 best_n=28 a=135095173 (8.4s)
m=1804 d=10120440 best_n=26 a=662189047 (8.4s)
m=1805 d=10126050 best_n=24 a=785628427 (12.3s)
m=1806 d=10131660 best_n=25 a=737897691 (8.9s)
m=1807 d=10137270 best_n=28 a=978582787 (8.2s)
m=1808 d=10142880 best_n=26 a=52409161 (9.0s)
m=1809 d=10148490 best_n=25 a=914788839 (8.0s)
m=1810 d=10154100 best_n=27 a=49043941 (8.9s)
m=1811 d=10159710 best_n=28 a=459855199 (8.4s)
m=1812 d=10165320 best_n=29 a=810645861 (9.2s)
m=1813 d=10170930 best_n=27 a=224661049 (8.1s)
m=1814 d=10176540 best_n=25 a=440491 (8.0s)
m=1815 d=10182150 best_n=25 a=1099182247 (8.4s)
m=1816 d=10187760 best_n=24 a=887889559 (7.2s)
m=1817 d=10193370 best_n=28 a=176586409 (8.4s)
m=1818 d=10198980 best_n=27 a=820637793 (8.4s)
m=1819 d=10204590 best_n=27 a=703260829 (9.3s)
m=1820 d=10210200 best_n=26 a=101165953 (9.3s)
m=1821 d=10215810 best_n=27 a=338336841 (8.2s)
m=1822 d=10221420 best_n=27 a=32648941 (9.4s)
m=1823 d=10227030 best_n=27 a=312545389 (8.6s)
m=1824 d=10232640 best_n=27 a=161083767 (8.1s)
m=1825 d=10238250 best_n=25 a=257619409 (8.7s)
m=1826 d=10243860 best_n=24 a=784546201 (8.4s)
m=1827 d=10249470 best_n=30 a=701327433 (9.3s)
m=1828 d=10255080 best_n=25 a=364201501 (9.2s)
m=1829 d=10260690 best_n=24 a=76369609 (8.2s)
m=1830 d=10266300 best_n=27 a=49585863 (8.6s)
m=1831 d=10271910 best_n=24 a=1026157483 (8.9s)
m=1832 d=10277520 best_n=24 a=1025072287 (8.5s)
m=1833 d=10283130 best_n=28 a=238432597 (9.1s)
m=1834 d=10288740 best_n=25 a=731530093 (8.7s)
m=1835 d=10294350 best_n=23 a=65620693 (8.6s)
