sieving Loeschian numbers up to N=1345651183 (160.4 MiB bitmap)...
sieve selftest: OK
sieve built in 19.6s
*** new best n=24  a=732392383  d=13211550
m=2355 d=13211550 best_n=24 a=732392383 (6.6s)
*** new best n=27  a=374646223  d=13217160
m=2356 d=13217160 best_n=27 a=374646223 (6.5s)
m=2357 d=13222770 best_n=25 a=422759197 (6.2s)
m=2358 d=13228380 best_n=25 a=1022709469 (5.8s)
*** new best n=28  a=529658653  d=13233990
m=2359 d=13233990 best_n=28 a=529658653 (5.9s)
m=2360 d=13239600 best_n=25 a=461959204 (6.1s)
m=2361 d=13245210 best_n=26 a=956725681 (5.7s)
m=2362 d=13250820 best_n=24 a=504250081 (6.0s)
m=2363 d=13256430 best_n=25 a=395083741 (6.4s)
*** new best n=31  a=900380557  d=13262040
m=2364 d=13262040 best_n=31 a=900380557 (6.1s)
m=2365 d=13267650 best_n=25 a=945582283 (6.0s)
m=2366 d=13273260 best_n=24 a=205198903 (5.9s)
m=2367 d=13278870 best_n=26 a=946034769 (5.8s)
m=2368 d=13284480 best_n=26 a=132142576 (6.5s)
m=2369 d=13290090 best_n=28 a=537907021 (5.7s)
m=2370 d=13295700 best_n=28 a=406823119 (5.9s)
m=2371 d=13301310 best_n=27 a=684281701 (5.7s)
m=2372 d=13306920 best_n=24 a=773510977 (5.7s)
m=2373 d=13312530 best_n=24 a=618133159 (5.5s)
m=2374 d=13318140 best_n=26 a=617409751 (5.4s)
m=2375 d=13323750 best_n=25 a=572259271 (5.7s)
m=2376 d=13329360 best_n=27 a=1893819 (5.5s)
m=2377 d=13334970 best_n=26 a=962874997 (5.9s)
m=2378 d=13340580 best_n=29 a=276850177 (6.3s)
m=2379 d=13346190 best_n=27 a=267747717 (5.8s)
m=2380 d=13351800 best_n=25 a=695235151 (5.3s)
m=2381 d=13357410 best_n=24 a=482309131 (5.3s)
m=2382 d=13363020 best_n=25 a=775468183 (5.5s)
m=2383 d=13368630 best_n=26 a=711352093 (5.2s)
m=2384 d=13374240 best_n=27 a=734385841 (5.3s)
m=2385 d=13379850 best_n=25 a=1012289287 (5.3s)
m=2386 d=13385460 best_n=25 a=128910097 (5.5s)
m=2387 d=13391070 best_n=25 a=2803423 (5.3s)
m=2388 d=13396680 best_n=25 a=474742803 (5.2s)
m=2389 d=13402290 best_n=26 a=106704073 (5.8s)
m=2390 d=13407900 best_n=29 a=597234553 (5.5s)
m=2391 d=13413510 best_n=28 a=672452773 (5.4s)
m=2392 d=13419120 best_n=28 a=69782476 (5.6s)
m=2393 d=13424730 best_n=25 a=103852129 (5.7s)
m=2394 d=13430340 best_n=26 a=472545829 (5.5s)
m=2395 d=13435950 best_n=24 a=154433359 (6.1s)
m=2396 d=13441560 best_n=26 a=13989196 (5.8s)
m=2397 d=13447170 best_n=29 a=873252769 (5.4s)
m=2398 d=13452780 best_n=23 a=539525971 (5.5s)
m=2399 d=13458390 best_n=25 a=555585847 (5.4s)
m=2400 d=13464000 best_n=27 a=760361983 (5.7s)
m=2401 d=13469610 best_n=30 a=95639491 (5.4s)
m=2402 d=13475220 best_n=26 a=569823937 (5.5s)
m=2403 d=13480830 best_n=26 a=94095819 (5.5s)
m=2404 d=13486440 best_n=31 a=683538649 (5.5s)
m=2405 d=13492050 best_n=26 a=659351311 (5.4s)
m=2406 d=13497660 best_n=26 a=41797281 (5.5s)
m=2407 d=13503270 best_n=26 a=599410381 (5.5s)
m=2408 d=13508880 best_n=25 a=983863588 (5.6s)
m=2409 d=13514490 best_n=25 a=994470337 (5.4s)
m=2410 d=13520100 best_n=27 a=65301601 (5.8s)
m=2411 d=13525710 best_n=26 a=451810093 (5.6s)
m=2412 d=13531320 best_n=27 a=777415791 (5.5s)
m=2413 d=13536930 best_n=26 a=706951243 (5.6s)
m=2414 d=13542540 best_n=25 a=494835049 (5.7s)
m=2415 d=13548150 best_n=31 a=9787071 (7.6s)
m=2416 d=13553760 best_n=27 a=983776369 (7.0s)
m=2417 d=13559370 best_n=26 a=396108877 (5.8s)
m=2418 d=13564980 best_n=27 a=731147911 (6.2s)
m=2419 d=13570590 best_n=26 a=645318973 (6.0s)
m=2420 d=13576200 best_n=25 a=421433476 (6.1s)
m=2421 d=13581810 best_n=26 a=409868413 (5.8s)
m=2422 d=13587420 best_n=28 a=519449413 (5.9s)
m=2423 d=13593030 best_n=25 a=518154127 (5.8s)
m=2424 d=13598640 best_n=26 a=663183183 (5.6s)
m=2425 d=13604250 best_n=25 a=342316201 (5.9s)
m=2426 d=13609860 best_n=25 a=233188567 (5.8s)
m=2427 d=13615470 best_n=27 a=97538917 (6.0s)
m=2428 d=13621080 best_n=27 a=451115788 (5.9s)
m=2429 d=13626690 best_n=28 a=845839 (6.1s)
m=2430 d=13632300 best_n=27 a=65843523 (5.6s)
m=2431 d=13637910 best_n=27 a=443164189 (5.8s)
m=2432 d=13643520 best_n=27 a=214778356 (6.2s)
m=2433 d=13649130 best_n=25 a=455517489 (5.9s)
m=2434 d=13654740 best_n=24 a=12656137 (5.9s)
m=2435 d=13660350 best_n=27 a=804394447 (5.8s)
m=2436 d=13665960 best_n=30 a=935103244 (6.0s)
m=2437 d=13671570 best_n=27 a=454852951 (5.8s)
m=2438 d=13677180 best_n=30 a=439991923 (6.2s)
m=2439 d=13682790 best_n=27 a=240155023 (6.1s)
m=2440 d=13688400 best_n=27 a=386574721 (5.9s)
m=2441 d=13694010 best_n=24 a=1002632449 (6.1s)
m=2442 d=13699620 best_n=25 a=832451197 (6.1s)
m=2443 d=13705230 best_n=27 a=720250027 (6.0s)
m=2444 d=13710840 best_n=25 a=605691772 (5.8s)
m=2445 d=13716450 best_n=25 a=644227201 (5.8s)
m=2446 d=13722060 best_n=25 a=503777893 (6.2s)
m=2447 d=13727670 best_n=24 a=1021107709 (5.9s)
m=2448 d=13733280 best_n=27 a=407389876 (5.7s)
m=2449 d=13738890 best_n=27 a=156211129 (5.9s)
m=2450 d=13744500 best_n=27 a=96667543 (5.9s)
m=2451 d=13750110 best_n=27 a=267707017 (6.0s)
m=2452 d=13755720 best_n=25 a=928630789 (6.3s)
m=2453 d=13761330 best_n=27 a=579649111 (6.1s)
m=2454 d=13766940 best_n=24 a=809840037 (5.9s)
m=2455 d=13772550 best_n=23 a=575588929 (6.1s)
m=2456 d=13778160 best_n=27 a=369401737 (6.3s)
m=2457 d=13783770 best_n=28 a=581629899 (6.2s)
m=2458 d=13789380 best_n=26 a=165598261 (5.8s)
m=2459 d=13794990 best_n=25 a=448363789 (6.5s)
m=2460 d=13800600 best_n=28 a=18130996 (8.2s)
m=2461 d=13806210 best_n=28 a=662789401 (8.2s)
m=2462 d=13811820 best_n=26 a=934989193 (8.5s)
m=2463 d=13817430 best_n=28 a=412851423 (8.5s)
m=2464 d=13823040 best_n=25 a=656292697 (9.4s)
m=2465 d=13828650 best_n=26 a=417614737 (9.2s)
m=2466 d=13834260 best_n=25 a=960261727 (6.7s)
m=2467 d=13839870 best_n=27 a=368125849 (5.8s)
m=2468 d=13845480 best_n=28 a=138731863 (5.9s)
m=2469 d=13851090 best_n=29 a=229390257 (5.6s)
m=2470 d=13856700 best_n=27 a=66927367 (6.4s)
m=2471 d=13862310 best_n=25 a=735971677 (5.4s)
m=2472 d=13867920 best_n=26 a=110255452 (5.2s)
m=2473 d=13873530 best_n=26 a=880344607 (5.4s)
m=2474 d=13879140 best_n=24 a=814723801 (5.6s)
m=2475 d=13884750 best_n=25 a=2906775 (5.8s)
m=2476 d=13890360 best_n=26 a=549381799 (5.5s)
m=2477 d=13895970 best_n=27 a=219982933 (5.5s)
m=2478 d=13901580 best_n=26 a=477750171 (6.3s)
m=2479 d=13907190 best_n=24 a=961657237 (9.4s)
m=2480 d=13912800 best_n=27 a=313364617 (10.2s)
m=2481 d=13918410 best_n=25 a=70554801 (8.5s)
m=2482 d=13924020 best_n=26 a=449337049 (9.0s)
m=2483 d=13929630 best_n=26 a=54702271 (9.1s)
m=2484 d=13935240 best_n=30 a=3556857 (9.0s)
m=2485 d=13940850 best_n=26 a=167989507 (10.1s)
m=2486 d=13946460 best_n=28 a=4651111 (6.8s)
m=2487 d=13952070 best_n=29 a=284524113 (6.7s)
m=2488 d=13957680 best_n=28 a=624032449 (9.9s)
m=2489 d=13963290 best_n=24 a=257025283 (11.2s)
m=2490 d=13968900 best_n=28 a=137049163 (9.2s)
m=2491 d=13974510 best_n=27 a=979117 (7.5s)
m=2492 d=13980120 best_n=27 a=370668349 (7.7s)
m=2493 d=13985730 best_n=26 a=760580467 (7.5s)
m=2494 d=13991340 best_n=25 a=611854291 (8.3s)
m=2495 d=13996950 best_n=23 a=497963821 (7.3s)
m=2496 d=14002560 best_n=26 a=363383076 (9.3s)
m=2497 d=14008170 best_n=27 a=966178249 (7.7s)
m=2498 d=14013780 best_n=25 a=87429901 (7.3s)
m=2499 d=14019390 best_n=24 a=810214041 (8.6s)
m=2500 d=14025000 best_n=27 a=102904084 (7.8s)
m=2501 d=14030610 best_n=27 a=763344583 (7.3s)
m=2502 d=14036220 best_n=26 a=170138307 (7.6s)
m=2503 d=14041830 best_n=28 a=390442603 (6.9s)
m=2504 d=14047440 best_n=27 a=45891397 (7.5s)
m=2505 d=14053050 best_n=26 a=54644317 (7.6s)
m=2506 d=14058660 best_n=29 a=176835397 (7.6s)
m=2507 d=14064270 best_n=28 a=451416547 (7.4s)
m=2508 d=14069880 best_n=26 a=106684273 (7.6s)
m=2509 d=14075490 best_n=24 a=705184057 (7.9s)
m=2510 d=14081100 best_n=25 a=568467271 (8.7s)
m=2511 d=14086710 best_n=25 a=570338019 (7.4s)
m=2512 d=14092320 best_n=25 a=242775067 (8.2s)
m=2513 d=14097930 best_n=25 a=874178497 (10.2s)
m=2514 d=14103540 best_n=28 a=864740791 (9.8s)
m=2515 d=14109150 best_n=24 a=689351347 (8.3s)
m=2516 d=14114760 best_n=24 a=691510693 (8.7s)
m=2517 d=14120370 best_n=28 a=530834047 (9.1s)
m=2518 d=14125980 best_n=24 a=886844701 (8.2s)
m=2519 d=14131590 best_n=27 a=341311417 (7.8s)
m=2520 d=14137200 best_n=27 a=323641339 (8.4s)
m=2521 d=14142810 best_n=25 a=744908251 (7.7s)
m=2522 d=14148420 best_n=24 a=762158563 (8.3s)
m=2523 d=14154030 best_n=26 a=837746827 (7.4s)
m=2524 d=14159640 best_n=24 a=842496481 (8.9s)
m=2525 d=14165250 best_n=26 a=954382573 (8.2s)
m=2526 d=14170860 best_n=27 a=532452751 (9.5s)
m=2527 d=14176470 best_n=26 a=267344179 (8.9s)
m=2528 d=14182080 best_n=27 a=223256449 (8.8s)
m=2529 d=14187690 best_n=24 a=693860857 (8.5s)
m=2530 d=14193300 best_n=28 a=479638723 (9.1s)
m=2531 d=14198910 best_n=23 a=579734677 (9.2s)
m=2532 d=14204520 best_n=27 a=54135084 (8.3s)
m=2533 d=14210130 best_n=25 a=361076491 (8.4s)
m=2534 d=14215740 best_n=26 a=683772637 (7.7s)
m=2535 d=14221350 best_n=26 a=760375093 (8.3s)
m=2536 d=14226960 best_n=24 a=843476527 (8.4s)
m=2537 d=14232570 best_n=24 a=304922119 (7.9s)
m=2538 d=14238180 best_n=27 a=461135973 (8.6s)
m=2539 d=14243790 best_n=25 a=910284877 (7.8s)
m=2540 d=14249400 best_n=24 a=577162549 (7.9s)
m=2541 d=14255010 best_n=25 a=784818217 (8.3s)
m=2542 d=14260620 best_n=28 a=15608221 (8.3s)
m=2543 d=14266230 best_n=25 a=866916949 (7.7s)
m=2544 d=14271840 best_n=27 a=231608176 (8.1s)
m=2545 d=14277450 best_n=23 a=694110601 (7.7s)
m=2546 d=14283060 best_n=25 a=301983271 (8.1s)
m=2547 d=14288670 best_n=28 a=112549399 (8.1s)
m=2548 d=14294280 best_n=24 a=810582409 (7.8s)
m=2549 d=14299890 best_n=27 a=453465151 (8.1s)
m=2550 d=14305500 best_n=25 a=659679049 (7.8s)
m=2551 d=14311110 best_n=27 a=48341479 (7.5s)
m=2552 d=14316720 best_n=27 a=632719261 (8.4s)
m=2553 d=14322330 best_n=29 a=835558453 (8.2s)
m=2554 d=14327940 best_n=25 a=578939287 (7.8s)
m=2555 d=14333550 best_n=25 a=863593843 (8.2s)
m=2556 d=14339160 best_n=26 a=318995748 (7.8s)
m=2557 d=14344770 best_n=25 a=221950303 (8.1s)
m=2558 d=14350380 best_n=24 a=946067263 (7.8s)
m=2559 d=14355990 best_n=26 a=183426193 (7.9s)
m=2560 d=14361600 best_n=27 a=69366016 (8.0s)
m=2561 d=14367210 best_n=25 a=552063577 (7.9s)
m=2562 d=14372820 best_n=25 a=948628873 (8.3s)
m=2563 d=14378430 best_n=26 a=659356321 (6.4s)
m=2564 d=14384040 best_n=28 a=13376812 (8.1s)
m=2565 d=14389650 best_n=25 a=988650727 (7.8s)
m=2566 d=14395260 best_n=25 a=384003397 (7.9s)
m=2567 d=14400870 best_n=24 a=648288451 (8.6s)
m=2568 d=14406480 best_n=28 a=211925973 (8.1s)
m=2569 d=14412090 best_n=24 a=898850599 (8.6s)
m=2570 d=14417700 best_n=24 a=748608589 (8.7s)
m=2571 d=14423310 best_n=28 a=197077171 (8.2s)
m=2572 d=14428920 best_n=26 a=297864652 (8.4s)
m=2573 d=14434530 best_n=27 a=39987631 (9.2s)
m=2574 d=14440140 best_n=25 a=877448559 (8.4s)
m=2575 d=14445750 best_n=26 a=945474925 (8.2s)
m=2576 d=14451360 best_n=28 a=573819484 (8.1s)
m=2577 d=14456970 best_n=27 a=510696291 (7.8s)
m=2578 d=14462580 best_n=25 a=86411869 (10.5s)
m=2579 d=14468190 best_n=24 a=670982431 (8.6s)
m=2580 d=14473800 best_n=28 a=612913044 (8.4s)
m=2581 d=14479410 best_n=28 a=369892219 (8.7s)
m=2582 d=14485020 best_n=25 a=744588769 (9.0s)
m=2583 d=14490630 best_n=26 a=558644913 (7.8s)
m=2584 d=14496240 best_n=26 a=219196597 (8.2s)
m=2585 d=14501850 best_n=24 a=60232849 (8.3s)
m=2586 d=14507460 best_n=24 a=993074629 (8.5s)
m=2587 d=14513070 best_n=26 a=305206741 (8.8s)
m=2588 d=14518680 best_n=24 a=497479621 (8.2s)
m=2589 d=14524290 best_n=28 a=139835001 (9.2s)
m=2590 d=14529900 best_n=28 a=857891167 (8.4s)
m=2591 d=14535510 best_n=25 a=125830579 (8.5s)
m=2592 d=14541120 best_n=27 a=228908511 (8.0s)
m=2593 d=14546730 best_n=24 a=702159169 (7.7s)
m=2594 d=14552340 best_n=24 a=209048293 (6.8s)
m=2595 d=14557950 best_n=26 a=532621767 (7.8s)
m=2596 d=14563560 best_n=26 a=356909911 (8.0s)
m=2597 d=14569170 best_n=25 a=265334461 (7.5s)
m=2598 d=14574780 best_n=28 a=515464723 (8.1s)
m=2599 d=14580390 best_n=28 a=757487803 (7.8s)
m=2600 d=14586000 best_n=27 a=102585964 (8.6s)
m=2601 d=14591610 best_n=28 a=151032637 (8.2s)
m=2602 d=14597220 best_n=27 a=483467509 (8.1s)
*** new best n=32  a=142028203  d=14602830
m=2603 d=14602830 best_n=32 a=142028203 (8.0s)
m=2604 d=14608440 best_n=25 a=19996519 (8.2s)
m=2605 d=14614050 best_n=26 a=528805423 (7.4s)
m=2606 d=14619660 best_n=26 a=655100071 (8.3s)
m=2607 d=14625270 best_n=27 a=224024497 (7.6s)
m=2608 d=14630880 best_n=26 a=138170068 (7.8s)
m=2609 d=14636490 best_n=25 a=262051369 (8.9s)
m=2610 d=14642100 best_n=28 a=847506247 (7.8s)
m=2611 d=14647710 best_n=27 a=279135511 (8.1s)
m=2612 d=14653320 best_n=27 a=141222109 (7.8s)
m=2613 d=14658930 best_n=24 a=624076869 (7.8s)
m=2614 d=14664540 best_n=24 a=996485371 (8.4s)
m=2615 d=14670150 best_n=26 a=823950037 (7.7s)
m=2616 d=14675760 best_n=27 a=1851483 (7.7s)
m=2617 d=14681370 best_n=27 a=659769793 (8.4s)
m=2618 d=14686980 best_n=24 a=720243727 (7.4s)
m=2619 d=14692590 best_n=29 a=600723219 (8.3s)
m=2620 d=14698200 best_n=27 a=257465479 (7.7s)
m=2621 d=14703810 best_n=25 a=380519119 (7.4s)
m=2622 d=14709420 best_n=28 a=831529423 (7.9s)
m=2623 d=14715030 best_n=26 a=285186019 (7.6s)
m=2624 d=14720640 best_n=25 a=900878512 (7.8s)
m=2625 d=14726250 best_n=26 a=106477059 (8.0s)
m=2626 d=14731860 best_n=27 a=504871 (7.5s)
m=2627 d=14737470 best_n=26 a=327856741 (8.2s)
m=2628 d=14743080 best_n=27 a=5575573 (7.8s)
m=2629 d=14748690 best_n=24 a=493872757 (7.7s)
*** new best n=33  a=12874819  d=14754300
m=2630 d=14754300 best_n=33 a=12874819 (8.4s)
m=2631 d=14759910 best_n=25 a=128275243 (7.5s)
m=2632 d=14765520 best_n=24 a=749507953 (8.3s)
m=2633 d=14771130 best_n=24 a=835964101 (7.9s)
m=2634 d=14776740 best_n=27 a=714547951 (7.7s)
m=2635 d=14782350 best_n=26 a=113562121 (8.0s)
m=2636 d=14787960 best_n=24 a=838582849 (7.8s)
m=2637 d=14793570 best_n=25 a=102049069 (8.0s)
m=2638 d=14799180 best_n=26 a=799769791 (8.1s)
m=2639 d=14804790 best_n=27 a=818859181 (7.7s)
m=2640 d=14810400 best_n=28 a=259516924 (7.8s)
m=2641 d=14816010 best_n=28 a=328448269 (8.1s)
m=2642 d=14821620 best_n=25 a=372691393 (7.9s)
m=2643 d=14827230 best_n=25 a=36519789 (7.8s)
m=2644 d=14832840 best_n=26 a=763897852 (8.0s)
m=2645 d=14838450 best_n=28 a=708172393 (7.9s)
m=2646 d=14844060 best_n=26 a=810426609 (8.0s)
m=2647 d=14849670 best_n=24 a=643209043 (8.3s)
m=2648 d=14855280 best_n=27 a=871412041 (8.3s)
m=2649 d=14860890 best_n=29 a=276292893 (8.4s)
m=2650 d=14866500 best_n=26 a=319113301 (7.8s)
m=2651 d=14872110 best_n=27 a=847984081 (7.1s)
m=2652 d=14877720 best_n=25 a=435932881 (7.5s)
m=2653 d=14883330 best_n=26 a=541307383 (8.2s)
m=2654 d=14888940 best_n=26 a=60870739 (8.1s)
m=2655 d=14894550 best_n=27 a=21165481 (8.4s)
m=2656 d=14900160 best_n=25 a=957736411 (7.6s)
m=2657 d=14905770 best_n=28 a=430955749 (8.9s)
m=2658 d=14911380 best_n=25 a=615532759 (7.8s)
m=2659 d=14916990 best_n=26 a=190235359 (7.7s)
m=2660 d=14922600 best_n=25 a=26075707 (8.4s)
m=2661 d=14928210 best_n=26 a=359868913 (7.8s)
m=2662 d=14933820 best_n=26 a=805353919 (8.0s)
m=2663 d=14939430 best_n=25 a=656169661 (8.2s)
m=2664 d=14945040 best_n=27 a=250614039 (8.1s)
m=2665 d=14950650 best_n=25 a=14585077 (8.0s)
m=2666 d=14956260 best_n=24 a=434568019 (7.8s)
m=2667 d=14961870 best_n=26 a=136326351 (7.4s)
m=2668 d=14967480 best_n=31 a=797493148 (8.2s)
m=2669 d=14973090 best_n=25 a=904458751 (7.5s)
m=2670 d=14978700 best_n=25 a=397175529 (7.9s)
m=2671 d=14984310 best_n=26 a=100815997 (7.9s)
m=2672 d=14989920 best_n=26 a=810512644 (8.3s)
m=2673 d=14995530 best_n=27 a=32634207 (8.7s)
m=2674 d=15001140 best_n=29 a=342145489 (8.3s)
m=2675 d=15006750 best_n=26 a=632431321 (7.4s)
m=2676 d=15012360 best_n=26 a=209004177 (7.9s)
m=2677 d=15017970 best_n=25 a=193620649 (7.8s)
m=2678 d=15023580 best_n=26 a=614948377 (7.7s)
m=2679 d=15029190 best_n=28 a=348478411 (7.8s)
m=2680 d=15034800 best_n=27 a=72617548 (7.9s)
m=2681 d=15040410 best_n=24 a=181189027 (7.0s)
m=2682 d=15046020 best_n=26 a=6820041 (8.2s)
m=2683 d=15051630 best_n=23 a=422477491 (7.8s)
m=2684 d=15057240 best_n=25 a=143165668 (7.5s)
m=2685 d=15062850 best_n=25 a=787102093 (8.1s)
m=2686 d=15068460 best_n=23 a=1008741313 (7.9s)
m=2687 d=15074070 best_n=27 a=473070349 (8.2s)
m=2688 d=15079680 best_n=27 a=237386604 (8.0s)
m=2689 d=15085290 best_n=25 a=958393237 (7.8s)
m=2690 d=15090900 best_n=24 a=583619611 (7.7s)
m=2691 d=15096510 best_n=28 a=596965629 (8.2s)
m=2692 d=15102120 best_n=27 a=429923572 (7.4s)
m=2693 d=15107730 best_n=23 a=572462941 (7.8s)
m=2694 d=15113340 best_n=26 a=493802497 (7.4s)
m=2695 d=15118950 best_n=25 a=528000199 (7.5s)
m=2696 d=15124560 best_n=28 a=842415067 (8.0s)
m=2697 d=15130170 best_n=26 a=388103871 (7.7s)
m=2698 d=15135780 best_n=25 a=932299999 (8.1s)
m=2699 d=15141390 best_n=24 a=544534087 (7.8s)
m=2700 d=15147000 best_n=28 a=283963225 (7.7s)
m=2701 d=15152610 best_n=26 a=23828737 (8.1s)
m=2702 d=15158220 best_n=25 a=625727671 (6.6s)
m=2703 d=15163830 best_n=24 a=547724113 (7.3s)
m=2704 d=15169440 best_n=26 a=393664999 (7.4s)
m=2705 d=15175050 best_n=24 a=313843309 (7.9s)
m=2706 d=15180660 best_n=27 a=8069367 (7.5s)
m=2707 d=15186270 best_n=25 a=742138579 (7.6s)
m=2708 d=15191880 best_n=26 a=323093692 (7.5s)
m=2709 d=15197490 best_n=27 a=295886703 (8.0s)
m=2710 d=15203100 best_n=27 a=73430431 (8.1s)
m=2711 d=15208710 best_n=25 a=715408891 (8.1s)
m=2712 d=15214320 best_n=26 a=106629628 (7.6s)
m=2713 d=15219930 best_n=26 a=324857377 (8.5s)
m=2714 d=15225540 best_n=33 a=560769169 (8.0s)
m=2715 d=15231150 best_n=28 a=674597973 (7.4s)
m=2716 d=15236760 best_n=24 a=864027403 (7.8s)
m=2717 d=15242370 best_n=25 a=965154103 (8.9s)
m=2718 d=15247980 best_n=25 a=939357433 (7.7s)
m=2719 d=15253590 best_n=24 a=349179463 (8.3s)
m=2720 d=15259200 best_n=25 a=82346812 (8.8s)
m=2721 d=15264810 best_n=25 a=517214703 (7.8s)
m=2722 d=15270420 best_n=24 a=174466819 (7.8s)
m=2723 d=15276030 best_n=26 a=517392673 (8.6s)
m=2724 d=15281640 best_n=26 a=509518641 (8.2s)
m=2725 d=15287250 best_n=26 a=522922129 (8.8s)
m=2726 d=15292860 best_n=28 a=455884273 (8.4s)
m=2727 d=15298470 best_n=26 a=718899019 (7.7s)
m=2728 d=15304080 best_n=24 a=253016164 (8.2s)
m=2729 d=15309690 best_n=24 a=802034917 (7.6s)
m=2730 d=15315300 best_n=27 a=73972353 (7.6s)
m=2731 d=15320910 best_n=24 a=403574389 (8.2s)
m=2732 d=15326520 best_n=26 a=225184231 (7.9s)
m=2733 d=15332130 best_n=28 a=749907669 (8.1s)
m=2734 d=15337740 best_n=27 a=31010053 (7.7s)
m=2735 d=15343350 best_n=26 a=86880457 (7.7s)
m=2736 d=15348960 best_n=26 a=323534917 (8.2s)
m=2737 d=15354570 best_n=27 a=334242943 (8.2s)
m=2738 d=15360180 best_n=25 a=477381601 (8.5s)
m=2739 d=15365790 best_n=28 a=228585187 (8.3s)
m=2740 d=15371400 best_n=26 a=344548879 (8.2s)
m=2741 d=15377010 best_n=25 a=67071793 (8.3s)
m=2742 d=15382620 best_n=24 a=105964797 (7.4s)
m=2743 d=15388230 best_n=27 a=58646341 (7.0s)
m=2744 d=15393840 best_n=25 a=189032593 (7.6s)
m=2745 d=15399450 best_n=26 a=62549767 (7.7s)
m=2746 d=15405060 best_n=22 a=995904769 (9.8s)
m=2747 d=15410670 best_n=27 a=353361619 (8.3s)
m=2748 d=15416280 best_n=27 a=209977276 (8.3s)
m=2749 d=15421890 best_n=23 a=556088491 (7.7s)
m=2750 d=15427500 best_n=25 a=974401 (8.2s)
m=2751 d=15433110 best_n=27 a=436446787 (7.6s)
m=2752 d=15438720 best_n=28 a=70576159 (7.7s)
m=2753 d=15444330 best_n=29 a=224249989 (8.2s)
m=2754 d=15449940 best_n=27 a=459790843 (10.2s)
m=2755 d=15455550 best_n=26 a=946113397 (7.9s)
m=2756 d=15461160 best_n=28 a=40050724 (7.9s)
m=2757 d=15466770 best_n=27 a=738430039 (7.8s)
m=2758 d=15472380 best_n=28 a=672034207 (7.8s)
m=2759 d=15477990 best_n=24 a=577471909 (8.0s)
m=2760 d=15483600 best_n=29 a=206937301 (7.7s)
m=2761 d=15489210 best_n=24 a=860724769 (7.6s)
m=2762 d=15494820 best_n=29 a=399154609 (10.1s)
m=2763 d=15500430 best_n=26 a=621868627 (8.4s)
m=2764 d=15506040 best_n=24 a=236936527 (7.8s)
m=2765 d=15511650 best_n=25 a=445642201 (7.7s)
m=2766 d=15517260 best_n=28 a=212960541 (7.8s)
m=2767 d=15522870 best_n=25 a=837643783 (7.9s)
m=2768 d=15528480 best_n=24 a=226904071 (7.7s)
m=2769 d=15534090 best_n=27 a=495797799 (9.2s)
m=2770 d=15539700 best_n=27 a=75056197 (8.0s)
m=2771 d=15545310 best_n=24 a=699808063 (7.9s)
m=2772 d=15550920 best_n=27 a=500659284 (7.6s)
m=2773 d=15556530 best_n=27 a=361645783 (8.0s)
m=2774 d=15562140 best_n=25 a=329026549 (7.4s)
m=2775 d=15567750 best_n=25 a=391722663 (7.7s)
m=2776 d=15573360 best_n=25 a=135327787 (8.5s)
m=2777 d=15578970 best_n=24 a=31470001 (8.7s)
m=2778 d=15584580 best_n=25 a=631231273 (8.0s)
m=2779 d=15590190 best_n=27 a=509334301 (8.1s)
m=2780 d=15595800 best_n=26 a=264089521 (7.7s)
m=2781 d=15601410 best_n=28 a=89113597 (7.6s)
m=2782 d=15607020 best_n=24 a=470086201 (7.9s)
m=2783 d=15612630 best_n=30 a=11954509 (7.5s)
m=2784 d=15618240 best_n=28 a=274937392 (8.0s)
m=2785 d=15623850 best_n=24 a=744149983 (7.9s)
m=2786 d=15629460 best_n=26 a=338942221 (8.0s)
m=2787 d=15635070 best_n=28 a=720075027 (7.9s)
m=2788 d=15640680 best_n=29 a=371610829 (7.5s)
m=2789 d=15646290 best_n=26 a=579469147 (7.9s)
m=2790 d=15651900 best_n=27 a=75598119 (7.8s)
m=2791 d=15657510 best_n=23 a=674612011 (8.2s)
m=2792 d=15663120 best_n=26 a=20804356 (7.9s)
m=2793 d=15668730 best_n=24 a=173159407 (8.4s)
m=2794 d=15674340 best_n=26 a=131413021 (7.7s)
m=2795 d=15679950 best_n=28 a=663989131 (8.1s)
m=2796 d=15685560 best_n=27 a=49609731 (7.8s)
m=2797 d=15691170 best_n=25 a=544672963 (7.9s)
m=2798 d=15696780 best_n=27 a=295325431 (7.6s)
m=2799 d=15702390 best_n=27 a=300438621 (7.6s)
m=2800 d=15708000 best_n=28 a=45464956 (7.9s)
m=2801 d=15713610 best_n=24 a=854504491 (7.3s)
m=2802 d=15719220 best_n=29 a=872461939 (7.8s)
m=2803 d=15724830 best_n=24 a=392231101 (7.1s)
m=2804 d=15730440 best_n=25 a=956128693 (7.7s)
m=2805 d=15736050 best_n=28 a=126242029 (7.7s)
m=2806 d=15741660 best_n=28 a=313639501 (7.4s)
m=2807 d=15747270 best_n=25 a=331627477 (8.0s)
m=2808 d=15752880 best_n=25 a=648987132 (7.6s)
m=2809 d=15758490 best_n=27 a=15758317 (7.4s)
m=2810 d=15764100 best_n=26 a=363516217 (7.9s)
m=2811 d=15769710 best_n=25 a=921216297 (7.6s)
m=2812 d=15775320 best_n=26 a=156919309 (7.6s)
m=2813 d=15780930 best_n=28 a=825054253 (7.6s)
m=2814 d=15786540 best_n=24 a=102511533 (7.3s)
m=2815 d=15792150 best_n=28 a=465790573 (7.9s)
m=2816 d=15797760 best_n=25 a=864046804 (8.0s)
m=2817 d=15803370 best_n=25 a=668743021 (7.8s)
m=2818 d=15808980 best_n=25 a=321965851 (8.0s)
m=2819 d=15814590 best_n=25 a=869208871 (8.4s)
m=2820 d=15820200 best_n=27 a=147365476 (7.6s)
m=2821 d=15825810 best_n=27 a=793587163 (9.4s)
m=2822 d=15831420 best_n=27 a=162129751 (7.7s)
m=2823 d=15837030 best_n=25 a=499797759 (7.7s)
m=2824 d=15842640 best_n=26 a=506149 (9.1s)
m=2825 d=15848250 best_n=24 a=689616139 (7.9s)
m=2826 d=15853860 best_n=25 a=12438399 (8.0s)
m=2827 d=15859470 best_n=25 a=806006797 (8.0s)
m=2828 d=15865080 best_n=25 a=906073 (7.6s)
m=2829 d=15870690 best_n=29 a=900537663 (8.3s)
m=2830 d=15876300 best_n=27 a=76681963 (7.6s)
m=2831 d=15881910 best_n=26 a=362882197 (8.3s)
m=2832 d=15887520 best_n=27 a=539090977 (7.9s)
m=2833 d=15893130 best_n=24 a=932487691 (7.6s)
m=2834 d=15898740 best_n=24 a=322624627 (8.0s)
m=2835 d=15904350 best_n=25 a=694070463 (9.1s)
m=2836 d=15909960 best_n=26 a=713079751 (8.7s)
m=2837 d=15915570 best_n=26 a=269763547 (8.2s)
m=2838 d=15921180 best_n=26 a=715264213 (8.2s)
m=2839 d=15926790 best_n=25 a=79808077 (7.9s)
m=2840 d=15932400 best_n=26 a=760599307 (8.0s)
m=2841 d=15938010 best_n=26 a=266120521 (6.6s)
m=2842 d=15943620 best_n=28 a=324484447 (7.4s)
m=2843 d=15949230 best_n=27 a=418196353 (7.3s)
m=2844 d=15954840 best_n=28 a=179990121 (8.4s)
m=2845 d=15960450 best_n=24 a=481653451 (7.8s)
m=2846 d=15966060 best_n=25 a=142298887 (7.8s)
m=2847 d=15971670 best_n=26 a=719839471 (7.8s)
m=2848 d=15977280 best_n=25 a=577422877 (7.6s)
m=2849 d=15982890 best_n=25 a=3346021 (7.9s)
m=2850 d=15988500 best_n=27 a=384372919 (7.8s)
m=2851 d=15994110 best_n=23 a=430844857 (7.4s)
m=2852 d=15999720 best_n=28 a=813058903 (7.9s)
m=2853 d=16005330 best_n=27 a=59583891 (7.6s)
m=2854 d=16010940 best_n=25 a=798986341 (7.6s)
m=2855 d=16016550 best_n=25 a=298725397 (7.6s)
m=2856 d=16022160 best_n=27 a=76052641 (7.6s)
m=2857 d=16027770 best_n=25 a=137877937 (8.0s)
m=2858 d=16033380 best_n=24 a=379289659 (7.7s)
m=2859 d=16038990 best_n=25 a=877438699 (7.9s)
m=2860 d=16044600 best_n=27 a=752460319 (7.7s)
m=2861 d=16050210 best_n=23 a=739447309 (7.5s)
m=2862 d=16055820 best_n=29 a=10630503 (7.6s)
m=2863 d=16061430 best_n=28 a=233095741 (7.8s)
m=2864 d=16067040 best_n=28 a=39031357 (7.2s)
m=2865 d=16072650 best_n=26 a=566649859 (7.4s)
m=2866 d=16078260 best_n=23 a=419717863 (7.6s)
m=2867 d=16083870 best_n=25 a=153078913 (7.4s)
m=2868 d=16089480 best_n=28 a=497316459 (7.8s)
m=2869 d=16095090 best_n=25 a=551958859 (7.5s)
m=2870 d=16100700 best_n=28 a=276002209 (7.6s)
m=2871 d=16106310 best_n=29 a=64953457 (7.6s)
m=2872 d=16111920 best_n=23 a=731120209 (7.8s)
m=2873 d=16117530 best_n=24 a=725567869 (7.9s)
m=2874 d=16123140 best_n=26 a=256202643 (8.1s)
m=2875 d=16128750 best_n=31 a=11651275 (7.9s)
m=2876 d=16134360 best_n=25 a=764461276 (8.0s)
m=2877 d=16139970 best_n=27 a=270014061 (8.0s)
m=2878 d=16145580 best_n=26 a=226024591 (7.6s)
m=2879 d=16151190 best_n=24 a=12631303 (9.7s)
m=2880 d=16156800 best_n=29 a=506888887 (7.7s)
m=2881 d=16162410 best_n=27 a=399204391 (7.8s)
m=2882 d=16168020 best_n=23 a=694306717 (7.6s)
m=2883 d=16173630 best_n=26 a=420308149 (7.4s)
m=2884 d=16179240 best_n=29 a=679830268 (7.7s)
m=2885 d=16184850 best_n=23 a=876125011 (7.4s)
m=2886 d=16190460 best_n=26 a=36894211 (7.4s)
m=2887 d=16196070 best_n=23 a=677749711 (8.7s)
m=2888 d=16201680 best_n=27 a=61665013 (7.6s)
m=2889 d=16207290 best_n=28 a=247201599 (7.7s)
m=2890 d=16212900 best_n=27 a=78307729 (7.7s)
m=2891 d=16218510 best_n=27 a=487031131 (8.0s)
m=2892 d=16224120 best_n=25 a=440755411 (6.5s)
m=2893 d=16229730 best_n=24 a=699845251 (8.1s)
m=2894 d=16235340 best_n=26 a=851084101 (7.8s)
m=2895 d=16240950 best_n=24 a=817398391 (8.9s)
m=2896 d=16246560 best_n=25 a=841846012 (7.8s)
m=2897 d=16252170 best_n=28 a=130771111 (7.5s)
m=2898 d=16257780 best_n=30 a=7818667 (8.0s)
m=2899 d=16263390 best_n=28 a=435341323 (7.9s)
m=2900 d=16269000 best_n=26 a=751993828 (7.6s)
m=2901 d=16274610 best_n=24 a=29244099 (8.0s)
m=2902 d=16280220 best_n=24 a=1450507 (7.3s)
m=2903 d=16285830 best_n=25 a=317447563 (7.6s)
m=2904 d=16291440 best_n=26 a=7219213 (7.4s)
m=2905 d=16297050 best_n=24 a=538940821 (7.7s)
m=2906 d=16302660 best_n=24 a=797114719 (7.9s)
m=2907 d=16308270 best_n=26 a=408340507 (8.0s)
m=2908 d=16313880 best_n=28 a=453862603 (7.7s)
m=2909 d=16319490 best_n=28 a=107034343 (7.8s)
m=2910 d=16325100 best_n=28 a=185750611 (7.6s)
m=2911 d=16330710 best_n=27 a=446709211 (7.6s)
m=2912 d=16336320 best_n=27 a=257168821 (8.0s)
m=2913 d=16341930 best_n=25 a=206498671 (7.7s)
m=2914 d=16347540 best_n=26 a=270372547 (8.2s)
m=2915 d=16353150 best_n=26 a=417349453 (8.0s)
m=2916 d=16358760 best_n=28 a=306680283 (7.6s)
m=2917 d=16364370 best_n=24 a=111212611 (7.5s)
m=2918 d=16369980 best_n=24 a=783632413 (7.8s)
m=2919 d=16375590 best_n=28 a=363021771 (7.5s)
m=2920 d=16381200 best_n=27 a=79120612 (8.0s)
m=2921 d=16386810 best_n=31 a=406177813 (7.6s)
m=2922 d=16392420 best_n=24 a=110823087 (7.7s)
m=2923 d=16398030 best_n=27 a=217095343 (7.7s)
m=2924 d=16403640 best_n=24 a=738447772 (7.8s)
m=2925 d=16409250 best_n=26 a=747140619 (7.6s)
m=2926 d=16414860 best_n=25 a=246676513 (8.0s)
m=2927 d=16420470 best_n=25 a=160974427 (7.9s)
m=2928 d=16426080 best_n=28 a=215433331 (8.0s)
m=2929 d=16431690 best_n=28 a=133167751 (7.9s)
m=2930 d=16437300 best_n=27 a=160408351 (8.2s)
m=2931 d=16442910 best_n=26 a=865872427 (7.8s)
