sieving Loeschian numbers up to N=1345651183 (160.4 MiB bitmap)...
sieve selftest: OK
sieve built in 19.0s
*** new best n=29  a=368390524  d=19814520
m=3532 d=19814520 best_n=29 a=368390524 (6.7s)
m=3533 d=19820130 best_n=27 a=5474461 (6.5s)
m=3534 d=19825740 best_n=26 a=99408621 (6.1s)
m=3535 d=19831350 best_n=25 a=798365089 (5.7s)
m=3536 d=19836960 best_n=25 a=692200291 (5.9s)
m=3537 d=19842570 best_n=27 a=666142051 (6.2s)
m=3538 d=19848180 best_n=25 a=665745229 (5.7s)
m=3539 d=19853790 best_n=23 a=141940597 (6.2s)
m=3540 d=19859400 best_n=27 a=24341727 (6.6s)
m=3541 d=19865010 best_n=23 a=397665691 (6.0s)
m=3542 d=19870620 best_n=28 a=503440777 (5.9s)
m=3543 d=19876230 best_n=26 a=463065409 (6.0s)
m=3544 d=19881840 best_n=25 a=198074236 (5.8s)
m=3545 d=19887450 best_n=27 a=564734803 (6.5s)
m=3546 d=19893060 best_n=23 a=832913539 (5.6s)
m=3547 d=19898670 best_n=27 a=702773503 (5.8s)
m=3548 d=19904280 best_n=25 a=166390501 (5.6s)
m=3549 d=19909890 best_n=26 a=15781647 (5.5s)
m=3550 d=19915500 best_n=27 a=286355563 (5.6s)
m=3551 d=19921110 best_n=26 a=316762471 (5.4s)
m=3552 d=19926720 best_n=27 a=334152052 (5.5s)
m=3553 d=19932330 best_n=27 a=647701507 (5.4s)
m=3554 d=19937940 best_n=26 a=704438929 (5.6s)
m=3555 d=19943550 best_n=25 a=249821761 (6.0s)
m=3556 d=19949160 best_n=26 a=744790447 (6.1s)
m=3557 d=19954770 best_n=24 a=551397853 (5.5s)
m=3558 d=19960380 best_n=26 a=700296463 (5.5s)
m=3559 d=19965990 best_n=28 a=461838787 (5.6s)
m=3560 d=19971600 best_n=27 a=526881373 (5.2s)
m=3561 d=19977210 best_n=27 a=164184553 (5.4s)
m=3562 d=19982820 best_n=26 a=791384401 (5.2s)
m=3563 d=19988430 best_n=27 a=490310401 (5.4s)
m=3564 d=19994040 best_n=27 a=43512276 (5.3s)
*** new best n=31  a=14447581  d=19999650
m=3565 d=19999650 best_n=31 a=14447581 (5.4s)
m=3566 d=20005260 best_n=24 a=432507949 (5.7s)
m=3567 d=20010870 best_n=29 a=10364221 (5.5s)
m=3568 d=20016480 best_n=26 a=278672236 (5.4s)
m=3569 d=20022090 best_n=24 a=624288301 (5.6s)
m=3570 d=20027700 best_n=28 a=150198289 (5.7s)
m=3571 d=20033310 best_n=26 a=165079567 (5.7s)
m=3572 d=20038920 best_n=27 a=43124428 (6.1s)
m=3573 d=20044530 best_n=27 a=654858387 (5.9s)
m=3574 d=20050140 best_n=23 a=865902913 (5.6s)
m=3575 d=20055750 best_n=27 a=804676339 (5.5s)
m=3576 d=20061360 best_n=26 a=498125293 (5.5s)
m=3577 d=20066970 best_n=26 a=599698771 (5.7s)
m=3578 d=20072580 best_n=25 a=357548161 (5.6s)
m=3579 d=20078190 best_n=27 a=705200997 (5.2s)
m=3580 d=20083800 best_n=26 a=504205063 (5.5s)
m=3581 d=20089410 best_n=24 a=533129689 (5.5s)
m=3582 d=20095020 best_n=25 a=328504183 (5.4s)
m=3583 d=20100630 best_n=26 a=178455709 (5.3s)
m=3584 d=20106240 best_n=27 a=316515472 (5.7s)
m=3585 d=20111850 best_n=24 a=355683931 (5.6s)
m=3586 d=20117460 best_n=27 a=253177033 (5.4s)
m=3587 d=20123070 best_n=24 a=534480091 (5.8s)
m=3588 d=20128680 best_n=28 a=799248567 (5.7s)
m=3589 d=20134290 best_n=25 a=137796397 (5.6s)
m=3590 d=20139900 best_n=27 a=208238839 (5.5s)
m=3591 d=20145510 best_n=24 a=140096529 (5.9s)
m=3592 d=20151120 best_n=26 a=92156668 (7.7s)
m=3593 d=20156730 best_n=24 a=634046119 (7.1s)
m=3594 d=20162340 best_n=28 a=392095911 (6.3s)
m=3595 d=20167950 best_n=24 a=432204451 (5.9s)
m=3596 d=20173560 best_n=26 a=517471828 (6.0s)
m=3597 d=20179170 best_n=25 a=4224513 (6.2s)
m=3598 d=20184780 best_n=24 a=279514351 (5.9s)
m=3599 d=20190390 best_n=26 a=22234987 (6.2s)
m=3600 d=20196000 best_n=27 a=346587079 (6.5s)
m=3601 d=20201610 best_n=25 a=675299821 (6.0s)
m=3602 d=20207220 best_n=24 a=784361047 (5.9s)
m=3603 d=20212830 best_n=26 a=208173873 (6.0s)
m=3604 d=20218440 best_n=25 a=665653663 (5.7s)
m=3605 d=20224050 best_n=25 a=397410259 (5.5s)
m=3606 d=20229660 best_n=27 a=775786873 (5.9s)
m=3607 d=20235270 best_n=26 a=185813293 (5.9s)
m=3608 d=20240880 best_n=27 a=10759156 (5.9s)
m=3609 d=20246490 best_n=28 a=105879459 (6.0s)
m=3610 d=20252100 best_n=27 a=97816921 (5.8s)
m=3611 d=20257710 best_n=29 a=259347547 (6.1s)
m=3612 d=20263320 best_n=27 a=394515604 (6.1s)
m=3613 d=20268930 best_n=26 a=792050113 (5.9s)
m=3614 d=20274540 best_n=24 a=313435687 (6.0s)
m=3615 d=20280150 best_n=26 a=433818961 (5.6s)
m=3616 d=20285760 best_n=25 a=487177147 (6.0s)
m=3617 d=20291370 best_n=25 a=521130091 (5.8s)
m=3618 d=20296980 best_n=26 a=599795193 (6.0s)
m=3619 d=20302590 best_n=26 a=390778057 (5.8s)
m=3620 d=20308200 best_n=26 a=780880789 (5.8s)
m=3621 d=20313810 best_n=24 a=490580107 (5.9s)
m=3622 d=20319420 best_n=27 a=347777821 (6.2s)
m=3623 d=20325030 best_n=24 a=871141597 (5.9s)
m=3624 d=20330640 best_n=27 a=220205181 (6.0s)
m=3625 d=20336250 best_n=27 a=383360869 (5.7s)
m=3626 d=20341860 best_n=24 a=871813741 (5.6s)
m=3627 d=20347470 best_n=27 a=313890919 (6.0s)
m=3628 d=20353080 best_n=25 a=689619604 (6.0s)
m=3629 d=20358690 best_n=28 a=659207839 (5.8s)
m=3630 d=20364300 best_n=27 a=98358843 (5.8s)
m=3631 d=20369910 best_n=24 a=379081807 (6.0s)
m=3632 d=20375520 best_n=26 a=679358188 (6.0s)
m=3633 d=20381130 best_n=27 a=80455297 (6.5s)
m=3634 d=20386740 best_n=29 a=1549609 (6.2s)
m=3635 d=20392350 best_n=25 a=463434121 (5.9s)
m=3636 d=20397960 best_n=27 a=779012121 (6.7s)
m=3637 d=20403570 best_n=25 a=483595699 (8.5s)
m=3638 d=20409180 best_n=24 a=829862167 (8.2s)
m=3639 d=20414790 best_n=30 a=607898539 (8.7s)
m=3640 d=20420400 best_n=27 a=98629804 (8.5s)
m=3641 d=20426010 best_n=26 a=309288883 (9.3s)
m=3642 d=20431620 best_n=25 a=245059671 (8.9s)
m=3643 d=20437230 best_n=26 a=103311313 (6.7s)
m=3644 d=20442840 best_n=28 a=605435596 (6.0s)
m=3645 d=20448450 best_n=25 a=601935481 (5.7s)
m=3646 d=20454060 best_n=23 a=857303263 (5.5s)
m=3647 d=20459670 best_n=28 a=10391479 (6.3s)
m=3648 d=20465280 best_n=25 a=644303371 (5.2s)
m=3649 d=20470890 best_n=26 a=282484759 (5.2s)
m=3650 d=20476500 best_n=27 a=144014911 (5.4s)
m=3651 d=20482110 best_n=24 a=355738987 (5.5s)
m=3652 d=20487720 best_n=27 a=40515004 (5.8s)
m=3653 d=20493330 best_n=24 a=282523819 (5.5s)
m=3654 d=20498940 best_n=30 a=144247243 (5.5s)
m=3655 d=20504550 best_n=24 a=413570689 (6.4s)
m=3656 d=20510160 best_n=28 a=58826323 (9.4s)
m=3657 d=20515770 best_n=29 a=572097909 (9.9s)
m=3658 d=20521380 best_n=25 a=565290799 (8.7s)
m=3659 d=20526990 best_n=23 a=196023361 (9.1s)
m=3660 d=20532600 best_n=25 a=245765044 (9.3s)
m=3661 d=20538210 best_n=24 a=620185699 (8.7s)
m=3662 d=20543820 best_n=23 a=497355967 (10.0s)
m=3663 d=20549430 best_n=25 a=529863613 (6.9s)
m=3664 d=20555040 best_n=25 a=291392341 (6.8s)
m=3665 d=20560650 best_n=26 a=386829001 (10.1s)
m=3666 d=20566260 best_n=27 a=150030373 (11.1s)
m=3667 d=20571870 best_n=26 a=71475241 (9.1s)
m=3668 d=20577480 best_n=27 a=373482151 (7.5s)
m=3669 d=20583090 best_n=25 a=240902707 (7.7s)
m=3670 d=20588700 best_n=28 a=171146521 (7.5s)
m=3671 d=20594310 best_n=29 a=134365321 (8.5s)
m=3672 d=20599920 best_n=27 a=416677717 (7.8s)
m=3673 d=20605530 best_n=24 a=362271757 (8.7s)
m=3674 d=20611140 best_n=24 a=730698583 (7.6s)
m=3675 d=20616750 best_n=27 a=547876639 (7.3s)
m=3676 d=20622360 best_n=24 a=765030979 (8.5s)
m=3677 d=20627970 best_n=24 a=636732919 (7.8s)
m=3678 d=20633580 best_n=26 a=293467233 (7.5s)
m=3679 d=20639190 best_n=24 a=557045323 (7.4s)
m=3680 d=20644800 best_n=28 a=644307403 (6.9s)
m=3681 d=20650410 best_n=28 a=97127823 (7.6s)
m=3682 d=20656020 best_n=25 a=838346893 (7.6s)
m=3683 d=20661630 best_n=28 a=342363397 (7.5s)
m=3684 d=20667240 best_n=25 a=324503659 (7.3s)
m=3685 d=20672850 best_n=26 a=205882507 (7.6s)
m=3686 d=20678460 best_n=26 a=771832531 (8.1s)
m=3687 d=20684070 best_n=24 a=135906411 (8.7s)
m=3688 d=20689680 best_n=28 a=283947388 (7.5s)
m=3689 d=20695290 best_n=26 a=6275263 (8.3s)
m=3690 d=20700900 best_n=28 a=697088983 (10.0s)
m=3691 d=20706510 best_n=25 a=527353417 (9.8s)
m=3692 d=20712120 best_n=27 a=661063732 (8.4s)
m=3693 d=20717730 best_n=27 a=428550037 (8.7s)
m=3694 d=20723340 best_n=25 a=593137663 (8.9s)
m=3695 d=20728950 best_n=25 a=122265673 (8.3s)
m=3696 d=20734560 best_n=27 a=667545712 (8.0s)
m=3697 d=20740170 best_n=25 a=263259847 (8.4s)
m=3698 d=20745780 best_n=28 a=153495919 (7.9s)
m=3699 d=20751390 best_n=25 a=72697041 (8.3s)
m=3700 d=20757000 best_n=26 a=206472775 (7.3s)
m=3701 d=20762610 best_n=25 a=375981649 (9.1s)
m=3702 d=20768220 best_n=28 a=527061907 (8.3s)
m=3703 d=20773830 best_n=28 a=12882493 (9.3s)
m=3704 d=20779440 best_n=25 a=354078163 (9.3s)
m=3705 d=20785050 best_n=27 a=445104669 (8.7s)
m=3706 d=20790660 best_n=27 a=206800207 (8.4s)
m=3707 d=20796270 best_n=25 a=63097207 (9.1s)
m=3708 d=20801880 best_n=28 a=209734009 (9.0s)
m=3709 d=20807490 best_n=24 a=181852117 (8.3s)
m=3710 d=20813100 best_n=24 a=454469107 (8.5s)
m=3711 d=20818710 best_n=24 a=516309781 (7.7s)
m=3712 d=20824320 best_n=28 a=182333488 (8.3s)
m=3713 d=20829930 best_n=24 a=605037853 (8.5s)
m=3714 d=20835540 best_n=27 a=614774419 (7.7s)
m=3715 d=20841150 best_n=25 a=672969919 (8.4s)
m=3716 d=20846760 best_n=25 a=90665332 (7.9s)
m=3717 d=20852370 best_n=25 a=779552617 (7.7s)
m=3718 d=20857980 best_n=26 a=777007567 (8.2s)
m=3719 d=20863590 best_n=26 a=687044833 (8.1s)
m=3720 d=20869200 best_n=27 a=100797492 (7.5s)
m=3721 d=20874810 best_n=26 a=545578453 (8.2s)
m=3722 d=20880420 best_n=24 a=567893977 (7.8s)
m=3723 d=20886030 best_n=26 a=28061239 (7.9s)
m=3724 d=20891640 best_n=25 a=610778581 (8.3s)
m=3725 d=20897250 best_n=26 a=477476575 (7.7s)
m=3726 d=20902860 best_n=31 a=528353533 (8.1s)
m=3727 d=20908470 best_n=25 a=785907073 (8.0s)
m=3728 d=20914080 best_n=28 a=182476183 (7.6s)
m=3729 d=20919690 best_n=28 a=504603237 (8.2s)
m=3730 d=20925300 best_n=27 a=101068453 (8.4s)
m=3731 d=20930910 best_n=26 a=806931541 (7.7s)
m=3732 d=20936520 best_n=27 a=400584828 (8.4s)
m=3733 d=20942130 best_n=24 a=832200409 (7.7s)
m=3734 d=20947740 best_n=25 a=15305401 (8.0s)
m=3735 d=20953350 best_n=26 a=455401741 (8.0s)
m=3736 d=20958960 best_n=27 a=299034907 (7.7s)
m=3737 d=20964570 best_n=25 a=508151329 (7.9s)
m=3738 d=20970180 best_n=25 a=114351069 (8.3s)
m=3739 d=20975790 best_n=24 a=160607521 (7.9s)
m=3740 d=20981400 best_n=25 a=279624889 (6.4s)
m=3741 d=20987010 best_n=26 a=537735531 (8.0s)
m=3742 d=20992620 best_n=26 a=77339359 (7.9s)
m=3743 d=20998230 best_n=25 a=806862151 (7.8s)
m=3744 d=21003840 best_n=27 a=330645627 (8.7s)
m=3745 d=21009450 best_n=25 a=427921291 (8.0s)
m=3746 d=21015060 best_n=26 a=220057063 (8.5s)
m=3747 d=21020670 best_n=26 a=465568951 (8.7s)
m=3748 d=21026280 best_n=23 a=865091101 (8.3s)
m=3749 d=21031890 best_n=31 a=552720007 (8.1s)
m=3750 d=21037500 best_n=27 a=147960525 (9.4s)
m=3751 d=21043110 best_n=26 a=713247241 (8.4s)
m=3752 d=21048720 best_n=24 a=181286389 (8.1s)
m=3753 d=21054330 best_n=28 a=466742277 (8.3s)
m=3754 d=21059940 best_n=24 a=191725123 (8.0s)
m=3755 d=21065550 best_n=25 a=114129769 (10.3s)
m=3756 d=21071160 best_n=24 a=636857827 (8.5s)
m=3757 d=21076770 best_n=28 a=299157799 (8.6s)
m=3758 d=21082380 best_n=23 a=427162753 (8.4s)
m=3759 d=21087990 best_n=26 a=341451313 (8.9s)
m=3760 d=21093600 best_n=26 a=490590028 (7.8s)
m=3761 d=21099210 best_n=24 a=793426717 (8.4s)
m=3762 d=21104820 best_n=25 a=703665691 (8.2s)
m=3763 d=21110430 best_n=27 a=48643693 (8.4s)
m=3764 d=21116040 best_n=25 a=666397012 (8.9s)
m=3765 d=21121650 best_n=28 a=100238079 (8.4s)
m=3766 d=21127260 best_n=25 a=141470839 (9.0s)
m=3767 d=21132870 best_n=24 a=648826357 (8.4s)
m=3768 d=21138480 best_n=26 a=256577593 (8.4s)
m=3769 d=21144090 best_n=27 a=774962653 (8.1s)
m=3770 d=21149700 best_n=28 a=625621477 (7.7s)
m=3771 d=21155310 best_n=28 a=629018481 (7.0s)
m=3772 d=21160920 best_n=29 a=482973916 (7.7s)
m=3773 d=21166530 best_n=25 a=183890383 (8.2s)
m=3774 d=21172140 best_n=28 a=287082913 (7.6s)
m=3775 d=21177750 best_n=25 a=532883983 (8.3s)
m=3776 d=21183360 best_n=26 a=1911856 (7.8s)
m=3777 d=21188970 best_n=24 a=854246791 (8.6s)
m=3778 d=21194580 best_n=27 a=618754399 (8.2s)
m=3779 d=21200190 best_n=29 a=289217707 (8.1s)
m=3780 d=21205800 best_n=26 a=266292397 (8.0s)
m=3781 d=21211410 best_n=24 a=648568609 (8.3s)
m=3782 d=21217020 best_n=24 a=616480213 (7.4s)
m=3783 d=21222630 best_n=26 a=276739 (8.4s)
m=3784 d=21228240 best_n=26 a=618284113 (7.6s)
m=3785 d=21233850 best_n=26 a=604008061 (7.9s)
m=3786 d=21239460 best_n=24 a=579982663 (8.8s)
m=3787 d=21245070 best_n=25 a=760289971 (7.8s)
m=3788 d=21250680 best_n=24 a=696897676 (8.0s)
m=3789 d=21256290 best_n=25 a=827894799 (7.9s)
m=3790 d=21261900 best_n=27 a=340512517 (7.9s)
m=3791 d=21267510 best_n=24 a=564877063 (8.5s)
m=3792 d=21273120 best_n=28 a=239986828 (7.8s)
m=3793 d=21278730 best_n=25 a=833884633 (7.5s)
m=3794 d=21284340 best_n=25 a=440087521 (8.3s)
*** new best n=33  a=206534323  d=21289950
m=3795 d=21289950 best_n=33 a=206534323 (7.4s)
m=3796 d=21295560 best_n=25 a=518321833 (7.8s)
m=3797 d=21301170 best_n=23 a=743403901 (7.9s)
m=3798 d=21306780 best_n=26 a=770352051 (7.4s)
m=3799 d=21312390 best_n=27 a=55608667 (8.0s)
m=3800 d=21318000 best_n=27 a=149933332 (7.6s)
m=3801 d=21323610 best_n=24 a=232018059 (7.6s)
m=3802 d=21329220 best_n=26 a=243590179 (7.9s)
m=3803 d=21334830 best_n=24 a=367541023 (7.6s)
m=3804 d=21340440 best_n=27 a=79445188 (8.2s)
m=3805 d=21346050 best_n=26 a=267646849 (8.0s)
m=3806 d=21351660 best_n=24 a=762615079 (8.0s)
m=3807 d=21357270 best_n=28 a=495206163 (8.2s)
m=3808 d=21362880 best_n=26 a=323026564 (7.8s)
m=3809 d=21368490 best_n=25 a=235263373 (8.2s)
m=3810 d=21374100 best_n=27 a=103236141 (7.9s)
m=3811 d=21379710 best_n=24 a=383906071 (7.8s)
m=3812 d=21385320 best_n=25 a=478048987 (7.8s)
m=3813 d=21390930 best_n=31 a=34212531 (8.1s)
m=3814 d=21396540 best_n=26 a=210935623 (8.1s)
m=3815 d=21402150 best_n=23 a=95967739 (7.8s)
m=3816 d=21407760 best_n=29 a=14174004 (8.1s)
m=3817 d=21413370 best_n=25 a=729150979 (7.8s)
m=3818 d=21418980 best_n=30 a=451745281 (8.1s)
m=3819 d=21424590 best_n=25 a=443153869 (7.8s)
m=3820 d=21430200 best_n=26 a=312177037 (7.6s)
m=3821 d=21435810 best_n=25 a=295535827 (8.5s)
m=3822 d=21441420 best_n=25 a=564199203 (7.9s)
m=3823 d=21447030 best_n=25 a=821292181 (7.7s)
m=3824 d=21452640 best_n=28 a=663088612 (8.8s)
m=3825 d=21458250 best_n=24 a=569943225 (8.3s)
m=3826 d=21463860 best_n=24 a=815611849 (8.4s)
m=3827 d=21469470 best_n=24 a=654551173 (8.0s)
m=3828 d=21475080 best_n=28 a=754451668 (6.9s)
m=3829 d=21480690 best_n=25 a=274591501 (8.2s)
m=3830 d=21486300 best_n=28 a=8658637 (8.2s)
m=3831 d=21491910 best_n=25 a=129105391 (7.9s)
m=3832 d=21497520 best_n=26 a=341603524 (8.3s)
m=3833 d=21503130 best_n=26 a=19035433 (7.5s)
m=3834 d=21508740 best_n=25 a=520193673 (8.4s)
m=3835 d=21514350 best_n=24 a=575023111 (8.0s)
m=3836 d=21519960 best_n=27 a=531355069 (7.8s)
m=3837 d=21525570 best_n=25 a=253002063 (8.4s)
m=3838 d=21531180 best_n=24 a=3270313 (8.0s)
m=3839 d=21536790 best_n=25 a=4508731 (8.0s)
m=3840 d=21542400 best_n=25 a=435076981 (8.1s)
m=3841 d=21548010 best_n=30 a=214586551 (8.6s)
m=3842 d=21553620 best_n=28 a=137437243 (7.6s)
m=3843 d=21559230 best_n=26 a=629765803 (8.0s)
m=3844 d=21564840 best_n=26 a=182836228 (7.8s)
m=3845 d=21570450 best_n=27 a=563217577 (7.6s)
m=3846 d=21576060 best_n=27 a=54173539 (8.1s)
m=3847 d=21581670 best_n=25 a=4113691 (7.7s)
m=3848 d=21587280 best_n=26 a=302278249 (8.2s)
m=3849 d=21592890 best_n=28 a=259963639 (8.7s)
m=3850 d=21598500 best_n=24 a=363918919 (8.5s)
m=3851 d=21604110 best_n=24 a=340643191 (7.9s)
m=3852 d=21609720 best_n=28 a=329602132 (7.7s)
m=3853 d=21615330 best_n=26 a=116822881 (7.8s)
m=3854 d=21620940 best_n=27 a=577111213 (8.1s)
m=3855 d=21626550 best_n=30 a=179875677 (7.6s)
m=3856 d=21632160 best_n=26 a=13157377 (7.8s)
m=3857 d=21637770 best_n=27 a=497139979 (7.5s)
m=3858 d=21643380 best_n=24 a=548402889 (7.3s)
m=3859 d=21648990 best_n=26 a=655885393 (7.8s)
m=3860 d=21654600 best_n=26 a=208826149 (7.9s)
m=3861 d=21660210 best_n=27 a=47138299 (7.6s)
m=3862 d=21665820 best_n=24 a=742332379 (8.0s)
m=3863 d=21671430 best_n=24 a=579353389 (8.2s)
m=3864 d=21677040 best_n=29 a=89688756 (8.1s)
m=3865 d=21682650 best_n=29 a=54735127 (7.6s)
m=3866 d=21688260 best_n=25 a=342626527 (8.1s)
m=3867 d=21693870 best_n=24 a=655842639 (7.6s)
m=3868 d=21699480 best_n=25 a=46144183 (8.0s)
m=3869 d=21705090 best_n=27 a=356322547 (7.8s)
m=3870 d=21710700 best_n=27 a=104861907 (7.3s)
m=3871 d=21716310 best_n=23 a=778957651 (7.6s)
m=3872 d=21721920 best_n=27 a=341949751 (7.8s)
m=3873 d=21727530 best_n=25 a=233218281 (7.5s)
m=3874 d=21733140 best_n=26 a=777221971 (8.3s)
m=3875 d=21738750 best_n=23 a=861464983 (7.8s)
m=3876 d=21744360 best_n=26 a=385571487 (7.8s)
m=3877 d=21749970 best_n=25 a=686837011 (8.0s)
m=3878 d=21755580 best_n=24 a=841048159 (7.3s)
m=3879 d=21761190 best_n=23 a=862140789 (6.1s)
m=3880 d=21766800 best_n=27 a=105132868 (7.9s)
m=3881 d=21772410 best_n=22 a=827529421 (7.5s)
m=3882 d=21778020 best_n=25 a=179348353 (7.7s)
m=3883 d=21783630 best_n=27 a=302406451 (7.7s)
m=3884 d=21789240 best_n=27 a=38068741 (7.3s)
m=3885 d=21794850 best_n=27 a=323661373 (8.3s)
m=3886 d=21800460 best_n=32 a=309130519 (7.7s)
m=3887 d=21806070 best_n=28 a=377760799 (7.8s)
m=3888 d=21811680 best_n=28 a=408907044 (8.1s)
m=3889 d=21817290 best_n=29 a=78685531 (7.9s)
m=3890 d=21822900 best_n=24 a=238537939 (8.1s)
m=3891 d=21828510 best_n=26 a=303121579 (7.3s)
m=3892 d=21834120 best_n=28 a=484029028 (7.9s)
m=3893 d=21839730 best_n=24 a=580075549 (7.8s)
m=3894 d=21845340 best_n=25 a=637685041 (8.6s)
m=3895 d=21850950 best_n=25 a=21316651 (8.3s)
m=3896 d=21856560 best_n=25 a=69688087 (8.3s)
m=3897 d=21862170 best_n=25 a=433532797 (8.5s)
m=3898 d=21867780 best_n=24 a=798148741 (8.0s)
m=3899 d=21873390 best_n=25 a=450392083 (7.8s)
m=3900 d=21879000 best_n=27 a=540695127 (8.3s)
m=3901 d=21884610 best_n=26 a=373506673 (8.7s)
m=3902 d=21890220 best_n=24 a=241214407 (8.3s)
m=3903 d=21895830 best_n=25 a=273435537 (8.7s)
m=3904 d=21901440 best_n=26 a=424462912 (7.5s)
m=3905 d=21907050 best_n=25 a=396019897 (7.9s)
m=3906 d=21912660 best_n=26 a=160224709 (7.7s)
m=3907 d=21918270 best_n=25 a=360425761 (7.7s)
m=3908 d=21923880 best_n=26 a=742087492 (8.2s)
m=3909 d=21929490 best_n=25 a=558693709 (7.9s)
m=3910 d=21935100 best_n=27 a=250114981 (8.0s)
m=3911 d=21940710 best_n=24 a=593030101 (7.8s)
m=3912 d=21946320 best_n=27 a=67284804 (7.7s)
m=3913 d=21951930 best_n=24 a=335334961 (7.9s)
m=3914 d=21957540 best_n=25 a=464242939 (8.9s)
m=3915 d=21963150 best_n=27 a=16284787 (8.3s)
m=3916 d=21968760 best_n=25 a=136914436 (8.1s)
m=3917 d=21974370 best_n=26 a=371659393 (8.7s)
m=3918 d=21979980 best_n=25 a=441443143 (7.9s)
m=3919 d=21985590 best_n=25 a=141837799 (6.5s)
m=3920 d=21991200 best_n=27 a=194287312 (7.3s)
m=3921 d=21996810 best_n=25 a=11446003 (7.4s)
m=3922 d=22002420 best_n=24 a=704602783 (7.8s)
m=3923 d=22008030 best_n=25 a=48723601 (10.4s)
m=3924 d=22013640 best_n=25 a=323464467 (7.4s)
m=3925 d=22019250 best_n=26 a=569268853 (8.4s)
m=3926 d=22024860 best_n=26 a=44485273 (7.8s)
m=3927 d=22030470 best_n=27 a=715880613 (7.8s)
m=3928 d=22036080 best_n=24 a=804043468 (8.1s)
m=3929 d=22041690 best_n=26 a=6762373 (7.8s)
m=3930 d=22047300 best_n=25 a=269895829 (8.1s)
m=3931 d=22052910 best_n=26 a=745474861 (10.5s)
m=3932 d=22058520 best_n=24 a=837368221 (7.9s)
m=3933 d=22064130 best_n=29 a=610824033 (7.8s)
m=3934 d=22069740 best_n=26 a=690119599 (8.3s)
m=3935 d=22075350 best_n=26 a=540949177 (7.9s)
m=3936 d=22080960 best_n=28 a=241273429 (7.9s)
m=3937 d=22086570 best_n=26 a=201243661 (7.7s)
m=3938 d=22092180 best_n=27 a=18215779 (9.5s)
m=3939 d=22097790 best_n=24 a=132461749 (7.6s)
m=3940 d=22103400 best_n=24 a=604848163 (8.5s)
m=3941 d=22109010 best_n=25 a=364367329 (7.6s)
m=3942 d=22114620 best_n=26 a=184462513 (8.0s)
m=3943 d=22120230 best_n=22 a=833377909 (7.8s)
m=3944 d=22125840 best_n=30 a=91448353 (7.7s)
m=3945 d=22131450 best_n=25 a=490311201 (8.0s)
m=3946 d=22137060 best_n=28 a=188317189 (9.5s)
m=3947 d=22142670 best_n=26 a=199975861 (7.6s)
m=3948 d=22148280 best_n=28 a=513547132 (8.0s)
m=3949 d=22153890 best_n=26 a=66656347 (8.0s)
m=3950 d=22159500 best_n=27 a=155851753 (7.4s)
m=3951 d=22165110 best_n=25 a=604742659 (7.9s)
m=3952 d=22170720 best_n=26 a=575356537 (8.0s)
m=3953 d=22176330 best_n=25 a=367219087 (7.7s)
m=3954 d=22181940 best_n=30 a=160384863 (9.0s)
m=3955 d=22187550 best_n=25 a=91236853 (8.0s)
m=3956 d=22193160 best_n=28 a=511702981 (7.8s)
m=3957 d=22198770 best_n=26 a=329802079 (7.8s)
m=3958 d=22204380 best_n=24 a=386483401 (7.2s)
m=3959 d=22209990 best_n=24 a=220486963 (8.0s)
m=3960 d=22215600 best_n=28 a=82756348 (7.5s)
m=3961 d=22221210 best_n=24 a=830004523 (7.8s)
m=3962 d=22226820 best_n=24 a=527961217 (8.6s)
m=3963 d=22232430 best_n=25 a=127340233 (7.5s)
m=3964 d=22238040 best_n=25 a=37023619 (8.1s)
m=3965 d=22243650 best_n=25 a=79546879 (7.5s)
m=3966 d=22249260 best_n=27 a=205245201 (7.7s)
m=3967 d=22254870 best_n=25 a=668953249 (7.8s)
m=3968 d=22260480 best_n=28 a=42099061 (8.4s)
m=3969 d=22266090 best_n=27 a=14171587 (7.8s)
m=3970 d=22271700 best_n=28 a=597667051 (8.2s)
m=3971 d=22277310 best_n=25 a=724153609 (7.5s)
m=3972 d=22282920 best_n=27 a=597376513 (8.1s)
m=3973 d=22288530 best_n=26 a=606942757 (7.9s)
m=3974 d=22294140 best_n=24 a=633537313 (7.6s)
m=3975 d=22299750 best_n=27 a=361887775 (7.7s)
m=3976 d=22305360 best_n=28 a=413216341 (7.4s)
m=3977 d=22310970 best_n=26 a=424023547 (8.0s)
m=3978 d=22316580 best_n=26 a=89223727 (7.3s)
m=3979 d=22322190 best_n=28 a=713757271 (7.6s)
m=3980 d=22327800 best_n=25 a=610130428 (7.5s)
m=3981 d=22333410 best_n=24 a=223972783 (7.5s)
m=3982 d=22339020 best_n=23 a=350845513 (7.7s)
m=3983 d=22344630 best_n=25 a=13939009 (7.2s)
m=3984 d=22350240 best_n=27 a=177301936 (8.1s)
m=3985 d=22355850 best_n=25 a=383929213 (7.8s)
m=3986 d=22361460 best_n=23 a=489137431 (7.7s)
m=3987 d=22367070 best_n=26 a=579070207 (7.7s)
m=3988 d=22372680 best_n=26 a=64433779 (7.3s)
m=3989 d=22378290 best_n=23 a=614696359 (7.6s)
m=3990 d=22383900 best_n=27 a=108113439 (7.5s)
m=3991 d=22389510 best_n=23 a=580321651 (7.6s)
m=3992 d=22395120 best_n=25 a=243914956 (7.7s)
m=3993 d=22400730 best_n=26 a=48390907 (8.3s)
m=3994 d=22406340 best_n=25 a=320425159 (7.8s)
m=3995 d=22411950 best_n=25 a=632895607 (7.9s)
m=3996 d=22417560 best_n=28 a=420265573 (8.4s)
m=3997 d=22423170 best_n=24 a=205042159 (7.1s)
m=3998 d=22428780 best_n=25 a=443538331 (9.6s)
m=3999 d=22434390 best_n=28 a=324636343 (7.6s)
m=4000 d=22440000 best_n=28 a=350577697 (8.3s)
m=4001 d=22445610 best_n=31 a=347793493 (8.5s)
m=4002 d=22451220 best_n=32 a=183409159 (7.9s)
m=4003 d=22456830 best_n=24 a=666274909 (7.8s)
m=4004 d=22462440 best_n=25 a=4702516 (8.0s)
m=4005 d=22468050 best_n=25 a=714992139 (7.7s)
m=4006 d=22473660 best_n=24 a=72656257 (8.0s)
m=4007 d=22479270 best_n=27 a=181732081 (7.9s)
m=4008 d=22484880 best_n=24 a=416072793 (8.2s)
m=4009 d=22490490 best_n=27 a=85713883 (8.1s)
m=4010 d=22496100 best_n=25 a=396229417 (7.8s)
m=4011 d=22501710 best_n=26 a=177750399 (8.0s)
m=4012 d=22507320 best_n=28 a=530254603 (9.3s)
m=4013 d=22512930 best_n=24 a=625062949 (8.4s)
m=4014 d=22518540 best_n=24 a=607465603 (8.3s)
m=4015 d=22524150 best_n=24 a=408042703 (8.2s)
m=4016 d=22529760 best_n=28 a=608566516 (7.9s)
m=4017 d=22535370 best_n=24 a=239483181 (7.7s)
m=4018 d=22540980 best_n=28 a=24671059 (6.4s)
m=4019 d=22546590 best_n=24 a=765089893 (7.7s)
m=4020 d=22552200 best_n=25 a=426702151 (6.9s)
m=4021 d=22557810 best_n=26 a=473154097 (8.3s)
m=4022 d=22563420 best_n=25 a=717085147 (7.8s)
m=4023 d=22569030 best_n=26 a=515674701 (8.0s)
m=4024 d=22574640 best_n=24 a=459926437 (7.8s)
m=4025 d=22580250 best_n=30 a=640480591 (7.6s)
m=4026 d=22585860 best_n=25 a=408461187 (7.7s)
m=4027 d=22591470 best_n=23 a=446212033 (7.9s)
m=4028 d=22597080 best_n=25 a=411539164 (7.3s)
m=4029 d=22602690 best_n=25 a=731505747 (7.9s)
m=4030 d=22608300 best_n=27 a=109197283 (7.8s)
m=4031 d=22613910 best_n=28 a=455868049 (7.5s)
m=4032 d=22619520 best_n=26 a=180413737 (7.8s)
m=4033 d=22625130 best_n=24 a=279669559 (7.5s)
m=4034 d=22630740 best_n=25 a=790348147 (7.8s)
m=4035 d=22636350 best_n=24 a=528971449 (7.7s)
m=4036 d=22641960 best_n=25 a=606636673 (7.6s)
m=4037 d=22647570 best_n=27 a=359766619 (7.7s)
m=4038 d=22653180 best_n=27 a=155012223 (8.1s)
m=4039 d=22658790 best_n=25 a=800344453 (6.9s)
m=4040 d=22664400 best_n=29 a=275209003 (7.7s)
m=4041 d=22670010 best_n=25 a=534410737 (7.3s)
m=4042 d=22675620 best_n=25 a=756671623 (7.4s)
m=4043 d=22681230 best_n=27 a=433966897 (7.7s)
m=4044 d=22686840 best_n=25 a=199919953 (7.5s)
m=4045 d=22692450 best_n=27 a=69278659 (8.0s)
m=4046 d=22698060 best_n=23 a=684400627 (7.4s)
m=4047 d=22703670 best_n=26 a=584161621 (7.5s)
m=4048 d=22709280 best_n=28 a=449352001 (7.8s)
m=4049 d=22714890 best_n=27 a=715128433 (7.7s)
m=4050 d=22720500 best_n=27 a=159797367 (7.7s)
m=4051 d=22726110 best_n=24 a=647866201 (8.2s)
m=4052 d=22731720 best_n=24 a=281049481 (8.0s)
m=4053 d=22737330 best_n=27 a=256250053 (7.9s)
m=4054 d=22742940 best_n=24 a=628219159 (8.1s)
m=4055 d=22748550 best_n=25 a=786356569 (7.5s)
m=4056 d=22754160 best_n=26 a=473720151 (9.9s)
m=4057 d=22759770 best_n=28 a=423875851 (7.8s)
m=4058 d=22765380 best_n=25 a=398550457 (7.4s)
m=4059 d=22770990 best_n=26 a=436155901 (7.8s)
m=4060 d=22776600 best_n=27 a=612419596 (7.2s)
m=4061 d=22782210 best_n=25 a=5131747 (7.5s)
m=4062 d=22787820 best_n=26 a=763833259 (7.6s)
m=4063 d=22793430 best_n=25 a=763429441 (7.4s)
m=4064 d=22799040 best_n=28 a=357638521 (8.4s)
m=4065 d=22804650 best_n=26 a=680737423 (7.5s)
m=4066 d=22810260 best_n=26 a=407678737 (7.8s)
m=4067 d=22815870 best_n=24 a=430291261 (7.7s)
m=4068 d=22821480 best_n=26 a=370078708 (8.0s)
m=4069 d=22827090 best_n=27 a=323919301 (6.5s)
m=4070 d=22832700 best_n=23 a=635677591 (8.1s)
m=4071 d=22838310 best_n=28 a=275541439 (8.0s)
m=4072 d=22843920 best_n=27 a=452768311 (8.8s)
m=4073 d=22849530 best_n=27 a=116326279 (7.7s)
m=4074 d=22855140 best_n=26 a=769898541 (7.7s)
m=4075 d=22860750 best_n=25 a=575232379 (7.9s)
m=4076 d=22866360 best_n=24 a=427449493 (7.9s)
m=4077 d=22871970 best_n=27 a=652969789 (7.7s)
m=4078 d=22877580 best_n=25 a=475614067 (8.0s)
m=4079 d=22883190 best_n=24 a=294617011 (7.6s)
m=4080 d=22888800 best_n=28 a=199649803 (7.5s)
m=4081 d=22894410 best_n=25 a=16936297 (7.3s)
m=4082 d=22900020 best_n=24 a=785703463 (8.2s)
m=4083 d=22905630 best_n=27 a=83180341 (7.8s)
m=4084 d=22911240 best_n=24 a=2092177 (8.0s)
m=4085 d=22916850 best_n=27 a=414487813 (8.2s)
m=4086 d=22922460 best_n=24 a=607980397 (7.5s)
m=4087 d=22928070 best_n=26 a=444359611 (7.7s)
m=4088 d=22933680 best_n=25 a=14016067 (7.6s)
m=4089 d=22939290 best_n=31 a=262493527 (7.6s)
m=4090 d=22944900 best_n=27 a=110823049 (8.0s)
m=4091 d=22950510 best_n=28 a=358546021 (7.8s)
m=4092 d=22956120 best_n=26 a=652368988 (7.6s)
m=4093 d=22961730 best_n=24 a=809822911 (7.7s)
m=4094 d=22967340 best_n=28 a=191507191 (7.5s)
m=4095 d=22972950 best_n=24 a=316453813 (8.0s)
m=4096 d=22978560 best_n=28 a=517681324 (7.8s)
m=4097 d=22984170 best_n=25 a=705097549 (7.6s)
m=4098 d=22989780 best_n=25 a=675662043 (7.9s)
m=4099 d=22995390 best_n=23 a=85560019 (7.6s)
m=4100 d=23001000 best_n=27 a=525361156 (8.2s)
m=4101 d=23006610 best_n=26 a=760474633 (7.4s)
m=4102 d=23012220 best_n=26 a=650825071 (7.7s)
m=4103 d=23017830 best_n=26 a=413245861 (8.3s)
m=4104 d=23023440 best_n=27 a=87629229 (7.9s)
m=4105 d=23029050 best_n=26 a=1252399 (7.8s)
m=4106 d=23034660 best_n=27 a=6170047 (8.3s)
m=4107 d=23040270 best_n=27 a=187969971 (7.9s)
m=4108 d=23045880 best_n=25 a=206012203 (7.8s)
