sieving Loeschian numbers up to N=1345651183 (160.4 MiB bitmap)...
sieve selftest: OK
sieve built in 19.7s
*** new best n=24  a=701663437  d=26417490
m=4709 d=26417490 best_n=24 a=701663437 (6.4s)
*** new best n=27  a=127622631  d=26423100
m=4710 d=26423100 best_n=27 a=127622631 (6.5s)
m=4711 d=26428710 best_n=24 a=482944027 (6.7s)
m=4712 d=26434320 best_n=27 a=128822743 (5.8s)
m=4713 d=26439930 best_n=24 a=602316831 (6.0s)
m=4714 d=26445540 best_n=26 a=403580767 (5.9s)
*** new best n=29  a=103120411  d=26451150
m=4715 d=26451150 best_n=29 a=103120411 (5.7s)
m=4716 d=26456760 best_n=27 a=480191337 (6.3s)
m=4717 d=26462370 best_n=25 a=370804789 (6.6s)
m=4718 d=26467980 best_n=24 a=116810113 (6.3s)
m=4719 d=26473590 best_n=27 a=1769737 (6.0s)
m=4720 d=26479200 best_n=27 a=32455636 (6.0s)
m=4721 d=26484810 best_n=23 a=441357889 (6.0s)
m=4722 d=26490420 best_n=24 a=352530489 (6.2s)
m=4723 d=26496030 best_n=25 a=308462419 (5.5s)
m=4724 d=26501640 best_n=26 a=17050459 (5.9s)
m=4725 d=26507250 best_n=25 a=666987237 (5.6s)
m=4726 d=26512860 best_n=23 a=701823367 (5.5s)
m=4727 d=26518470 best_n=26 a=175338589 (5.5s)
m=4728 d=26524080 best_n=25 a=459668631 (5.5s)
m=4729 d=26529690 best_n=24 a=431481421 (5.6s)
m=4730 d=26535300 best_n=25 a=696048421 (5.5s)
m=4731 d=26540910 best_n=28 a=81397281 (6.2s)
m=4732 d=26546520 best_n=26 a=185554651 (5.9s)
m=4733 d=26552130 best_n=22 a=624841999 (5.9s)
m=4734 d=26557740 best_n=25 a=700117743 (5.3s)
m=4735 d=26563350 best_n=25 a=72628579 (5.5s)
m=4736 d=26568960 best_n=27 a=418252588 (5.4s)
m=4737 d=26574570 best_n=26 a=184817883 (5.2s)
m=4738 d=26580180 best_n=27 a=546287119 (5.3s)
m=4739 d=26585790 best_n=26 a=565413961 (5.4s)
m=4740 d=26591400 best_n=27 a=256405201 (5.4s)
m=4741 d=26597010 best_n=24 a=12887437 (5.4s)
m=4742 d=26602620 best_n=25 a=597739297 (5.3s)
m=4743 d=26608230 best_n=26 a=142246861 (5.9s)
m=4744 d=26613840 best_n=24 a=431268979 (5.5s)
m=4745 d=26619450 best_n=26 a=657615109 (5.8s)
m=4746 d=26625060 best_n=26 a=186601849 (5.3s)
m=4747 d=26630670 best_n=24 a=725222863 (5.5s)
m=4748 d=26636280 best_n=25 a=471747391 (5.7s)
m=4749 d=26641890 best_n=26 a=304288027 (5.9s)
m=4750 d=26647500 best_n=27 a=128706475 (5.6s)
m=4751 d=26653110 best_n=25 a=634691971 (5.4s)
m=4752 d=26658720 best_n=27 a=58016368 (5.3s)
m=4753 d=26664330 best_n=25 a=67376227 (5.3s)
m=4754 d=26669940 best_n=25 a=540427549 (5.5s)
m=4755 d=26675550 best_n=24 a=462267649 (5.4s)
m=4756 d=26681160 best_n=28 a=298460356 (5.4s)
m=4757 d=26686770 best_n=26 a=593686531 (5.4s)
m=4758 d=26692380 best_n=26 a=245056957 (5.5s)
m=4759 d=26697990 best_n=27 a=363435637 (5.4s)
m=4760 d=26703600 best_n=25 a=144106921 (5.4s)
m=4761 d=26709210 best_n=28 a=499008981 (5.5s)
m=4762 d=26714820 best_n=25 a=196056811 (5.6s)
m=4763 d=26720430 best_n=27 a=207456487 (5.5s)
m=4764 d=26726040 best_n=26 a=571891791 (5.7s)
m=4765 d=26731650 best_n=24 a=618506611 (5.7s)
m=4766 d=26737260 best_n=24 a=292441741 (5.6s)
m=4767 d=26742870 best_n=25 a=538162653 (5.5s)
m=4768 d=26748480 best_n=25 a=185262652 (5.8s)
m=4769 d=26754090 best_n=24 a=306411829 (7.6s)
m=4770 d=26759700 best_n=27 a=244718517 (6.9s)
m=4771 d=26765310 best_n=25 a=175270483 (6.0s)
m=4772 d=26770920 best_n=23 a=696535561 (6.2s)
m=4773 d=26776530 best_n=27 a=521324191 (6.0s)
m=4774 d=26782140 best_n=24 a=442778287 (6.1s)
m=4775 d=26787750 best_n=27 a=252694009 (5.8s)
m=4776 d=26793360 best_n=24 a=727673161 (6.3s)
m=4777 d=26798970 best_n=25 a=450101293 (6.0s)
m=4778 d=26804580 best_n=25 a=645481213 (6.0s)
m=4779 d=26810190 best_n=27 a=344420911 (5.8s)
m=4780 d=26815800 best_n=24 a=560126113 (5.9s)
m=4781 d=26821410 best_n=25 a=19166269 (6.3s)
m=4782 d=26827020 best_n=24 a=439476429 (5.8s)
m=4783 d=26832630 best_n=26 a=669148213 (6.0s)
m=4784 d=26838240 best_n=28 a=464936368 (5.7s)
*** new best n=30  a=113475421  d=26843850
m=4785 d=26843850 best_n=30 a=113475421 (6.2s)
m=4786 d=26849460 best_n=23 a=382268959 (5.8s)
m=4787 d=26855070 best_n=24 a=403703749 (5.9s)
m=4788 d=26860680 best_n=27 a=431603167 (6.1s)
m=4789 d=26866290 best_n=22 a=602808163 (5.9s)
m=4790 d=26871900 best_n=26 a=569390647 (6.0s)
m=4791 d=26877510 best_n=25 a=470291251 (6.3s)
m=4792 d=26883120 best_n=28 a=522794548 (5.9s)
m=4793 d=26888730 best_n=25 a=467433883 (6.0s)
m=4794 d=26894340 best_n=26 a=295744467 (5.9s)
m=4795 d=26899950 best_n=29 a=478858909 (5.9s)
m=4796 d=26905560 best_n=27 a=478822621 (5.7s)
m=4797 d=26911170 best_n=25 a=696889731 (5.8s)
m=4798 d=26916780 best_n=24 a=98718931 (5.6s)
m=4799 d=26922390 best_n=25 a=92339707 (6.0s)
m=4800 d=26928000 best_n=25 a=677574336 (6.1s)
m=4801 d=26933610 best_n=24 a=13791889 (5.9s)
m=4802 d=26939220 best_n=25 a=25458331 (5.9s)
m=4803 d=26944830 best_n=24 a=424787263 (5.8s)
m=4804 d=26950440 best_n=26 a=277565164 (5.8s)
m=4805 d=26956050 best_n=22 a=767594821 (5.9s)
m=4806 d=26961660 best_n=25 a=254762641 (6.1s)
m=4807 d=26967270 best_n=28 a=542510449 (6.1s)
m=4808 d=26972880 best_n=25 a=453831043 (5.9s)
m=4809 d=26978490 best_n=27 a=367460233 (5.9s)
m=4810 d=26984100 best_n=27 a=130332241 (6.3s)
m=4811 d=26989710 best_n=24 a=716861923 (6.2s)
m=4812 d=26995320 best_n=28 a=141172612 (6.0s)
m=4813 d=27000930 best_n=24 a=475237777 (7.0s)
m=4814 d=27006540 best_n=27 a=205158817 (8.2s)
m=4815 d=27012150 best_n=25 a=550184517 (8.1s)
m=4816 d=27017760 best_n=25 a=516929521 (8.7s)
m=4817 d=27023370 best_n=25 a=11469511 (8.4s)
m=4818 d=27028980 best_n=24 a=210685951 (9.5s)
m=4819 d=27034590 best_n=26 a=523946407 (8.7s)
m=4820 d=27040200 best_n=24 a=691787308 (6.7s)
m=4821 d=27045810 best_n=25 a=466521519 (5.7s)
m=4822 d=27051420 best_n=25 a=388145551 (5.6s)
m=4823 d=27057030 best_n=28 a=70088767 (5.5s)
m=4824 d=27062640 best_n=26 a=432294807 (6.3s)
m=4825 d=27068250 best_n=25 a=681103369 (5.3s)
m=4826 d=27073860 best_n=25 a=572416051 (5.2s)
m=4827 d=27079470 best_n=24 a=85508689 (5.4s)
m=4828 d=27085080 best_n=24 a=554027239 (5.6s)
m=4829 d=27090690 best_n=28 a=123595411 (5.8s)
m=4830 d=27096300 best_n=28 a=349489387 (5.5s)
m=4831 d=27101910 best_n=27 a=1436713 (5.4s)
m=4832 d=27107520 best_n=27 a=426730681 (6.0s)
m=4833 d=27113130 best_n=27 a=112062961 (9.3s)
m=4834 d=27118740 best_n=24 a=482457799 (10.2s)
m=4835 d=27124350 best_n=24 a=484036837 (8.6s)
m=4836 d=27129960 best_n=25 a=237689332 (8.9s)
m=4837 d=27135570 best_n=25 a=569978053 (9.1s)
m=4838 d=27141180 best_n=26 a=531669811 (8.7s)
m=4839 d=27146790 best_n=27 a=90813271 (9.9s)
