sieving Loeschian numbers up to N=1345651183 (160.4 MiB bitmap)...
sieve selftest: OK
sieve built in 19.3s
*** new best n=26  a=235034389  d=33020460
m=5886 d=33020460 best_n=26 a=235034389 (6.8s)
*** new best n=28  a=92145619  d=33026070
m=5887 d=33026070 best_n=28 a=92145619 (6.9s)
*** new best n=29  a=346881076  d=33031680
m=5888 d=33031680 best_n=29 a=346881076 (6.3s)
m=5889 d=33037290 best_n=26 a=70677273 (5.8s)
m=5890 d=33042900 best_n=27 a=159596029 (6.2s)
m=5891 d=33048510 best_n=25 a=115776769 (6.0s)
m=5892 d=33054120 best_n=28 a=430022563 (5.5s)
m=5893 d=33059730 best_n=24 a=152083777 (6.1s)
m=5894 d=33065340 best_n=24 a=362041891 (6.8s)
m=5895 d=33070950 best_n=27 a=138332221 (6.3s)
m=5896 d=33076560 best_n=24 a=130141717 (6.0s)
m=5897 d=33082170 best_n=23 a=6046267 (5.8s)
m=5898 d=33087780 best_n=27 a=21057853 (6.3s)
m=5899 d=33093390 best_n=26 a=251239213 (6.0s)
m=5900 d=33099000 best_n=26 a=2987275 (5.7s)
m=5901 d=33104610 best_n=23 a=591089889 (6.0s)
m=5902 d=33110220 best_n=23 a=393989149 (5.7s)
m=5903 d=33115830 best_n=26 a=132187807 (5.6s)
m=5904 d=33121440 best_n=27 a=366819481 (5.5s)
m=5905 d=33127050 best_n=25 a=64556467 (5.4s)
m=5906 d=33132660 best_n=27 a=43633879 (5.8s)
m=5907 d=33138270 best_n=25 a=150221127 (5.4s)
m=5908 d=33143880 best_n=27 a=383656411 (5.9s)
m=5909 d=33149490 best_n=27 a=437565361 (5.8s)
m=5910 d=33155100 best_n=27 a=164276947 (6.0s)
m=5911 d=33160710 best_n=28 a=58104973 (5.4s)
m=5912 d=33166320 best_n=26 a=503587732 (5.6s)
m=5913 d=33171930 best_n=24 a=236069917 (5.3s)
m=5914 d=33177540 best_n=22 a=573224371 (5.2s)
m=5915 d=33183150 best_n=23 a=561445081 (5.2s)
*** new best n=30  a=133513156  d=33188760
m=5916 d=33188760 best_n=30 a=133513156 (5.3s)
m=5917 d=33194370 best_n=27 a=28244167 (5.4s)
m=5918 d=33199980 best_n=25 a=24005791 (5.3s)
m=5919 d=33205590 best_n=26 a=18970747 (5.2s)
m=5920 d=33211200 best_n=27 a=160408912 (5.7s)
m=5921 d=33216810 best_n=26 a=130443877 (5.6s)
m=5922 d=33222420 best_n=25 a=265321147 (5.9s)
m=5923 d=33228030 best_n=23 a=601939237 (5.3s)
m=5924 d=33233640 best_n=24 a=151608943 (5.8s)
m=5925 d=33239250 best_n=28 a=23050825 (5.7s)
m=5926 d=33244860 best_n=23 a=604061413 (5.6s)
m=5927 d=33250470 best_n=26 a=331873273 (5.8s)
m=5928 d=33256080 best_n=27 a=126575553 (5.4s)
m=5929 d=33261690 best_n=23 a=319987681 (5.6s)
m=5930 d=33267300 best_n=24 a=141693457 (5.4s)
m=5931 d=33272910 best_n=24 a=315795141 (5.5s)
m=5932 d=33278520 best_n=26 a=77290699 (5.5s)
m=5933 d=33284130 best_n=23 a=118932211 (5.4s)
m=5934 d=33289740 best_n=29 a=141237507 (5.3s)
m=5935 d=33295350 best_n=24 a=323979781 (5.6s)
m=5936 d=33300960 best_n=26 a=148496092 (5.4s)
m=5937 d=33306570 best_n=22 a=606132559 (5.2s)
m=5938 d=33312180 best_n=24 a=135983329 (5.6s)
m=5939 d=33317790 best_n=24 a=138278077 (5.4s)
m=5940 d=33323400 best_n=25 a=356741449 (5.2s)
m=5941 d=33329010 best_n=22 a=620446951 (5.6s)
m=5942 d=33334620 best_n=24 a=552432019 (5.6s)
m=5943 d=33340230 best_n=25 a=388564149 (5.5s)
m=5944 d=33345840 best_n=26 a=11219644 (5.4s)
*** new best n=32  a=68747977  d=33351450
m=5945 d=33351450 best_n=32 a=68747977 (5.7s)
m=5946 d=33357060 best_n=26 a=56223457 (7.6s)
m=5947 d=33362670 best_n=24 a=554974273 (7.3s)
m=5948 d=33368280 best_n=25 a=362526748 (5.9s)
m=5949 d=33373890 best_n=25 a=67221367 (6.0s)
m=5950 d=33379500 best_n=23 a=84673663 (6.1s)
m=5951 d=33385110 best_n=25 a=517076371 (6.2s)
m=5952 d=33390720 best_n=24 a=323689188 (5.9s)
m=5953 d=33396330 best_n=25 a=344420917 (6.0s)
m=5954 d=33401940 best_n=25 a=15911287 (6.0s)
m=5955 d=33407550 best_n=26 a=190312717 (5.8s)
m=5956 d=33413160 best_n=25 a=466152169 (5.9s)
m=5957 d=33418770 best_n=28 a=256906429 (5.7s)
m=5958 d=33424380 best_n=25 a=47804233 (6.4s)
m=5959 d=33429990 best_n=26 a=291956551 (5.8s)
m=5960 d=33435600 best_n=25 a=324040756 (5.9s)
m=5961 d=33441210 best_n=25 a=412804783 (6.0s)
m=5962 d=33446820 best_n=24 a=441069877 (6.1s)
m=5963 d=33452430 best_n=26 a=266631601 (6.0s)
m=5964 d=33458040 best_n=27 a=301216084 (6.1s)
m=5965 d=33463650 best_n=24 a=472640197 (6.1s)
m=5966 d=33469260 best_n=22 a=634113649 (5.7s)
m=5967 d=33474870 best_n=24 a=210857389 (6.0s)
m=5968 d=33480480 best_n=23 a=459543856 (5.7s)
m=5969 d=33486090 best_n=26 a=460768603 (6.2s)
m=5970 d=33491700 best_n=28 a=274612809 (6.2s)
m=5971 d=33497310 best_n=23 a=591427237 (6.0s)
m=5972 d=33502920 best_n=26 a=426368617 (6.2s)
m=5973 d=33508530 best_n=25 a=7015017 (5.7s)
m=5974 d=33514140 best_n=29 a=50741983 (5.7s)
m=5975 d=33519750 best_n=23 a=412934719 (5.8s)
m=5976 d=33525360 best_n=28 a=106521871 (6.0s)
m=5977 d=33530970 best_n=22 a=537566563 (5.9s)
m=5978 d=33536580 best_n=27 a=4538581 (5.9s)
m=5979 d=33542190 best_n=25 a=429689577 (5.9s)
m=5980 d=33547800 best_n=31 a=24234652 (5.8s)
m=5981 d=33553410 best_n=23 a=128316913 (6.1s)
m=5982 d=33559020 best_n=26 a=328968163 (6.0s)
m=5983 d=33564630 best_n=25 a=515891239 (6.2s)
m=5984 d=33570240 best_n=27 a=149012236 (6.0s)
m=5985 d=33575850 best_n=24 a=558426861 (5.8s)
m=5986 d=33581460 best_n=28 a=36754843 (6.1s)
m=5987 d=33587070 best_n=25 a=210797173 (6.4s)
m=5988 d=33592680 best_n=25 a=398281252 (6.2s)
m=5989 d=33598290 best_n=26 a=7050049 (6.0s)
m=5990 d=33603900 best_n=24 a=22887859 (7.0s)
m=5991 d=33609510 best_n=27 a=245445781 (8.2s)
m=5992 d=33615120 best_n=26 a=494493937 (8.1s)
m=5993 d=33620730 best_n=24 a=125790067 (8.4s)
m=5994 d=33626340 best_n=25 a=151541613 (8.2s)
m=5995 d=33631950 best_n=24 a=394217899 (9.4s)
m=5996 d=33637560 best_n=28 a=255813868 (8.6s)
m=5997 d=33643170 best_n=22 a=625384893 (6.5s)
m=5998 d=33648780 best_n=23 a=375638161 (5.8s)
m=5999 d=33654390 best_n=24 a=564045151 (5.8s)
m=6000 d=33660000 best_n=25 a=328886524 (5.5s)
m=6001 d=33665610 best_n=24 a=14150179 (6.3s)
m=6002 d=33671220 best_n=23 a=595249639 (5.4s)
m=6003 d=33676830 best_n=31 a=180580809 (5.2s)
m=6004 d=33682440 best_n=27 a=74224759 (5.4s)
m=6005 d=33688050 best_n=25 a=307403941 (5.5s)
m=6006 d=33693660 best_n=27 a=274267317 (5.8s)
m=6007 d=33699270 best_n=23 a=157490323 (5.6s)
m=6008 d=33704880 best_n=25 a=20067796 (5.5s)
m=6009 d=33710490 best_n=24 a=13018017 (6.2s)
m=6010 d=33716100 best_n=27 a=162847561 (9.7s)
m=6011 d=33721710 best_n=25 a=120978667 (9.9s)
m=6012 d=33727320 best_n=25 a=224425348 (8.9s)
m=6013 d=33732930 best_n=23 a=574313953 (8.9s)
m=6014 d=33738540 best_n=26 a=13169851 (9.2s)
m=6015 d=33744150 best_n=24 a=415965553 (9.0s)
m=6016 d=33749760 best_n=25 a=286653709 (9.9s)
