sieving Loeschian numbers up to N=1345651183 (160.4 MiB bitmap)...
sieve selftest: OK
sieve built in 25.0s
*** new best n=27  a=300110959  d=5666100
m=1010 d=5666100 best_n=27 a=300110959 (8.9s)
m=1011 d=5671710 best_n=26 a=702668073 (8.5s)
m=1012 d=5677320 best_n=27 a=1018471396 (8.3s)
m=1013 d=5682930 best_n=26 a=537154591 (8.5s)
m=1014 d=5688540 best_n=25 a=396198499 (8.7s)
*** new best n=28  a=675497683  d=5694150
m=1015 d=5694150 best_n=28 a=675497683 (8.5s)
m=1016 d=5699760 best_n=26 a=733401484 (8.5s)
m=1017 d=5705370 best_n=26 a=92519677 (8.6s)
m=1018 d=5710980 best_n=24 a=843983917 (8.2s)
m=1019 d=5716590 best_n=24 a=1053748837 (8.4s)
m=1020 d=5722200 best_n=25 a=116411169 (8.4s)
m=1021 d=5727810 best_n=26 a=302553067 (8.3s)
m=1022 d=5733420 best_n=25 a=1197338299 (8.3s)
m=1023 d=5739030 best_n=26 a=163092247 (8.3s)
m=1024 d=5744640 best_n=28 a=129420331 (8.5s)
m=1025 d=5750250 best_n=27 a=131340289 (8.6s)
m=1026 d=5755860 best_n=26 a=202519641 (8.4s)
m=1027 d=5761470 best_n=26 a=319292389 (8.7s)
m=1028 d=5767080 best_n=26 a=486251917 (8.5s)
