sieving Loeschian numbers up to N=1345651183 (160.4 MiB bitmap)...
sieve selftest: OK
sieve built in 24.8s
*** new best n=27  a=359766619  d=22647570
m=4037 d=22647570 best_n=27 a=359766619 (9.0s)
m=4038 d=22653180 best_n=27 a=155012223 (8.5s)
m=4039 d=22658790 best_n=25 a=800344453 (8.2s)
*** new best n=29  a=275209003  d=22664400
m=4040 d=22664400 best_n=29 a=275209003 (8.5s)
m=4041 d=22670010 best_n=25 a=534410737 (8.6s)
m=4042 d=22675620 best_n=25 a=756671623 (8.4s)
m=4043 d=22681230 best_n=27 a=433966897 (8.3s)
m=4044 d=22686840 best_n=25 a=199919953 (8.3s)
m=4045 d=22692450 best_n=27 a=69278659 (8.4s)
m=4046 d=22698060 best_n=23 a=684400627 (8.5s)
m=4047 d=22703670 best_n=26 a=584161621 (8.4s)
m=4048 d=22709280 best_n=28 a=449352001 (8.2s)
m=4049 d=22714890 best_n=27 a=715128433 (8.3s)
m=4050 d=22720500 best_n=27 a=159797367 (8.3s)
m=4051 d=22726110 best_n=24 a=647866201 (8.6s)
m=4052 d=22731720 best_n=24 a=281049481 (8.4s)
m=4053 d=22737330 best_n=27 a=256250053 (8.4s)
m=4054 d=22742940 best_n=24 a=628219159 (8.7s)
m=4055 d=22748550 best_n=25 a=786356569 (8.4s)
