sieving Loeschian numbers up to N=1345651183 (160.4 MiB bitmap)...
sieve selftest: OK
sieve built in 24.5s
*** new best n=24  a=807379684  d=16987080
m=3028 d=16987080 best_n=24 a=807379684 (9.0s)
m=3029 d=16992690 best_n=24 a=833307919 (8.7s)
*** new best n=27  a=900332877  d=16998300
m=3030 d=16998300 best_n=27 a=900332877 (8.1s)
m=3031 d=17003910 best_n=25 a=853086037 (8.6s)
m=3032 d=17009520 best_n=25 a=478432609 (8.5s)
m=3033 d=17015130 best_n=26 a=188836099 (8.4s)
*** new best n=28  a=18629167  d=17020740
m=3034 d=17020740 best_n=28 a=18629167 (8.4s)
m=3035 d=17026350 best_n=26 a=40745827 (8.3s)
m=3036 d=17031960 best_n=28 a=272750596 (8.5s)
m=3037 d=17037570 best_n=25 a=244392241 (8.5s)
m=3038 d=17043180 best_n=26 a=911787691 (8.6s)
m=3039 d=17048790 best_n=26 a=831576169 (8.2s)
m=3040 d=17054400 best_n=27 a=82372144 (8.3s)
m=3041 d=17060010 best_n=25 a=657385219 (8.4s)
m=3042 d=17065620 best_n=25 a=703069393 (8.5s)
m=3043 d=17071230 best_n=23 a=464705443 (8.4s)
m=3044 d=17076840 best_n=24 a=917388964 (8.6s)
m=3045 d=17082450 best_n=27 a=869027241 (8.8s)
m=3046 d=17088060 best_n=27 a=490797061 (8.5s)
