sieving Loeschian numbers up to N=1345651183 (160.4 MiB bitmap)...
sieve selftest: OK
sieve built in 24.7s
*** new best n=28  a=161738251  d=28308060
m=5046 d=28308060 best_n=28 a=161738251 (9.0s)
m=5047 d=28313670 best_n=25 a=1641481 (8.6s)
m=5048 d=28319280 best_n=24 a=613648291 (8.3s)
m=5049 d=28324890 best_n=24 a=681172929 (8.5s)
m=5050 d=28330500 best_n=25 a=264665089 (8.5s)
m=5051 d=28336110 best_n=25 a=504416719 (8.4s)
m=5052 d=28341720 best_n=26 a=237840997 (8.4s)
m=5053 d=28347330 best_n=24 a=551048827 (8.4s)
m=5054 d=28352940 best_n=25 a=646954579 (8.3s)
m=5055 d=28358550 best_n=23 a=355657161 (8.3s)
m=5056 d=28364160 best_n=26 a=313342597 (8.4s)
m=5057 d=28369770 best_n=25 a=586398181 (8.2s)
m=5058 d=28375380 best_n=26 a=476257179 (8.3s)
m=5059 d=28380990 best_n=25 a=617445331 (8.4s)
m=5060 d=28386600 best_n=27 a=592786261 (8.5s)
m=5061 d=28392210 best_n=25 a=477187921 (8.3s)
m=5062 d=28397820 best_n=27 a=538348093 (8.5s)
m=5063 d=28403430 best_n=26 a=358246651 (8.8s)
m=5064 d=28409040 best_n=26 a=36854971 (8.4s)
