sieving Loeschian numbers up to N=1345651183 (160.4 MiB bitmap)...
sieve selftest: OK
sieve built in 24.8s
*** new best n=27  a=322442679  d=11326590
m=2019 d=11326590 best_n=27 a=322442679 (8.9s)
m=2020 d=11332200 best_n=27 a=754380073 (8.6s)
m=2021 d=11337810 best_n=26 a=157891513 (8.3s)
m=2022 d=11343420 best_n=27 a=286478107 (8.6s)
m=2023 d=11349030 best_n=25 a=35775121 (8.6s)
*** new best n=28  a=999565948  d=11354640
m=2024 d=11354640 best_n=28 a=999565948 (8.5s)
m=2025 d=11360250 best_n=25 a=1011211383 (8.4s)
m=2026 d=11365860 best_n=25 a=433230583 (8.7s)
m=2027 d=11371470 best_n=26 a=325158181 (8.4s)
m=2028 d=11377080 best_n=26 a=9018084 (8.3s)
m=2029 d=11382690 best_n=24 a=755898691 (8.4s)
m=2030 d=11388300 best_n=28 a=336873103 (8.1s)
m=2031 d=11393910 best_n=26 a=242320269 (8.4s)
m=2032 d=11399520 best_n=26 a=276041131 (8.3s)
m=2033 d=11405130 best_n=25 a=726800281 (8.5s)
m=2034 d=11410740 best_n=28 a=73606663 (8.5s)
m=2035 d=11416350 best_n=25 a=454498273 (8.4s)
m=2036 d=11421960 best_n=27 a=280177372 (8.7s)
m=2037 d=11427570 best_n=24 a=1072994941 (8.6s)
