sieving Loeschian numbers up to N=1345651183 (160.4 MiB bitmap)...
sieve selftest: OK
sieve built in 25.1s
*** new best n=24  a=437159443  d=33968550
m=6055 d=33968550 best_n=24 a=437159443 (8.9s)
*** new best n=26  a=42475612  d=33974160
m=6056 d=33974160 best_n=26 a=42475612 (8.6s)
m=6057 d=33979770 best_n=23 a=291730611 (8.3s)
m=6058 d=33985380 best_n=25 a=394034473 (8.5s)
m=6059 d=33990990 best_n=26 a=264573151 (8.6s)
*** new best n=27  a=6707761  d=33996600
m=6060 d=33996600 best_n=27 a=6707761 (8.4s)
m=6061 d=34002210 best_n=27 a=83918617 (8.4s)
m=6062 d=34007820 best_n=26 a=20474461 (8.5s)
m=6063 d=34013430 best_n=26 a=473674539 (8.2s)
m=6064 d=34019040 best_n=27 a=214171231 (8.4s)
m=6065 d=34024650 best_n=23 a=102106099 (8.4s)
m=6066 d=34030260 best_n=25 a=201922309 (8.2s)
m=6067 d=34035870 best_n=25 a=70954021 (8.2s)
m=6068 d=34041480 best_n=27 a=233421124 (8.3s)
m=6069 d=34047090 best_n=25 a=318989251 (8.5s)
m=6070 d=34052700 best_n=27 a=164473327 (8.6s)
m=6071 d=34058310 best_n=26 a=399769987 (8.5s)
*** new best n=28  a=153942931  d=34063920
m=6072 d=34063920 best_n=28 a=153942931 (8.8s)
m=6073 d=34069530 best_n=25 a=185561521 (8.4s)
