sieving Loeschian numbers up to N=200000000 (23.8 MiB bitmap)...
sieve selftest: OK
sieve built in 1.2s
*** new best n=27  a=179179471  d=5610
m=1 d=5610 best_n=27 a=179179471 (1.4s)
m=2 d=11220 best_n=26 a=70265797 (1.2s)
m=3 d=16830 best_n=23 a=14769093 (1.3s)
m=4 d=22440 best_n=24 a=163000033 (1.3s)
m=5 d=28050 best_n=24 a=158186857 (1.3s)
m=6 d=33660 best_n=22 a=180002703 (1.3s)
m=7 d=39270 best_n=23 a=34461217 (1.5s)
m=8 d=44880 best_n=24 a=49528711 (1.4s)
m=9 d=50490 best_n=23 a=44307279 (1.3s)
m=10 d=56100 best_n=27 a=270961 (1.5s)
m=11 d=61710 best_n=25 a=12919 (1.3s)
m=12 d=67320 best_n=26 a=34887649 (1.3s)
m=13 d=72930 best_n=23 a=63999403 (1.3s)
m=14 d=78540 best_n=22 a=197658469 (1.2s)
m=15 d=84150 best_n=23 a=67178239 (1.3s)
m=16 d=89760 best_n=24 a=164124403 (1.3s)
m=17 d=95370 best_n=25 a=189438019 (1.4s)
m=18 d=100980 best_n=25 a=8540827 (1.3s)
m=19 d=106590 best_n=23 a=93537589 (1.3s)
m=20 d=112200 best_n=24 a=4544587 (1.2s)
m=21 d=117810 best_n=24 a=110931109 (1.3s)
m=22 d=123420 best_n=24 a=48940189 (1.3s)
*** new best n=28  a=180998173  d=129030
m=23 d=129030 best_n=28 a=180998173 (1.3s)
m=24 d=134640 best_n=26 a=16832449 (1.3s)
m=25 d=140250 best_n=25 a=3529033 (1.2s)
m=26 d=145860 best_n=24 a=46407577 (1.4s)
m=27 d=151470 best_n=25 a=173984227 (1.2s)
m=28 d=157080 best_n=24 a=153208153 (1.2s)
m=29 d=162690 best_n=24 a=190054573 (1.2s)
m=30 d=168300 best_n=27 a=812883 (1.3s)
m=31 d=173910 best_n=24 a=155517511 (1.3s)
m=32 d=179520 best_n=27 a=2826031 (1.3s)
m=33 d=185130 best_n=25 a=38757 (1.3s)
m=34 d=190740 best_n=25 a=109204147 (1.2s)
m=35 d=196350 best_n=24 a=106665319 (1.3s)
m=36 d=201960 best_n=26 a=104662947 (1.3s)
m=37 d=207570 best_n=23 a=182152147 (1.3s)
m=38 d=213180 best_n=25 a=76031653 (1.2s)
m=39 d=218790 best_n=26 a=161593987 (1.3s)
m=40 d=224400 best_n=27 a=1083844 (1.4s)
m=41 d=230010 best_n=25 a=92381059 (1.3s)
m=42 d=235620 best_n=25 a=15551293 (1.2s)
m=43 d=241230 best_n=23 a=96382183 (1.2s)
m=44 d=246840 best_n=25 a=177174673 (1.3s)
m=45 d=252450 best_n=26 a=92243617 (1.2s)
m=46 d=258060 best_n=27 a=23564113 (1.3s)
m=47 d=263670 best_n=27 a=155369389 (1.3s)
m=48 d=269280 best_n=26 a=139550596 (1.3s)
m=49 d=274890 best_n=23 a=160665127 (1.2s)
m=50 d=280500 best_n=27 a=150681037 (1.2s)
m=51 d=286110 best_n=25 a=39604849 (1.3s)
m=52 d=291720 best_n=24 a=84619939 (1.3s)
*** new best n=29  a=183493477  d=297330
m=53 d=297330 best_n=29 a=183493477 (1.2s)
m=54 d=302940 best_n=28 a=126652663 (1.3s)
m=55 d=308550 best_n=25 a=32348707 (1.4s)
m=56 d=314160 best_n=24 a=147477859 (1.3s)
m=57 d=319770 best_n=23 a=102979857 (1.3s)
m=58 d=325380 best_n=25 a=84598333 (1.3s)
m=59 d=330990 best_n=23 a=61014331 (1.3s)
m=60 d=336600 best_n=24 a=13633761 (1.3s)
m=61 d=342210 best_n=26 a=29738689 (1.4s)
m=62 d=347820 best_n=24 a=82932343 (1.2s)
m=63 d=353430 best_n=23 a=96525579 (1.2s)
m=64 d=359040 best_n=27 a=55639159 (1.3s)
m=65 d=364650 best_n=26 a=119751067 (1.2s)
m=66 d=370260 best_n=25 a=22498681 (1.3s)
m=67 d=375870 best_n=26 a=53025343 (1.3s)
m=68 d=381480 best_n=26 a=27970339 (1.3s)
m=69 d=387090 best_n=28 a=83065771 (1.2s)
m=70 d=392700 best_n=27 a=1896727 (1.3s)
m=71 d=398310 best_n=26 a=8860993 (1.3s)
m=72 d=403920 best_n=26 a=50497347 (1.2s)
m=73 d=409530 best_n=25 a=100069393 (1.3s)
m=74 d=415140 best_n=24 a=94324903 (1.2s)
m=75 d=420750 best_n=25 a=10587099 (1.2s)
m=76 d=426360 best_n=25 a=37120669 (1.3s)
m=77 d=431970 best_n=25 a=90433 (1.4s)
m=78 d=437580 best_n=24 a=139222731 (1.3s)
m=79 d=443190 best_n=26 a=24560953 (1.3s)
m=80 d=448800 best_n=24 a=98125453 (1.3s)
m=81 d=454410 best_n=23 a=121948257 (1.3s)
m=82 d=460020 best_n=28 a=503491 (1.3s)
m=83 d=465630 best_n=24 a=146127613 (1.2s)
m=84 d=471240 best_n=28 a=34889629 (1.2s)
m=85 d=476850 best_n=27 a=172196551 (1.3s)
m=86 d=482460 best_n=24 a=119057173 (1.2s)
m=87 d=488070 best_n=29 a=100257769 (1.3s)
m=88 d=493680 best_n=26 a=44244121 (1.2s)
m=89 d=499290 best_n=27 a=94563313 (1.3s)
m=90 d=504900 best_n=27 a=2438649 (1.3s)
m=91 d=510510 best_n=23 a=187354951 (1.2s)
m=92 d=516120 best_n=28 a=20493553 (1.2s)
m=93 d=521730 best_n=27 a=38953777 (1.4s)
m=94 d=527340 best_n=26 a=38307061 (1.2s)
m=95 d=532950 best_n=24 a=83374243 (1.2s)
m=96 d=538560 best_n=27 a=8478093 (1.3s)
m=97 d=544170 best_n=23 a=178128583 (1.3s)
m=98 d=549780 best_n=24 a=181501681 (1.3s)
m=99 d=555390 best_n=26 a=163056397 (1.2s)
m=100 d=561000 best_n=25 a=14116132 (1.3s)
m=101 d=566610 best_n=24 a=85531129 (1.2s)
m=102 d=572220 best_n=24 a=8099821 (1.2s)
m=103 d=577830 best_n=26 a=62521753 (1.4s)
m=104 d=583440 best_n=24 a=185630308 (1.2s)
m=105 d=589050 best_n=24 a=56342101 (1.3s)
m=106 d=594660 best_n=27 a=177376123 (1.2s)
m=107 d=600270 best_n=24 a=61221229 (1.3s)
m=108 d=605880 best_n=28 a=11358529 (1.3s)
m=109 d=611490 best_n=25 a=135308761 (1.3s)
m=110 d=617100 best_n=24 a=138754741 (1.2s)
G1 BEST last=0 a=0 d=0 (n=35)
BEST n=29 a=183493477 d=297330  (total 142.4s, INTERRUPTED)
