sieving Loeschian numbers up to N=200000000 (23.8 MiB bitmap)...
sieve selftest: OK
sieve built in 1.4s
*** new best n=24  a=36976993  d=1969110
m=351 d=1969110 best_n=24 a=36976993 (1.4s)
m=352 d=1974720 best_n=24 a=64501747 (1.3s)
*** new best n=25  a=105138811  d=1980330
m=353 d=1980330 best_n=25 a=105138811 (1.3s)
m=354 d=1985940 best_n=25 a=32326291 (1.3s)
*** new best n=26  a=23998501  d=1991550
m=355 d=1991550 best_n=26 a=23998501 (1.3s)
m=356 d=1997160 best_n=23 a=135090652 (1.2s)
m=357 d=2002770 best_n=24 a=115744863 (1.5s)
m=358 d=2008380 best_n=24 a=30287599 (1.4s)
m=359 d=2013990 best_n=24 a=70526917 (1.3s)
*** new best n=27  a=46234477  d=2019600
m=360 d=2019600 best_n=27 a=46234477 (1.5s)
m=361 d=2025210 best_n=23 a=109838983 (1.2s)
m=362 d=2030820 best_n=24 a=124414639 (1.3s)
m=363 d=2036430 best_n=24 a=64221433 (1.3s)
m=364 d=2042040 best_n=24 a=115797487 (1.3s)
m=365 d=2047650 best_n=25 a=123370549 (1.3s)
m=366 d=2053260 best_n=26 a=146675307 (1.3s)
m=367 d=2058870 best_n=23 a=10335037 (1.4s)
*** new best n=28  a=81974212  d=2064480
m=368 d=2064480 best_n=28 a=81974212 (1.3s)
m=369 d=2070090 best_n=25 a=81386013 (1.4s)
m=370 d=2075700 best_n=28 a=122555881 (1.2s)
m=371 d=2081310 best_n=25 a=37904923 (1.3s)
m=372 d=2086920 best_n=25 a=144931387 (1.4s)
m=373 d=2092530 best_n=23 a=28721491 (1.2s)
m=374 d=2098140 best_n=24 a=102891961 (1.3s)
m=375 d=2103750 best_n=25 a=90356727 (1.2s)
m=376 d=2109360 best_n=25 a=144109909 (1.4s)
m=377 d=2114970 best_n=27 a=116979883 (1.3s)
m=378 d=2120580 best_n=26 a=15505617 (1.3s)
m=379 d=2126190 best_n=23 a=14167207 (1.3s)
m=380 d=2131800 best_n=25 a=3725101 (1.3s)
m=381 d=2137410 best_n=26 a=19475193 (1.3s)
*** new best n=29  a=48877927  d=2143020
m=382 d=2143020 best_n=29 a=48877927 (1.3s)
m=383 d=2148630 best_n=23 a=106559737 (1.3s)
m=384 d=2154240 best_n=27 a=33912372 (1.2s)
m=385 d=2159850 best_n=24 a=9319 (1.3s)
m=386 d=2165460 best_n=23 a=139320901 (1.3s)
m=387 d=2171070 best_n=27 a=42269529 (1.3s)
m=388 d=2176680 best_n=23 a=4185529 (1.3s)
m=389 d=2182290 best_n=26 a=73913239 (1.3s)
m=390 d=2187900 best_n=27 a=10567479 (1.4s)
m=391 d=2193510 best_n=27 a=20861413 (1.3s)
m=392 d=2199120 best_n=24 a=21664123 (1.2s)
m=393 d=2204730 best_n=27 a=62349541 (1.3s)
m=394 d=2210340 best_n=23 a=146241511 (1.3s)
m=395 d=2215950 best_n=23 a=101151799 (1.2s)
m=396 d=2221560 best_n=25 a=465084 (1.3s)
m=397 d=2227170 best_n=27 a=72762043 (1.3s)
m=398 d=2232780 best_n=24 a=26386597 (1.3s)
m=399 d=2238390 best_n=24 a=15566281 (1.2s)
m=400 d=2244000 best_n=25 a=56464528 (1.3s)
m=401 d=2249610 best_n=23 a=6901261 (1.2s)
m=402 d=2255220 best_n=23 a=106269787 (1.2s)
m=403 d=2260830 best_n=24 a=95481841 (1.2s)
m=404 d=2266440 best_n=25 a=129439 (1.2s)
m=405 d=2272050 best_n=25 a=51273889 (1.4s)
m=406 d=2277660 best_n=28 a=46354921 (1.3s)
m=407 d=2283270 best_n=25 a=478003 (1.3s)
m=408 d=2288880 best_n=27 a=10864663 (1.3s)
m=409 d=2294490 best_n=25 a=41237083 (1.3s)
m=410 d=2300100 best_n=28 a=39428887 (1.3s)
m=411 d=2305710 best_n=25 a=8077449 (1.4s)
m=412 d=2311320 best_n=24 a=76063879 (1.2s)
m=413 d=2316930 best_n=23 a=56524111 (1.2s)
m=414 d=2322540 best_n=29 a=26948683 (1.2s)
m=415 d=2328150 best_n=24 a=61826497 (1.2s)
m=416 d=2333760 best_n=27 a=36738403 (1.3s)
m=417 d=2339370 best_n=28 a=51860253 (1.4s)
m=418 d=2344980 best_n=23 a=36829087 (1.3s)
m=419 d=2350590 best_n=23 a=112540333 (1.3s)
m=420 d=2356200 best_n=24 a=95436327 (1.2s)
m=421 d=2361810 best_n=26 a=91988311 (1.3s)
m=422 d=2367420 best_n=24 a=131880613 (1.3s)
m=423 d=2373030 best_n=28 a=55022907 (1.3s)
m=424 d=2378640 best_n=26 a=1762423 (1.3s)
m=425 d=2384250 best_n=24 a=116875003 (1.3s)
m=426 d=2389860 best_n=25 a=57799297 (1.2s)
m=427 d=2395470 best_n=26 a=46425631 (1.4s)
m=428 d=2401080 best_n=26 a=75431047 (1.3s)
m=429 d=2406690 best_n=25 a=32307787 (1.3s)
m=430 d=2412300 best_n=27 a=11651323 (1.3s)
m=431 d=2417910 best_n=24 a=95793421 (1.3s)
m=432 d=2423520 best_n=28 a=45434116 (1.2s)
m=433 d=2429130 best_n=24 a=126779161 (1.3s)
m=434 d=2434740 best_n=25 a=40852519 (1.2s)
m=435 d=2440350 best_n=26 a=449431 (1.3s)
m=436 d=2445960 best_n=24 a=100731787 (1.2s)
m=437 d=2451570 best_n=29 a=67869337 (1.4s)
m=438 d=2457180 best_n=24 a=60179061 (1.3s)
m=439 d=2462790 best_n=23 a=52252657 (1.3s)
m=440 d=2468400 best_n=26 a=62451637 (1.2s)
m=441 d=2474010 best_n=25 a=28418581 (1.2s)
m=442 d=2479620 best_n=27 a=111577417 (1.2s)
m=443 d=2485230 best_n=25 a=125243659 (1.4s)
m=444 d=2490840 best_n=26 a=24776733 (1.2s)
m=445 d=2496450 best_n=25 a=79443571 (1.3s)
m=446 d=2502060 best_n=26 a=127516021 (1.3s)
m=447 d=2507670 best_n=26 a=57297189 (1.3s)
m=448 d=2513280 best_n=24 a=1699129 (1.3s)
m=449 d=2518890 best_n=28 a=110494387 (1.3s)
m=450 d=2524500 best_n=27 a=17755263 (1.3s)
m=451 d=2530110 best_n=24 a=113073847 (1.3s)
m=452 d=2535720 best_n=24 a=92947831 (1.2s)
m=453 d=2541330 best_n=28 a=121840573 (1.3s)
m=454 d=2546940 best_n=24 a=100355617 (1.3s)
m=455 d=2552550 best_n=22 a=114720307 (1.2s)
m=456 d=2558160 best_n=27 a=9736581 (1.3s)
m=457 d=2563770 best_n=22 a=107629453 (1.2s)
m=458 d=2569380 best_n=23 a=36351973 (1.3s)
m=459 d=2574990 best_n=24 a=115919127 (1.2s)
*** new best n=31  a=1864204  d=2580600
m=460 d=2580600 best_n=31 a=1864204 (1.2s)
G1 BEST last=0 a=0 d=0 (n=35)
BEST n=31 a=1864204 d=2580600  (total 142.4s, INTERRUPTED)
