sieving Loeschian numbers up to N=400000000 (47.7 MiB bitmap)...
sieve selftest: OK
sieve built in 3.6s
*** new best n=31  a=252316027  d=129030
m=1 d=129030 best_n=31 a=252316027 (2.8s)
m=2 d=258060 best_n=27 a=314189719 (2.5s)
m=3 d=387090 best_n=28 a=268075543 (2.5s)
m=4 d=516120 best_n=28 a=20493553 (2.3s)
m=5 d=645150 best_n=31 a=466051 (2.2s)
m=6 d=774180 best_n=28 a=649633 (2.3s)
m=7 d=903210 best_n=28 a=284732131 (2.8s)
m=8 d=1032240 best_n=27 a=151339399 (2.4s)
m=9 d=1161270 best_n=28 a=300505273 (2.3s)
m=10 d=1290300 best_n=29 a=94095319 (2.2s)
m=11 d=1419330 best_n=27 a=254617849 (2.2s)
m=12 d=1548360 best_n=28 a=332263084 (2.2s)
m=13 d=1677390 best_n=28 a=29058523 (2.3s)
m=14 d=1806420 best_n=29 a=7474063 (2.3s)
m=15 d=1935450 best_n=31 a=1398153 (2.5s)
m=16 d=2064480 best_n=28 a=81974212 (2.3s)
m=17 d=2193510 best_n=28 a=276771073 (2.3s)
m=18 d=2322540 best_n=29 a=26948683 (2.2s)
m=19 d=2451570 best_n=29 a=67869337 (2.5s)
m=20 d=2580600 best_n=31 a=1864204 (2.4s)
*** new best n=35  a=219830911  d=2709630
*** G1 n=35 last=311958331 a=219830911 d=2709630
m=21 d=2709630 best_n=35 a=219830911 (2.5s)
m=22 d=2838660 best_n=28 a=286531711 (2.4s)
m=23 d=2967690 best_n=28 a=122585701 (2.4s)
m=24 d=3096720 best_n=28 a=228403201 (2.4s)
m=25 d=3225750 best_n=28 a=55881775 (2.6s)
m=26 d=3354780 best_n=28 a=17445619 (2.4s)
m=27 d=3483810 best_n=28 a=176721139 (2.2s)
m=28 d=3612840 best_n=28 a=143454871 (2.4s)
m=29 d=3741870 best_n=31 a=199373287 (2.3s)
m=30 d=3870900 best_n=29 a=282285957 (2.4s)
m=31 d=3999930 best_n=28 a=69293401 (2.1s)
m=32 d=4128960 best_n=27 a=240178288 (2.2s)
m=33 d=4257990 best_n=28 a=68187649 (2.1s)
m=34 d=4387020 best_n=29 a=82051249 (2.3s)
m=35 d=4516050 best_n=31 a=3262357 (2.4s)
m=36 d=4645080 best_n=30 a=1185619 (2.5s)
m=37 d=4774110 best_n=28 a=82705027 (2.2s)
m=38 d=4903140 best_n=28 a=46478671 (2.3s)
m=39 d=5032170 best_n=28 a=198988543 (2.4s)
m=40 d=5161200 best_n=27 a=214432723 (2.3s)
m=41 d=5290230 best_n=29 a=120743479 (2.3s)
m=42 d=5419260 best_n=29 a=22422189 (2.2s)
m=43 d=5548290 best_n=28 a=96116653 (2.2s)
m=44 d=5677320 best_n=27 a=162463483 (2.2s)
m=45 d=5806350 best_n=31 a=4194459 (2.3s)
m=46 d=5935380 best_n=33 a=95618329 (2.2s)
m=47 d=6064410 best_n=27 a=139056223 (2.3s)
m=48 d=6193440 best_n=28 a=211754343 (2.2s)
m=49 d=6322470 best_n=28 a=109528279 (2.2s)
m=50 d=6451500 best_n=28 a=53773207 (2.2s)
m=51 d=6580530 best_n=28 a=194059237 (2.3s)
m=52 d=6709560 best_n=28 a=177696979 (2.1s)
m=53 d=6838590 best_n=29 a=190699303 (2.3s)
m=54 d=6967620 best_n=29 a=80846049 (2.2s)
m=55 d=7096650 best_n=27 a=168655717 (2.2s)
m=56 d=7225680 best_n=29 a=29896252 (2.4s)
G1 BEST last=311958331 a=219830911 d=2709630 (n=35)
BEST n=35 a=219830911 d=2709630  (total 133.8s, INTERRUPTED)
