sieving Loeschian numbers up to N=200000000 (23.8 MiB bitmap)...
sieve selftest: OK
sieve built in 1.3s
*** new best n=23  a=110690389  d=3932610
m=701 d=3932610 best_n=23 a=110690389 (1.4s)
*** new best n=24  a=106238379  d=3938220
m=702 d=3938220 best_n=24 a=106238379 (1.3s)
m=703 d=3943830 best_n=22 a=106736281 (1.3s)
*** new best n=25  a=826816  d=3949440
m=704 d=3949440 best_n=25 a=826816 (1.3s)
*** new best n=27  a=36841369  d=3955050
m=705 d=3955050 best_n=27 a=36841369 (1.3s)
m=706 d=3960660 best_n=25 a=137821 (1.3s)
m=707 d=3966270 best_n=24 a=96666763 (1.5s)
m=708 d=3971880 best_n=26 a=358473 (1.4s)
m=709 d=3977490 best_n=23 a=110194891 (1.3s)
m=710 d=3983100 best_n=25 a=39769801 (1.5s)
*** new best n=28  a=2766099  d=3988710
m=711 d=3988710 best_n=28 a=2766099 (1.3s)
m=712 d=3994320 best_n=25 a=50330491 (1.3s)
m=713 d=3999930 best_n=28 a=69293401 (1.3s)
m=714 d=4005540 best_n=24 a=74822239 (1.3s)
m=715 d=4011150 best_n=24 a=53517979 (1.3s)
m=716 d=4016760 best_n=24 a=66266797 (1.3s)
m=717 d=4022370 best_n=24 a=91709283 (1.3s)
m=718 d=4027980 best_n=23 a=61173247 (1.2s)
m=719 d=4033590 best_n=23 a=95030863 (1.4s)
m=720 d=4039200 best_n=24 a=64532911 (1.3s)
m=721 d=4044810 best_n=23 a=89985469 (1.4s)
m=722 d=4050420 best_n=25 a=85637047 (1.2s)
m=723 d=4056030 best_n=25 a=68169703 (1.3s)
m=724 d=4061640 best_n=24 a=44193916 (1.3s)
m=725 d=4067250 best_n=26 a=60812611 (1.3s)
m=726 d=4072860 best_n=24 a=97846297 (1.4s)
m=727 d=4078470 best_n=23 a=22063243 (1.3s)
m=728 d=4084080 best_n=24 a=63138124 (1.3s)
m=729 d=4089690 best_n=27 a=8821237 (1.3s)
m=730 d=4095300 best_n=27 a=19780153 (1.3s)
m=731 d=4100910 best_n=24 a=59564947 (1.3s)
m=732 d=4106520 best_n=26 a=79586796 (1.3s)
m=733 d=4112130 best_n=24 a=68407291 (1.2s)
m=734 d=4117740 best_n=24 a=96358849 (1.3s)
m=735 d=4123350 best_n=27 a=36428871 (1.3s)
m=736 d=4128960 best_n=27 a=91834441 (1.3s)
m=737 d=4134570 best_n=25 a=865573 (1.2s)
m=738 d=4140180 best_n=28 a=4531419 (1.3s)
m=739 d=4145790 best_n=25 a=2254753 (1.3s)
m=740 d=4151400 best_n=23 a=68924413 (1.4s)
m=741 d=4157010 best_n=22 a=111717039 (1.3s)
m=742 d=4162620 best_n=24 a=68745337 (1.3s)
m=743 d=4168230 best_n=24 a=22887883 (1.3s)
m=744 d=4173840 best_n=23 a=16795191 (1.3s)
m=745 d=4179450 best_n=22 a=110422597 (1.3s)
m=746 d=4185060 best_n=25 a=3025669 (1.2s)
m=747 d=4190670 best_n=27 a=33244113 (1.3s)
m=748 d=4196280 best_n=24 a=100914508 (1.3s)
m=749 d=4201890 best_n=22 a=110196919 (1.2s)
m=750 d=4207500 best_n=27 a=20322075 (1.2s)
m=751 d=4213110 best_n=23 a=30051037 (1.2s)
m=752 d=4218720 best_n=26 a=74308507 (1.2s)
m=753 d=4224330 best_n=26 a=25281697 (1.3s)
m=754 d=4229940 best_n=26 a=6438397 (1.2s)
m=755 d=4235550 best_n=24 a=82670017 (1.5s)
m=756 d=4241160 best_n=28 a=79509703 (1.3s)
m=757 d=4246770 best_n=23 a=12747313 (1.3s)
m=758 d=4252380 best_n=24 a=2114197 (1.2s)
m=759 d=4257990 best_n=28 a=68187649 (1.3s)
m=760 d=4263600 best_n=27 a=20593036 (1.3s)
m=761 d=4269210 best_n=24 a=11504839 (1.4s)
m=762 d=4274820 best_n=27 a=31254871 (1.2s)
m=763 d=4280430 best_n=28 a=39662779 (1.2s)
m=764 d=4286040 best_n=28 a=6424123 (1.2s)
m=765 d=4291650 best_n=24 a=86561307 (1.3s)
m=766 d=4297260 best_n=27 a=9048631 (1.4s)
m=767 d=4302870 best_n=26 a=91183249 (1.3s)
m=768 d=4308480 best_n=23 a=46909264 (1.3s)
m=769 d=4314090 best_n=23 a=16174093 (1.3s)
m=770 d=4319700 best_n=24 a=79276063 (1.2s)
m=771 d=4325310 best_n=23 a=765781 (1.3s)
m=772 d=4330920 best_n=22 a=104863828 (1.3s)
m=773 d=4336530 best_n=24 a=34390189 (1.2s)
m=774 d=4342140 best_n=23 a=24899047 (1.3s)
m=775 d=4347750 best_n=25 a=17174341 (1.2s)
m=776 d=4353360 best_n=22 a=81242341 (1.2s)
m=777 d=4358970 best_n=24 a=5217457 (1.4s)
m=778 d=4364580 best_n=23 a=70925287 (1.3s)
m=779 d=4370190 best_n=27 a=66973969 (1.2s)
m=780 d=4375800 best_n=27 a=60709537 (1.3s)
m=781 d=4381410 best_n=23 a=37276867 (1.3s)
m=782 d=4387020 best_n=27 a=82051249 (1.3s)
*** new best n=30  a=4088257  d=4392630
m=783 d=4392630 best_n=30 a=4088257 (1.3s)
m=784 d=4398240 best_n=24 a=84522943 (1.3s)
m=785 d=4403850 best_n=22 a=84923791 (1.3s)
m=786 d=4409460 best_n=23 a=42890691 (1.3s)
m=787 d=4415070 best_n=24 a=90185881 (1.4s)
m=788 d=4420680 best_n=25 a=88758907 (1.3s)
m=789 d=4426290 best_n=25 a=16938021 (1.3s)
m=790 d=4431900 best_n=27 a=21405919 (1.2s)
m=791 d=4437510 best_n=22 a=104414899 (1.3s)
m=792 d=4443120 best_n=27 a=631273 (1.3s)
m=793 d=4448730 best_n=26 a=86219029 (1.3s)
m=794 d=4454340 best_n=22 a=102115231 (1.3s)
m=795 d=4459950 best_n=25 a=16693 (1.3s)
m=796 d=4465560 best_n=24 a=9085291 (1.3s)
m=797 d=4471170 best_n=23 a=20790853 (1.3s)
m=798 d=4476780 best_n=24 a=94651473 (1.3s)
m=799 d=4482390 best_n=25 a=10337911 (1.2s)
m=800 d=4488000 best_n=27 a=70650775 (1.2s)
m=801 d=4493610 best_n=26 a=31365273 (1.3s)
m=802 d=4499220 best_n=26 a=13932427 (1.3s)
m=803 d=4504830 best_n=25 a=943087 (1.3s)
m=804 d=4510440 best_n=25 a=49137537 (1.2s)
*** new best n=31  a=3262357  d=4516050
m=805 d=4516050 best_n=31 a=3262357 (1.3s)
m=806 d=4521660 best_n=24 a=69902923 (1.2s)
m=807 d=4527270 best_n=23 a=53505973 (1.2s)
m=808 d=4532880 best_n=26 a=42742567 (1.3s)
m=809 d=4538490 best_n=23 a=9033199 (1.2s)
m=810 d=4544100 best_n=27 a=21947841 (1.2s)
G1 BEST last=0 a=0 d=0 (n=35)
BEST n=31 a=3262357 d=4516050  (total 142.5s, INTERRUPTED)
