sieving Loeschian numbers up to N=1000000000 (119.2 MiB bitmap)...
sieve selftest: OK
sieve built in 12.5s
*** new best n=26  a=342237121  d=9811890
m=1749 d=9811890 best_n=26 a=342237121 (6.8s)
*** new best n=27  a=47418175  d=9817500
m=1750 d=9817500 best_n=27 a=47418175 (6.5s)
m=1751 d=9823110 best_n=27 a=104053303 (6.6s)
m=1752 d=9828720 best_n=24 a=690266479 (6.6s)
m=1753 d=9834330 best_n=27 a=116932543 (6.4s)
*** new best n=28  a=554104081  d=9839940
m=1754 d=9839940 best_n=28 a=554104081 (6.5s)
m=1755 d=9845550 best_n=25 a=125841289 (7.0s)
m=1756 d=9851160 best_n=25 a=420218923 (6.3s)
m=1757 d=9856770 best_n=24 a=201745057 (6.5s)
m=1758 d=9862380 best_n=25 a=430503349 (6.8s)
m=1759 d=9867990 best_n=26 a=32613139 (6.7s)
m=1760 d=9873600 best_n=27 a=561120244 (6.5s)
m=1761 d=9879210 best_n=25 a=129515971 (6.5s)
m=1762 d=9884820 best_n=25 a=702473509 (6.5s)
m=1763 d=9890430 best_n=26 a=660339961 (7.0s)
m=1764 d=9896040 best_n=28 a=732682209 (6.1s)
m=1765 d=9901650 best_n=28 a=282792781 (5.8s)
m=1766 d=9907260 best_n=26 a=241619821 (6.2s)
m=1767 d=9912870 best_n=27 a=740121763 (6.9s)
m=1768 d=9918480 best_n=27 a=446309668 (6.6s)
m=1769 d=9924090 best_n=26 a=274943197 (5.9s)
m=1770 d=9929700 best_n=25 a=346469403 (6.4s)
G1 BEST last=0 a=0 d=0 (n=35)
BEST n=28 a=554104081 d=9839940  (total 155.4s, INTERRUPTED)
