sieving Loeschian numbers up to N=1000000000 (119.2 MiB bitmap)...
sieve selftest: OK
sieve built in 12.5s
*** new best n=23  a=502927243  d=19618170
m=3497 d=19618170 best_n=23 a=502927243 (6.8s)
*** new best n=27  a=23322063  d=19623780
m=3498 d=19623780 best_n=27 a=23322063 (6.4s)
m=3499 d=19629390 best_n=23 a=561682369 (6.6s)
m=3500 d=19635000 best_n=26 a=141969412 (6.6s)
m=3501 d=19640610 best_n=24 a=288139831 (6.5s)
m=3502 d=19646220 best_n=26 a=127258231 (6.5s)
m=3503 d=19651830 best_n=23 a=552520873 (6.9s)
m=3504 d=19657440 best_n=26 a=260191108 (6.4s)
m=3505 d=19663050 best_n=24 a=37462531 (6.5s)
m=3506 d=19668660 best_n=27 a=47440819 (6.7s)
*** new best n=28  a=450611863  d=19674270
m=3507 d=19674270 best_n=28 a=450611863 (6.7s)
m=3508 d=19679880 best_n=25 a=11332723 (6.6s)
m=3509 d=19685490 best_n=26 a=387264661 (6.6s)
m=3510 d=19691100 best_n=27 a=95107311 (6.4s)
m=3511 d=19696710 best_n=24 a=450757051 (7.0s)
m=3512 d=19702320 best_n=24 a=458402227 (6.0s)
m=3513 d=19707930 best_n=25 a=158518837 (5.9s)
m=3514 d=19713540 best_n=24 a=356329249 (6.0s)
m=3515 d=19719150 best_n=25 a=458471257 (7.0s)
m=3516 d=19724760 best_n=25 a=83068996 (6.6s)
m=3517 d=19730370 best_n=24 a=413304571 (6.0s)
m=3518 d=19735980 best_n=25 a=221865343 (6.3s)
G1 BEST last=0 a=0 d=0 (n=35)
BEST n=28 a=450611863 d=19674270  (total 155.5s, INTERRUPTED)
