sieving Loeschian numbers up to N=1000000000 (119.2 MiB bitmap)...
sieve selftest: OK
sieve built in 12.3s
*** new best n=27  a=511443607  d=5610
m=1 d=5610 best_n=27 a=511443607 (6.8s)
m=2 d=11220 best_n=26 a=70265797 (6.5s)
m=3 d=16830 best_n=27 a=537538413 (6.6s)
m=4 d=22440 best_n=27 a=716717884 (6.5s)
*** new best n=28  a=431372803  d=28050
m=5 d=28050 best_n=28 a=431372803 (6.4s)
m=6 d=33660 best_n=27 a=413995891 (6.5s)
m=7 d=39270 best_n=27 a=521766181 (6.9s)
m=8 d=44880 best_n=26 a=281063188 (6.4s)
m=9 d=50490 best_n=25 a=923791233 (6.5s)
m=10 d=56100 best_n=27 a=749996419 (6.6s)
m=11 d=61710 best_n=26 a=818542777 (6.8s)
m=12 d=67320 best_n=26 a=34887649 (6.5s)
m=13 d=72930 best_n=28 a=306628837 (6.4s)
m=14 d=78540 best_n=26 a=491860579 (6.4s)
m=15 d=84150 best_n=27 a=235537879 (7.0s)
m=16 d=89760 best_n=24 a=807636637 (6.2s)
m=17 d=95370 best_n=27 a=969655879 (5.8s)
m=18 d=100980 best_n=27 a=992810451 (6.1s)
m=19 d=106590 best_n=24 a=659237761 (6.9s)
m=20 d=112200 best_n=24 a=894405181 (6.5s)
m=21 d=117810 best_n=24 a=110931109 (6.2s)
m=22 d=123420 best_n=24 a=751772071 (6.5s)
G1 BEST last=0 a=0 d=0 (n=35)
BEST n=28 a=431372803 d=28050  (total 155.1s, INTERRUPTED)
