sieving Loeschian numbers up to N=400000000 (47.7 MiB bitmap)...
sieve selftest: OK
sieve built in 5.4s
*** new best n=25  a=147879931  d=3932610
m=701 d=3932610 best_n=25 a=147879931 (2.9s)
m=702 d=3938220 best_n=25 a=277076683 (2.5s)
m=703 d=3943830 best_n=22 a=313583239 (2.4s)
m=704 d=3949440 best_n=25 a=216011701 (2.4s)
*** new best n=27  a=36841369  d=3955050
m=705 d=3955050 best_n=27 a=36841369 (3.3s)
m=706 d=3960660 best_n=25 a=137821 (2.7s)
m=707 d=3966270 best_n=26 a=281599477 (2.3s)
m=708 d=3971880 best_n=26 a=358473 (2.3s)
m=709 d=3977490 best_n=26 a=110194891 (2.6s)
m=710 d=3983100 best_n=25 a=39769801 (2.4s)
*** new best n=28  a=2766099  d=3988710
m=711 d=3988710 best_n=28 a=2766099 (2.5s)
m=712 d=3994320 best_n=25 a=265086028 (2.6s)
m=713 d=3999930 best_n=28 a=69293401 (2.5s)
m=714 d=4005540 best_n=24 a=74822239 (2.6s)
m=715 d=4011150 best_n=25 a=193469977 (2.4s)
m=716 d=4016760 best_n=25 a=211311367 (2.7s)
m=717 d=4022370 best_n=24 a=180925717 (2.6s)
m=718 d=4027980 best_n=25 a=248142283 (2.6s)
m=719 d=4033590 best_n=25 a=191115319 (2.7s)
m=720 d=4039200 best_n=25 a=237467001 (2.8s)
*** new best n=29  a=169957567  d=4044810
m=721 d=4044810 best_n=29 a=169957567 (2.6s)
m=722 d=4050420 best_n=25 a=85637047 (2.7s)
m=723 d=4056030 best_n=25 a=274814533 (2.6s)
m=724 d=4061640 best_n=26 a=280975087 (2.6s)
m=725 d=4067250 best_n=26 a=187998457 (2.5s)
m=726 d=4072860 best_n=27 a=253366923 (2.8s)
m=727 d=4078470 best_n=23 a=304459237 (2.8s)
m=728 d=4084080 best_n=24 a=63138124 (3.0s)
m=729 d=4089690 best_n=27 a=8821237 (2.6s)
m=730 d=4095300 best_n=27 a=19780153 (2.4s)
m=731 d=4100910 best_n=24 a=184611943 (2.4s)
m=732 d=4106520 best_n=26 a=79586796 (2.4s)
m=733 d=4112130 best_n=24 a=68407291 (2.5s)
m=734 d=4117740 best_n=26 a=137931949 (2.5s)
m=735 d=4123350 best_n=27 a=36428871 (2.6s)
m=736 d=4128960 best_n=27 a=240178288 (2.4s)
m=737 d=4134570 best_n=26 a=276279901 (2.4s)
m=738 d=4140180 best_n=28 a=4531419 (2.5s)
m=739 d=4145790 best_n=26 a=130208761 (2.3s)
m=740 d=4151400 best_n=24 a=168149719 (2.5s)
m=741 d=4157010 best_n=23 a=209965219 (2.5s)
m=742 d=4162620 best_n=26 a=272974861 (2.4s)
m=743 d=4168230 best_n=27 a=206962477 (2.6s)
m=744 d=4173840 best_n=27 a=224968588 (2.5s)
m=745 d=4179450 best_n=26 a=132036853 (2.6s)
m=746 d=4185060 best_n=25 a=246873967 (2.5s)
m=747 d=4190670 best_n=27 a=33244113 (2.5s)
m=748 d=4196280 best_n=27 a=136358212 (2.5s)
m=749 d=4201890 best_n=23 a=217238581 (2.5s)
m=750 d=4207500 best_n=27 a=20322075 (2.6s)
m=751 d=4213110 best_n=23 a=282557857 (2.4s)
m=752 d=4218720 best_n=26 a=181168513 (2.5s)
m=753 d=4224330 best_n=26 a=25281697 (2.5s)
m=754 d=4229940 best_n=26 a=6438397 (2.5s)
m=755 d=4235550 best_n=24 a=222859861 (2.6s)
m=756 d=4241160 best_n=28 a=79509703 (2.4s)
m=757 d=4246770 best_n=25 a=272180677 (2.4s)
m=758 d=4252380 best_n=24 a=244457947 (2.5s)
m=759 d=4257990 best_n=28 a=68187649 (2.4s)
m=760 d=4263600 best_n=27 a=20593036 (2.5s)
m=761 d=4269210 best_n=24 a=267375049 (2.3s)
m=762 d=4274820 best_n=27 a=31254871 (2.4s)
m=763 d=4280430 best_n=28 a=277113079 (2.4s)
m=764 d=4286040 best_n=28 a=6424123 (2.4s)
m=765 d=4291650 best_n=25 a=275547277 (2.6s)
m=766 d=4297260 best_n=27 a=9048631 (2.8s)
m=767 d=4302870 best_n=26 a=180622609 (2.7s)
