sieving Loeschian numbers up to N=400000000 (47.7 MiB bitmap)...
sieve selftest: OK
sieve built in 5.6s
*** new best n=23  a=176704879  d=5896110
m=1051 d=5896110 best_n=23 a=176704879 (2.8s)
*** new best n=25  a=37778143  d=5901720
m=1052 d=5901720 best_n=25 a=37778143 (2.5s)
m=1053 d=5907330 best_n=24 a=231962359 (2.4s)
m=1054 d=5912940 best_n=24 a=153058867 (2.4s)
m=1055 d=5918550 best_n=25 a=127596367 (3.4s)
m=1056 d=5924160 best_n=24 a=193505241 (2.6s)
m=1057 d=5929770 best_n=25 a=172304959 (2.4s)
*** new best n=33  a=95618329  d=5935380
m=1058 d=5935380 best_n=33 a=95618329 (2.4s)
m=1059 d=5940990 best_n=25 a=200611573 (2.5s)
m=1060 d=5946600 best_n=27 a=166435123 (2.4s)
m=1061 d=5952210 best_n=27 a=29824981 (2.6s)
m=1062 d=5957820 best_n=25 a=96978873 (2.6s)
m=1063 d=5963430 best_n=26 a=4580377 (2.6s)
m=1064 d=5969040 best_n=27 a=22718689 (2.6s)
m=1065 d=5974650 best_n=28 a=93988777 (2.5s)
m=1066 d=5980260 best_n=28 a=6545383 (2.6s)
m=1067 d=5985870 best_n=25 a=1253143 (2.6s)
m=1068 d=5991480 best_n=26 a=41820364 (2.6s)
m=1069 d=5997090 best_n=24 a=84116473 (2.7s)
m=1070 d=6002700 best_n=26 a=142811017 (2.7s)
m=1071 d=6008310 best_n=25 a=32036863 (2.6s)
m=1072 d=6013920 best_n=25 a=65516716 (2.7s)
m=1073 d=6019530 best_n=28 a=185955043 (2.5s)
m=1074 d=6025140 best_n=24 a=90862797 (2.6s)
m=1075 d=6030750 best_n=25 a=151748419 (2.6s)
m=1076 d=6036360 best_n=27 a=31727953 (2.8s)
m=1077 d=6041970 best_n=25 a=213395461 (2.8s)
m=1078 d=6047580 best_n=24 a=197535391 (3.0s)
m=1079 d=6053190 best_n=24 a=258489229 (2.6s)
m=1080 d=6058800 best_n=27 a=138703431 (2.4s)
m=1081 d=6064410 best_n=27 a=139056223 (2.5s)
m=1082 d=6070020 best_n=24 a=114226129 (2.3s)
m=1083 d=6075630 best_n=22 a=189403087 (2.5s)
m=1084 d=6081240 best_n=25 a=125346259 (2.5s)
m=1085 d=6086850 best_n=22 a=244096669 (2.6s)
m=1086 d=6092460 best_n=27 a=192426097 (2.4s)
m=1087 d=6098070 best_n=26 a=170401801 (2.5s)
m=1088 d=6103680 best_n=24 a=162117184 (2.4s)
m=1089 d=6109290 best_n=24 a=192664299 (2.3s)
m=1090 d=6114900 best_n=27 a=29534749 (2.4s)
m=1091 d=6120510 best_n=24 a=45823627 (2.5s)
m=1092 d=6126120 best_n=25 a=8385637 (2.4s)
m=1093 d=6131730 best_n=22 a=261884899 (2.6s)
m=1094 d=6137340 best_n=26 a=30128617 (2.5s)
m=1095 d=6142950 best_n=25 a=109754121 (2.5s)
m=1096 d=6148560 best_n=23 a=111662497 (2.4s)
m=1097 d=6154170 best_n=25 a=250244887 (2.5s)
m=1098 d=6159780 best_n=25 a=51039751 (2.4s)
m=1099 d=6165390 best_n=23 a=216293377 (2.4s)
m=1100 d=6171000 best_n=26 a=143849779 (2.6s)
m=1101 d=6176610 best_n=25 a=25493977 (2.4s)
m=1102 d=6182220 best_n=26 a=35342767 (2.5s)
m=1103 d=6187830 best_n=24 a=141654277 (2.5s)
m=1104 d=6193440 best_n=28 a=211754343 (2.5s)
m=1105 d=6199050 best_n=28 a=189339589 (2.6s)
m=1106 d=6204660 best_n=25 a=145833529 (2.4s)
m=1107 d=6210270 best_n=26 a=188709343 (2.4s)
m=1108 d=6215880 best_n=23 a=241061467 (2.4s)
m=1109 d=6221490 best_n=25 a=110430409 (2.5s)
m=1110 d=6227100 best_n=27 a=30076671 (2.5s)
m=1111 d=6232710 best_n=23 a=65264767 (2.5s)
m=1112 d=6238320 best_n=23 a=117526876 (2.4s)
m=1113 d=6243930 best_n=27 a=101328577 (2.5s)
m=1114 d=6249540 best_n=26 a=34928017 (2.4s)
m=1115 d=6255150 best_n=25 a=178680097 (2.7s)
m=1116 d=6260760 best_n=24 a=253483564 (2.7s)
m=1117 d=6266370 best_n=26 a=80785669 (2.7s)
m=1118 d=6271980 best_n=24 a=96962119 (2.6s)
m=1119 d=6277590 best_n=28 a=106706707 (2.5s)
m=1120 d=6283200 best_n=27 a=30347632 (2.7s)
m=1121 d=6288810 best_n=23 a=153817627 (2.4s)
m=1122 d=6294420 best_n=22 a=219869499 (2.6s)
m=1123 d=6300030 best_n=25 a=175641019 (2.5s)
m=1124 d=6305640 best_n=24 a=142315603 (2.5s)
m=1125 d=6311250 best_n=28 a=48067741 (2.5s)
m=1126 d=6316860 best_n=25 a=46415653 (2.4s)
m=1127 d=6322470 best_n=28 a=109528279 (2.5s)
m=1128 d=6328080 best_n=26 a=72364453 (2.4s)
m=1129 d=6333690 best_n=24 a=173253697 (2.6s)
m=1130 d=6339300 best_n=26 a=19080859 (2.7s)
m=1131 d=6344910 best_n=25 a=140633953 (2.5s)
m=1132 d=6350520 best_n=23 a=227508751 (2.7s)
m=1133 d=6356130 best_n=25 a=1330657 (2.8s)
m=1134 d=6361740 best_n=26 a=46516851 (2.5s)
m=1135 d=6367350 best_n=24 a=20696461 (2.5s)
m=1136 d=6372960 best_n=28 a=50047279 (2.2s)
m=1137 d=6378570 best_n=23 a=58838149 (2.3s)
m=1138 d=6384180 best_n=22 a=136384849 (2.2s)
m=1139 d=6389790 best_n=24 a=169716427 (2.5s)
m=1140 d=6395400 best_n=25 a=11175303 (2.5s)
m=1141 d=6401010 best_n=24 a=93129481 (2.3s)
m=1142 d=6406620 best_n=24 a=52405351 (2.3s)
m=1143 d=6412230 best_n=26 a=58425579 (2.2s)
m=1144 d=6417840 best_n=23 a=163689973 (2.2s)
m=1145 d=6423450 best_n=26 a=226718809 (2.2s)
m=1146 d=6429060 best_n=29 a=146633781 (2.3s)
m=1147 d=6434670 best_n=24 a=209305417 (2.4s)
m=1148 d=6440280 best_n=26 a=237734797 (2.3s)
m=1149 d=6445890 best_n=24 a=116107969 (2.3s)
m=1150 d=6451500 best_n=28 a=53773207 (2.2s)
m=1151 d=6457110 best_n=24 a=123354457 (2.4s)
m=1152 d=6462720 best_n=27 a=101737116 (2.4s)
m=1153 d=6468330 best_n=23 a=247886611 (2.4s)
m=1154 d=6473940 best_n=24 a=67823467 (2.4s)
m=1155 d=6479550 best_n=24 a=27957 (2.5s)
m=1156 d=6485160 best_n=23 a=88715908 (2.5s)
m=1157 d=6490770 best_n=25 a=2825749 (2.5s)
m=1158 d=6496380 best_n=23 a=60906729 (2.5s)
m=1159 d=6501990 best_n=26 a=126012427 (2.3s)
m=1160 d=6507600 best_n=30 a=23043013 (2.3s)
m=1161 d=6513210 best_n=27 a=126808587 (2.5s)
m=1162 d=6518820 best_n=23 a=127451041 (2.3s)
m=1163 d=6524430 best_n=24 a=59330473 (2.2s)
m=1164 d=6530040 best_n=23 a=185818033 (2.2s)
m=1165 d=6535650 best_n=23 a=171392791 (2.2s)
m=1166 d=6541260 best_n=27 a=7774021 (2.1s)
m=1167 d=6546870 best_n=26 a=221739717 (2.5s)
m=1168 d=6552480 best_n=25 a=129291703 (2.5s)
m=1169 d=6558090 best_n=25 a=196369531 (2.2s)
m=1170 d=6563700 best_n=27 a=31702437 (2.2s)
m=1171 d=6569310 best_n=23 a=97856689 (2.4s)
m=1172 d=6574920 best_n=24 a=36952699 (2.4s)
m=1173 d=6580530 best_n=28 a=194059237 (2.3s)
m=1174 d=6586140 best_n=25 a=102303187 (2.2s)
m=1175 d=6591750 best_n=24 a=203172091 (2.3s)
m=1176 d=6597360 best_n=25 a=39158908 (2.1s)
m=1177 d=6602970 best_n=26 a=39441823 (2.2s)
m=1178 d=6608580 best_n=26 a=33136207 (2.4s)
m=1179 d=6614190 best_n=27 a=187048623 (2.3s)
m=1180 d=6619800 best_n=27 a=8113909 (2.2s)
m=1181 d=6625410 best_n=23 a=780037 (2.2s)
m=1182 d=6631020 best_n=23 a=1945627 (2.2s)
m=1183 d=6636630 best_n=26 a=5260549 (2.2s)
m=1184 d=6642240 best_n=27 a=104563147 (2.2s)
m=1185 d=6647850 best_n=24 a=208422919 (2.2s)
m=1186 d=6653460 best_n=24 a=53055751 (2.1s)
m=1187 d=6659070 best_n=24 a=117377863 (2.2s)
m=1188 d=6664680 best_n=27 a=14504092 (2.2s)
m=1189 d=6670290 best_n=28 a=74615089 (3.2s)
G1 BEST last=0 a=0 d=0 (n=35)
BEST n=33 a=95618329 d=5935380  (total 346.6s, INTERRUPTED)
