sieving Loeschian numbers up to N=400000000 (47.7 MiB bitmap)...
sieve selftest: OK
sieve built in 5.5s
*** new best n=27  a=313772673  d=1969110
m=351 d=1969110 best_n=27 a=313772673 (2.9s)
m=352 d=1974720 best_n=26 a=176976484 (2.5s)
m=353 d=1980330 best_n=25 a=105138811 (2.4s)
m=354 d=1985940 best_n=25 a=32326291 (2.5s)
m=355 d=1991550 best_n=26 a=23998501 (3.3s)
m=356 d=1997160 best_n=26 a=244963423 (2.7s)
m=357 d=2002770 best_n=25 a=277233943 (2.4s)
m=358 d=2008380 best_n=24 a=238771789 (2.4s)
m=359 d=2013990 best_n=24 a=187931503 (2.6s)
m=360 d=2019600 best_n=27 a=46234477 (2.4s)
m=361 d=2025210 best_n=23 a=186994363 (2.6s)
m=362 d=2030820 best_n=26 a=256240921 (2.6s)
m=363 d=2036430 best_n=24 a=244321599 (2.6s)
m=364 d=2042040 best_n=24 a=115797487 (2.5s)
m=365 d=2047650 best_n=25 a=123370549 (2.4s)
m=366 d=2053260 best_n=26 a=321097719 (2.6s)
m=367 d=2058870 best_n=25 a=157905943 (2.6s)
*** new best n=28  a=81974212  d=2064480
m=368 d=2064480 best_n=28 a=81974212 (2.6s)
m=369 d=2070090 best_n=28 a=337433389 (2.6s)
m=370 d=2075700 best_n=28 a=122555881 (2.8s)
m=371 d=2081310 best_n=25 a=345188551 (2.7s)
m=372 d=2086920 best_n=27 a=155815108 (2.7s)
m=373 d=2092530 best_n=25 a=228847957 (2.5s)
m=374 d=2098140 best_n=26 a=261075631 (2.6s)
m=375 d=2103750 best_n=26 a=292521379 (2.5s)
m=376 d=2109360 best_n=26 a=171906451 (2.8s)
m=377 d=2114970 best_n=27 a=116979883 (2.9s)
m=378 d=2120580 best_n=26 a=15505617 (3.0s)
m=379 d=2126190 best_n=26 a=165517057 (2.6s)
m=380 d=2131800 best_n=25 a=3725101 (2.4s)
m=381 d=2137410 best_n=26 a=19475193 (2.5s)
*** new best n=29  a=48877927  d=2143020
m=382 d=2143020 best_n=29 a=48877927 (2.4s)
m=383 d=2148630 best_n=23 a=305307757 (2.4s)
m=384 d=2154240 best_n=27 a=33912372 (2.5s)
m=385 d=2159850 best_n=25 a=226440949 (2.6s)
m=386 d=2165460 best_n=25 a=238905133 (2.4s)
m=387 d=2171070 best_n=27 a=42269529 (2.5s)
m=388 d=2176680 best_n=26 a=171795331 (2.5s)
m=389 d=2182290 best_n=26 a=73913239 (2.4s)
m=390 d=2187900 best_n=27 a=10567479 (2.4s)
m=391 d=2193510 best_n=28 a=276771073 (2.4s)
m=392 d=2199120 best_n=25 a=163151983 (2.3s)
m=393 d=2204730 best_n=27 a=62349541 (2.6s)
m=394 d=2210340 best_n=23 a=241152733 (2.5s)
m=395 d=2215950 best_n=23 a=349486057 (2.5s)
m=396 d=2221560 best_n=25 a=342804549 (2.5s)
m=397 d=2227170 best_n=27 a=72762043 (2.4s)
m=398 d=2232780 best_n=24 a=26386597 (2.4s)
m=399 d=2238390 best_n=24 a=15566281 (2.5s)
m=400 d=2244000 best_n=25 a=56464528 (2.6s)
m=401 d=2249610 best_n=23 a=6901261 (2.4s)
m=402 d=2255220 best_n=24 a=302662717 (2.5s)
m=403 d=2260830 best_n=24 a=95481841 (2.5s)
m=404 d=2266440 best_n=25 a=129439 (2.5s)
m=405 d=2272050 best_n=25 a=51273889 (2.6s)
m=406 d=2277660 best_n=28 a=46354921 (2.5s)
m=407 d=2283270 best_n=25 a=190790617 (2.4s)
m=408 d=2288880 best_n=27 a=10864663 (2.4s)
m=409 d=2294490 best_n=25 a=41237083 (2.5s)
m=410 d=2300100 best_n=28 a=39428887 (2.5s)
m=411 d=2305710 best_n=25 a=8077449 (2.4s)
m=412 d=2311320 best_n=26 a=250087012 (2.4s)
m=413 d=2316930 best_n=23 a=340241713 (2.5s)
m=414 d=2322540 best_n=29 a=26948683 (2.4s)
m=415 d=2328150 best_n=24 a=61826497 (2.6s)
m=416 d=2333760 best_n=27 a=36738403 (2.6s)
m=417 d=2339370 best_n=28 a=225826797 (2.7s)
