sieving Loeschian numbers up to N=400000000 (47.7 MiB bitmap)...
sieve selftest: OK
sieve built in 5.2s
*** new best n=28  a=32632483  d=7859610
m=1401 d=7859610 best_n=28 a=32632483 (2.9s)
m=1402 d=7865220 best_n=24 a=174868693 (2.6s)
m=1403 d=7870830 best_n=28 a=136351531 (2.4s)
m=1404 d=7876440 best_n=28 a=147660877 (2.4s)
m=1405 d=7882050 best_n=22 a=180148807 (3.3s)
m=1406 d=7887660 best_n=25 a=166766881 (2.7s)
m=1407 d=7893270 best_n=23 a=184386877 (2.4s)
m=1408 d=7898880 best_n=24 a=36686572 (2.3s)
m=1409 d=7904490 best_n=24 a=46218967 (2.6s)
m=1410 d=7910100 best_n=23 a=205726269 (2.4s)
m=1411 d=7915710 best_n=25 a=17005369 (2.6s)
m=1412 d=7921320 best_n=24 a=158179423 (2.6s)
m=1413 d=7926930 best_n=28 a=42514041 (2.7s)
m=1414 d=7932540 best_n=25 a=27598621 (2.6s)
m=1415 d=7938150 best_n=25 a=50597527 (2.5s)
m=1416 d=7943760 best_n=26 a=2003197 (2.6s)
m=1417 d=7949370 best_n=23 a=32371807 (2.6s)
m=1418 d=7954980 best_n=24 a=188703211 (2.6s)
m=1419 d=7960590 best_n=25 a=1666551 (2.7s)
m=1420 d=7966200 best_n=26 a=161350477 (2.7s)
m=1421 d=7971810 best_n=26 a=49477501 (2.7s)
m=1422 d=7977420 best_n=25 a=133899867 (2.7s)
m=1423 d=7983030 best_n=24 a=75834811 (2.6s)
m=1424 d=7988640 best_n=25 a=190794433 (2.6s)
m=1425 d=7994250 best_n=25 a=201154881 (2.5s)
m=1426 d=7999860 best_n=27 a=80894557 (2.8s)
m=1427 d=8005470 best_n=25 a=164866327 (2.7s)
m=1428 d=8011080 best_n=24 a=212778804 (3.0s)
m=1429 d=8016690 best_n=26 a=3967333 (2.6s)
m=1430 d=8022300 best_n=27 a=50385877 (2.4s)
m=1431 d=8027910 best_n=27 a=130279599 (2.4s)
m=1432 d=8033520 best_n=26 a=106176799 (2.4s)
m=1433 d=8039130 best_n=22 a=186359119 (2.5s)
m=1434 d=8044740 best_n=24 a=105752593 (2.5s)
m=1435 d=8050350 best_n=28 a=116686873 (2.7s)
m=1436 d=8055960 best_n=23 a=187134001 (2.5s)
m=1437 d=8061570 best_n=28 a=130623661 (2.5s)
m=1438 d=8067180 best_n=27 a=122814079 (2.5s)
m=1439 d=8072790 best_n=25 a=160612009 (2.3s)
m=1440 d=8078400 best_n=27 a=184937908 (2.4s)
m=1441 d=8084010 best_n=23 a=172088311 (2.4s)
m=1442 d=8089620 best_n=26 a=8500939 (2.4s)
m=1443 d=8095230 best_n=24 a=9689563 (2.6s)
m=1444 d=8100840 best_n=24 a=114595423 (2.5s)
m=1445 d=8106450 best_n=25 a=87021277 (2.5s)
m=1446 d=8112060 best_n=26 a=189749773 (2.5s)
m=1447 d=8117670 best_n=23 a=205145671 (2.5s)
m=1448 d=8123280 best_n=23 a=197821444 (2.5s)
*** new best n=29  a=126514677  d=8128890
m=1449 d=8128890 best_n=29 a=126514677 (2.5s)
*** new best n=31  a=85870567  d=8134500
m=1450 d=8134500 best_n=31 a=85870567 (2.6s)
m=1451 d=8140110 best_n=25 a=144417181 (2.5s)
m=1452 d=8145720 best_n=24 a=80144884 (2.5s)
m=1453 d=8151330 best_n=23 a=199448713 (2.5s)
m=1454 d=8156940 best_n=24 a=128776297 (2.6s)
m=1455 d=8162550 best_n=23 a=168521863 (2.4s)
m=1456 d=8168160 best_n=24 a=211973461 (2.4s)
m=1457 d=8173770 best_n=26 a=32297449 (2.5s)
m=1458 d=8179380 best_n=24 a=18644929 (2.4s)
m=1459 d=8184990 best_n=24 a=208844443 (2.6s)
m=1460 d=8190600 best_n=25 a=146338828 (2.4s)
m=1461 d=8196210 best_n=28 a=66908653 (2.4s)
m=1462 d=8201820 best_n=24 a=1259293 (2.5s)
m=1463 d=8207430 best_n=26 a=75462973 (2.4s)
m=1464 d=8213040 best_n=24 a=185541924 (2.4s)
m=1465 d=8218650 best_n=24 a=208695787 (2.8s)
m=1466 d=8224260 best_n=26 a=27420907 (2.6s)
m=1467 d=8229870 best_n=24 a=32921013 (2.7s)
