sieving Loeschian numbers up to N=400000000 (47.7 MiB bitmap)...
sieve selftest: OK
sieve built in 5.5s
*** new best n=27  a=104053303  d=9823110
m=1751 d=9823110 best_n=27 a=104053303 (2.9s)
m=1752 d=9828720 best_n=24 a=32425897 (2.5s)
m=1753 d=9834330 best_n=27 a=116932543 (2.4s)
m=1754 d=9839940 best_n=23 a=160946101 (2.5s)
m=1755 d=9845550 best_n=25 a=125841289 (3.3s)
m=1756 d=9851160 best_n=24 a=48890791 (2.6s)
m=1757 d=9856770 best_n=23 a=120297499 (2.4s)
m=1758 d=9862380 best_n=24 a=15194001 (2.4s)
m=1759 d=9867990 best_n=26 a=32613139 (2.6s)
m=1760 d=9873600 best_n=25 a=157465444 (2.4s)
m=1761 d=9879210 best_n=25 a=129515971 (2.5s)
m=1762 d=9884820 best_n=25 a=52714543 (2.7s)
m=1763 d=9890430 best_n=24 a=112145503 (2.6s)
m=1764 d=9896040 best_n=25 a=113674324 (2.5s)
m=1765 d=9901650 best_n=22 a=191232937 (2.4s)
m=1766 d=9907260 best_n=22 a=132989851 (2.7s)
m=1767 d=9912870 best_n=23 a=53893299 (2.6s)
m=1768 d=9918480 best_n=26 a=149976619 (2.6s)
m=1769 d=9924090 best_n=26 a=56661169 (2.6s)
m=1770 d=9929700 best_n=24 a=94860439 (2.7s)
m=1771 d=9935310 best_n=26 a=103941649 (2.6s)
m=1772 d=9940920 best_n=23 a=18953251 (2.6s)
*** new best n=29  a=6930037  d=9946530
m=1773 d=9946530 best_n=29 a=6930037 (2.6s)
m=1774 d=9952140 best_n=24 a=37267609 (2.5s)
m=1775 d=9957750 best_n=24 a=113056549 (2.5s)
m=1776 d=9963360 best_n=26 a=99106932 (2.8s)
m=1777 d=9968970 best_n=23 a=68197867 (2.8s)
m=1778 d=9974580 best_n=23 a=145814089 (3.0s)
m=1779 d=9980190 best_n=24 a=8893849 (2.6s)
m=1780 d=9985800 best_n=25 a=45585127 (2.3s)
m=1781 d=9991410 best_n=25 a=69388177 (2.5s)
m=1782 d=9997020 best_n=25 a=71199741 (2.3s)
*** new best n=30  a=32156413  d=10002630
m=1783 d=10002630 best_n=30 a=32156413 (2.5s)
m=1784 d=10008240 best_n=22 a=163675156 (2.5s)
m=1785 d=10013850 best_n=25 a=24007989 (2.7s)
m=1786 d=10019460 best_n=23 a=136519417 (2.4s)
m=1787 d=10025070 best_n=24 a=99467539 (2.4s)
m=1788 d=10030680 best_n=23 a=99180844 (2.4s)
m=1789 d=10036290 best_n=25 a=117683857 (2.4s)
m=1790 d=10041900 best_n=28 a=125430667 (2.4s)
m=1791 d=10047510 best_n=24 a=168774681 (2.5s)
m=1792 d=10053120 best_n=24 a=6796516 (2.4s)
m=1793 d=10058730 best_n=25 a=100271851 (2.7s)
m=1794 d=10064340 best_n=28 a=76242949 (2.5s)
m=1795 d=10069950 best_n=23 a=17641009 (2.5s)
m=1796 d=10075560 best_n=23 a=129484177 (2.5s)
m=1797 d=10081170 best_n=26 a=10491897 (2.5s)
m=1798 d=10086780 best_n=25 a=90039691 (2.5s)
m=1799 d=10092390 best_n=27 a=110904133 (2.4s)
m=1800 d=10098000 best_n=27 a=71021052 (2.6s)
m=1801 d=10103610 best_n=23 a=160193179 (2.4s)
m=1802 d=10109220 best_n=24 a=16704811 (2.4s)
m=1803 d=10114830 best_n=27 a=135095173 (2.5s)
m=1804 d=10120440 best_n=26 a=18327277 (2.5s)
m=1805 d=10126050 best_n=24 a=22278661 (2.5s)
m=1806 d=10131660 best_n=25 a=26919777 (2.4s)
m=1807 d=10137270 best_n=24 a=166824967 (2.5s)
m=1808 d=10142880 best_n=26 a=52409161 (2.4s)
m=1809 d=10148490 best_n=23 a=145813473 (2.4s)
m=1810 d=10154100 best_n=27 a=49043941 (2.5s)
m=1811 d=10159710 best_n=26 a=120617017 (2.3s)
m=1812 d=10165320 best_n=27 a=129741339 (2.4s)
m=1813 d=10170930 best_n=22 a=160601119 (2.4s)
m=1814 d=10176540 best_n=25 a=440491 (2.4s)
m=1815 d=10182150 best_n=25 a=136225687 (2.6s)
m=1816 d=10187760 best_n=23 a=105098527 (2.8s)
m=1817 d=10193370 best_n=27 a=66531097 (2.6s)
