sieving Loeschian numbers up to N=400000000 (47.7 MiB bitmap)...
sieve selftest: OK
sieve built in 5.5s
*** new best n=27  a=179179471  d=5610
m=1 d=5610 best_n=27 a=179179471 (2.9s)
m=2 d=11220 best_n=26 a=70265797 (2.5s)
m=3 d=16830 best_n=25 a=307930411 (2.4s)
m=4 d=22440 best_n=24 a=288609652 (2.4s)
m=5 d=28050 best_n=24 a=158186857 (3.3s)
m=6 d=33660 best_n=27 a=330936817 (2.6s)
m=7 d=39270 best_n=23 a=34461217 (2.4s)
m=8 d=44880 best_n=26 a=281063188 (2.3s)
m=9 d=50490 best_n=23 a=44307279 (2.6s)
m=10 d=56100 best_n=27 a=270961 (2.4s)
m=11 d=61710 best_n=25 a=12919 (2.6s)
m=12 d=67320 best_n=26 a=34887649 (2.6s)
*** new best n=28  a=306628837  d=72930
m=13 d=72930 best_n=28 a=306628837 (2.5s)
m=14 d=78540 best_n=22 a=358618387 (2.6s)
m=15 d=84150 best_n=27 a=235537879 (2.5s)
m=16 d=89760 best_n=24 a=294515044 (2.7s)
m=17 d=95370 best_n=25 a=189438019 (2.6s)
m=18 d=100980 best_n=25 a=8540827 (2.6s)
m=19 d=106590 best_n=24 a=356670103 (2.7s)
m=20 d=112200 best_n=24 a=4544587 (2.7s)
m=21 d=117810 best_n=24 a=110931109 (2.7s)
m=22 d=123420 best_n=24 a=389406499 (2.7s)
*** new best n=31  a=252316027  d=129030
m=23 d=129030 best_n=31 a=252316027 (2.6s)
m=24 d=134640 best_n=26 a=16832449 (2.5s)
m=25 d=140250 best_n=25 a=3529033 (2.5s)
m=26 d=145860 best_n=27 a=314633953 (2.9s)
m=27 d=151470 best_n=25 a=173984227 (2.7s)
m=28 d=157080 best_n=24 a=153208153 (3.0s)
m=29 d=162690 best_n=24 a=232166479 (2.6s)
m=30 d=168300 best_n=27 a=812883 (2.4s)
m=31 d=173910 best_n=24 a=155517511 (2.4s)
m=32 d=179520 best_n=27 a=2826031 (2.4s)
m=33 d=185130 best_n=25 a=277609309 (2.5s)
m=34 d=190740 best_n=25 a=109204147 (2.5s)
m=35 d=196350 best_n=24 a=106665319 (2.6s)
m=36 d=201960 best_n=26 a=335400991 (2.4s)
m=37 d=207570 best_n=24 a=280661671 (2.4s)
m=38 d=213180 best_n=25 a=76031653 (2.4s)
m=39 d=218790 best_n=26 a=161593987 (2.4s)
m=40 d=224400 best_n=27 a=1083844 (2.5s)
m=41 d=230010 best_n=27 a=359137777 (2.5s)
m=42 d=235620 best_n=25 a=15551293 (2.4s)
m=43 d=241230 best_n=26 a=237536311 (2.6s)
m=44 d=246840 best_n=25 a=177174673 (2.5s)
m=45 d=252450 best_n=26 a=92243617 (2.5s)
m=46 d=258060 best_n=27 a=314189719 (2.5s)
m=47 d=263670 best_n=27 a=155369389 (2.4s)
m=48 d=269280 best_n=26 a=139550596 (2.5s)
m=49 d=274890 best_n=23 a=241228519 (2.5s)
m=50 d=280500 best_n=27 a=150681037 (2.6s)
m=51 d=286110 best_n=25 a=39604849 (2.4s)
m=52 d=291720 best_n=24 a=284529427 (2.4s)
m=53 d=297330 best_n=29 a=183493477 (2.5s)
m=54 d=302940 best_n=28 a=126652663 (2.5s)
m=55 d=308550 best_n=25 a=32348707 (2.5s)
m=56 d=314160 best_n=24 a=346700977 (2.5s)
m=57 d=319770 best_n=25 a=207293833 (2.4s)
m=58 d=325380 best_n=27 a=229093321 (2.4s)
m=59 d=330990 best_n=27 a=217647433 (2.5s)
m=60 d=336600 best_n=24 a=223896727 (2.5s)
m=61 d=342210 best_n=26 a=29738689 (2.4s)
m=62 d=347820 best_n=24 a=82932343 (2.5s)
m=63 d=353430 best_n=24 a=332793327 (2.4s)
m=64 d=359040 best_n=27 a=55639159 (2.4s)
m=65 d=364650 best_n=26 a=119751067 (2.6s)
m=66 d=370260 best_n=25 a=22498681 (2.8s)
m=67 d=375870 best_n=26 a=53025343 (2.6s)
m=68 d=381480 best_n=26 a=27970339 (2.6s)
m=69 d=387090 best_n=28 a=268075543 (2.5s)
m=70 d=392700 best_n=27 a=1896727 (2.6s)
m=71 d=398310 best_n=26 a=8860993 (2.4s)
m=72 d=403920 best_n=26 a=50497347 (2.5s)
m=73 d=409530 best_n=26 a=336338947 (2.5s)
m=74 d=415140 best_n=25 a=199353313 (2.5s)
m=75 d=420750 best_n=25 a=10587099 (2.5s)
m=76 d=426360 best_n=25 a=328880971 (2.4s)
m=77 d=431970 best_n=25 a=90433 (2.5s)
m=78 d=437580 best_n=24 a=139222731 (2.4s)
m=79 d=443190 best_n=26 a=24560953 (2.7s)
m=80 d=448800 best_n=24 a=192349423 (2.7s)
m=81 d=454410 best_n=24 a=238075393 (2.4s)
m=82 d=460020 best_n=28 a=503491 (2.7s)
m=83 d=465630 best_n=24 a=146127613 (2.8s)
m=84 d=471240 best_n=28 a=34889629 (2.5s)
m=85 d=476850 best_n=27 a=172196551 (2.6s)
m=86 d=482460 best_n=24 a=119057173 (2.3s)
m=87 d=488070 best_n=29 a=100257769 (2.3s)
m=88 d=493680 best_n=26 a=44244121 (2.2s)
m=89 d=499290 best_n=27 a=94563313 (2.3s)
m=90 d=504900 best_n=27 a=2438649 (2.8s)
m=91 d=510510 best_n=23 a=320368069 (2.3s)
m=92 d=516120 best_n=28 a=20493553 (2.3s)
m=93 d=521730 best_n=27 a=38953777 (2.2s)
m=94 d=527340 best_n=26 a=386301211 (2.2s)
m=95 d=532950 best_n=24 a=83374243 (2.2s)
m=96 d=538560 best_n=28 a=355385257 (2.3s)
m=97 d=544170 best_n=26 a=231269011 (2.3s)
m=98 d=549780 best_n=24 a=181501681 (2.3s)
m=99 d=555390 best_n=27 a=283604797 (2.3s)
m=100 d=561000 best_n=28 a=373101127 (2.2s)
m=101 d=566610 best_n=25 a=244276897 (2.4s)
m=102 d=572220 best_n=25 a=327612441 (2.4s)
m=103 d=577830 best_n=26 a=62521753 (2.4s)
m=104 d=583440 best_n=24 a=308242939 (2.5s)
m=105 d=589050 best_n=24 a=319995957 (2.5s)
m=106 d=594660 best_n=27 a=177376123 (2.5s)
m=107 d=600270 best_n=24 a=61221229 (2.5s)
m=108 d=605880 best_n=28 a=11358529 (2.5s)
m=109 d=611490 best_n=25 a=135308761 (2.2s)
m=110 d=617100 best_n=24 a=138754741 (2.2s)
m=111 d=622710 best_n=25 a=226331197 (2.5s)
m=112 d=628320 best_n=25 a=174982747 (2.3s)
m=113 d=633930 best_n=26 a=149995423 (2.2s)
m=114 d=639540 best_n=25 a=228094959 (2.2s)
m=115 d=645150 best_n=31 a=466051 (2.2s)
m=116 d=650760 best_n=26 a=1577647 (2.1s)
m=117 d=656370 best_n=27 a=104590891 (2.4s)
m=118 d=661980 best_n=31 a=176022793 (2.3s)
m=119 d=667590 best_n=28 a=272911789 (2.4s)
m=120 d=673200 best_n=27 a=3251532 (2.2s)
m=121 d=678810 best_n=24 a=204916993 (2.3s)
m=122 d=684420 best_n=26 a=107032573 (2.3s)
m=123 d=690030 best_n=27 a=92924443 (2.4s)
m=124 d=695640 best_n=24 a=341325532 (2.3s)
m=125 d=701250 best_n=25 a=222196693 (2.3s)
m=126 d=706860 best_n=26 a=5168539 (2.1s)
m=127 d=712470 best_n=26 a=6491731 (2.2s)
m=128 d=718080 best_n=27 a=11304124 (2.3s)
m=129 d=723690 best_n=27 a=14089843 (2.2s)
m=130 d=729300 best_n=27 a=3522493 (2.2s)
m=131 d=734910 best_n=24 a=351046297 (2.2s)
m=132 d=740520 best_n=25 a=114268183 (2.2s)
m=133 d=746130 best_n=25 a=221123401 (2.1s)
m=134 d=751740 best_n=23 a=170259679 (2.3s)
m=135 d=757350 best_n=26 a=276730851 (2.1s)
m=136 d=762960 best_n=26 a=11536663 (2.2s)
m=137 d=768570 best_n=25 a=2692483 (2.2s)
m=138 d=774180 best_n=28 a=649633 (2.2s)
m=139 d=779790 best_n=28 a=75275599 (2.4s)
G1 BEST last=0 a=0 d=0 (n=35)
BEST n=31 a=252316027 d=129030  (total 345.4s, INTERRUPTED)
