sieving Loeschian numbers up to N=1350000000 (160.9 MiB bitmap)...
sieve selftest: OK
sieve built in 26.3s
*** new best n=27  a=511443607  d=5610
m=1 d=5610 best_n=27 a=511443607 (9.3s)
m=2 d=11220 best_n=26 a=70265797 (9.0s)
m=3 d=16830 best_n=27 a=1302282463 (9.5s)
m=4 d=22440 best_n=27 a=716717884 (9.1s)
*** new best n=28  a=431372803  d=28050
m=5 d=28050 best_n=28 a=431372803 (9.5s)
m=6 d=33660 best_n=27 a=413995891 (10.3s)
m=7 d=39270 best_n=27 a=1254256297 (9.2s)
m=8 d=44880 best_n=26 a=281063188 (8.5s)
m=9 d=50490 best_n=25 a=923791233 (8.4s)
m=10 d=56100 best_n=27 a=749996419 (8.6s)
m=11 d=61710 best_n=26 a=818542777 (8.4s)
m=12 d=67320 best_n=26 a=34887649 (9.7s)
m=13 d=72930 best_n=28 a=306628837 (8.4s)
m=14 d=78540 best_n=26 a=491860579 (8.6s)
m=15 d=84150 best_n=28 a=1294118409 (9.2s)
m=16 d=89760 best_n=24 a=1154438608 (9.0s)
m=17 d=95370 best_n=27 a=969655879 (8.7s)
m=18 d=100980 best_n=27 a=1241987673 (8.6s)
m=19 d=106590 best_n=24 a=659237761 (9.6s)
m=20 d=112200 best_n=24 a=894405181 (13.4s)
G1 BEST last=0 a=0 d=0 (n=35)
BEST n=28 a=431372803 d=28050  (total 211.4s, INTERRUPTED)
