sieving Loeschian numbers up to N=1350000000 (160.9 MiB bitmap)...
sieve selftest: OK
sieve built in 26.6s
*** new best n=27  a=1018471396  d=5677320
m=1012 d=5677320 best_n=27 a=1018471396 (9.1s)
m=1013 d=5682930 best_n=26 a=537154591 (9.1s)
m=1014 d=5688540 best_n=25 a=396198499 (9.5s)
*** new best n=28  a=675497683  d=5694150
m=1015 d=5694150 best_n=28 a=675497683 (9.1s)
m=1016 d=5699760 best_n=26 a=733401484 (9.4s)
m=1017 d=5705370 best_n=26 a=92519677 (10.3s)
m=1018 d=5710980 best_n=24 a=843983917 (9.4s)
m=1019 d=5716590 best_n=24 a=1053748837 (8.5s)
m=1020 d=5722200 best_n=25 a=116411169 (8.3s)
m=1021 d=5727810 best_n=26 a=302553067 (8.6s)
m=1022 d=5733420 best_n=25 a=1197338299 (8.3s)
m=1023 d=5739030 best_n=26 a=163092247 (9.7s)
m=1024 d=5744640 best_n=28 a=129420331 (8.4s)
m=1025 d=5750250 best_n=27 a=131340289 (8.8s)
m=1026 d=5755860 best_n=26 a=202519641 (9.2s)
m=1027 d=5761470 best_n=26 a=319292389 (9.1s)
m=1028 d=5767080 best_n=26 a=486251917 (8.7s)
m=1029 d=5772690 best_n=24 a=114056373 (8.5s)
m=1030 d=5778300 best_n=27 a=27908983 (9.7s)
m=1031 d=5783910 best_n=23 a=158820961 (13.6s)
G1 BEST last=0 a=0 d=0 (n=35)
BEST n=28 a=675497683 d=5694150  (total 211.9s, INTERRUPTED)
