sieving Loeschian numbers up to N=1350000000 (160.9 MiB bitmap)...
sieve selftest: OK
sieve built in 26.1s
*** new best n=25  a=35775121  d=11349030
m=2023 d=11349030 best_n=25 a=35775121 (9.2s)
*** new best n=28  a=999565948  d=11354640
m=2024 d=11354640 best_n=28 a=999565948 (9.3s)
m=2025 d=11360250 best_n=25 a=1011211383 (9.5s)
m=2026 d=11365860 best_n=25 a=433230583 (9.0s)
m=2027 d=11371470 best_n=26 a=325158181 (9.5s)
m=2028 d=11377080 best_n=26 a=9018084 (10.3s)
m=2029 d=11382690 best_n=24 a=755898691 (9.3s)
m=2030 d=11388300 best_n=28 a=336873103 (8.5s)
m=2031 d=11393910 best_n=26 a=242320269 (8.4s)
m=2032 d=11399520 best_n=26 a=276041131 (8.6s)
m=2033 d=11405130 best_n=25 a=726800281 (8.2s)
m=2034 d=11410740 best_n=28 a=73606663 (9.7s)
m=2035 d=11416350 best_n=25 a=454498273 (8.5s)
m=2036 d=11421960 best_n=27 a=280177372 (8.5s)
m=2037 d=11427570 best_n=24 a=1072994941 (9.1s)
m=2038 d=11433180 best_n=25 a=17293363 (9.2s)
m=2039 d=11438790 best_n=27 a=357406123 (8.8s)
m=2040 d=11444400 best_n=26 a=88539508 (8.9s)
m=2041 d=11450010 best_n=23 a=536629657 (9.7s)
m=2042 d=11455620 best_n=25 a=427630183 (13.6s)
G1 BEST last=0 a=0 d=0 (n=35)
BEST n=28 a=999565948 d=11354640  (total 212.2s, INTERRUPTED)
