sieving Loeschian numbers up to N=1350000000 (160.9 MiB bitmap)...
sieve selftest: OK
sieve built in 26.1s
*** new best n=28  a=18629167  d=17020740
m=3034 d=17020740 best_n=28 a=18629167 (9.3s)
m=3035 d=17026350 best_n=26 a=40745827 (9.1s)
m=3036 d=17031960 best_n=28 a=272750596 (9.5s)
m=3037 d=17037570 best_n=25 a=244392241 (9.1s)
m=3038 d=17043180 best_n=26 a=911787691 (9.5s)
m=3039 d=17048790 best_n=26 a=831576169 (10.3s)
m=3040 d=17054400 best_n=27 a=82372144 (9.2s)
m=3041 d=17060010 best_n=25 a=657385219 (8.5s)
m=3042 d=17065620 best_n=25 a=703069393 (8.5s)
m=3043 d=17071230 best_n=23 a=464705443 (8.5s)
m=3044 d=17076840 best_n=24 a=917388964 (8.3s)
m=3045 d=17082450 best_n=27 a=869027241 (9.8s)
m=3046 d=17088060 best_n=27 a=490797061 (8.5s)
m=3047 d=17093670 best_n=25 a=551392483 (8.4s)
m=3048 d=17099280 best_n=27 a=125019484 (9.2s)
m=3049 d=17104890 best_n=28 a=103953133 (9.0s)
m=3050 d=17110500 best_n=27 a=120341227 (8.7s)
m=3051 d=17116110 best_n=26 a=277559031 (8.6s)
m=3052 d=17121720 best_n=28 a=158651116 (9.7s)
m=3053 d=17127330 best_n=26 a=381022699 (13.6s)
G1 BEST last=0 a=0 d=0 (n=35)
BEST n=28 a=18629167 d=17020740  (total 211.5s, INTERRUPTED)
