sieving Loeschian numbers up to N=1350000000 (160.9 MiB bitmap)...
sieve selftest: OK
sieve built in 26.6s
*** new best n=27  a=69278659  d=22692450
m=4045 d=22692450 best_n=27 a=69278659 (9.1s)
m=4046 d=22698060 best_n=23 a=684400627 (9.2s)
m=4047 d=22703670 best_n=26 a=584161621 (9.5s)
*** new best n=28  a=449352001  d=22709280
m=4048 d=22709280 best_n=28 a=449352001 (9.0s)
m=4049 d=22714890 best_n=27 a=715128433 (9.4s)
m=4050 d=22720500 best_n=27 a=159797367 (10.3s)
m=4051 d=22726110 best_n=24 a=647866201 (9.3s)
m=4052 d=22731720 best_n=24 a=281049481 (8.4s)
m=4053 d=22737330 best_n=27 a=256250053 (8.4s)
m=4054 d=22742940 best_n=24 a=628219159 (8.5s)
m=4055 d=22748550 best_n=25 a=786356569 (8.3s)
m=4056 d=22754160 best_n=26 a=473720151 (9.7s)
m=4057 d=22759770 best_n=28 a=423875851 (8.5s)
m=4058 d=22765380 best_n=25 a=398550457 (8.6s)
m=4059 d=22770990 best_n=26 a=436155901 (9.3s)
m=4060 d=22776600 best_n=27 a=612419596 (9.1s)
m=4061 d=22782210 best_n=25 a=5131747 (8.7s)
m=4062 d=22787820 best_n=26 a=763833259 (8.8s)
m=4063 d=22793430 best_n=25 a=763429441 (9.5s)
m=4064 d=22799040 best_n=28 a=357638521 (13.7s)
G1 BEST last=0 a=0 d=0 (n=35)
BEST n=28 a=449352001 d=22709280  (total 212.0s, INTERRUPTED)
