sieving Loeschian numbers up to N=1350000000 (160.9 MiB bitmap)...
sieve selftest: OK
sieve built in 26.3s
*** new best n=26  a=313342597  d=28364160
m=5056 d=28364160 best_n=26 a=313342597 (9.1s)
m=5057 d=28369770 best_n=25 a=586398181 (9.3s)
m=5058 d=28375380 best_n=26 a=476257179 (9.5s)
m=5059 d=28380990 best_n=25 a=617445331 (9.0s)
*** new best n=27  a=592786261  d=28386600
m=5060 d=28386600 best_n=27 a=592786261 (9.5s)
m=5061 d=28392210 best_n=25 a=477187921 (10.2s)
m=5062 d=28397820 best_n=27 a=538348093 (9.2s)
m=5063 d=28403430 best_n=26 a=358246651 (8.5s)
m=5064 d=28409040 best_n=26 a=36854971 (8.5s)
m=5065 d=28414650 best_n=25 a=14071207 (8.6s)
m=5066 d=28420260 best_n=24 a=588147757 (8.3s)
m=5067 d=28425870 best_n=25 a=101224933 (9.8s)
m=5068 d=28431480 best_n=24 a=309357412 (8.5s)
m=5069 d=28437090 best_n=27 a=376098763 (8.6s)
m=5070 d=28442700 best_n=27 a=137377227 (9.3s)
*** new best n=28  a=337389979  d=28448310
m=5071 d=28448310 best_n=28 a=337389979 (9.1s)
m=5072 d=28453920 best_n=25 a=422322049 (8.7s)
m=5073 d=28459530 best_n=26 a=198646729 (8.8s)
m=5074 d=28465140 best_n=24 a=425535853 (9.5s)
*** new best n=31  a=130300207  d=28470750
m=5075 d=28470750 best_n=31 a=130300207 (13.6s)
G1 BEST last=0 a=0 d=0 (n=35)
BEST n=31 a=130300207 d=28470750  (total 212.2s, INTERRUPTED)
