sieving Loeschian numbers up to N=1350000000 (160.9 MiB bitmap)...
sieve selftest: OK
sieve built in 26.1s
*** new best n=25  a=70954021  d=34035870
m=6067 d=34035870 best_n=25 a=70954021 (9.3s)
*** new best n=27  a=233421124  d=34041480
m=6068 d=34041480 best_n=27 a=233421124 (9.2s)
m=6069 d=34047090 best_n=25 a=318989251 (9.5s)
m=6070 d=34052700 best_n=27 a=164473327 (9.1s)
m=6071 d=34058310 best_n=26 a=399769987 (9.4s)
*** new best n=28  a=153942931  d=34063920
m=6072 d=34063920 best_n=28 a=153942931 (10.3s)
m=6073 d=34069530 best_n=25 a=185561521 (9.2s)
m=6074 d=34075140 best_n=23 a=590110207 (8.4s)
m=6075 d=34080750 best_n=25 a=424953169 (8.5s)
m=6076 d=34086360 best_n=24 a=334505332 (8.6s)
m=6077 d=34091970 best_n=26 a=106989217 (8.3s)
m=6078 d=34097580 best_n=23 a=542352073 (9.7s)
m=6079 d=34103190 best_n=25 a=457773793 (8.5s)
m=6080 d=34108800 best_n=25 a=59601616 (8.6s)
m=6081 d=34114410 best_n=24 a=252824287 (9.1s)
m=6082 d=34120020 best_n=25 a=425270839 (9.1s)
m=6083 d=34125630 best_n=27 a=447135307 (8.7s)
m=6084 d=34131240 best_n=26 a=27054252 (8.7s)
m=6085 d=34136850 best_n=23 a=437957239 (9.8s)
m=6086 d=34142460 best_n=26 a=112753033 (13.6s)
G1 BEST last=0 a=0 d=0 (n=35)
BEST n=28 a=153942931 d=34063920  (total 211.8s, INTERRUPTED)
