sieving Loeschian numbers up to N=1350000000 (160.9 MiB bitmap)...
sieve selftest: OK
sieve built in 20.8s
*** new best n=31  a=252316027  d=129030
m=23 d=129030 best_n=31 a=252316027 (8.5s)
m=46 d=258060 best_n=27 a=1174130431 (8.2s)
m=69 d=387090 best_n=31 a=756948081 (8.3s)
m=92 d=516120 best_n=31 a=1009264108 (9.0s)
m=115 d=645150 best_n=31 a=466051 (10.3s)
m=138 d=774180 best_n=28 a=917339161 (9.3s)
m=161 d=903210 best_n=29 a=546165391 (8.7s)
m=184 d=1032240 best_n=28 a=603834331 (8.2s)
m=207 d=1161270 best_n=28 a=912887137 (8.4s)
m=230 d=1290300 best_n=29 a=94095319 (8.4s)
m=253 d=1419330 best_n=28 a=1023328087 (7.5s)
m=276 d=1548360 best_n=28 a=1072302172 (7.4s)
m=299 d=1677390 best_n=28 a=973404721 (7.4s)
m=322 d=1806420 best_n=29 a=7474063 (7.3s)
m=345 d=1935450 best_n=31 a=1398153 (8.1s)
m=368 d=2064480 best_n=28 a=402606013 (7.4s)
m=391 d=2193510 best_n=28 a=724300267 (7.4s)
m=414 d=2322540 best_n=29 a=1229644021 (7.5s)
m=437 d=2451570 best_n=29 a=67869337 (7.6s)
m=460 d=2580600 best_n=31 a=1864204 (7.6s)
*** new best n=35  a=219830911  d=2709630
*** G1 n=35 last=311958331 a=219830911 d=2709630
m=483 d=2709630 best_n=35 a=219830911 (7.7s)
