sieving Loeschian numbers up to N=1350000000 (160.9 MiB bitmap)...
sieve selftest: OK
sieve built in 20.9s
*** new best n=27  a=569755477  d=162690
m=29 d=162690 best_n=27 a=569755477 (8.5s)
m=58 d=325380 best_n=27 a=229093321 (8.3s)
*** new best n=29  a=100257769  d=488070
m=87 d=488070 best_n=29 a=100257769 (8.2s)
m=116 d=650760 best_n=27 a=643642573 (9.3s)
m=145 d=813450 best_n=28 a=96499669 (10.0s)
*** new best n=34  a=925786063  d=976140
m=174 d=976140 best_n=34 a=925786063 (9.2s)
m=203 d=1138830 best_n=27 a=368912029 (8.7s)
m=232 d=1301520 best_n=31 a=651751063 (8.2s)
m=261 d=1464210 best_n=30 a=41645707 (8.4s)
m=290 d=1626900 best_n=29 a=1122741847 (8.4s)
m=319 d=1789590 best_n=26 a=1002014923 (7.5s)
m=348 d=1952280 best_n=29 a=401031076 (7.4s)
m=377 d=2114970 best_n=27 a=1186327213 (7.5s)
m=406 d=2277660 best_n=28 a=46354921 (7.2s)
m=435 d=2440350 best_n=29 a=197449669 (8.3s)
m=464 d=2603040 best_n=29 a=738255913 (7.3s)
m=493 d=2765730 best_n=27 a=801607507 (7.4s)
m=522 d=2928420 best_n=30 a=20606749 (7.8s)
m=551 d=3091110 best_n=29 a=975577279 (7.5s)
m=580 d=3253800 best_n=28 a=912370027 (7.6s)
m=609 d=3416490 best_n=30 a=233775811 (7.7s)
