unit K=401 shift=0 MOD=1133661268029390 stage1=10(3,2,5,59,71,83,89,101,107,113) tierC=144 residues=4.67e+09 range=7.255e+16
*** n=6 a=70862486510581681 d=153246530912970 (K=401 shift=0)
*** n=9 a=38576642087690161 d=153246530912970 (K=401 shift=0)
*** n=11 a=16047857582231821 d=153246530912970 (K=401 shift=0)
*** n=20 a=45733869595238461 d=153246530912970 (K=401 shift=0)
*** n=23 a=10979797370307661 d=153246530912970 (K=401 shift=0)
  .. K=401 shift=0 R=6.711e+07 surv=2116 conf=2113 best=23 23s (2.94e+06 res/s)
  .. K=401 shift=0 R=1.342e+08 surv=4189 conf=4182 best=23 46s (2.9e+06 res/s)
  .. K=401 shift=0 R=2.013e+08 surv=6266 conf=6257 best=23 71s (2.86e+06 res/s)
  .. K=401 shift=0 R=2.684e+08 surv=8288 conf=8272 best=23 93s (2.88e+06 res/s)
*** n=25 a=25027445848018711 d=153246530912970 (K=401 shift=0)
  .. K=401 shift=0 R=3.355e+08 surv=10344 conf=10324 best=25 116s (2.89e+06 res/s)
  .. K=401 shift=0 R=4.027e+08 surv=12385 conf=12362 best=25 140s (2.88e+06 res/s)
  .. K=401 shift=0 R=4.698e+08 surv=14411 conf=14377 best=25 163s (2.88e+06 res/s)
*** n=28 a=56340544970824861 d=153246530912970 (K=401 shift=0)
  .. K=401 shift=0 R=5.369e+08 surv=16445 conf=16406 best=28 186s (2.89e+06 res/s)
  .. K=401 shift=0 R=6.04e+08 surv=18595 conf=18552 best=28 207s (2.92e+06 res/s)
  .. K=401 shift=0 R=6.711e+08 surv=20765 conf=20713 best=28 229s (2.93e+06 res/s)
  .. K=401 shift=0 R=7.382e+08 surv=22933 conf=22873 best=28 250s (2.95e+06 res/s)
  .. K=401 shift=0 R=8.053e+08 surv=25039 conf=24975 best=28 271s (2.97e+06 res/s)
K=401 shift=0 MOD=1133661268029390 tierB=7 tierC=144 R=857895090 surv=26650 conf=26582 best=28 290.2s (2.5e+14 raw/s)
BEST n=28 a=56340544970824861 d=153246530912970  units=1 covered=7.255e+16 raw a  290.3s INTERRUPTED
