unit K=801 shift=0 MOD=1668647484402810 stage1=10(3,2,5,59,71,83,101,107,113,131) tierC=144 residues=1.1e+10 range=1.068e+17
*** n=4 a=11246061023559931 d=306110900900970 (K=801 shift=0)
*** n=10 a=108279653062089331 d=306110900900970 (K=801 shift=0)
*** n=12 a=41926828324966231 d=306110900900970 (K=801 shift=0)
*** n=13 a=53297883804036001 d=306110900900970 (K=801 shift=0)
*** n=14 a=54214064508774571 d=306110900900970 (K=801 shift=0)
*** n=16 a=94935435563773381 d=306110900900970 (K=801 shift=0)
*** n=19 a=86282712800384581 d=306110900900970 (K=801 shift=0)
*** n=21 a=61166391257921821 d=306110900900970 (K=801 shift=0)
  .. K=801 shift=0 R=6.711e+07 surv=3155 conf=3125 best=21 32s (2.09e+06 res/s)
*** n=25 a=57652297590443161 d=306110900900970 (K=801 shift=0)
  .. K=801 shift=0 R=1.342e+08 surv=6387 conf=6327 best=25 68s (1.98e+06 res/s)
*** n=31 a=32826338214621421 d=306110900900970 (K=801 shift=0)
  .. K=801 shift=0 R=2.013e+08 surv=9505 conf=9417 best=31 101s (1.99e+06 res/s)
  .. K=801 shift=0 R=2.684e+08 surv=12790 conf=12675 best=31 136s (1.98e+06 res/s)
  .. K=801 shift=0 R=3.355e+08 surv=16086 conf=15940 best=31 169s (1.98e+06 res/s)
  .. K=801 shift=0 R=4.027e+08 surv=19235 conf=19070 best=31 200s (2.01e+06 res/s)
  .. K=801 shift=0 R=4.698e+08 surv=22508 conf=22316 best=31 232s (2.02e+06 res/s)
*** n=33 a=14220337233865141 d=306110900900970 (K=801 shift=0)
  .. K=801 shift=0 R=5.369e+08 surv=25661 conf=25433 best=33 262s (2.05e+06 res/s)
K=801 shift=0 MOD=1668647484402810 tierB=7 tierC=144 R=593662976 surv=28429 conf=28176 best=33 290.2s (3.68e+14 raw/s)
BEST n=33 a=14220337233865141 d=306110900900970  units=1 covered=1.068e+17 raw a  290.2s INTERRUPTED
