tierC order: 131 137 149 167 173 ... (145 primes)
unit K=1201 shift=0 MOD=1133661268029390 stage1=10(3,2,5,59,71,83,89,101,107,113) tierC=145 residues=4.67e+09 range=7.255e+16
*** n=4 a=62986129403056711 d=458975270888970 (K=1201 shift=0)
*** n=5 a=55184308024553161 d=458975270888970 (K=1201 shift=0)
*** n=6 a=73625038700911111 d=458975270888970 (K=1201 shift=0)
*** n=9 a=24448607300347621 d=458975270888970 (K=1201 shift=0)
*** n=13 a=52529266213246201 d=458975270888970 (K=1201 shift=0)
*** n=20 a=14477428628669371 d=458975270888970 (K=1201 shift=0)
*** n=27 a=32466119690936191 d=458975270888970 (K=1201 shift=0)
  .. K=1201 shift=0 R=6.711e+07 surv=1810 conf=1810 best=27 20s (3.37e+06 res/s)
  .. K=1201 shift=0 R=1.342e+08 surv=3633 conf=3633 best=27 39s (3.4e+06 res/s)
  .. K=1201 shift=0 R=2.013e+08 surv=5421 conf=5421 best=27 59s (3.42e+06 res/s)
  .. K=1201 shift=0 R=2.684e+08 surv=7236 conf=7236 best=27 77s (3.49e+06 res/s)
*** n=30 a=30828380971489441 d=458975270888970 (K=1201 shift=0)
  .. K=1201 shift=0 R=3.355e+08 surv=8944 conf=8944 best=30 94s (3.55e+06 res/s)
  .. K=1201 shift=0 R=4.027e+08 surv=10741 conf=10741 best=30 112s (3.59e+06 res/s)
  .. K=1201 shift=0 R=4.698e+08 surv=12578 conf=12578 best=30 130s (3.6e+06 res/s)
  .. K=1201 shift=0 R=5.369e+08 surv=14355 conf=14355 best=30 148s (3.62e+06 res/s)
  .. K=1201 shift=0 R=6.04e+08 surv=16103 conf=16103 best=30 167s (3.61e+06 res/s)
K=1201 shift=0 MOD=1133661268029390 tierB=7 tierC=145 R=631727798 surv=16858 conf=16858 best=30 175.3s (4.14e+14 raw/s)
BEST n=30 a=30828380971489441 d=458975270888970  units=1 covered=7.255e+16 raw a  175.3s INTERRUPTED
