tierC order: 131 137 149 167 173 ... (144 primes)
unit K=1601 shift=0 MOD=1133661268029390 stage1=10(3,2,5,59,71,83,89,101,107,113) tierC=144 residues=4.67e+09 range=7.255e+16
*** n=4 a=70585720321595521 d=611839640876970 (K=1601 shift=0)
*** n=8 a=51608931895252741 d=611839640876970 (K=1601 shift=0)
*** n=10 a=4854441471980191 d=611839640876970 (K=1601 shift=0)
*** n=12 a=15173472712602571 d=611839640876970 (K=1601 shift=0)
*** n=17 a=78134361814710361 d=611839640876970 (K=1601 shift=0)
*** n=18 a=16529948869820761 d=611839640876970 (K=1601 shift=0)
*** n=21 a=15090373727590261 d=611839640876970 (K=1601 shift=0)
*** n=25 a=34381999745489281 d=611839640876970 (K=1601 shift=0)
*** n=29 a=24284180098488181 d=611839640876970 (K=1601 shift=0)
  .. K=1601 shift=0 R=6.711e+07 surv=1841 conf=1841 best=29 20s (3.35e+06 res/s)
  .. K=1601 shift=0 R=1.342e+08 surv=3738 conf=3738 best=29 40s (3.38e+06 res/s)
  .. K=1601 shift=0 R=2.013e+08 surv=5570 conf=5570 best=29 59s (3.39e+06 res/s)
  .. K=1601 shift=0 R=2.684e+08 surv=7471 conf=7469 best=29 79s (3.42e+06 res/s)
  .. K=1601 shift=0 R=3.355e+08 surv=9371 conf=9368 best=29 97s (3.45e+06 res/s)
  .. K=1601 shift=0 R=4.027e+08 surv=11185 conf=11182 best=29 115s (3.5e+06 res/s)
  .. K=1601 shift=0 R=4.698e+08 surv=13021 conf=13016 best=29 133s (3.52e+06 res/s)
  .. K=1601 shift=0 R=5.369e+08 surv=14923 conf=14917 best=29 153s (3.52e+06 res/s)
  .. K=1601 shift=0 R=6.04e+08 surv=16766 conf=16760 best=29 172s (3.51e+06 res/s)
K=1601 shift=0 MOD=1133661268029390 tierB=7 tierC=144 R=615179425 surv=17081 conf=17075 best=29 175.2s (4.14e+14 raw/s)
BEST n=29 a=24284180098488181 d=611839640876970  units=1 covered=7.255e+16 raw a  175.2s INTERRUPTED
