tierC order: 131 137 149 167 173 ... (145 primes)
unit K=2401 shift=0 MOD=1133661268029390 stage1=10(3,2,5,59,71,83,89,101,107,113) tierC=145 residues=4.67e+09 range=7.255e+16
*** n=10 a=24597283323889051 d=917568380852970 (K=2401 shift=0)
*** n=11 a=62372265152444461 d=917568380852970 (K=2401 shift=0)
*** n=12 a=32676717952798081 d=917568380852970 (K=2401 shift=0)
*** n=13 a=36653833655263081 d=917568380852970 (K=2401 shift=0)
*** n=17 a=21352844489128441 d=917568380852970 (K=2401 shift=0)
*** n=18 a=27551862824590921 d=917568380852970 (K=2401 shift=0)
*** n=19 a=23716887519736531 d=917568380852970 (K=2401 shift=0)
  .. K=2401 shift=0 R=6.711e+07 surv=1787 conf=1787 best=19 20s (3.4e+06 res/s)
*** n=20 a=70707955277820781 d=917568380852970 (K=2401 shift=0)
*** n=23 a=60934529907766081 d=917568380852970 (K=2401 shift=0)
  .. K=2401 shift=0 R=1.342e+08 surv=3644 conf=3644 best=23 40s (3.37e+06 res/s)
  .. K=2401 shift=0 R=2.013e+08 surv=5440 conf=5440 best=23 59s (3.39e+06 res/s)
*** n=25 a=30882650483654731 d=917568380852970 (K=2401 shift=0)
  .. K=2401 shift=0 R=2.684e+08 surv=7175 conf=7175 best=25 77s (3.47e+06 res/s)
*** n=26 a=67829658641833921 d=917568380852970 (K=2401 shift=0)
  .. K=2401 shift=0 R=3.355e+08 surv=9009 conf=9009 best=26 96s (3.5e+06 res/s)
  .. K=2401 shift=0 R=4.027e+08 surv=10820 conf=10820 best=26 114s (3.54e+06 res/s)
  .. K=2401 shift=0 R=4.698e+08 surv=12614 conf=12614 best=26 132s (3.56e+06 res/s)
  .. K=2401 shift=0 R=5.369e+08 surv=14437 conf=14437 best=26 150s (3.57e+06 res/s)
  .. K=2401 shift=0 R=6.04e+08 surv=16271 conf=16271 best=26 170s (3.56e+06 res/s)
K=2401 shift=0 MOD=1133661268029390 tierB=7 tierC=145 R=622522150 surv=16758 conf=16758 best=26 175.3s (4.14e+14 raw/s)
BEST n=26 a=67829658641833921 d=917568380852970  units=1 covered=7.255e+16 raw a  175.3s INTERRUPTED
