tierC order: 131 137 149 167 173 ... (145 primes)
unit K=2801 shift=0 MOD=1133661268029390 stage1=10(3,2,5,59,71,83,89,101,107,113) tierC=145 residues=4.67e+09 range=7.255e+16
*** n=8 a=14544369350128921 d=1070432750840970 (K=2801 shift=0)
*** n=10 a=64933911020962681 d=1070432750840970 (K=2801 shift=0)
*** n=11 a=48076036482678001 d=1070432750840970 (K=2801 shift=0)
*** n=14 a=80624095287731551 d=1070432750840970 (K=2801 shift=0)
*** n=15 a=35424785378755351 d=1070432750840970 (K=2801 shift=0)
*** n=19 a=66291751857396721 d=1070432750840970 (K=2801 shift=0)
*** n=21 a=43954855406524981 d=1070432750840970 (K=2801 shift=0)
  .. K=2801 shift=0 R=6.711e+07 surv=1829 conf=1829 best=21 20s (3.4e+06 res/s)
  .. K=2801 shift=0 R=1.342e+08 surv=3633 conf=3633 best=21 40s (3.4e+06 res/s)
*** n=25 a=15985944653877541 d=1070432750840970 (K=2801 shift=0)
  .. K=2801 shift=0 R=2.013e+08 surv=5443 conf=5443 best=25 59s (3.38e+06 res/s)
*** n=30 a=80424599439806551 d=1070432750840970 (K=2801 shift=0)
  .. K=2801 shift=0 R=2.684e+08 surv=7257 conf=7256 best=30 78s (3.44e+06 res/s)
  .. K=2801 shift=0 R=3.355e+08 surv=9055 conf=9053 best=30 97s (3.46e+06 res/s)
  .. K=2801 shift=0 R=4.027e+08 surv=10848 conf=10846 best=30 115s (3.51e+06 res/s)
  .. K=2801 shift=0 R=4.698e+08 surv=12611 conf=12608 best=30 133s (3.54e+06 res/s)
  .. K=2801 shift=0 R=5.369e+08 surv=14393 conf=14389 best=30 152s (3.54e+06 res/s)
  .. K=2801 shift=0 R=6.04e+08 surv=16130 conf=16126 best=30 171s (3.54e+06 res/s)
K=2801 shift=0 MOD=1133661268029390 tierB=7 tierC=145 R=619366778 surv=16531 conf=16527 best=30 175.3s (4.14e+14 raw/s)
BEST n=30 a=80424599439806551 d=1070432750840970  units=1 covered=7.255e+16 raw a  175.3s INTERRUPTED
