tierC order: 131 137 149 167 173 ... (144 primes)
unit K=5731 shift=0 MOD=1133661268029390 stage1=10(3,2,5,59,71,83,89,101,107,113) tierC=144 residues=4.67e+09 range=7.255e+16
*** n=3 a=56283719592066331 d=2190164261003070 (K=5731 shift=0)
*** n=7 a=12501296964774601 d=2190164261003070 (K=5731 shift=0)
*** n=12 a=73207837559901031 d=2190164261003070 (K=5731 shift=0)
*** n=15 a=20940051703091131 d=2190164261003070 (K=5731 shift=0)
*** n=16 a=13176946792864471 d=2190164261003070 (K=5731 shift=0)
*** n=19 a=74469008763453451 d=2190164261003070 (K=5731 shift=0)
*** n=21 a=50531973184733701 d=2190164261003070 (K=5731 shift=0)
  .. K=5731 shift=0 R=6.711e+07 surv=2077 conf=2074 best=21 10s (6.55e+06 res/s)
*** n=23 a=21929386825509541 d=2190164261003070 (K=5731 shift=0)
  .. K=5731 shift=0 R=1.342e+08 surv=4045 conf=4037 best=23 20s (6.69e+06 res/s)
  .. K=5731 shift=0 R=2.013e+08 surv=6021 conf=6009 best=23 30s (6.78e+06 res/s)
*** n=24 a=25004222922365851 d=2190164261003070 (K=5731 shift=0)
  .. K=5731 shift=0 R=2.684e+08 surv=8100 conf=8083 best=24 39s (6.81e+06 res/s)
  .. K=5731 shift=0 R=3.355e+08 surv=10066 conf=10043 best=24 49s (6.82e+06 res/s)
  .. K=5731 shift=0 R=4.027e+08 surv=12131 conf=12106 best=24 61s (6.65e+06 res/s)
  .. K=5731 shift=0 R=4.698e+08 surv=14199 conf=14173 best=24 71s (6.61e+06 res/s)
  .. K=5731 shift=0 R=5.369e+08 surv=16181 conf=16150 best=24 81s (6.6e+06 res/s)
  .. K=5731 shift=0 R=6.04e+08 surv=18201 conf=18165 best=24 92s (6.53e+06 res/s)
  .. K=5731 shift=0 R=6.711e+08 surv=20245 conf=20207 best=24 103s (6.51e+06 res/s)
*** n=33 a=49804313147095561 d=2190164261003070 (K=5731 shift=0)
  .. K=5731 shift=0 R=7.382e+08 surv=22182 conf=22140 best=33 114s (6.48e+06 res/s)
  .. K=5731 shift=0 R=8.053e+08 surv=24150 conf=24106 best=33 125s (6.47e+06 res/s)
  .. K=5731 shift=0 R=8.724e+08 surv=26084 conf=26038 best=33 135s (6.48e+06 res/s)
  .. K=5731 shift=0 R=9.395e+08 surv=28109 conf=28060 best=33 145s (6.47e+06 res/s)
  .. K=5731 shift=0 R=1.007e+09 surv=30080 conf=30027 best=33 156s (6.47e+06 res/s)
  .. K=5731 shift=0 R=1.074e+09 surv=32051 conf=31996 best=33 165s (6.5e+06 res/s)
  .. K=5731 shift=0 R=1.141e+09 surv=34076 conf=34019 best=33 176s (6.48e+06 res/s)
  .. K=5731 shift=0 R=1.208e+09 surv=36181 conf=36120 best=33 186s (6.48e+06 res/s)
  .. K=5731 shift=0 R=1.275e+09 surv=38252 conf=38187 best=33 197s (6.47e+06 res/s)
  .. K=5731 shift=0 R=1.342e+09 surv=40323 conf=40255 best=33 207s (6.48e+06 res/s)
  .. K=5731 shift=0 R=1.409e+09 surv=42343 conf=42274 best=33 217s (6.5e+06 res/s)
  .. K=5731 shift=0 R=1.476e+09 surv=44401 conf=44328 best=33 226s (6.52e+06 res/s)
  .. K=5731 shift=0 R=1.544e+09 surv=46375 conf=46301 best=33 236s (6.54e+06 res/s)
  .. K=5731 shift=0 R=1.611e+09 surv=48479 conf=48401 best=33 245s (6.56e+06 res/s)
  .. K=5731 shift=0 R=1.678e+09 surv=50481 conf=50400 best=33 256s (6.56e+06 res/s)
  .. K=5731 shift=0 R=1.745e+09 surv=52563 conf=52479 best=33 265s (6.57e+06 res/s)
  .. K=5731 shift=0 R=1.812e+09 surv=54568 conf=54480 best=33 276s (6.57e+06 res/s)
*** n=38 a=38366810132294317 d=2190164261003070 (K=5731 shift=0)
  .. K=5731 shift=0 R=1.879e+09 surv=56592 conf=56496 best=38 285s (6.58e+06 res/s)
  .. K=5731 shift=0 R=1.946e+09 surv=58665 conf=58564 best=38 296s (6.57e+06 res/s)
  .. K=5731 shift=0 R=2.013e+09 surv=60715 conf=60609 best=38 306s (6.58e+06 res/s)
  .. K=5731 shift=0 R=2.08e+09 surv=62710 conf=62603 best=38 316s (6.58e+06 res/s)
  .. K=5731 shift=0 R=2.147e+09 surv=64673 conf=64563 best=38 326s (6.58e+06 res/s)
  .. K=5731 shift=0 R=2.215e+09 surv=66719 conf=66609 best=38 336s (6.58e+06 res/s)
  .. K=5731 shift=0 R=2.282e+09 surv=68779 conf=68663 best=38 346s (6.59e+06 res/s)
  .. K=5731 shift=0 R=2.349e+09 surv=70782 conf=70663 best=38 356s (6.6e+06 res/s)
  .. K=5731 shift=0 R=2.416e+09 surv=72815 conf=72693 best=38 365s (6.61e+06 res/s)
  .. K=5731 shift=0 R=2.483e+09 surv=74837 conf=74714 best=38 375s (6.62e+06 res/s)
  .. K=5731 shift=0 R=2.55e+09 surv=76859 conf=76734 best=38 385s (6.63e+06 res/s)
  .. K=5731 shift=0 R=2.617e+09 surv=78856 conf=78728 best=38 394s (6.64e+06 res/s)
  .. K=5731 shift=0 R=2.684e+09 surv=80850 conf=80719 best=38 404s (6.65e+06 res/s)
  .. K=5731 shift=0 R=2.751e+09 surv=82896 conf=82761 best=38 414s (6.65e+06 res/s)
  .. K=5731 shift=0 R=2.819e+09 surv=84960 conf=84820 best=38 424s (6.65e+06 res/s)
  .. K=5731 shift=0 R=2.886e+09 surv=87081 conf=86937 best=38 433s (6.67e+06 res/s)
  .. K=5731 shift=0 R=2.953e+09 surv=89043 conf=88895 best=38 441s (6.69e+06 res/s)
  .. K=5731 shift=0 R=3.02e+09 surv=91000 conf=90848 best=38 451s (6.7e+06 res/s)
  .. K=5731 shift=0 R=3.087e+09 surv=93122 conf=92968 best=38 461s (6.7e+06 res/s)
  .. K=5731 shift=0 R=3.154e+09 surv=95187 conf=95031 best=38 470s (6.7e+06 res/s)
  .. K=5731 shift=0 R=3.221e+09 surv=97208 conf=97048 best=38 480s (6.71e+06 res/s)
  .. K=5731 shift=0 R=3.288e+09 surv=99191 conf=99026 best=38 489s (6.72e+06 res/s)
  .. K=5731 shift=0 R=3.355e+09 surv=101190 conf=101019 best=38 499s (6.72e+06 res/s)
  .. K=5731 shift=0 R=3.423e+09 surv=103138 conf=102961 best=38 509s (6.73e+06 res/s)
  .. K=5731 shift=0 R=3.49e+09 surv=105150 conf=104969 best=38 519s (6.73e+06 res/s)
  .. K=5731 shift=0 R=3.557e+09 surv=107202 conf=107017 best=38 529s (6.73e+06 res/s)
  .. K=5731 shift=0 R=3.624e+09 surv=109226 conf=109040 best=38 538s (6.73e+06 res/s)
  .. K=5731 shift=0 R=3.691e+09 surv=111262 conf=111069 best=38 547s (6.74e+06 res/s)
  .. K=5731 shift=0 R=3.758e+09 surv=113270 conf=113072 best=38 557s (6.75e+06 res/s)
  .. K=5731 shift=0 R=3.825e+09 surv=115257 conf=115054 best=38 567s (6.75e+06 res/s)
  .. K=5731 shift=0 R=3.892e+09 surv=117244 conf=117036 best=38 577s (6.75e+06 res/s)
  .. K=5731 shift=0 R=3.959e+09 surv=119198 conf=118988 best=38 587s (6.75e+06 res/s)
  .. K=5731 shift=0 R=4.027e+09 surv=121174 conf=120960 best=38 597s (6.75e+06 res/s)
  .. K=5731 shift=0 R=4.094e+09 surv=123206 conf=122986 best=38 606s (6.75e+06 res/s)
  .. K=5731 shift=0 R=4.161e+09 surv=125275 conf=125049 best=38 616s (6.75e+06 res/s)
  .. K=5731 shift=0 R=4.228e+09 surv=127333 conf=127103 best=38 626s (6.76e+06 res/s)
  .. K=5731 shift=0 R=4.295e+09 surv=129357 conf=129125 best=38 636s (6.76e+06 res/s)
  .. K=5731 shift=0 R=4.362e+09 surv=131350 conf=131112 best=38 645s (6.76e+06 res/s)
  .. K=5731 shift=0 R=4.429e+09 surv=133290 conf=133049 best=38 655s (6.76e+06 res/s)
  .. K=5731 shift=0 R=4.496e+09 surv=135306 conf=135062 best=38 665s (6.76e+06 res/s)
  .. K=5731 shift=0 R=4.563e+09 surv=137240 conf=136992 best=38 674s (6.77e+06 res/s)
  .. K=5731 shift=0 R=4.631e+09 surv=139246 conf=138996 best=38 684s (6.77e+06 res/s)
K=5731 shift=0 MOD=1133661268029390 tierB=7 tierC=144 R=4670165500 surv=140433 conf=140181 best=38 689.7s (1.05e+14 raw/s)
unit K=5732 shift=0 MOD=1133661268029390 stage1=10(3,2,5,59,71,83,89,101,107,113) tierC=144 residues=4.67e+09 range=7.255e+16
  .. K=5732 shift=0 R=6.711e+07 surv=1812 conf=1810 best=38 10s (6.89e+06 res/s)
  .. K=5732 shift=0 R=1.342e+08 surv=3688 conf=3685 best=38 19s (7.03e+06 res/s)
  .. K=5732 shift=0 R=2.013e+08 surv=5544 conf=5540 best=38 29s (7.04e+06 res/s)
  .. K=5732 shift=0 R=2.684e+08 surv=7438 conf=7433 best=38 38s (7.02e+06 res/s)
  .. K=5732 shift=0 R=3.355e+08 surv=9275 conf=9268 best=38 47s (7.07e+06 res/s)
  .. K=5732 shift=0 R=4.027e+08 surv=11155 conf=11146 best=38 57s (7.1e+06 res/s)
  .. K=5732 shift=0 R=4.698e+08 surv=12971 conf=12960 best=38 66s (7.12e+06 res/s)
  .. K=5732 shift=0 R=5.369e+08 surv=14820 conf=14808 best=38 75s (7.14e+06 res/s)
  .. K=5732 shift=0 R=6.04e+08 surv=16734 conf=16720 best=38 85s (7.14e+06 res/s)
  .. K=5732 shift=0 R=6.711e+08 surv=18730 conf=18716 best=38 94s (7.17e+06 res/s)
  .. K=5732 shift=0 R=7.382e+08 surv=20558 conf=20542 best=38 103s (7.18e+06 res/s)
  .. K=5732 shift=0 R=8.053e+08 surv=22457 conf=22441 best=38 112s (7.19e+06 res/s)
  .. K=5732 shift=0 R=8.724e+08 surv=24264 conf=24247 best=38 121s (7.22e+06 res/s)
  .. K=5732 shift=0 R=9.395e+08 surv=26108 conf=26090 best=38 130s (7.21e+06 res/s)
  .. K=5732 shift=0 R=1.007e+09 surv=27948 conf=27929 best=38 139s (7.23e+06 res/s)
  .. K=5732 shift=0 R=1.074e+09 surv=29817 conf=29796 best=38 148s (7.25e+06 res/s)
  .. K=5732 shift=0 R=1.141e+09 surv=31654 conf=31632 best=38 157s (7.26e+06 res/s)
  .. K=5732 shift=0 R=1.208e+09 surv=33573 conf=33551 best=38 167s (7.25e+06 res/s)
  .. K=5732 shift=0 R=1.275e+09 surv=35446 conf=35424 best=38 176s (7.24e+06 res/s)
  .. K=5732 shift=0 R=1.342e+09 surv=37362 conf=37340 best=38 186s (7.23e+06 res/s)
  .. K=5732 shift=0 R=1.409e+09 surv=39145 conf=39120 best=38 195s (7.24e+06 res/s)
  .. K=5732 shift=0 R=1.476e+09 surv=41072 conf=41047 best=38 204s (7.24e+06 res/s)
  .. K=5732 shift=0 R=1.544e+09 surv=42946 conf=42918 best=38 213s (7.24e+06 res/s)
  .. K=5732 shift=0 R=1.611e+09 surv=44806 conf=44778 best=38 222s (7.25e+06 res/s)
  .. K=5732 shift=0 R=1.678e+09 surv=46669 conf=46640 best=38 231s (7.25e+06 res/s)
  .. K=5732 shift=0 R=1.745e+09 surv=48547 conf=48517 best=38 242s (7.22e+06 res/s)
