tierC order: 131 137 149 167 173 ... (144 primes)
unit K=6931 shift=0 MOD=1133661268029390 stage1=10(3,2,5,59,71,83,89,101,107,113) tierC=144 residues=4.67e+09 range=7.255e+16
*** n=7 a=34473101162686591 d=2648757370967070 (K=6931 shift=0)
*** n=8 a=40092349895427481 d=2648757370967070 (K=6931 shift=0)
*** n=11 a=42396801861874891 d=2648757370967070 (K=6931 shift=0)
*** n=13 a=29001722165596261 d=2648757370967070 (K=6931 shift=0)
*** n=16 a=34282307680421641 d=2648757370967070 (K=6931 shift=0)
*** n=18 a=7688669574758581 d=2648757370967070 (K=6931 shift=0)
*** n=19 a=23589015938596111 d=2648757370967070 (K=6931 shift=0)
*** n=20 a=30370440280439791 d=2648757370967070 (K=6931 shift=0)
  .. K=6931 shift=0 R=6.711e+07 surv=2291 conf=2279 best=20 11s (6.05e+06 res/s)
  .. K=6931 shift=0 R=1.342e+08 surv=4579 conf=4556 best=20 22s (6.16e+06 res/s)
*** n=33 a=8676859119979111 d=2648757370967070 (K=6931 shift=0)
  .. K=6931 shift=0 R=2.013e+08 surv=6960 conf=6926 best=33 33s (6.12e+06 res/s)
  .. K=6931 shift=0 R=2.684e+08 surv=9385 conf=9342 best=33 44s (6.17e+06 res/s)
  .. K=6931 shift=0 R=3.355e+08 surv=11720 conf=11663 best=33 55s (6.15e+06 res/s)
  .. K=6931 shift=0 R=4.027e+08 surv=14075 conf=14010 best=33 67s (5.98e+06 res/s)
  .. K=6931 shift=0 R=4.698e+08 surv=16527 conf=16452 best=33 78s (5.99e+06 res/s)
  .. K=6931 shift=0 R=5.369e+08 surv=18881 conf=18793 best=33 90s (5.96e+06 res/s)
  .. K=6931 shift=0 R=6.04e+08 surv=21221 conf=21125 best=33 102s (5.93e+06 res/s)
  .. K=6931 shift=0 R=6.711e+08 surv=23466 conf=23366 best=33 114s (5.9e+06 res/s)
  .. K=6931 shift=0 R=7.382e+08 surv=25814 conf=25703 best=33 126s (5.86e+06 res/s)
  .. K=6931 shift=0 R=8.053e+08 surv=28201 conf=28085 best=33 137s (5.87e+06 res/s)
  .. K=6931 shift=0 R=8.724e+08 surv=30625 conf=30504 best=33 149s (5.85e+06 res/s)
  .. K=6931 shift=0 R=9.395e+08 surv=33033 conf=32905 best=33 160s (5.86e+06 res/s)
  .. K=6931 shift=0 R=1.007e+09 surv=35430 conf=35294 best=33 172s (5.86e+06 res/s)
  .. K=6931 shift=0 R=1.074e+09 surv=37797 conf=37652 best=33 184s (5.85e+06 res/s)
  .. K=6931 shift=0 R=1.141e+09 surv=40176 conf=40020 best=33 195s (5.84e+06 res/s)
  .. K=6931 shift=0 R=1.208e+09 surv=42512 conf=42350 best=33 206s (5.85e+06 res/s)
  .. K=6931 shift=0 R=1.275e+09 surv=44865 conf=44697 best=33 217s (5.89e+06 res/s)
  .. K=6931 shift=0 R=1.342e+09 surv=47295 conf=47121 best=33 227s (5.91e+06 res/s)
  .. K=6931 shift=0 R=1.409e+09 surv=49638 conf=49456 best=33 238s (5.93e+06 res/s)
  .. K=6931 shift=0 R=1.476e+09 surv=52117 conf=51924 best=33 249s (5.93e+06 res/s)
  .. K=6931 shift=0 R=1.544e+09 surv=54478 conf=54278 best=33 260s (5.95e+06 res/s)
  .. K=6931 shift=0 R=1.611e+09 surv=56936 conf=56730 best=33 271s (5.95e+06 res/s)
  .. K=6931 shift=0 R=1.678e+09 surv=59337 conf=59119 best=33 282s (5.95e+06 res/s)
  .. K=6931 shift=0 R=1.745e+09 surv=61713 conf=61488 best=33 294s (5.94e+06 res/s)
  .. K=6931 shift=0 R=1.812e+09 surv=64099 conf=63863 best=33 305s (5.94e+06 res/s)
  .. K=6931 shift=0 R=1.879e+09 surv=66524 conf=66277 best=33 316s (5.95e+06 res/s)
  .. K=6931 shift=0 R=1.946e+09 surv=68901 conf=68642 best=33 327s (5.95e+06 res/s)
  .. K=6931 shift=0 R=2.013e+09 surv=71339 conf=71073 best=33 339s (5.94e+06 res/s)
  .. K=6931 shift=0 R=2.08e+09 surv=73770 conf=73495 best=33 350s (5.95e+06 res/s)
  .. K=6931 shift=0 R=2.147e+09 surv=76155 conf=75874 best=33 360s (5.96e+06 res/s)
  .. K=6931 shift=0 R=2.215e+09 surv=78475 conf=78182 best=33 371s (5.97e+06 res/s)
  .. K=6931 shift=0 R=2.282e+09 surv=80869 conf=80563 best=33 381s (5.99e+06 res/s)
  .. K=6931 shift=0 R=2.349e+09 surv=83271 conf=82950 best=33 392s (5.99e+06 res/s)
  .. K=6931 shift=0 R=2.416e+09 surv=85697 conf=85365 best=33 403s (6e+06 res/s)
  .. K=6931 shift=0 R=2.483e+09 surv=88026 conf=87680 best=33 414s (6e+06 res/s)
  .. K=6931 shift=0 R=2.55e+09 surv=90437 conf=90081 best=33 424s (6.01e+06 res/s)
  .. K=6931 shift=0 R=2.617e+09 surv=92847 conf=92479 best=33 434s (6.03e+06 res/s)
  .. K=6931 shift=0 R=2.684e+09 surv=95194 conf=94815 best=33 445s (6.04e+06 res/s)
  .. K=6931 shift=0 R=2.751e+09 surv=97563 conf=97170 best=33 455s (6.04e+06 res/s)
  .. K=6931 shift=0 R=2.819e+09 surv=99943 conf=99534 best=33 466s (6.04e+06 res/s)
  .. K=6931 shift=0 R=2.886e+09 surv=102424 conf=102006 best=33 477s (6.05e+06 res/s)
  .. K=6931 shift=0 R=2.953e+09 surv=104787 conf=104363 best=33 488s (6.06e+06 res/s)
  .. K=6931 shift=0 R=3.02e+09 surv=107160 conf=106724 best=33 498s (6.06e+06 res/s)
  .. K=6931 shift=0 R=3.087e+09 surv=109601 conf=109148 best=33 509s (6.07e+06 res/s)
  .. K=6931 shift=0 R=3.154e+09 surv=111942 conf=111479 best=33 519s (6.07e+06 res/s)
  .. K=6931 shift=0 R=3.221e+09 surv=114370 conf=113898 best=33 531s (6.07e+06 res/s)
  .. K=6931 shift=0 R=3.288e+09 surv=116624 conf=116139 best=33 541s (6.08e+06 res/s)
  .. K=6931 shift=0 R=3.355e+09 surv=119115 conf=118619 best=33 551s (6.09e+06 res/s)
  .. K=6931 shift=0 R=3.423e+09 surv=121497 conf=120986 best=33 562s (6.09e+06 res/s)
  .. K=6931 shift=0 R=3.49e+09 surv=123874 conf=123353 best=33 573s (6.09e+06 res/s)
  .. K=6931 shift=0 R=3.557e+09 surv=126201 conf=125674 best=33 584s (6.09e+06 res/s)
  .. K=6931 shift=0 R=3.624e+09 surv=128560 conf=128019 best=33 595s (6.09e+06 res/s)
  .. K=6931 shift=0 R=3.691e+09 surv=130987 conf=130432 best=33 606s (6.09e+06 res/s)
  .. K=6931 shift=0 R=3.758e+09 surv=133418 conf=132852 best=33 617s (6.09e+06 res/s)
  .. K=6931 shift=0 R=3.825e+09 surv=135827 conf=135250 best=33 628s (6.09e+06 res/s)
  .. K=6931 shift=0 R=3.892e+09 surv=138140 conf=137555 best=33 639s (6.09e+06 res/s)
  .. K=6931 shift=0 R=3.959e+09 surv=140471 conf=139870 best=33 649s (6.1e+06 res/s)
  .. K=6931 shift=0 R=4.027e+09 surv=142882 conf=142267 best=33 661s (6.1e+06 res/s)
  .. K=6931 shift=0 R=4.094e+09 surv=145269 conf=144640 best=33 671s (6.11e+06 res/s)
  .. K=6931 shift=0 R=4.161e+09 surv=147594 conf=146957 best=33 681s (6.11e+06 res/s)
  .. K=6931 shift=0 R=4.228e+09 surv=150026 conf=149379 best=33 692s (6.11e+06 res/s)
  .. K=6931 shift=0 R=4.295e+09 surv=152437 conf=151779 best=33 704s (6.1e+06 res/s)
  .. K=6931 shift=0 R=4.362e+09 surv=154802 conf=154135 best=33 715s (6.1e+06 res/s)
  .. K=6931 shift=0 R=4.429e+09 surv=157254 conf=156578 best=33 726s (6.1e+06 res/s)
  .. K=6931 shift=0 R=4.496e+09 surv=159661 conf=158972 best=33 736s (6.11e+06 res/s)
  .. K=6931 shift=0 R=4.563e+09 surv=162139 conf=161439 best=33 747s (6.11e+06 res/s)
  .. K=6931 shift=0 R=4.631e+09 surv=164580 conf=163868 best=33 758s (6.11e+06 res/s)
K=6931 shift=0 MOD=1133661268029390 tierB=7 tierC=144 R=4670165500 surv=165979 conf=165263 best=33 764.2s (9.49e+13 raw/s)
unit K=6932 shift=0 MOD=1133661268029390 stage1=10(3,2,5,59,71,83,89,101,107,113) tierC=144 residues=4.67e+09 range=7.255e+16
  .. K=6932 shift=0 R=6.711e+07 surv=1817 conf=1815 best=33 10s (6.9e+06 res/s)
  .. K=6932 shift=0 R=1.342e+08 surv=3657 conf=3654 best=33 19s (7.08e+06 res/s)
  .. K=6932 shift=0 R=2.013e+08 surv=5554 conf=5550 best=33 29s (7.05e+06 res/s)
  .. K=6932 shift=0 R=2.684e+08 surv=7384 conf=7379 best=33 38s (7.05e+06 res/s)
  .. K=6932 shift=0 R=3.355e+08 surv=9216 conf=9209 best=33 47s (7.07e+06 res/s)
  .. K=6932 shift=0 R=4.027e+08 surv=11158 conf=11149 best=33 57s (7e+06 res/s)
  .. K=6932 shift=0 R=4.698e+08 surv=13112 conf=13102 best=33 67s (6.99e+06 res/s)
  .. K=6932 shift=0 R=5.369e+08 surv=14987 conf=14976 best=33 76s (7.06e+06 res/s)
  .. K=6932 shift=0 R=6.04e+08 surv=16845 conf=16832 best=33 86s (7.04e+06 res/s)
  .. K=6932 shift=0 R=6.711e+08 surv=18641 conf=18628 best=33 95s (7.04e+06 res/s)
  .. K=6932 shift=0 R=7.382e+08 surv=20495 conf=20480 best=33 105s (7.05e+06 res/s)
  .. K=6932 shift=0 R=8.053e+08 surv=22407 conf=22392 best=33 115s (7.03e+06 res/s)
  .. K=6932 shift=0 R=8.724e+08 surv=24222 conf=24206 best=33 124s (7.03e+06 res/s)
  .. K=6932 shift=0 R=9.395e+08 surv=26087 conf=26070 best=33 134s (7.03e+06 res/s)
  .. K=6932 shift=0 R=1.007e+09 surv=27940 conf=27923 best=33 143s (7.03e+06 res/s)
  .. K=6932 shift=0 R=1.074e+09 surv=29866 conf=29847 best=33 153s (7.03e+06 res/s)
  .. K=6932 shift=0 R=1.141e+09 surv=31714 conf=31694 best=33 163s (7.01e+06 res/s)
  .. K=6932 shift=0 R=1.208e+09 surv=33502 conf=33482 best=33 173s (6.98e+06 res/s)
  .. K=6932 shift=0 R=1.275e+09 surv=35358 conf=35338 best=33 183s (6.98e+06 res/s)
  .. K=6932 shift=0 R=1.342e+09 surv=37242 conf=37222 best=33 193s (6.97e+06 res/s)
  .. K=6932 shift=0 R=1.409e+09 surv=39052 conf=39031 best=33 202s (6.97e+06 res/s)
  .. K=6932 shift=0 R=1.476e+09 surv=40977 conf=40956 best=33 212s (6.96e+06 res/s)
  .. K=6932 shift=0 R=1.544e+09 surv=42887 conf=42864 best=33 222s (6.95e+06 res/s)
  .. K=6932 shift=0 R=1.611e+09 surv=44766 conf=44743 best=33 232s (6.96e+06 res/s)
  .. K=6932 shift=0 R=1.678e+09 surv=46641 conf=46617 best=33 241s (6.95e+06 res/s)
  .. K=6932 shift=0 R=1.745e+09 surv=48493 conf=48468 best=33 251s (6.95e+06 res/s)
  .. K=6932 shift=0 R=1.812e+09 surv=50358 conf=50330 best=33 261s (6.95e+06 res/s)
  .. K=6932 shift=0 R=1.879e+09 surv=52288 conf=52259 best=33 270s (6.95e+06 res/s)
  .. K=6932 shift=0 R=1.946e+09 surv=54073 conf=54043 best=33 280s (6.96e+06 res/s)
  .. K=6932 shift=0 R=2.013e+09 surv=55937 conf=55906 best=33 290s (6.95e+06 res/s)
  .. K=6932 shift=0 R=2.08e+09 surv=57740 conf=57709 best=33 299s (6.95e+06 res/s)
  .. K=6932 shift=0 R=2.147e+09 surv=59572 conf=59541 best=33 310s (6.94e+06 res/s)
  .. K=6932 shift=0 R=2.215e+09 surv=61451 conf=61419 best=33 319s (6.94e+06 res/s)
  .. K=6932 shift=0 R=2.282e+09 surv=63284 conf=63252 best=33 329s (6.93e+06 res/s)
  .. K=6932 shift=0 R=2.349e+09 surv=65121 conf=65089 best=33 339s (6.93e+06 res/s)
  .. K=6932 shift=0 R=2.416e+09 surv=66964 conf=66931 best=33 349s (6.93e+06 res/s)
  .. K=6932 shift=0 R=2.483e+09 surv=68825 conf=68789 best=33 358s (6.93e+06 res/s)
  .. K=6932 shift=0 R=2.55e+09 surv=70708 conf=70669 best=33 371s (6.87e+06 res/s)
  .. K=6932 shift=0 R=2.617e+09 surv=72573 conf=72533 best=33 382s (6.85e+06 res/s)
  .. K=6932 shift=0 R=2.684e+09 surv=74371 conf=74330 best=33 393s (6.82e+06 res/s)
  .. K=6932 shift=0 R=2.751e+09 surv=76217 conf=76174 best=33 407s (6.77e+06 res/s)
  .. K=6932 shift=0 R=2.819e+09 surv=78047 conf=78003 best=33 419s (6.73e+06 res/s)
  .. K=6932 shift=0 R=2.886e+09 surv=79904 conf=79859 best=33 430s (6.71e+06 res/s)
  .. K=6932 shift=0 R=2.953e+09 surv=81770 conf=81723 best=33 440s (6.71e+06 res/s)
  .. K=6932 shift=0 R=3.02e+09 surv=83614 conf=83566 best=33 451s (6.7e+06 res/s)
  .. K=6932 shift=0 R=3.087e+09 surv=85467 conf=85418 best=33 461s (6.7e+06 res/s)
  .. K=6932 shift=0 R=3.154e+09 surv=87312 conf=87261 best=33 472s (6.69e+06 res/s)
  .. K=6932 shift=0 R=3.221e+09 surv=89197 conf=89144 best=33 482s (6.69e+06 res/s)
  .. K=6932 shift=0 R=3.288e+09 surv=90998 conf=90943 best=33 493s (6.67e+06 res/s)
  .. K=6932 shift=0 R=3.355e+09 surv=92884 conf=92827 best=33 503s (6.67e+06 res/s)
  .. K=6932 shift=0 R=3.423e+09 surv=94731 conf=94674 best=33 514s (6.66e+06 res/s)
  .. K=6932 shift=0 R=3.49e+09 surv=96554 conf=96495 best=33 525s (6.65e+06 res/s)
  .. K=6932 shift=0 R=3.557e+09 surv=98375 conf=98315 best=33 536s (6.64e+06 res/s)
  .. K=6932 shift=0 R=3.624e+09 surv=100253 conf=100190 best=33 546s (6.63e+06 res/s)
  .. K=6932 shift=0 R=3.691e+09 surv=102095 conf=102030 best=33 559s (6.6e+06 res/s)
  .. K=6932 shift=0 R=3.758e+09 surv=103995 conf=103929 best=33 569s (6.6e+06 res/s)
  .. K=6932 shift=0 R=3.825e+09 surv=105863 conf=105797 best=33 579s (6.6e+06 res/s)
  .. K=6932 shift=0 R=3.892e+09 surv=107678 conf=107610 best=33 590s (6.6e+06 res/s)
  .. K=6932 shift=0 R=3.959e+09 surv=109522 conf=109454 best=33 599s (6.61e+06 res/s)
  .. K=6932 shift=0 R=4.027e+09 surv=111347 conf=111278 best=33 610s (6.6e+06 res/s)
  .. K=6932 shift=0 R=4.094e+09 surv=113190 conf=113121 best=33 619s (6.61e+06 res/s)
  .. K=6932 shift=0 R=4.161e+09 surv=115042 conf=114970 best=33 629s (6.61e+06 res/s)
  .. K=6932 shift=0 R=4.228e+09 surv=116905 conf=116831 best=33 639s (6.62e+06 res/s)
  .. K=6932 shift=0 R=4.295e+09 surv=118741 conf=118665 best=33 648s (6.62e+06 res/s)
  .. K=6932 shift=0 R=4.362e+09 surv=120557 conf=120481 best=33 659s (6.62e+06 res/s)
  .. K=6932 shift=0 R=4.429e+09 surv=122455 conf=122376 best=33 670s (6.61e+06 res/s)
  .. K=6932 shift=0 R=4.496e+09 surv=124303 conf=124222 best=33 682s (6.59e+06 res/s)
  .. K=6932 shift=0 R=4.563e+09 surv=126135 conf=126053 best=33 693s (6.58e+06 res/s)
  .. K=6932 shift=0 R=4.631e+09 surv=127918 conf=127834 best=33 703s (6.59e+06 res/s)
K=6932 shift=0 MOD=1133661268029390 tierB=7 tierC=144 R=4670165500 surv=128966 conf=128881 best=33 708.9s (1.02e+14 raw/s)
unit K=6933 shift=0 MOD=1133661268029390 stage1=10(3,2,5,59,71,83,89,101,107,113) tierC=145 residues=4.67e+09 range=7.255e+16
  .. K=6933 shift=0 R=6.711e+07 surv=1840 conf=1840 best=33 10s (6.78e+06 res/s)
  .. K=6933 shift=0 R=1.342e+08 surv=3639 conf=3639 best=33 20s (6.76e+06 res/s)
  .. K=6933 shift=0 R=2.013e+08 surv=5526 conf=5526 best=33 30s (6.72e+06 res/s)
  .. K=6933 shift=0 R=2.684e+08 surv=7279 conf=7279 best=33 40s (6.72e+06 res/s)
  .. K=6933 shift=0 R=3.355e+08 surv=9036 conf=9036 best=33 51s (6.59e+06 res/s)
  .. K=6933 shift=0 R=4.027e+08 surv=10857 conf=10857 best=33 61s (6.55e+06 res/s)
  .. K=6933 shift=0 R=4.698e+08 surv=12687 conf=12687 best=33 71s (6.59e+06 res/s)
  .. K=6933 shift=0 R=5.369e+08 surv=14473 conf=14473 best=33 82s (6.57e+06 res/s)
  .. K=6933 shift=0 R=6.04e+08 surv=16280 conf=16280 best=33 92s (6.59e+06 res/s)
  .. K=6933 shift=0 R=6.711e+08 surv=18070 conf=18070 best=33 102s (6.6e+06 res/s)
  .. K=6933 shift=0 R=7.382e+08 surv=19858 conf=19858 best=33 111s (6.64e+06 res/s)
  .. K=6933 shift=0 R=8.053e+08 surv=21670 conf=21670 best=33 121s (6.66e+06 res/s)
  .. K=6933 shift=0 R=8.724e+08 surv=23439 conf=23439 best=33 131s (6.67e+06 res/s)
  .. K=6933 shift=0 R=9.395e+08 surv=25244 conf=25244 best=33 140s (6.7e+06 res/s)
  .. K=6933 shift=0 R=1.007e+09 surv=26983 conf=26983 best=33 150s (6.7e+06 res/s)
  .. K=6933 shift=0 R=1.074e+09 surv=28805 conf=28805 best=33 160s (6.72e+06 res/s)
  .. K=6933 shift=0 R=1.141e+09 surv=30625 conf=30625 best=33 169s (6.73e+06 res/s)
  .. K=6933 shift=0 R=1.208e+09 surv=32507 conf=32507 best=33 181s (6.67e+06 res/s)
  .. K=6933 shift=0 R=1.275e+09 surv=34254 conf=34254 best=33 191s (6.66e+06 res/s)
  .. K=6933 shift=0 R=1.342e+09 surv=36059 conf=36059 best=33 203s (6.62e+06 res/s)
  .. K=6933 shift=0 R=1.409e+09 surv=37823 conf=37823 best=33 213s (6.61e+06 res/s)
  .. K=6933 shift=0 R=1.476e+09 surv=39515 conf=39515 best=33 223s (6.62e+06 res/s)
  .. K=6933 shift=0 R=1.544e+09 surv=41328 conf=41328 best=33 233s (6.61e+06 res/s)
  .. K=6933 shift=0 R=1.611e+09 surv=43082 conf=43082 best=33 244s (6.61e+06 res/s)
  .. K=6933 shift=0 R=1.678e+09 surv=44842 conf=44842 best=33 253s (6.63e+06 res/s)
  .. K=6933 shift=0 R=1.745e+09 surv=46606 conf=46606 best=33 263s (6.63e+06 res/s)
  .. K=6933 shift=0 R=1.812e+09 surv=48383 conf=48383 best=33 274s (6.61e+06 res/s)
  .. K=6933 shift=0 R=1.879e+09 surv=50222 conf=50222 best=33 284s (6.61e+06 res/s)
  .. K=6933 shift=0 R=1.946e+09 surv=52097 conf=52097 best=33 294s (6.61e+06 res/s)
  .. K=6933 shift=0 R=2.013e+09 surv=53853 conf=53853 best=33 304s (6.62e+06 res/s)
  .. K=6933 shift=0 R=2.08e+09 surv=55629 conf=55629 best=33 319s (6.53e+06 res/s)
  .. K=6933 shift=0 R=2.147e+09 surv=57345 conf=57345 best=33 329s (6.53e+06 res/s)
  .. K=6933 shift=0 R=2.215e+09 surv=59143 conf=59143 best=33 338s (6.56e+06 res/s)
  .. K=6933 shift=0 R=2.282e+09 surv=60937 conf=60937 best=33 348s (6.56e+06 res/s)
K=6933 shift=0 MOD=1133661268029390 tierB=7 tierC=145 R=2343434756 surv=62559 conf=62559 best=33 357.6s (2.03e+14 raw/s)
BEST n=33 a=8676859119979111 d=2648757370967070  units=3 covered=2.177e+17 raw a  1830.8s INTERRUPTED
tierC order: 131 137 149 167 173 ... (144 primes)
unit K=6931 shift=0 MOD=1133661268029390 stage1=10(3,2,5,59,71,83,89,101,107,113) tierC=144 residues=4.67e+09 range=7.255e+16
*** n=7 a=34473101162686591 d=2648757370967070 (K=6931 shift=0)
*** n=8 a=40092349895427481 d=2648757370967070 (K=6931 shift=0)
*** n=11 a=42396801861874891 d=2648757370967070 (K=6931 shift=0)
*** n=13 a=29001722165596261 d=2648757370967070 (K=6931 shift=0)
*** n=16 a=34282307680421641 d=2648757370967070 (K=6931 shift=0)
*** n=18 a=7688669574758581 d=2648757370967070 (K=6931 shift=0)
*** n=19 a=23589015938596111 d=2648757370967070 (K=6931 shift=0)
*** n=20 a=30370440280439791 d=2648757370967070 (K=6931 shift=0)
  .. K=6931 shift=0 R=6.711e+07 surv=2291 conf=2279 best=20 9s (7.2e+06 res/s)
  .. K=6931 shift=0 R=1.342e+08 surv=4579 conf=4556 best=20 20s (6.85e+06 res/s)
*** n=33 a=8676859119979111 d=2648757370967070 (K=6931 shift=0)
  .. K=6931 shift=0 R=2.013e+08 surv=6960 conf=6926 best=33 30s (6.69e+06 res/s)
  .. K=6931 shift=0 R=2.684e+08 surv=9385 conf=9342 best=33 40s (6.72e+06 res/s)
  .. K=6931 shift=0 R=3.355e+08 surv=11720 conf=11663 best=33 50s (6.69e+06 res/s)
  .. K=6931 shift=0 R=4.027e+08 surv=14075 conf=14010 best=33 61s (6.64e+06 res/s)
  .. K=6931 shift=0 R=4.698e+08 surv=16527 conf=16452 best=33 73s (6.46e+06 res/s)
  .. K=6931 shift=0 R=5.369e+08 surv=18881 conf=18793 best=33 83s (6.45e+06 res/s)
  .. K=6931 shift=0 R=6.04e+08 surv=21221 conf=21125 best=33 95s (6.33e+06 res/s)
  .. K=6931 shift=0 R=6.711e+08 surv=23466 conf=23366 best=33 107s (6.24e+06 res/s)
  .. K=6931 shift=0 R=7.382e+08 surv=25814 conf=25703 best=33 118s (6.26e+06 res/s)
  .. K=6931 shift=0 R=8.053e+08 surv=28201 conf=28085 best=33 130s (6.19e+06 res/s)
  .. K=6931 shift=0 R=8.724e+08 surv=30625 conf=30504 best=33 144s (6.04e+06 res/s)
  .. K=6931 shift=0 R=9.395e+08 surv=33033 conf=32905 best=33 162s (5.78e+06 res/s)
  .. K=6931 shift=0 R=1.007e+09 surv=35430 conf=35294 best=33 175s (5.74e+06 res/s)
  .. K=6931 shift=0 R=1.074e+09 surv=37797 conf=37652 best=33 192s (5.59e+06 res/s)
  .. K=6931 shift=0 R=1.141e+09 surv=40176 conf=40020 best=33 208s (5.47e+06 res/s)
  .. K=6931 shift=0 R=1.208e+09 surv=42512 conf=42350 best=33 220s (5.48e+06 res/s)
  .. K=6931 shift=0 R=1.275e+09 surv=44865 conf=44697 best=33 234s (5.44e+06 res/s)
  .. K=6931 shift=0 R=1.342e+09 surv=47295 conf=47121 best=33 249s (5.38e+06 res/s)
  .. K=6931 shift=0 R=1.409e+09 surv=49638 conf=49456 best=33 260s (5.41e+06 res/s)
  .. K=6931 shift=0 R=1.476e+09 surv=52117 conf=51924 best=33 279s (5.3e+06 res/s)
  .. K=6931 shift=0 R=1.544e+09 surv=54478 conf=54278 best=33 295s (5.23e+06 res/s)
  .. K=6931 shift=0 R=1.611e+09 surv=56936 conf=56730 best=33 311s (5.18e+06 res/s)
  .. K=6931 shift=0 R=1.678e+09 surv=59337 conf=59119 best=33 324s (5.17e+06 res/s)
  .. K=6931 shift=0 R=1.745e+09 surv=61713 conf=61488 best=33 337s (5.17e+06 res/s)
  .. K=6931 shift=0 R=1.812e+09 surv=64099 conf=63863 best=33 350s (5.18e+06 res/s)
  .. K=6931 shift=0 R=1.879e+09 surv=66524 conf=66277 best=33 361s (5.2e+06 res/s)
  .. K=6931 shift=0 R=1.946e+09 surv=68901 conf=68642 best=33 372s (5.23e+06 res/s)
  .. K=6931 shift=0 R=2.013e+09 surv=71339 conf=71073 best=33 384s (5.24e+06 res/s)
  .. K=6931 shift=0 R=2.08e+09 surv=73770 conf=73495 best=33 395s (5.27e+06 res/s)
  .. K=6931 shift=0 R=2.147e+09 surv=76155 conf=75874 best=33 406s (5.29e+06 res/s)
  .. K=6931 shift=0 R=2.215e+09 surv=78475 conf=78182 best=33 417s (5.31e+06 res/s)
  .. K=6931 shift=0 R=2.282e+09 surv=80869 conf=80563 best=33 428s (5.34e+06 res/s)
  .. K=6931 shift=0 R=2.349e+09 surv=83271 conf=82950 best=33 439s (5.35e+06 res/s)
  .. K=6931 shift=0 R=2.416e+09 surv=85697 conf=85365 best=33 450s (5.37e+06 res/s)
  .. K=6931 shift=0 R=2.483e+09 surv=88026 conf=87680 best=33 461s (5.39e+06 res/s)
  .. K=6931 shift=0 R=2.55e+09 surv=90437 conf=90081 best=33 472s (5.41e+06 res/s)
  .. K=6931 shift=0 R=2.617e+09 surv=92847 conf=92479 best=33 483s (5.42e+06 res/s)
  .. K=6931 shift=0 R=2.684e+09 surv=95194 conf=94815 best=33 493s (5.44e+06 res/s)
  .. K=6931 shift=0 R=2.751e+09 surv=97563 conf=97170 best=33 504s (5.46e+06 res/s)
  .. K=6931 shift=0 R=2.819e+09 surv=99943 conf=99534 best=33 514s (5.48e+06 res/s)
  .. K=6931 shift=0 R=2.886e+09 surv=102424 conf=102006 best=33 525s (5.5e+06 res/s)
  .. K=6931 shift=0 R=2.953e+09 surv=104787 conf=104363 best=33 536s (5.51e+06 res/s)
  .. K=6931 shift=0 R=3.02e+09 surv=107160 conf=106724 best=33 546s (5.53e+06 res/s)
  .. K=6931 shift=0 R=3.087e+09 surv=109601 conf=109148 best=33 558s (5.54e+06 res/s)
  .. K=6931 shift=0 R=3.154e+09 surv=111942 conf=111479 best=33 568s (5.55e+06 res/s)
  .. K=6931 shift=0 R=3.221e+09 surv=114370 conf=113898 best=33 578s (5.57e+06 res/s)
  .. K=6931 shift=0 R=3.288e+09 surv=116624 conf=116139 best=33 589s (5.58e+06 res/s)
  .. K=6931 shift=0 R=3.355e+09 surv=119115 conf=118619 best=33 600s (5.59e+06 res/s)
  .. K=6931 shift=0 R=3.423e+09 surv=121497 conf=120986 best=33 611s (5.61e+06 res/s)
  .. K=6931 shift=0 R=3.49e+09 surv=123874 conf=123353 best=33 621s (5.62e+06 res/s)
  .. K=6931 shift=0 R=3.557e+09 surv=126201 conf=125674 best=33 632s (5.63e+06 res/s)
  .. K=6931 shift=0 R=3.624e+09 surv=128560 conf=128019 best=33 642s (5.64e+06 res/s)
  .. K=6931 shift=0 R=3.691e+09 surv=130987 conf=130432 best=33 654s (5.65e+06 res/s)
  .. K=6931 shift=0 R=3.758e+09 surv=133418 conf=132852 best=33 665s (5.65e+06 res/s)
  .. K=6931 shift=0 R=3.825e+09 surv=135827 conf=135250 best=33 675s (5.66e+06 res/s)
  .. K=6931 shift=0 R=3.892e+09 surv=138140 conf=137555 best=33 685s (5.68e+06 res/s)
  .. K=6931 shift=0 R=3.959e+09 surv=140471 conf=139870 best=33 696s (5.69e+06 res/s)
  .. K=6931 shift=0 R=4.027e+09 surv=142882 conf=142267 best=33 706s (5.7e+06 res/s)
  .. K=6931 shift=0 R=4.094e+09 surv=145269 conf=144640 best=33 717s (5.71e+06 res/s)
  .. K=6931 shift=0 R=4.161e+09 surv=147594 conf=146957 best=33 727s (5.72e+06 res/s)
  .. K=6931 shift=0 R=4.228e+09 surv=150026 conf=149379 best=33 738s (5.73e+06 res/s)
  .. K=6931 shift=0 R=4.295e+09 surv=152437 conf=151779 best=33 749s (5.74e+06 res/s)
  .. K=6931 shift=0 R=4.362e+09 surv=154802 conf=154135 best=33 759s (5.75e+06 res/s)
  .. K=6931 shift=0 R=4.429e+09 surv=157254 conf=156578 best=33 769s (5.76e+06 res/s)
  .. K=6931 shift=0 R=4.496e+09 surv=159661 conf=158972 best=33 780s (5.77e+06 res/s)
  .. K=6931 shift=0 R=4.563e+09 surv=162139 conf=161439 best=33 790s (5.77e+06 res/s)
  .. K=6931 shift=0 R=4.631e+09 surv=164580 conf=163868 best=33 801s (5.78e+06 res/s)
K=6931 shift=0 MOD=1133661268029390 tierB=7 tierC=144 R=4670165500 surv=165979 conf=165263 best=33 808.4s (8.98e+13 raw/s)
unit K=6932 shift=0 MOD=1133661268029390 stage1=10(3,2,5,59,71,83,89,101,107,113) tierC=144 residues=4.67e+09 range=7.255e+16
  .. K=6932 shift=0 R=6.711e+07 surv=1817 conf=1815 best=33 10s (6.41e+06 res/s)
  .. K=6932 shift=0 R=1.342e+08 surv=3657 conf=3654 best=33 21s (6.42e+06 res/s)
  .. K=6932 shift=0 R=2.013e+08 surv=5554 conf=5550 best=33 31s (6.47e+06 res/s)
  .. K=6932 shift=0 R=2.684e+08 surv=7384 conf=7379 best=33 41s (6.56e+06 res/s)
  .. K=6932 shift=0 R=3.355e+08 surv=9216 conf=9209 best=33 51s (6.55e+06 res/s)
  .. K=6932 shift=0 R=4.027e+08 surv=11158 conf=11149 best=33 61s (6.57e+06 res/s)
  .. K=6932 shift=0 R=4.698e+08 surv=13112 conf=13102 best=33 71s (6.58e+06 res/s)
  .. K=6932 shift=0 R=5.369e+08 surv=14987 conf=14976 best=33 82s (6.54e+06 res/s)
  .. K=6932 shift=0 R=6.04e+08 surv=16845 conf=16832 best=33 92s (6.55e+06 res/s)
  .. K=6932 shift=0 R=6.711e+08 surv=18641 conf=18628 best=33 102s (6.6e+06 res/s)
  .. K=6932 shift=0 R=7.382e+08 surv=20495 conf=20480 best=33 113s (6.56e+06 res/s)
  .. K=6932 shift=0 R=8.053e+08 surv=22407 conf=22392 best=33 125s (6.45e+06 res/s)
  .. K=6932 shift=0 R=8.724e+08 surv=24222 conf=24206 best=33 136s (6.43e+06 res/s)
  .. K=6932 shift=0 R=9.395e+08 surv=26087 conf=26070 best=33 147s (6.38e+06 res/s)
  .. K=6932 shift=0 R=1.007e+09 surv=27940 conf=27923 best=33 157s (6.4e+06 res/s)
  .. K=6932 shift=0 R=1.074e+09 surv=29866 conf=29847 best=33 168s (6.39e+06 res/s)
  .. K=6932 shift=0 R=1.141e+09 surv=31714 conf=31694 best=33 178s (6.41e+06 res/s)
  .. K=6932 shift=0 R=1.208e+09 surv=33502 conf=33482 best=33 188s (6.42e+06 res/s)
  .. K=6932 shift=0 R=1.275e+09 surv=35358 conf=35338 best=33 198s (6.43e+06 res/s)
  .. K=6932 shift=0 R=1.342e+09 surv=37242 conf=37222 best=33 209s (6.42e+06 res/s)
  .. K=6932 shift=0 R=1.409e+09 surv=39052 conf=39031 best=33 219s (6.43e+06 res/s)
  .. K=6932 shift=0 R=1.476e+09 surv=40977 conf=40956 best=33 230s (6.43e+06 res/s)
  .. K=6932 shift=0 R=1.544e+09 surv=42887 conf=42864 best=33 240s (6.42e+06 res/s)
  .. K=6932 shift=0 R=1.611e+09 surv=44766 conf=44743 best=33 251s (6.43e+06 res/s)
  .. K=6932 shift=0 R=1.678e+09 surv=46641 conf=46617 best=33 261s (6.42e+06 res/s)
  .. K=6932 shift=0 R=1.745e+09 surv=48493 conf=48468 best=33 272s (6.42e+06 res/s)
  .. K=6932 shift=0 R=1.812e+09 surv=50358 conf=50330 best=33 282s (6.43e+06 res/s)
  .. K=6932 shift=0 R=1.879e+09 surv=52288 conf=52259 best=33 294s (6.39e+06 res/s)
  .. K=6932 shift=0 R=1.946e+09 surv=54073 conf=54043 best=33 305s (6.39e+06 res/s)
  .. K=6932 shift=0 R=2.013e+09 surv=55937 conf=55906 best=33 315s (6.38e+06 res/s)
  .. K=6932 shift=0 R=2.08e+09 surv=57740 conf=57709 best=33 326s (6.39e+06 res/s)
  .. K=6932 shift=0 R=2.147e+09 surv=59572 conf=59541 best=33 337s (6.37e+06 res/s)
  .. K=6932 shift=0 R=2.215e+09 surv=61451 conf=61419 best=33 348s (6.37e+06 res/s)
  .. K=6932 shift=0 R=2.282e+09 surv=63284 conf=63252 best=33 359s (6.36e+06 res/s)
  .. K=6932 shift=0 R=2.349e+09 surv=65121 conf=65089 best=33 370s (6.35e+06 res/s)
  .. K=6932 shift=0 R=2.416e+09 surv=66964 conf=66931 best=33 381s (6.35e+06 res/s)
  .. K=6932 shift=0 R=2.483e+09 surv=68825 conf=68789 best=33 391s (6.35e+06 res/s)
  .. K=6932 shift=0 R=2.55e+09 surv=70708 conf=70669 best=33 402s (6.34e+06 res/s)
  .. K=6932 shift=0 R=2.617e+09 surv=72573 conf=72533 best=33 415s (6.31e+06 res/s)
  .. K=6932 shift=0 R=2.684e+09 surv=74371 conf=74330 best=33 425s (6.32e+06 res/s)
  .. K=6932 shift=0 R=2.751e+09 surv=76217 conf=76174 best=33 436s (6.32e+06 res/s)
  .. K=6932 shift=0 R=2.819e+09 surv=78047 conf=78003 best=33 446s (6.32e+06 res/s)
  .. K=6932 shift=0 R=2.886e+09 surv=79904 conf=79859 best=33 455s (6.34e+06 res/s)
  .. K=6932 shift=0 R=2.953e+09 surv=81770 conf=81723 best=33 464s (6.36e+06 res/s)
  .. K=6932 shift=0 R=3.02e+09 surv=83614 conf=83566 best=33 474s (6.37e+06 res/s)
  .. K=6932 shift=0 R=3.087e+09 surv=85467 conf=85418 best=33 483s (6.39e+06 res/s)
