GPU: NVIDIA GB10 (SMs=48, cc 12.1) omp_threads=20
shared memory per block: 101376 max, using 65536
units: 384576 from experiments/2026-10-03-cuda/plan1.txt
tierC order: 131 137 149 167 173 ... (608 primes, 2852902 words) magic-mod OK
*** n=1 a=2910820250011207 d=27133425672870 (K=71 shift=1)
*** n=14 a=2291270112766771 d=27133425672870 (K=71 shift=1)
*** n=20 a=2416178233736533 d=27133425672870 (K=71 shift=1)
*** n=23 a=3001640502339037 d=27133425672870 (K=71 shift=1)
K=71 sh=1 MOD=15967060113090 thr=133300 res=3.592e+08 tierC=608 surv=29 bits=29 conf=29 best=23 gpu=0.03s cpu=0.01s prep=0.01s up=0.001s wait=0.001s (1.08e+10 res/s)
*** n=26 a=2895839872537831 d=22547494573230 (K=59 shift=1)
*** n=33 a=2103387441760117 d=22547494573230 (K=59 shift=1)
K=59 sh=1 MOD=19214597763210 thr=1732900 res=4.67e+09 tierC=608 surv=422 bits=422 conf=421 best=33 gpu=0.27s cpu=0.05s prep=0.01s up=0.000s wait=0.228s (1.74e+10 res/s)
K=71 sh=2 MOD=15967060113090 thr=133300 res=3.592e+08 tierC=608 surv=30 bits=30 conf=30 best=33 gpu=0.09s cpu=0.01s prep=0.01s up=0.001s wait=0.000s (4.11e+09 res/s)
K=59 sh=2 MOD=19214597763210 thr=1732900 res=4.67e+09 tierC=608 surv=443 bits=443 conf=442 best=33 gpu=0.27s cpu=0.06s prep=0.01s up=0.001s wait=0.000s (1.76e+10 res/s)
K=118 sh=1 MOD=19214597763210 thr=1732900 res=4.67e+09 tierC=608 surv=414 bits=414 conf=414 best=33 gpu=0.28s cpu=0.05s prep=0.01s up=0.001s wait=0.195s (1.67e+10 res/s)
K=142 sh=1 MOD=15967060113090 thr=133300 res=3.592e+08 tierC=608 surv=39 bits=39 conf=39 best=33 gpu=0.08s cpu=0.01s prep=0.01s up=0.000s wait=0.000s (4.37e+09 res/s)
K=71 sh=3 MOD=15967060113090 thr=133300 res=3.592e+08 tierC=608 surv=31 bits=31 conf=31 best=33 gpu=0.04s cpu=0.01s prep=0.01s up=0.001s wait=0.000s (8.52e+09 res/s)
K=59 sh=3 MOD=19214597763210 thr=1732900 res=4.67e+09 tierC=608 surv=423 bits=423 conf=421 best=33 gpu=0.27s cpu=0.06s prep=0.01s up=0.000s wait=0.231s (1.74e+10 res/s)
K=142 sh=2 MOD=15967060113090 thr=133300 res=3.592e+08 tierC=608 surv=39 bits=39 conf=39 best=33 gpu=0.09s cpu=0.01s prep=0.01s up=0.001s wait=0.000s (3.95e+09 res/s)
K=118 sh=2 MOD=19214597763210 thr=1732900 res=4.67e+09 tierC=608 surv=434 bits=434 conf=428 best=33 gpu=0.27s cpu=0.06s prep=0.01s up=0.001s wait=0.233s (1.71e+10 res/s)
K=177 sh=1 MOD=19214597763210 thr=1732900 res=4.67e+09 tierC=608 surv=490 bits=490 conf=488 best=33 gpu=0.27s cpu=0.06s prep=0.01s up=0.000s wait=0.191s (1.7e+10 res/s)
K=71 sh=4 MOD=15967060113090 thr=133300 res=3.592e+08 tierC=608 surv=35 bits=35 conf=35 best=33 gpu=0.08s cpu=0.01s prep=0.01s up=0.000s wait=0.000s (4.28e+09 res/s)
K=213 sh=1 MOD=15967060113090 thr=133300 res=3.592e+08 tierC=608 surv=26 bits=26 conf=26 best=33 gpu=0.04s cpu=0.01s prep=0.01s up=0.000s wait=0.000s (8.51e+09 res/s)
K=142 sh=3 MOD=15967060113090 thr=133300 res=3.592e+08 tierC=608 surv=36 bits=36 conf=36 best=33 gpu=0.04s cpu=0.01s prep=0.01s up=0.001s wait=0.000s (8.06e+09 res/s)
K=59 sh=4 MOD=19214597763210 thr=1732900 res=4.67e+09 tierC=608 surv=484 bits=484 conf=483 best=33 gpu=0.27s cpu=0.07s prep=0.01s up=0.001s wait=0.222s (1.73e+10 res/s)
K=118 sh=3 MOD=19214597763210 thr=1732900 res=4.67e+09 tierC=608 surv=403 bits=403 conf=403 best=33 gpu=0.29s cpu=0.06s prep=0.01s up=0.001s wait=0.187s (1.64e+10 res/s)
K=177 sh=2 MOD=19214597763210 thr=1732900 res=4.67e+09 tierC=608 surv=551 bits=551 conf=547 best=33 gpu=0.27s cpu=0.06s prep=0.01s up=0.001s wait=0.189s (1.71e+10 res/s)
*** n=34 a=2377693617776911 d=90189978292920 (K=236 shift=1)
K=236 sh=1 MOD=19214597763210 thr=1732900 res=4.67e+09 tierC=608 surv=432 bits=432 conf=432 best=34 gpu=0.27s cpu=0.06s prep=0.01s up=0.000s wait=0.188s (1.71e+10 res/s)
K=71 sh=5 MOD=15967060113090 thr=133300 res=3.592e+08 tierC=608 surv=23 bits=23 conf=22 best=34 gpu=0.08s cpu=0.01s prep=0.01s up=0.000s wait=0.000s (4.39e+09 res/s)
K=213 sh=2 MOD=15967060113090 thr=133300 res=3.592e+08 tierC=608 surv=43 bits=43 conf=43 best=34 gpu=0.04s cpu=0.01s prep=0.01s up=0.000s wait=0.000s (9.94e+09 res/s)
K=142 sh=4 MOD=15967060113090 thr=133300 res=3.592e+08 tierC=608 surv=40 bits=40 conf=40 best=34 gpu=0.04s cpu=0.01s prep=0.01s up=0.001s wait=0.000s (8.68e+09 res/s)
K=284 sh=1 MOD=15967060113090 thr=133300 res=3.592e+08 tierC=608 surv=20 bits=20 conf=20 best=34 gpu=0.05s cpu=0.01s prep=0.01s up=0.001s wait=0.000s (7.57e+09 res/s)
K=59 sh=5 MOD=19214597763210 thr=1732900 res=4.67e+09 tierC=608 surv=461 bits=461 conf=461 best=34 gpu=0.27s cpu=0.07s prep=0.01s up=0.001s wait=0.224s (1.76e+10 res/s)
K=118 sh=4 MOD=19214597763210 thr=1732900 res=4.67e+09 tierC=608 surv=448 bits=448 conf=448 best=34 gpu=0.29s cpu=0.06s prep=0.01s up=0.000s wait=0.187s (1.63e+10 res/s)
K=71 sh=6 MOD=15967060113090 thr=133300 res=3.592e+08 tierC=608 surv=35 bits=35 conf=34 best=34 gpu=0.09s cpu=0.01s prep=0.01s up=0.001s wait=0.000s (3.95e+09 res/s)
K=177 sh=3 MOD=19214597763210 thr=1732900 res=4.67e+09 tierC=608 surv=515 bits=515 conf=506 best=34 gpu=0.27s cpu=0.06s prep=0.01s up=0.000s wait=0.229s (1.72e+10 res/s)
K=213 sh=3 MOD=15967060113090 thr=133300 res=3.592e+08 tierC=608 surv=31 bits=31 conf=31 best=34 gpu=0.10s cpu=0.01s prep=0.01s up=0.001s wait=0.000s (3.78e+09 res/s)
K=236 sh=2 MOD=19214597763210 thr=1732900 res=4.67e+09 tierC=608 surv=464 bits=464 conf=463 best=34 gpu=0.26s cpu=0.06s prep=0.01s up=0.001s wait=0.223s (1.76e+10 res/s)
K=295 sh=1 MOD=19214597763210 thr=1732900 res=4.67e+09 tierC=608 surv=498 bits=498 conf=498 best=34 gpu=0.28s cpu=0.06s prep=0.01s up=0.000s wait=0.194s (1.65e+10 res/s)
K=142 sh=5 MOD=15967060113090 thr=133300 res=3.592e+08 tierC=608 surv=30 bits=30 conf=30 best=34 gpu=0.09s cpu=0.01s prep=0.01s up=0.000s wait=0.000s (4.11e+09 res/s)
K=284 sh=2 MOD=15967060113090 thr=133300 res=3.592e+08 tierC=608 surv=30 bits=30 conf=30 best=34 gpu=0.04s cpu=0.01s prep=0.01s up=0.000s wait=0.000s (9.36e+09 res/s)
K=71 sh=7 MOD=15967060113090 thr=133300 res=3.592e+08 tierC=608 surv=39 bits=39 conf=39 best=34 gpu=0.04s cpu=0.01s prep=0.01s up=0.000s wait=0.000s (9.69e+09 res/s)
K=213 sh=4 MOD=15967060113090 thr=133300 res=3.592e+08 tierC=608 surv=33 bits=33 conf=33 best=34 gpu=0.04s cpu=0.01s prep=0.01s up=0.000s wait=0.000s (8.34e+09 res/s)
K=355 sh=1 MOD=15967060113090 thr=133300 res=3.592e+08 tierC=608 surv=37 bits=37 conf=37 best=34 gpu=0.04s cpu=0.01s prep=0.01s up=0.001s wait=0.000s (8.03e+09 res/s)
K=59 sh=6 MOD=19214597763210 thr=1732900 res=4.67e+09 tierC=608 surv=457 bits=457 conf=457 best=34 gpu=0.27s cpu=0.07s prep=0.01s up=0.001s wait=0.225s (1.74e+10 res/s)
K=118 sh=5 MOD=19214597763210 thr=1732900 res=4.67e+09 tierC=608 surv=420 bits=420 conf=416 best=34 gpu=0.29s cpu=0.06s prep=0.01s up=0.001s wait=0.188s (1.63e+10 res/s)
K=177 sh=4 MOD=19214597763210 thr=1732900 res=4.67e+09 tierC=608 surv=542 bits=542 conf=539 best=34 gpu=0.28s cpu=0.07s prep=0.01s up=0.001s wait=0.186s (1.67e+10 res/s)
K=236 sh=3 MOD=19214597763210 thr=1732900 res=4.67e+09 tierC=608 surv=454 bits=454 conf=453 best=34 gpu=0.28s cpu=0.06s prep=0.01s up=0.001s wait=0.175s (1.69e+10 res/s)
K=295 sh=2 MOD=19214597763210 thr=1732900 res=4.67e+09 tierC=608 surv=455 bits=455 conf=455 best=34 gpu=0.28s cpu=0.06s prep=0.01s up=0.001s wait=0.190s (1.65e+10 res/s)
K=354 sh=1 MOD=19214597763210 thr=1732900 res=4.67e+09 tierC=608 surv=539 bits=539 conf=534 best=34 gpu=0.28s cpu=0.07s prep=0.01s up=0.001s wait=0.189s (1.68e+10 res/s)
K=142 sh=6 MOD=15967060113090 thr=133300 res=3.592e+08 tierC=608 surv=37 bits=37 conf=37 best=34 gpu=0.09s cpu=0.01s prep=0.01s up=0.000s wait=0.000s (3.86e+09 res/s)
K=284 sh=3 MOD=15967060113090 thr=133300 res=3.592e+08 tierC=608 surv=32 bits=32 conf=32 best=34 gpu=0.04s cpu=0.02s prep=0.01s up=0.001s wait=0.000s (9.28e+09 res/s)
K=71 sh=8 MOD=15967060113090 thr=133300 res=3.592e+08 tierC=608 surv=39 bits=39 conf=39 best=34 gpu=0.04s cpu=0.01s prep=0.01s up=0.000s wait=0.000s (8.74e+09 res/s)
K=213 sh=5 MOD=15967060113090 thr=133300 res=3.592e+08 tierC=608 surv=44 bits=44 conf=44 best=34 gpu=0.04s cpu=0.02s prep=0.01s up=0.000s wait=0.000s (8.32e+09 res/s)
K=355 sh=2 MOD=15967060113090 thr=133300 res=3.592e+08 tierC=608 surv=37 bits=37 conf=37 best=34 gpu=0.05s cpu=0.01s prep=0.01s up=0.001s wait=0.000s (7.41e+09 res/s)
K=59 sh=7 MOD=19214597763210 thr=1732900 res=4.67e+09 tierC=608 surv=534 bits=534 conf=531 best=34 gpu=0.27s cpu=0.08s prep=0.01s up=0.001s wait=0.224s (1.73e+10 res/s)
K=118 sh=6 MOD=19214597763210 thr=1732900 res=4.67e+09 tierC=608 surv=411 bits=411 conf=406 best=34 gpu=0.29s cpu=0.06s prep=0.01s up=0.001s wait=0.179s (1.63e+10 res/s)
K=177 sh=5 MOD=19214597763210 thr=1732900 res=4.67e+09 tierC=608 surv=507 bits=507 conf=505 best=34 gpu=0.27s cpu=0.07s prep=0.01s up=0.001s wait=0.187s (1.7e+10 res/s)
K=236 sh=4 MOD=19214597763210 thr=1732900 res=4.67e+09 tierC=608 surv=485 bits=485 conf=482 best=34 gpu=0.28s cpu=0.07s prep=0.01s up=0.000s wait=0.182s (1.69e+10 res/s)
K=142 sh=7 MOD=15967060113090 thr=133300 res=3.592e+08 tierC=608 surv=28 bits=28 conf=28 best=34 gpu=0.10s cpu=0.02s prep=0.01s up=0.001s wait=0.000s (3.72e+09 res/s)
K=295 sh=3 MOD=19214597763210 thr=1732900 res=4.67e+09 tierC=608 surv=461 bits=461 conf=461 best=34 gpu=0.28s cpu=0.07s prep=0.01s up=0.000s wait=0.235s (1.69e+10 res/s)
K=284 sh=4 MOD=15967060113090 thr=133300 res=3.592e+08 tierC=608 surv=44 bits=44 conf=43 best=34 gpu=0.10s cpu=0.01s prep=0.01s up=0.000s wait=0.000s (3.77e+09 res/s)
K=426 sh=1 MOD=15967060113090 thr=133300 res=3.592e+08 tierC=608 surv=31 bits=31 conf=31 best=34 gpu=0.05s cpu=0.01s prep=0.01s up=0.001s wait=0.000s (7.61e+09 res/s)
K=354 sh=2 MOD=19214597763210 thr=1732900 res=4.67e+09 tierC=608 surv=522 bits=522 conf=522 best=34 gpu=0.27s cpu=0.06s prep=0.01s up=0.001s wait=0.228s (1.72e+10 res/s)
K=413 sh=1 MOD=19214597763210 thr=1732900 res=4.67e+09 tierC=608 surv=484 bits=484 conf=484 best=34 gpu=0.27s cpu=0.07s prep=0.01s up=0.000s wait=0.185s (1.71e+10 res/s)
K=71 sh=9 MOD=15967060113090 thr=133300 res=3.592e+08 tierC=608 surv=37 bits=37 conf=37 best=34 gpu=0.09s cpu=0.01s prep=0.01s up=0.000s wait=0.000s (3.88e+09 res/s)
K=213 sh=6 MOD=15967060113090 thr=133300 res=3.592e+08 tierC=608 surv=48 bits=48 conf=47 best=34 gpu=0.04s cpu=0.01s prep=0.01s up=0.000s wait=0.000s (9.32e+09 res/s)
K=355 sh=3 MOD=15967060113090 thr=133300 res=3.592e+08 tierC=608 surv=31 bits=31 conf=31 best=34 gpu=0.04s cpu=0.01s prep=0.01s up=0.000s wait=0.000s (8.18e+09 res/s)
K=142 sh=8 MOD=15967060113090 thr=133300 res=3.592e+08 tierC=608 surv=36 bits=36 conf=36 best=34 gpu=0.04s cpu=0.01s prep=0.01s up=0.001s wait=0.000s (8.32e+09 res/s)
K=59 sh=8 MOD=19214597763210 thr=1732900 res=4.67e+09 tierC=608 surv=445 bits=445 conf=441 best=34 gpu=0.27s cpu=0.07s prep=0.01s up=0.000s wait=0.227s (1.75e+10 res/s)
K=284 sh=5 MOD=15967060113090 thr=133300 res=3.592e+08 tierC=608 surv=31 bits=31 conf=31 best=34 gpu=0.10s cpu=0.01s prep=0.01s up=0.000s wait=0.000s (3.72e+09 res/s)
K=426 sh=2 MOD=15967060113090 thr=133300 res=3.592e+08 tierC=608 surv=37 bits=37 conf=37 best=34 gpu=0.04s cpu=0.01s prep=0.01s up=0.001s wait=0.000s (8.25e+09 res/s)
K=118 sh=7 MOD=19214597763210 thr=1732900 res=4.67e+09 tierC=608 surv=435 bits=435 conf=435 best=34 gpu=0.28s cpu=0.06s prep=0.01s up=0.001s wait=0.232s (1.67e+10 res/s)
K=177 sh=6 MOD=19214597763210 thr=1732900 res=4.67e+09 tierC=608 surv=531 bits=531 conf=529 best=34 gpu=0.28s cpu=0.07s prep=0.01s up=0.001s wait=0.185s (1.67e+10 res/s)
K=236 sh=5 MOD=19214597763210 thr=1732900 res=4.67e+09 tierC=608 surv=475 bits=475 conf=473 best=34 gpu=0.28s cpu=0.06s prep=0.01s up=0.001s wait=0.175s (1.68e+10 res/s)
K=295 sh=4 MOD=19214597763210 thr=1732900 res=4.67e+09 tierC=608 surv=453 bits=453 conf=451 best=34 gpu=0.29s cpu=0.07s prep=0.01s up=0.001s wait=0.190s (1.63e+10 res/s)
K=354 sh=3 MOD=19214597763210 thr=1732900 res=4.67e+09 tierC=608 surv=588 bits=588 conf=587 best=34 gpu=0.28s cpu=0.08s prep=0.01s up=0.001s wait=0.184s (1.66e+10 res/s)
K=413 sh=2 MOD=19214597763210 thr=1732900 res=4.67e+09 tierC=608 surv=488 bits=488 conf=488 best=34 gpu=0.28s cpu=0.07s prep=0.01s up=0.001s wait=0.170s (1.69e+10 res/s)
K=472 sh=1 MOD=19214597763210 thr=1732900 res=4.67e+09 tierC=608 surv=430 bits=430 conf=426 best=34 gpu=0.27s cpu=0.06s prep=0.01s up=0.000s wait=0.177s (1.71e+10 res/s)
K=71 sh=10 MOD=15967060113090 thr=133300 res=3.592e+08 tierC=608 surv=50 bits=50 conf=50 best=34 gpu=0.08s cpu=0.02s prep=0.01s up=0.000s wait=0.000s (4.25e+09 res/s)
K=213 sh=7 MOD=15967060113090 thr=133300 res=3.592e+08 tierC=608 surv=42 bits=42 conf=41 best=34 gpu=0.04s cpu=0.01s prep=0.01s up=0.000s wait=0.000s (8.8e+09 res/s)
K=355 sh=4 MOD=15967060113090 thr=133300 res=3.592e+08 tierC=608 surv=30 bits=30 conf=30 best=34 gpu=0.04s cpu=0.01s prep=0.01s up=0.001s wait=0.000s (9.45e+09 res/s)
K=497 sh=1 MOD=15967060113090 thr=133300 res=3.592e+08 tierC=608 surv=42 bits=42 conf=41 best=34 gpu=0.04s cpu=0.01s prep=0.01s up=0.000s wait=0.000s (9.99e+09 res/s)
K=142 sh=9 MOD=15967060113090 thr=133300 res=3.592e+08 tierC=608 surv=37 bits=37 conf=37 best=34 gpu=0.04s cpu=0.02s prep=0.01s up=0.001s wait=0.000s (9.3e+09 res/s)
K=284 sh=6 MOD=15967060113090 thr=133300 res=3.592e+08 tierC=608 surv=34 bits=34 conf=34 best=34 gpu=0.05s cpu=0.01s prep=0.01s up=0.000s wait=0.000s (7.98e+09 res/s)
K=426 sh=3 MOD=15967060113090 thr=133300 res=3.592e+08 tierC=608 surv=33 bits=33 conf=33 best=34 gpu=0.05s cpu=0.01s prep=0.01s up=0.001s wait=0.000s (7.73e+09 res/s)
K=59 sh=9 MOD=19214597763210 thr=1732900 res=4.67e+09 tierC=608 surv=443 bits=443 conf=442 best=34 gpu=0.27s cpu=0.07s prep=0.01s up=0.001s wait=0.225s (1.73e+10 res/s)
K=118 sh=8 MOD=19214597763210 thr=1732900 res=4.67e+09 tierC=608 surv=449 bits=449 conf=448 best=34 gpu=0.29s cpu=0.07s prep=0.01s up=0.001s wait=0.182s (1.64e+10 res/s)
K=177 sh=7 MOD=19214597763210 thr=1732900 res=4.67e+09 tierC=608 surv=485 bits=485 conf=483 best=34 gpu=0.28s cpu=0.06s prep=0.01s up=0.001s wait=0.180s (1.67e+10 res/s)
K=236 sh=6 MOD=19214597763210 thr=1732900 res=4.67e+09 tierC=608 surv=445 bits=445 conf=445 best=34 gpu=0.28s cpu=0.07s prep=0.01s up=0.001s wait=0.180s (1.69e+10 res/s)
K=295 sh=5 MOD=19214597763210 thr=1732900 res=4.67e+09 tierC=608 surv=475 bits=475 conf=472 best=34 gpu=0.28s cpu=0.07s prep=0.01s up=0.001s wait=0.187s (1.64e+10 res/s)
K=354 sh=4 MOD=19214597763210 thr=1732900 res=4.67e+09 tierC=608 surv=500 bits=500 conf=499 best=34 gpu=0.28s cpu=0.07s prep=0.01s up=0.000s wait=0.185s (1.67e+10 res/s)
K=71 sh=11 MOD=15967060113090 thr=133300 res=3.592e+08 tierC=608 surv=35 bits=35 conf=34 best=34 gpu=0.10s cpu=0.01s prep=0.01s up=0.001s wait=0.000s (3.67e+09 res/s)
K=213 sh=8 MOD=15967060113090 thr=133300 res=3.592e+08 tierC=608 surv=53 bits=53 conf=53 best=34 gpu=0.04s cpu=0.01s prep=0.01s up=0.001s wait=0.000s (8.5e+09 res/s)
K=413 sh=3 MOD=19214597763210 thr=1732900 res=4.67e+09 tierC=608 surv=543 bits=543 conf=541 best=34 gpu=0.27s cpu=0.07s prep=0.01s up=0.000s wait=0.227s (1.75e+10 res/s)
K=355 sh=5 MOD=15967060113090 thr=133300 res=3.592e+08 tierC=608 surv=40 bits=40 conf=40 best=34 gpu=0.10s cpu=0.01s prep=0.01s up=0.000s wait=0.000s (3.45e+09 res/s)
K=497 sh=2 MOD=15967060113090 thr=133300 res=3.592e+08 tierC=608 surv=38 bits=38 conf=37 best=34 gpu=0.05s cpu=0.01s prep=0.01s up=0.001s wait=0.000s (7.24e+09 res/s)
K=472 sh=2 MOD=19214597763210 thr=1732900 res=4.67e+09 tierC=608 surv=406 bits=406 conf=406 best=34 gpu=0.26s cpu=0.06s prep=0.01s up=0.001s wait=0.221s (1.76e+10 res/s)
K=531 sh=1 MOD=19214597763210 thr=1732900 res=4.67e+09 tierC=608 surv=463 bits=463 conf=463 best=34 gpu=0.28s cpu=0.06s prep=0.01s up=0.001s wait=0.196s (1.68e+10 res/s)
K=142 sh=10 MOD=15967060113090 thr=133300 res=3.592e+08 tierC=608 surv=33 bits=33 conf=33 best=34 gpu=0.09s cpu=0.01s prep=0.01s up=0.000s wait=0.000s (4.11e+09 res/s)
K=284 sh=7 MOD=15967060113090 thr=133300 res=3.592e+08 tierC=608 surv=37 bits=37 conf=37 best=34 gpu=0.04s cpu=0.01s prep=0.01s up=0.000s wait=0.000s (9.15e+09 res/s)
K=426 sh=4 MOD=15967060113090 thr=133300 res=3.592e+08 tierC=608 surv=36 bits=36 conf=36 best=34 gpu=0.04s cpu=0.01s prep=0.01s up=0.000s wait=0.000s (8.66e+09 res/s)
K=568 sh=1 MOD=15967060113090 thr=133300 res=3.592e+08 tierC=608 surv=48 bits=48 conf=48 best=34 gpu=0.05s cpu=0.01s prep=0.01s up=0.001s wait=0.000s (7.6e+09 res/s)
K=59 sh=10 MOD=19214597763210 thr=1732900 res=4.67e+09 tierC=608 surv=459 bits=459 conf=453 best=34 gpu=0.27s cpu=0.07s prep=0.01s up=0.001s wait=0.224s (1.75e+10 res/s)
K=118 sh=9 MOD=19214597763210 thr=1732900 res=4.67e+09 tierC=608 surv=460 bits=460 conf=460 best=34 gpu=0.28s cpu=0.07s prep=0.01s up=0.000s wait=0.189s (1.65e+10 res/s)
K=71 sh=12 MOD=15967060113090 thr=133300 res=3.592e+08 tierC=608 surv=32 bits=32 conf=32 best=34 gpu=0.10s cpu=0.01s prep=0.01s up=0.000s wait=0.000s (3.63e+09 res/s)
K=213 sh=9 MOD=15967060113090 thr=133300 res=3.592e+08 tierC=608 surv=37 bits=37 conf=37 best=34 gpu=0.04s cpu=0.01s prep=0.01s up=0.001s wait=0.000s (8.35e+09 res/s)
K=177 sh=8 MOD=19214597763210 thr=1732900 res=4.67e+09 tierC=608 surv=598 bits=598 conf=598 best=34 gpu=0.27s cpu=0.08s prep=0.01s up=0.000s wait=0.229s (1.74e+10 res/s)
K=355 sh=6 MOD=15967060113090 thr=133300 res=3.592e+08 tierC=608 surv=35 bits=35 conf=35 best=34 gpu=0.11s cpu=0.01s prep=0.01s up=0.000s wait=0.000s (3.19e+09 res/s)
K=497 sh=3 MOD=15967060113090 thr=133300 res=3.592e+08 tierC=608 surv=55 bits=55 conf=55 best=34 gpu=0.05s cpu=0.01s prep=0.01s up=0.001s wait=0.000s (7.88e+09 res/s)
K=236 sh=7 MOD=19214597763210 thr=1732900 res=4.67e+09 tierC=608 surv=489 bits=489 conf=485 best=34 gpu=0.27s cpu=0.07s prep=0.01s up=0.001s wait=0.222s (1.74e+10 res/s)
K=295 sh=6 MOD=19214597763210 thr=1732900 res=4.67e+09 tierC=608 surv=459 bits=459 conf=457 best=34 gpu=0.29s cpu=0.07s prep=0.01s up=0.001s wait=0.181s (1.63e+10 res/s)
K=354 sh=5 MOD=19214597763210 thr=1732900 res=4.67e+09 tierC=608 surv=477 bits=477 conf=477 best=34 gpu=0.28s cpu=0.06s prep=0.01s up=0.001s wait=0.182s (1.65e+10 res/s)
K=413 sh=4 MOD=19214597763210 thr=1732900 res=4.67e+09 tierC=608 surv=485 bits=485 conf=482 best=34 gpu=0.28s cpu=0.06s prep=0.01s up=0.001s wait=0.181s (1.68e+10 res/s)
K=472 sh=3 MOD=19214597763210 thr=1732900 res=4.67e+09 tierC=608 surv=459 bits=459 conf=457 best=34 gpu=0.28s cpu=0.06s prep=0.01s up=0.001s wait=0.180s (1.68e+10 res/s)
K=531 sh=2 MOD=19214597763210 thr=1732900 res=4.67e+09 tierC=608 surv=438 bits=438 conf=435 best=34 gpu=0.28s cpu=0.06s prep=0.01s up=0.001s wait=0.185s (1.68e+10 res/s)
K=590 sh=1 MOD=19214597763210 thr=1732900 res=4.67e+09 tierC=608 surv=536 bits=536 conf=536 best=34 gpu=0.28s cpu=0.07s prep=0.01s up=0.000s wait=0.195s (1.65e+10 res/s)
K=142 sh=11 MOD=15967060113090 thr=133300 res=3.592e+08 tierC=608 surv=33 bits=33 conf=33 best=34 gpu=0.10s cpu=0.02s prep=0.01s up=0.000s wait=0.000s (3.65e+09 res/s)
K=284 sh=8 MOD=15967060113090 thr=133300 res=3.592e+08 tierC=608 surv=33 bits=33 conf=33 best=34 gpu=0.04s cpu=0.01s prep=0.01s up=0.000s wait=0.000s (8.89e+09 res/s)
K=426 sh=5 MOD=15967060113090 thr=133300 res=3.592e+08 tierC=608 surv=34 bits=34 conf=34 best=34 gpu=0.04s cpu=0.01s prep=0.01s up=0.000s wait=0.000s (9.13e+09 res/s)
K=568 sh=2 MOD=15967060113090 thr=133300 res=3.592e+08 tierC=608 surv=39 bits=39 conf=39 best=34 gpu=0.04s cpu=0.01s prep=0.01s up=0.000s wait=0.000s (9.48e+09 res/s)
K=71 sh=13 MOD=15967060113090 thr=133300 res=3.592e+08 tierC=608 surv=46 bits=46 conf=46 best=34 gpu=0.04s cpu=0.01s prep=0.01s up=0.000s wait=0.000s (9.47e+09 res/s)
K=213 sh=10 MOD=15967060113090 thr=133300 res=3.592e+08 tierC=608 surv=29 bits=29 conf=28 best=34 gpu=0.04s cpu=0.01s prep=0.01s up=0.000s wait=0.000s (8.94e+09 res/s)
K=355 sh=7 MOD=15967060113090 thr=133300 res=3.592e+08 tierC=608 surv=33 bits=33 conf=33 best=34 gpu=0.04s cpu=0.01s prep=0.01s up=0.000s wait=0.000s (9.5e+09 res/s)
K=497 sh=4 MOD=15967060113090 thr=133300 res=3.592e+08 tierC=608 surv=39 bits=39 conf=39 best=34 gpu=0.04s cpu=0.01s prep=0.01s up=0.001s wait=0.000s (9.01e+09 res/s)
K=639 sh=1 MOD=15967060113090 thr=133300 res=3.592e+08 tierC=608 surv=35 bits=35 conf=35 best=34 gpu=0.04s cpu=0.01s prep=0.01s up=0.001s wait=0.000s (8.09e+09 res/s)
K=59 sh=11 MOD=19214597763210 thr=1732900 res=4.67e+09 tierC=608 surv=447 bits=447 conf=447 best=34 gpu=0.27s cpu=0.07s prep=0.01s up=0.001s wait=0.226s (1.72e+10 res/s)
K=118 sh=10 MOD=19214597763210 thr=1732900 res=4.67e+09 tierC=608 surv=482 bits=482 conf=480 best=34 gpu=0.29s cpu=0.07s prep=0.01s up=0.001s wait=0.184s (1.63e+10 res/s)
K=177 sh=9 MOD=19214597763210 thr=1732900 res=4.67e+09 tierC=608 surv=446 bits=446 conf=444 best=34 gpu=0.28s cpu=0.06s prep=0.01s up=0.001s wait=0.175s (1.67e+10 res/s)
K=236 sh=8 MOD=19214597763210 thr=1732900 res=4.67e+09 tierC=608 surv=428 bits=428 conf=422 best=34 gpu=0.28s cpu=0.06s prep=0.01s up=0.001s wait=0.183s (1.69e+10 res/s)
K=295 sh=7 MOD=19214597763210 thr=1732900 res=4.67e+09 tierC=608 surv=465 bits=465 conf=464 best=34 gpu=0.29s cpu=0.07s prep=0.01s up=0.001s wait=0.193s (1.62e+10 res/s)
K=354 sh=6 MOD=19214597763210 thr=1732900 res=4.67e+09 tierC=608 surv=435 bits=435 conf=434 best=34 gpu=0.28s cpu=0.06s prep=0.01s up=0.001s wait=0.182s (1.67e+10 res/s)
K=413 sh=5 MOD=19214597763210 thr=1732900 res=4.67e+09 tierC=608 surv=465 bits=465 conf=465 best=34 gpu=0.28s cpu=0.07s prep=0.01s up=0.000s wait=0.188s (1.68e+10 res/s)
K=142 sh=12 MOD=15967060113090 thr=133300 res=3.592e+08 tierC=608 surv=44 bits=44 conf=44 best=34 gpu=0.10s cpu=0.01s prep=0.01s up=0.001s wait=0.000s (3.59e+09 res/s)
K=472 sh=4 MOD=19214597763210 thr=1732900 res=4.67e+09 tierC=608 surv=476 bits=476 conf=476 best=34 gpu=0.27s cpu=0.07s prep=0.01s up=0.000s wait=0.226s (1.76e+10 res/s)
K=284 sh=9 MOD=15967060113090 thr=133300 res=3.592e+08 tierC=608 surv=41 bits=41 conf=41 best=34 gpu=0.10s cpu=0.01s prep=0.01s up=0.001s wait=0.000s (3.72e+09 res/s)
K=426 sh=6 MOD=15967060113090 thr=133300 res=3.592e+08 tierC=608 surv=33 bits=33 conf=33 best=34 gpu=0.04s cpu=0.01s prep=0.01s up=0.001s wait=0.000s (8.08e+09 res/s)
K=531 sh=3 MOD=19214597763210 thr=1732900 res=4.67e+09 tierC=608 surv=455 bits=455 conf=451 best=34 gpu=0.27s cpu=0.06s prep=0.01s up=0.001s wait=0.230s (1.71e+10 res/s)
K=568 sh=3 MOD=15967060113090 thr=133300 res=3.592e+08 tierC=608 surv=41 bits=41 conf=41 best=34 gpu=0.10s cpu=0.01s prep=0.01s up=0.001s wait=0.000s (3.67e+09 res/s)
K=590 sh=2 MOD=19214597763210 thr=1732900 res=4.67e+09 tierC=608 surv=463 bits=463 conf=463 best=34 gpu=0.28s cpu=0.07s prep=0.01s up=0.001s wait=0.232s (1.7e+10 res/s)
*** n=36 a=981137026268149 d=248022440305530 (K=649 shift=1)
K=649 sh=1 MOD=19214597763210 thr=1732900 res=4.67e+09 tierC=608 surv=435 bits=435 conf=429 best=36 gpu=0.28s cpu=0.06s prep=0.01s up=0.000s wait=0.185s (1.68e+10 res/s)
K=71 sh=14 MOD=15967060113090 thr=133300 res=3.592e+08 tierC=608 surv=28 bits=28 conf=28 best=36 gpu=0.09s cpu=0.02s prep=0.01s up=0.000s wait=0.000s (4.14e+09 res/s)
K=213 sh=11 MOD=15967060113090 thr=133300 res=3.592e+08 tierC=608 surv=48 bits=48 conf=48 best=36 gpu=0.04s cpu=0.01s prep=0.01s up=0.001s wait=0.000s (8.88e+09 res/s)
K=355 sh=8 MOD=15967060113090 thr=133300 res=3.592e+08 tierC=608 surv=36 bits=36 conf=36 best=36 gpu=0.04s cpu=0.01s prep=0.01s up=0.001s wait=0.000s (8.63e+09 res/s)
K=497 sh=5 MOD=15967060113090 thr=133300 res=3.592e+08 tierC=608 surv=30 bits=30 conf=30 best=36 gpu=0.04s cpu=0.01s prep=0.01s up=0.000s wait=0.000s (8.28e+09 res/s)
K=639 sh=2 MOD=15967060113090 thr=133300 res=3.592e+08 tierC=608 surv=35 bits=35 conf=35 best=36 gpu=0.05s cpu=0.01s prep=0.01s up=0.001s wait=0.000s (7.73e+09 res/s)
K=59 sh=12 MOD=19214597763210 thr=1732900 res=4.67e+09 tierC=608 surv=433 bits=433 conf=433 best=36 gpu=0.27s cpu=0.07s prep=0.01s up=0.001s wait=0.224s (1.73e+10 res/s)
K=118 sh=11 MOD=19214597763210 thr=1732900 res=4.67e+09 tierC=608 surv=425 bits=425 conf=420 best=36 gpu=0.29s cpu=0.07s prep=0.01s up=0.001s wait=0.187s (1.63e+10 res/s)
K=177 sh=10 MOD=19214597763210 thr=1732900 res=4.67e+09 tierC=608 surv=487 bits=487 conf=476 best=36 gpu=0.28s cpu=0.07s prep=0.01s up=0.001s wait=0.181s (1.69e+10 res/s)
K=236 sh=9 MOD=19214597763210 thr=1732900 res=4.67e+09 tierC=608 surv=525 bits=525 conf=517 best=36 gpu=0.27s cpu=0.08s prep=0.01s up=0.000s wait=0.183s (1.71e+10 res/s)
K=142 sh=13 MOD=15967060113090 thr=133300 res=3.592e+08 tierC=608 surv=30 bits=30 conf=30 best=36 gpu=0.11s cpu=0.01s prep=0.01s up=0.000s wait=0.000s (3.31e+09 res/s)
K=284 sh=10 MOD=15967060113090 thr=133300 res=3.592e+08 tierC=608 surv=34 bits=34 conf=33 best=36 gpu=0.04s cpu=0.01s prep=0.01s up=0.001s wait=0.000s (8.69e+09 res/s)
K=295 sh=8 MOD=19214597763210 thr=1732900 res=4.67e+09 tierC=608 surv=517 bits=517 conf=515 best=36 gpu=0.28s cpu=0.08s prep=0.01s up=0.000s wait=0.238s (1.68e+10 res/s)
K=426 sh=7 MOD=15967060113090 thr=133300 res=3.592e+08 tierC=608 surv=41 bits=41 conf=41 best=36 gpu=0.11s cpu=0.01s prep=0.01s up=0.000s wait=0.000s (3.34e+09 res/s)
K=568 sh=4 MOD=15967060113090 thr=133300 res=3.592e+08 tierC=608 surv=26 bits=26 conf=26 best=36 gpu=0.04s cpu=0.01s prep=0.01s up=0.001s wait=0.000s (8.17e+09 res/s)
K=354 sh=7 MOD=19214597763210 thr=1732900 res=4.67e+09 tierC=608 surv=520 bits=520 conf=518 best=36 gpu=0.27s cpu=0.08s prep=0.01s up=0.000s wait=0.230s (1.7e+10 res/s)
K=710 sh=1 MOD=15967060113090 thr=133300 res=3.592e+08 tierC=608 surv=33 bits=33 conf=32 best=36 gpu=0.11s cpu=0.01s prep=0.01s up=0.001s wait=0.000s (3.26e+09 res/s)
K=413 sh=6 MOD=19214597763210 thr=1732900 res=4.67e+09 tierC=608 surv=492 bits=492 conf=492 best=36 gpu=0.27s cpu=0.07s prep=0.01s up=0.001s wait=0.226s (1.73e+10 res/s)
K=472 sh=5 MOD=19214597763210 thr=1732900 res=4.67e+09 tierC=608 surv=465 bits=465 conf=465 best=36 gpu=0.28s cpu=0.07s prep=0.01s up=0.001s wait=0.172s (1.67e+10 res/s)
K=531 sh=4 MOD=19214597763210 thr=1732900 res=4.67e+09 tierC=608 surv=472 bits=472 conf=470 best=36 gpu=0.28s cpu=0.07s prep=0.01s up=0.001s wait=0.181s (1.66e+10 res/s)
K=590 sh=3 MOD=19214597763210 thr=1732900 res=4.67e+09 tierC=608 surv=473 bits=473 conf=471 best=36 gpu=0.29s cpu=0.07s prep=0.01s up=0.001s wait=0.190s (1.62e+10 res/s)
K=649 sh=2 MOD=19214597763210 thr=1732900 res=4.67e+09 tierC=608 surv=510 bits=510 conf=506 best=36 gpu=0.28s cpu=0.07s prep=0.01s up=0.001s wait=0.177s (1.69e+10 res/s)
K=708 sh=1 MOD=19214597763210 thr=1732900 res=4.67e+09 tierC=608 surv=483 bits=483 conf=481 best=36 gpu=0.27s cpu=0.07s prep=0.01s up=0.000s wait=0.178s (1.7e+10 res/s)
K=71 sh=15 MOD=15967060113090 thr=133300 res=3.592e+08 tierC=608 surv=41 bits=41 conf=41 best=36 gpu=0.09s cpu=0.02s prep=0.01s up=0.001s wait=0.000s (3.87e+09 res/s)
K=213 sh=12 MOD=15967060113090 thr=133300 res=3.592e+08 tierC=608 surv=40 bits=40 conf=40 best=36 gpu=0.04s cpu=0.01s prep=0.01s up=0.000s wait=0.000s (8.69e+09 res/s)
K=355 sh=9 MOD=15967060113090 thr=133300 res=3.592e+08 tierC=608 surv=32 bits=32 conf=31 best=36 gpu=0.04s cpu=0.02s prep=0.01s up=0.001s wait=0.000s (9.21e+09 res/s)
K=497 sh=6 MOD=15967060113090 thr=133300 res=3.592e+08 tierC=608 surv=34 bits=34 conf=33 best=36 gpu=0.04s cpu=0.01s prep=0.01s up=0.000s wait=0.000s (8.59e+09 res/s)
K=639 sh=3 MOD=15967060113090 thr=133300 res=3.592e+08 tierC=608 surv=34 bits=34 conf=33 best=36 gpu=0.04s cpu=0.02s prep=0.01s up=0.001s wait=0.000s (9.74e+09 res/s)
K=142 sh=14 MOD=15967060113090 thr=133300 res=3.592e+08 tierC=608 surv=23 bits=23 conf=22 best=36 gpu=0.04s cpu=0.01s prep=0.01s up=0.001s wait=0.000s (8.22e+09 res/s)
K=284 sh=11 MOD=15967060113090 thr=133300 res=3.592e+08 tierC=608 surv=36 bits=36 conf=36 best=36 gpu=0.04s cpu=0.02s prep=0.01s up=0.003s wait=0.000s (8.1e+09 res/s)
K=59 sh=13 MOD=19214597763210 thr=1732900 res=4.67e+09 tierC=608 surv=453 bits=453 conf=451 best=36 gpu=0.27s cpu=0.07s prep=0.01s up=0.000s wait=0.225s (1.75e+10 res/s)
K=426 sh=8 MOD=15967060113090 thr=133300 res=3.592e+08 tierC=608 surv=37 bits=37 conf=37 best=36 gpu=0.10s cpu=0.01s prep=0.01s up=0.000s wait=0.000s (3.64e+09 res/s)
K=568 sh=5 MOD=15967060113090 thr=133300 res=3.592e+08 tierC=608 surv=28 bits=28 conf=28 best=36 gpu=0.04s cpu=0.01s prep=0.01s up=0.001s wait=0.000s (8.58e+09 res/s)
K=118 sh=12 MOD=19214597763210 thr=1732900 res=4.67e+09 tierC=608 surv=496 bits=496 conf=496 best=36 gpu=0.28s cpu=0.08s prep=0.01s up=0.000s wait=0.236s (1.67e+10 res/s)
K=710 sh=2 MOD=15967060113090 thr=133300 res=3.592e+08 tierC=608 surv=28 bits=28 conf=28 best=36 gpu=0.11s cpu=0.01s prep=0.01s up=0.001s wait=0.000s (3.16e+09 res/s)
K=177 sh=11 MOD=19214597763210 thr=1732900 res=4.67e+09 tierC=608 surv=440 bits=440 conf=439 best=36 gpu=0.27s cpu=0.07s prep=0.01s up=0.001s wait=0.226s (1.71e+10 res/s)
K=236 sh=10 MOD=19214597763210 thr=1732900 res=4.67e+09 tierC=608 surv=414 bits=414 conf=409 best=36 gpu=0.28s cpu=0.07s prep=0.01s up=0.001s wait=0.178s (1.68e+10 res/s)
K=295 sh=9 MOD=19214597763210 thr=1732900 res=4.67e+09 tierC=608 surv=440 bits=440 conf=440 best=36 gpu=0.29s cpu=0.07s prep=0.01s up=0.001s wait=0.188s (1.63e+10 res/s)
K=354 sh=8 MOD=19214597763210 thr=1732900 res=4.67e+09 tierC=608 surv=515 bits=515 conf=515 best=36 gpu=0.28s cpu=0.07s prep=0.01s up=0.001s wait=0.186s (1.65e+10 res/s)
K=413 sh=7 MOD=19214597763210 thr=1732900 res=4.67e+09 tierC=608 surv=486 bits=486 conf=486 best=36 gpu=0.28s cpu=0.08s prep=0.01s up=0.001s wait=0.177s (1.68e+10 res/s)
K=472 sh=6 MOD=19214597763210 thr=1732900 res=4.67e+09 tierC=608 surv=482 bits=482 conf=479 best=36 gpu=0.27s cpu=0.08s prep=0.01s up=0.001s wait=0.169s (1.7e+10 res/s)
K=531 sh=5 MOD=19214597763210 thr=1732900 res=4.67e+09 tierC=608 surv=440 bits=440 conf=437 best=36 gpu=0.28s cpu=0.07s prep=0.01s up=0.000s wait=0.176s (1.67e+10 res/s)
K=71 sh=16 MOD=15967060113090 thr=133300 res=3.592e+08 tierC=608 surv=25 bits=25 conf=24 best=36 gpu=0.10s cpu=0.01s prep=0.01s up=0.000s wait=0.000s (3.72e+09 res/s)
K=213 sh=13 MOD=15967060113090 thr=133300 res=3.592e+08 tierC=608 surv=50 bits=50 conf=50 best=36 gpu=0.04s cpu=0.01s prep=0.01s up=0.001s wait=0.000s (8.25e+09 res/s)
K=590 sh=4 MOD=19214597763210 thr=1732900 res=4.67e+09 tierC=608 surv=480 bits=480 conf=478 best=36 gpu=0.28s cpu=0.07s prep=0.01s up=0.000s wait=0.238s (1.69e+10 res/s)
K=355 sh=10 MOD=15967060113090 thr=133300 res=3.592e+08 tierC=608 surv=32 bits=32 conf=32 best=36 gpu=0.10s cpu=0.01s prep=0.01s up=0.000s wait=0.000s (3.54e+09 res/s)
K=497 sh=7 MOD=15967060113090 thr=133300 res=3.592e+08 tierC=608 surv=42 bits=42 conf=42 best=36 gpu=0.04s cpu=0.02s prep=0.01s up=0.001s wait=0.000s (8.28e+09 res/s)
K=649 sh=3 MOD=19214597763210 thr=1732900 res=4.67e+09 tierC=608 surv=461 bits=461 conf=461 best=36 gpu=0.27s cpu=0.07s prep=0.01s up=0.000s wait=0.227s (1.74e+10 res/s)
K=639 sh=4 MOD=15967060113090 thr=133300 res=3.592e+08 tierC=608 surv=35 bits=35 conf=35 best=36 gpu=0.09s cpu=0.01s prep=0.01s up=0.000s wait=0.000s (3.81e+09 res/s)
K=781 sh=1 MOD=15967060113090 thr=133300 res=3.592e+08 tierC=608 surv=43 bits=43 conf=43 best=36 gpu=0.05s cpu=0.01s prep=0.01s up=0.001s wait=0.000s (7.75e+09 res/s)
K=708 sh=2 MOD=19214597763210 thr=1732900 res=4.67e+09 tierC=608 surv=537 bits=537 conf=534 best=36 gpu=0.27s cpu=0.07s prep=0.01s up=0.001s wait=0.223s (1.76e+10 res/s)
K=767 sh=1 MOD=19214597763210 thr=1732900 res=4.67e+09 tierC=608 surv=455 bits=455 conf=453 best=36 gpu=0.27s cpu=0.06s prep=0.01s up=0.000s wait=0.174s (1.71e+10 res/s)
K=142 sh=15 MOD=15967060113090 thr=133300 res=3.592e+08 tierC=608 surv=46 bits=46 conf=46 best=36 gpu=0.09s cpu=0.02s prep=0.01s up=0.000s wait=0.000s (4.06e+09 res/s)
K=284 sh=12 MOD=15967060113090 thr=133300 res=3.592e+08 tierC=608 surv=41 bits=41 conf=40 best=36 gpu=0.04s cpu=0.01s prep=0.01s up=0.001s wait=0.000s (8.79e+09 res/s)
K=426 sh=9 MOD=15967060113090 thr=133300 res=3.592e+08 tierC=608 surv=26 bits=26 conf=26 best=36 gpu=0.04s cpu=0.02s prep=0.01s up=0.000s wait=0.000s (9.17e+09 res/s)
K=568 sh=6 MOD=15967060113090 thr=133300 res=3.592e+08 tierC=608 surv=32 bits=32 conf=32 best=36 gpu=0.05s cpu=0.01s prep=0.01s up=0.001s wait=0.000s (7.8e+09 res/s)
K=710 sh=3 MOD=15967060113090 thr=133300 res=3.592e+08 tierC=608 surv=42 bits=42 conf=42 best=36 gpu=0.05s cpu=0.01s prep=0.01s up=0.001s wait=0.000s (7.65e+09 res/s)
K=59 sh=14 MOD=19214597763210 thr=1732900 res=4.67e+09 tierC=608 surv=445 bits=445 conf=445 best=36 gpu=0.27s cpu=0.07s prep=0.01s up=0.001s wait=0.221s (1.73e+10 res/s)
K=118 sh=13 MOD=19214597763210 thr=1732900 res=4.67e+09 tierC=608 surv=453 bits=453 conf=453 best=36 gpu=0.29s cpu=0.07s prep=0.01s up=0.001s wait=0.180s (1.62e+10 res/s)
K=177 sh=12 MOD=19214597763210 thr=1732900 res=4.67e+09 tierC=608 surv=550 bits=550 conf=550 best=36 gpu=0.28s cpu=0.08s prep=0.01s up=0.001s wait=0.179s (1.67e+10 res/s)
K=236 sh=11 MOD=19214597763210 thr=1732900 res=4.67e+09 tierC=608 surv=461 bits=461 conf=459 best=36 gpu=0.27s cpu=0.07s prep=0.01s up=0.001s wait=0.169s (1.7e+10 res/s)
K=295 sh=10 MOD=19214597763210 thr=1732900 res=4.67e+09 tierC=608 surv=415 bits=415 conf=414 best=36 gpu=0.28s cpu=0.07s prep=0.01s up=0.000s wait=0.186s (1.64e+10 res/s)
K=71 sh=17 MOD=15967060113090 thr=133300 res=3.592e+08 tierC=608 surv=34 bits=34 conf=34 best=36 gpu=0.10s cpu=0.01s prep=0.01s up=0.000s wait=0.000s (3.66e+09 res/s)
K=213 sh=14 MOD=15967060113090 thr=133300 res=3.592e+08 tierC=608 surv=49 bits=49 conf=48 best=36 gpu=0.04s cpu=0.01s prep=0.01s up=0.001s wait=0.000s (8.77e+09 res/s)
K=354 sh=9 MOD=19214597763210 thr=1732900 res=4.67e+09 tierC=608 surv=506 bits=506 conf=503 best=36 gpu=0.27s cpu=0.07s prep=0.01s up=0.000s wait=0.234s (1.72e+10 res/s)
K=355 sh=11 MOD=15967060113090 thr=133300 res=3.592e+08 tierC=608 surv=42 bits=42 conf=42 best=36 gpu=0.10s cpu=0.02s prep=0.01s up=0.000s wait=0.000s (3.74e+09 res/s)
K=497 sh=8 MOD=15967060113090 thr=133300 res=3.592e+08 tierC=608 surv=40 bits=40 conf=39 best=36 gpu=0.04s cpu=0.01s prep=0.01s up=0.001s wait=0.000s (8.13e+09 res/s)
K=413 sh=8 MOD=19214597763210 thr=1732900 res=4.67e+09 tierC=608 surv=476 bits=476 conf=474 best=36 gpu=0.27s cpu=0.07s prep=0.01s up=0.000s wait=0.228s (1.75e+10 res/s)
K=639 sh=5 MOD=15967060113090 thr=133300 res=3.592e+08 tierC=608 surv=48 bits=48 conf=47 best=36 gpu=0.10s cpu=0.02s prep=0.01s up=0.000s wait=0.000s (3.6e+09 res/s)
K=781 sh=2 MOD=15967060113090 thr=133300 res=3.592e+08 tierC=608 surv=53 bits=53 conf=53 best=36 gpu=0.05s cpu=0.01s prep=0.01s up=0.001s wait=0.000s (7.29e+09 res/s)
K=472 sh=7 MOD=19214597763210 thr=1732900 res=4.67e+09 tierC=608 surv=440 bits=440 conf=440 best=36 gpu=0.27s cpu=0.07s prep=0.01s up=0.001s wait=0.223s (1.73e+10 res/s)
K=531 sh=6 MOD=19214597763210 thr=1732900 res=4.67e+09 tierC=608 surv=482 bits=482 conf=477 best=36 gpu=0.28s cpu=0.08s prep=0.01s up=0.001s wait=0.182s (1.66e+10 res/s)
K=590 sh=5 MOD=19214597763210 thr=1732900 res=4.67e+09 tierC=608 surv=457 bits=457 conf=457 best=36 gpu=0.29s cpu=0.07s prep=0.01s up=0.001s wait=0.179s (1.63e+10 res/s)
K=649 sh=4 MOD=19214597763210 thr=1732900 res=4.67e+09 tierC=608 surv=467 bits=467 conf=464 best=36 gpu=0.28s cpu=0.07s prep=0.01s up=0.001s wait=0.177s (1.66e+10 res/s)
K=708 sh=3 MOD=19214597763210 thr=1732900 res=4.67e+09 tierC=608 surv=517 bits=517 conf=517 best=36 gpu=0.28s cpu=0.08s prep=0.01s up=0.001s wait=0.175s (1.68e+10 res/s)
K=767 sh=2 MOD=19214597763210 thr=1732900 res=4.67e+09 tierC=608 surv=475 bits=475 conf=475 best=36 gpu=0.27s cpu=0.07s prep=0.01s up=0.001s wait=0.169s (1.7e+10 res/s)
K=826 sh=1 MOD=19214597763210 thr=1732900 res=4.67e+09 tierC=608 surv=504 bits=504 conf=499 best=36 gpu=0.27s cpu=0.07s prep=0.01s up=0.000s wait=0.181s (1.71e+10 res/s)
K=142 sh=16 MOD=15967060113090 thr=133300 res=3.592e+08 tierC=608 surv=42 bits=42 conf=42 best=36 gpu=0.10s cpu=0.02s prep=0.01s up=0.000s wait=0.000s (3.73e+09 res/s)
K=284 sh=13 MOD=15967060113090 thr=133300 res=3.592e+08 tierC=608 surv=40 bits=40 conf=40 best=36 gpu=0.04s cpu=0.02s prep=0.01s up=0.001s wait=0.000s (8.74e+09 res/s)
K=426 sh=10 MOD=15967060113090 thr=133300 res=3.592e+08 tierC=608 surv=27 bits=27 conf=27 best=36 gpu=0.04s cpu=0.01s prep=0.01s up=0.000s wait=0.000s (8.9e+09 res/s)
K=568 sh=7 MOD=15967060113090 thr=133300 res=3.592e+08 tierC=608 surv=34 bits=34 conf=34 best=36 gpu=0.04s cpu=0.02s prep=0.01s up=0.000s wait=0.000s (9.31e+09 res/s)
K=710 sh=4 MOD=15967060113090 thr=133300 res=3.592e+08 tierC=608 surv=36 bits=36 conf=36 best=36 gpu=0.04s cpu=0.01s prep=0.01s up=0.000s wait=0.000s (8.01e+09 res/s)
K=852 sh=1 MOD=15967060113090 thr=133300 res=3.592e+08 tierC=608 surv=32 bits=32 conf=32 best=36 gpu=0.04s cpu=0.01s prep=0.01s up=0.001s wait=0.000s (8.47e+09 res/s)
K=59 sh=15 MOD=19214597763210 thr=1732900 res=4.67e+09 tierC=608 surv=476 bits=476 conf=473 best=36 gpu=0.27s cpu=0.08s prep=0.01s up=0.000s wait=0.231s (1.72e+10 res/s)
K=71 sh=18 MOD=15967060113090 thr=133300 res=3.592e+08 tierC=608 surv=42 bits=42 conf=42 best=36 gpu=0.11s cpu=0.02s prep=0.01s up=0.001s wait=0.000s (3.38e+09 res/s)
K=118 sh=14 MOD=19214597763210 thr=1732900 res=4.67e+09 tierC=608 surv=442 bits=442 conf=442 best=36 gpu=0.28s cpu=0.07s prep=0.01s up=0.001s wait=0.232s (1.7e+10 res/s)
K=213 sh=15 MOD=15967060113090 thr=133300 res=3.592e+08 tierC=608 surv=42 bits=42 conf=41 best=36 gpu=0.10s cpu=0.01s prep=0.01s up=0.000s wait=0.000s (3.73e+09 res/s)
K=355 sh=12 MOD=15967060113090 thr=133300 res=3.592e+08 tierC=608 surv=40 bits=40 conf=40 best=36 gpu=0.04s cpu=0.02s prep=0.01s up=0.001s wait=0.000s (8.3e+09 res/s)
K=497 sh=9 MOD=15967060113090 thr=133300 res=3.592e+08 tierC=608 surv=36 bits=36 conf=36 best=36 gpu=0.05s cpu=0.01s prep=0.01s up=0.001s wait=0.000s (7.74e+09 res/s)
K=177 sh=13 MOD=19214597763210 thr=1732900 res=4.67e+09 tierC=608 surv=491 bits=491 conf=486 best=36 gpu=0.27s cpu=0.06s prep=0.01s up=0.000s wait=0.229s (1.74e+10 res/s)
K=639 sh=6 MOD=15967060113090 thr=133300 res=3.592e+08 tierC=608 surv=35 bits=35 conf=35 best=36 gpu=0.09s cpu=0.01s prep=0.01s up=0.001s wait=0.000s (3.89e+09 res/s)
K=781 sh=3 MOD=15967060113090 thr=133300 res=3.592e+08 tierC=608 surv=30 bits=30 conf=30 best=36 gpu=0.05s cpu=0.01s prep=0.01s up=0.001s wait=0.000s (7.81e+09 res/s)
K=236 sh=12 MOD=19214597763210 thr=1732900 res=4.67e+09 tierC=608 surv=412 bits=412 conf=410 best=36 gpu=0.27s cpu=0.07s prep=0.01s up=0.001s wait=0.223s (1.74e+10 res/s)
K=295 sh=11 MOD=19214597763210 thr=1732900 res=4.67e+09 tierC=608 surv=409 bits=409 conf=409 best=36 gpu=0.29s cpu=0.07s prep=0.01s up=0.001s wait=0.183s (1.63e+10 res/s)
K=354 sh=10 MOD=19214597763210 thr=1732900 res=4.67e+09 tierC=608 surv=469 bits=469 conf=469 best=36 gpu=0.28s cpu=0.07s prep=0.01s up=0.001s wait=0.183s (1.65e+10 res/s)
K=413 sh=9 MOD=19214597763210 thr=1732900 res=4.67e+09 tierC=608 surv=429 bits=429 conf=429 best=36 gpu=0.28s cpu=0.07s prep=0.01s up=0.001s wait=0.181s (1.67e+10 res/s)
K=472 sh=8 MOD=19214597763210 thr=1732900 res=4.67e+09 tierC=608 surv=419 bits=419 conf=419 best=36 gpu=0.28s cpu=0.07s prep=0.01s up=0.001s wait=0.178s (1.68e+10 res/s)
K=531 sh=7 MOD=19214597763210 thr=1732900 res=4.67e+09 tierC=608 surv=494 bits=494 conf=494 best=36 gpu=0.28s cpu=0.07s prep=0.01s up=0.001s wait=0.183s (1.67e+10 res/s)
K=590 sh=6 MOD=19214597763210 thr=1732900 res=4.67e+09 tierC=608 surv=483 bits=483 conf=482 best=36 gpu=0.29s cpu=0.07s prep=0.01s up=0.000s wait=0.190s (1.62e+10 res/s)
K=142 sh=17 MOD=15967060113090 thr=133300 res=3.592e+08 tierC=608 surv=42 bits=42 conf=41 best=36 gpu=0.10s cpu=0.02s prep=0.01s up=0.001s wait=0.000s (3.51e+09 res/s)
K=649 sh=5 MOD=19214597763210 thr=1732900 res=4.67e+09 tierC=608 surv=525 bits=525 conf=523 best=36 gpu=0.27s cpu=0.08s prep=0.01s up=0.000s wait=0.228s (1.74e+10 res/s)
K=284 sh=14 MOD=15967060113090 thr=133300 res=3.592e+08 tierC=608 surv=37 bits=37 conf=35 best=36 gpu=0.11s cpu=0.01s prep=0.01s up=0.000s wait=0.000s (3.38e+09 res/s)
K=426 sh=11 MOD=15967060113090 thr=133300 res=3.592e+08 tierC=608 surv=39 bits=39 conf=39 best=36 gpu=0.04s cpu=0.02s prep=0.01s up=0.001s wait=0.000s (8.55e+09 res/s)
K=708 sh=4 MOD=19214597763210 thr=1732900 res=4.67e+09 tierC=608 surv=481 bits=481 conf=481 best=36 gpu=0.27s cpu=0.07s prep=0.01s up=0.000s wait=0.225s (1.76e+10 res/s)
K=568 sh=8 MOD=15967060113090 thr=133300 res=3.592e+08 tierC=608 surv=27 bits=27 conf=26 best=36 gpu=0.10s cpu=0.01s prep=0.01s up=0.001s wait=0.000s (3.48e+09 res/s)
K=710 sh=5 MOD=15967060113090 thr=133300 res=3.592e+08 tierC=608 surv=30 bits=30 conf=30 best=36 gpu=0.04s cpu=0.02s prep=0.01s up=0.001s wait=0.000s (8.56e+09 res/s)
K=767 sh=3 MOD=19214597763210 thr=1732900 res=4.67e+09 tierC=608 surv=449 bits=449 conf=449 best=36 gpu=0.27s cpu=0.07s prep=0.01s up=0.000s wait=0.224s (1.74e+10 res/s)
K=852 sh=2 MOD=15967060113090 thr=133300 res=3.592e+08 tierC=608 surv=39 bits=39 conf=39 best=36 gpu=0.10s cpu=0.01s prep=0.01s up=0.001s wait=0.000s (3.54e+09 res/s)
K=826 sh=2 MOD=19214597763210 thr=1732900 res=4.67e+09 tierC=608 surv=470 bits=470 conf=464 best=36 gpu=0.26s cpu=0.06s prep=0.01s up=0.001s wait=0.221s (1.77e+10 res/s)
K=885 sh=1 MOD=19214597763210 thr=1732900 res=4.67e+09 tierC=608 surv=501 bits=501 conf=497 best=36 gpu=0.27s cpu=0.07s prep=0.01s up=0.000s wait=0.184s (1.71e+10 res/s)
K=71 sh=19 MOD=15967060113090 thr=133300 res=3.592e+08 tierC=608 surv=34 bits=34 conf=34 best=36 gpu=0.10s cpu=0.01s prep=0.01s up=0.000s wait=0.000s (3.75e+09 res/s)
K=213 sh=16 MOD=15967060113090 thr=133300 res=3.592e+08 tierC=608 surv=43 bits=43 conf=43 best=36 gpu=0.04s cpu=0.02s prep=0.01s up=0.000s wait=0.000s (8.91e+09 res/s)
K=355 sh=13 MOD=15967060113090 thr=133300 res=3.592e+08 tierC=608 surv=28 bits=28 conf=28 best=36 gpu=0.04s cpu=0.02s prep=0.01s up=0.001s wait=0.000s (8.56e+09 res/s)
K=497 sh=10 MOD=15967060113090 thr=133300 res=3.592e+08 tierC=608 surv=48 bits=48 conf=48 best=36 gpu=0.04s cpu=0.01s prep=0.01s up=0.001s wait=0.000s (8.72e+09 res/s)
K=639 sh=7 MOD=15967060113090 thr=133300 res=3.592e+08 tierC=608 surv=36 bits=36 conf=36 best=36 gpu=0.04s cpu=0.02s prep=0.01s up=0.001s wait=0.000s (9.69e+09 res/s)
K=781 sh=4 MOD=15967060113090 thr=133300 res=3.592e+08 tierC=608 surv=37 bits=37 conf=37 best=36 gpu=0.04s cpu=0.02s prep=0.01s up=0.001s wait=0.000s (8.11e+09 res/s)
K=923 sh=1 MOD=15967060113090 thr=133300 res=3.592e+08 tierC=608 surv=28 bits=28 conf=28 best=36 gpu=0.05s cpu=0.01s prep=0.01s up=0.001s wait=0.000s (7.39e+09 res/s)
K=59 sh=16 MOD=19214597763210 thr=1732900 res=4.67e+09 tierC=608 surv=430 bits=430 conf=430 best=36 gpu=0.27s cpu=0.07s prep=0.01s up=0.001s wait=0.225s (1.72e+10 res/s)
K=118 sh=15 MOD=19214597763210 thr=1732900 res=4.67e+09 tierC=608 surv=454 bits=454 conf=453 best=36 gpu=0.29s cpu=0.07s prep=0.01s up=0.001s wait=0.184s (1.63e+10 res/s)
K=177 sh=14 MOD=19214597763210 thr=1732900 res=4.67e+09 tierC=608 surv=481 bits=481 conf=478 best=36 gpu=0.28s cpu=0.06s prep=0.01s up=0.001s wait=0.175s (1.65e+10 res/s)
K=236 sh=13 MOD=19214597763210 thr=1732900 res=4.67e+09 tierC=608 surv=431 bits=431 conf=431 best=36 gpu=0.28s cpu=0.07s prep=0.01s up=0.001s wait=0.179s (1.68e+10 res/s)
K=295 sh=12 MOD=19214597763210 thr=1732900 res=4.67e+09 tierC=608 surv=452 bits=452 conf=444 best=36 gpu=0.29s cpu=0.07s prep=0.01s up=0.001s wait=0.190s (1.61e+10 res/s)
K=354 sh=11 MOD=19214597763210 thr=1732900 res=4.67e+09 tierC=608 surv=462 bits=462 conf=462 best=36 gpu=0.28s cpu=0.07s prep=0.01s up=0.001s wait=0.183s (1.64e+10 res/s)
K=413 sh=10 MOD=19214597763210 thr=1732900 res=4.67e+09 tierC=608 surv=421 bits=421 conf=420 best=36 gpu=0.28s cpu=0.07s prep=0.01s up=0.001s wait=0.185s (1.67e+10 res/s)
K=142 sh=18 MOD=15967060113090 thr=133300 res=3.592e+08 tierC=608 surv=33 bits=33 conf=33 best=36 gpu=0.10s cpu=0.01s prep=0.01s up=0.000s wait=0.000s (3.65e+09 res/s)
K=284 sh=15 MOD=15967060113090 thr=133300 res=3.592e+08 tierC=608 surv=48 bits=48 conf=48 best=36 gpu=0.04s cpu=0.02s prep=0.01s up=0.001s wait=0.000s (8.41e+09 res/s)
K=472 sh=9 MOD=19214597763210 thr=1732900 res=4.67e+09 tierC=608 surv=513 bits=513 conf=513 best=36 gpu=0.27s cpu=0.08s prep=0.01s up=0.000s wait=0.227s (1.73e+10 res/s)
K=426 sh=12 MOD=15967060113090 thr=133300 res=3.592e+08 tierC=608 surv=38 bits=38 conf=38 best=36 gpu=0.11s cpu=0.02s prep=0.01s up=0.000s wait=0.000s (3.23e+09 res/s)
K=568 sh=9 MOD=15967060113090 thr=133300 res=3.592e+08 tierC=608 surv=32 bits=32 conf=32 best=36 gpu=0.05s cpu=0.01s prep=0.01s up=0.001s wait=0.000s (7.31e+09 res/s)
*** n=55 a=11687581876345393 d=202927451159070 (K=531 shift=8)
K=531 sh=8 MOD=19214597763210 thr=1732900 res=4.67e+09 tierC=608 surv=452 bits=452 conf=452 best=55 gpu=0.27s cpu=0.07s prep=0.01s up=0.000s wait=0.231s (1.71e+10 res/s)
K=710 sh=6 MOD=15967060113090 thr=133300 res=3.592e+08 tierC=608 surv=30 bits=30 conf=30 best=55 gpu=0.10s cpu=0.01s prep=0.01s up=0.000s wait=0.000s (3.52e+09 res/s)
K=852 sh=3 MOD=15967060113090 thr=133300 res=3.592e+08 tierC=608 surv=47 bits=47 conf=47 best=55 gpu=0.05s cpu=0.01s prep=0.01s up=0.001s wait=0.000s (7.59e+09 res/s)
K=590 sh=7 MOD=19214597763210 thr=1732900 res=4.67e+09 tierC=608 surv=494 bits=494 conf=494 best=55 gpu=0.28s cpu=0.08s prep=0.01s up=0.001s wait=0.234s (1.65e+10 res/s)
K=649 sh=6 MOD=19214597763210 thr=1732900 res=4.67e+09 tierC=608 surv=490 bits=490 conf=489 best=55 gpu=0.29s cpu=0.08s prep=0.01s up=0.001s wait=0.170s (1.63e+10 res/s)
K=708 sh=5 MOD=19214597763210 thr=1732900 res=4.67e+09 tierC=608 surv=455 bits=455 conf=454 best=55 gpu=0.28s cpu=0.07s prep=0.01s up=0.001s wait=0.170s (1.66e+10 res/s)
K=767 sh=4 MOD=19214597763210 thr=1732900 res=4.67e+09 tierC=608 surv=436 bits=436 conf=434 best=55 gpu=0.28s cpu=0.07s prep=0.01s up=0.001s wait=0.173s (1.66e+10 res/s)
K=826 sh=3 MOD=19214597763210 thr=1732900 res=4.67e+09 tierC=608 surv=459 bits=459 conf=456 best=55 gpu=0.28s cpu=0.06s prep=0.01s up=0.001s wait=0.178s (1.67e+10 res/s)
K=885 sh=2 MOD=19214597763210 thr=1732900 res=4.67e+09 tierC=608 surv=511 bits=511 conf=509 best=55 gpu=0.28s cpu=0.08s prep=0.01s up=0.001s wait=0.183s (1.68e+10 res/s)
K=944 sh=1 MOD=19214597763210 thr=1732900 res=4.67e+09 tierC=608 surv=480 bits=480 conf=480 best=55 gpu=0.28s cpu=0.08s prep=0.01s up=0.000s wait=0.178s (1.66e+10 res/s)
K=71 sh=20 MOD=15967060113090 thr=133300 res=3.592e+08 tierC=608 surv=30 bits=30 conf=30 best=55 gpu=0.10s cpu=0.01s prep=0.01s up=0.000s wait=0.000s (3.51e+09 res/s)
K=213 sh=17 MOD=15967060113090 thr=133300 res=3.592e+08 tierC=608 surv=38 bits=38 conf=38 best=55 gpu=0.04s cpu=0.02s prep=0.01s up=0.000s wait=0.000s (8.74e+09 res/s)
K=355 sh=14 MOD=15967060113090 thr=133300 res=3.592e+08 tierC=608 surv=36 bits=36 conf=35 best=55 gpu=0.04s cpu=0.01s prep=0.01s up=0.000s wait=0.000s (8.04e+09 res/s)
K=497 sh=11 MOD=15967060113090 thr=133300 res=3.592e+08 tierC=608 surv=39 bits=39 conf=39 best=55 gpu=0.04s cpu=0.01s prep=0.01s up=0.000s wait=0.000s (8.97e+09 res/s)
K=639 sh=8 MOD=15967060113090 thr=133300 res=3.592e+08 tierC=608 surv=38 bits=38 conf=38 best=55 gpu=0.04s cpu=0.01s prep=0.01s up=0.000s wait=0.000s (8.79e+09 res/s)
K=781 sh=5 MOD=15967060113090 thr=133300 res=3.592e+08 tierC=608 surv=34 bits=34 conf=34 best=55 gpu=0.04s cpu=0.02s prep=0.01s up=0.000s wait=0.000s (8.1e+09 res/s)
K=923 sh=2 MOD=15967060113090 thr=133300 res=3.592e+08 tierC=608 surv=39 bits=39 conf=39 best=55 gpu=0.05s cpu=0.02s prep=0.01s up=0.001s wait=0.000s (7.3e+09 res/s)
K=59 sh=17 MOD=19214597763210 thr=1732900 res=4.67e+09 tierC=608 surv=445 bits=445 conf=440 best=55 gpu=0.28s cpu=0.08s prep=0.01s up=0.001s wait=0.225s (1.7e+10 res/s)
K=118 sh=16 MOD=19214597763210 thr=1732900 res=4.67e+09 tierC=608 surv=479 bits=479 conf=479 best=55 gpu=0.29s cpu=0.08s prep=0.01s up=0.001s wait=0.179s (1.63e+10 res/s)
K=177 sh=15 MOD=19214597763210 thr=1732900 res=4.67e+09 tierC=608 surv=478 bits=478 conf=477 best=55 gpu=0.28s cpu=0.07s prep=0.01s up=0.000s wait=0.172s (1.66e+10 res/s)
K=142 sh=19 MOD=15967060113090 thr=133300 res=3.592e+08 tierC=608 surv=41 bits=41 conf=41 best=55 gpu=0.10s cpu=0.02s prep=0.01s up=0.000s wait=0.000s (3.5e+09 res/s)
K=284 sh=16 MOD=15967060113090 thr=133300 res=3.592e+08 tierC=608 surv=38 bits=38 conf=38 best=55 gpu=0.05s cpu=0.01s prep=0.01s up=0.001s wait=0.000s (7.52e+09 res/s)
K=236 sh=14 MOD=19214597763210 thr=1732900 res=4.67e+09 tierC=608 surv=486 bits=486 conf=485 best=55 gpu=0.27s cpu=0.09s prep=0.01s up=0.000s wait=0.228s (1.73e+10 res/s)
K=426 sh=13 MOD=15967060113090 thr=133300 res=3.592e+08 tierC=608 surv=43 bits=43 conf=43 best=55 gpu=0.12s cpu=0.01s prep=0.01s up=0.000s wait=0.000s (3.07e+09 res/s)
K=568 sh=10 MOD=15967060113090 thr=133300 res=3.592e+08 tierC=608 surv=36 bits=36 conf=36 best=55 gpu=0.05s cpu=0.01s prep=0.01s up=0.001s wait=0.000s (7.77e+09 res/s)
K=295 sh=13 MOD=19214597763210 thr=1732900 res=4.67e+09 tierC=608 surv=437 bits=437 conf=436 best=55 gpu=0.28s cpu=0.08s prep=0.01s up=0.001s wait=0.239s (1.67e+10 res/s)
K=710 sh=7 MOD=15967060113090 thr=133300 res=3.592e+08 tierC=608 surv=39 bits=39 conf=39 best=55 gpu=0.11s cpu=0.01s prep=0.01s up=0.001s wait=0.000s (3.42e+09 res/s)
K=852 sh=4 MOD=15967060113090 thr=133300 res=3.592e+08 tierC=608 surv=41 bits=41 conf=41 best=55 gpu=0.04s cpu=0.01s prep=0.01s up=0.001s wait=0.000s (8.08e+09 res/s)
K=354 sh=12 MOD=19214597763210 thr=1732900 res=4.67e+09 tierC=608 surv=481 bits=481 conf=475 best=55 gpu=0.28s cpu=0.07s prep=0.01s up=0.001s wait=0.235s (1.68e+10 res/s)
K=994 sh=1 MOD=15967060113090 thr=133300 res=3.592e+08 tierC=608 surv=33 bits=33 conf=33 best=55 gpu=0.11s cpu=0.01s prep=0.01s up=0.001s wait=0.000s (3.36e+09 res/s)
K=413 sh=11 MOD=19214597763210 thr=1732900 res=4.67e+09 tierC=608 surv=478 bits=478 conf=472 best=55 gpu=0.27s cpu=0.08s prep=0.01s up=0.001s wait=0.228s (1.71e+10 res/s)
K=472 sh=10 MOD=19214597763210 thr=1732900 res=4.67e+09 tierC=608 surv=435 bits=435 conf=435 best=55 gpu=0.28s cpu=0.07s prep=0.01s up=0.001s wait=0.169s (1.66e+10 res/s)
K=531 sh=9 MOD=19214597763210 thr=1732900 res=4.67e+09 tierC=608 surv=464 bits=464 conf=464 best=55 gpu=0.28s cpu=0.08s prep=0.01s up=0.001s wait=0.178s (1.65e+10 res/s)
K=590 sh=8 MOD=19214597763210 thr=1732900 res=4.67e+09 tierC=608 surv=452 bits=452 conf=452 best=55 gpu=0.29s cpu=0.08s prep=0.01s up=0.001s wait=0.175s (1.61e+10 res/s)
K=649 sh=7 MOD=19214597763210 thr=1732900 res=4.67e+09 tierC=608 surv=471 bits=471 conf=470 best=55 gpu=0.28s cpu=0.08s prep=0.01s up=0.001s wait=0.172s (1.67e+10 res/s)
K=708 sh=6 MOD=19214597763210 thr=1732900 res=4.67e+09 tierC=608 surv=480 bits=480 conf=479 best=55 gpu=0.28s cpu=0.08s prep=0.01s up=0.000s wait=0.170s (1.68e+10 res/s)
K=71 sh=21 MOD=15967060113090 thr=133300 res=3.592e+08 tierC=608 surv=38 bits=38 conf=38 best=55 gpu=0.11s cpu=0.02s prep=0.01s up=0.000s wait=0.000s (3.27e+09 res/s)
K=213 sh=18 MOD=15967060113090 thr=133300 res=3.592e+08 tierC=608 surv=43 bits=43 conf=43 best=55 gpu=0.05s cpu=0.02s prep=0.01s up=0.001s wait=0.000s (7.53e+09 res/s)
K=767 sh=5 MOD=19214597763210 thr=1732900 res=4.67e+09 tierC=608 surv=481 bits=481 conf=481 best=55 gpu=0.27s cpu=0.08s prep=0.01s up=0.000s wait=0.223s (1.75e+10 res/s)
K=355 sh=15 MOD=15967060113090 thr=133300 res=3.592e+08 tierC=608 surv=35 bits=35 conf=35 best=55 gpu=0.11s cpu=0.01s prep=0.01s up=0.001s wait=0.000s (3.32e+09 res/s)
K=497 sh=12 MOD=15967060113090 thr=133300 res=3.592e+08 tierC=608 surv=36 bits=36 conf=36 best=55 gpu=0.04s cpu=0.01s prep=0.01s up=0.001s wait=0.000s (8.02e+09 res/s)
K=826 sh=4 MOD=19214597763210 thr=1732900 res=4.67e+09 tierC=608 surv=495 bits=495 conf=494 best=55 gpu=0.27s cpu=0.08s prep=0.01s up=0.000s wait=0.227s (1.74e+10 res/s)
K=639 sh=9 MOD=15967060113090 thr=133300 res=3.592e+08 tierC=608 surv=37 bits=37 conf=37 best=55 gpu=0.11s cpu=0.01s prep=0.01s up=0.000s wait=0.000s (3.39e+09 res/s)
K=781 sh=6 MOD=15967060113090 thr=133300 res=3.592e+08 tierC=608 surv=33 bits=33 conf=33 best=55 gpu=0.04s cpu=0.01s prep=0.01s up=0.001s wait=0.000s (8.05e+09 res/s)
K=885 sh=3 MOD=19214597763210 thr=1732900 res=4.67e+09 tierC=608 surv=431 bits=431 conf=431 best=55 gpu=0.27s cpu=0.07s prep=0.01s up=0.000s wait=0.228s (1.72e+10 res/s)
K=923 sh=3 MOD=15967060113090 thr=133300 res=3.592e+08 tierC=608 surv=39 bits=39 conf=38 best=55 gpu=0.11s cpu=0.01s prep=0.01s up=0.001s wait=0.000s (3.38e+09 res/s)
K=944 sh=2 MOD=19214597763210 thr=1732900 res=4.67e+09 tierC=608 surv=461 bits=461 conf=461 best=55 gpu=0.27s cpu=0.08s prep=0.01s up=0.001s wait=0.228s (1.71e+10 res/s)
K=1003 sh=1 MOD=19214597763210 thr=1732900 res=4.67e+09 tierC=608 surv=405 bits=405 conf=403 best=55 gpu=0.27s cpu=0.07s prep=0.01s up=0.000s wait=0.168s (1.72e+10 res/s)
K=142 sh=20 MOD=15967060113090 thr=133300 res=3.592e+08 tierC=608 surv=31 bits=31 conf=31 best=55 gpu=0.09s cpu=0.01s prep=0.01s up=0.000s wait=0.000s (3.9e+09 res/s)
K=284 sh=17 MOD=15967060113090 thr=133300 res=3.592e+08 tierC=608 surv=33 bits=33 conf=33 best=55 gpu=0.04s cpu=0.02s prep=0.01s up=0.000s wait=0.000s (8.66e+09 res/s)
K=426 sh=14 MOD=15967060113090 thr=133300 res=3.592e+08 tierC=608 surv=33 bits=33 conf=32 best=55 gpu=0.05s cpu=0.01s prep=0.01s up=0.000s wait=0.000s (7.83e+09 res/s)
K=568 sh=11 MOD=15967060113090 thr=133300 res=3.592e+08 tierC=608 surv=41 bits=41 conf=41 best=55 gpu=0.04s cpu=0.02s prep=0.01s up=0.001s wait=0.000s (8.14e+09 res/s)
K=59 sh=18 MOD=19214597763210 thr=1732900 res=4.67e+09 tierC=608 surv=481 bits=481 conf=481 best=55 gpu=0.27s cpu=0.08s prep=0.01s up=0.000s wait=0.227s (1.73e+10 res/s)
K=710 sh=8 MOD=15967060113090 thr=133300 res=3.592e+08 tierC=608 surv=34 bits=34 conf=34 best=55 gpu=0.11s cpu=0.01s prep=0.01s up=0.000s wait=0.000s (3.13e+09 res/s)
K=852 sh=5 MOD=15967060113090 thr=133300 res=3.592e+08 tierC=608 surv=37 bits=37 conf=37 best=55 gpu=0.04s cpu=0.02s prep=0.01s up=0.001s wait=0.000s (8.18e+09 res/s)
K=118 sh=17 MOD=19214597763210 thr=1732900 res=4.67e+09 tierC=608 surv=450 bits=450 conf=444 best=55 gpu=0.28s cpu=0.08s prep=0.01s up=0.000s wait=0.237s (1.65e+10 res/s)
K=994 sh=2 MOD=15967060113090 thr=133300 res=3.592e+08 tierC=608 surv=34 bits=34 conf=34 best=55 gpu=0.11s cpu=0.01s prep=0.01s up=0.001s wait=0.000s (3.18e+09 res/s)
K=177 sh=16 MOD=19214597763210 thr=1732900 res=4.67e+09 tierC=608 surv=423 bits=423 conf=423 best=55 gpu=0.28s cpu=0.07s prep=0.01s up=0.001s wait=0.228s (1.7e+10 res/s)
K=236 sh=15 MOD=19214597763210 thr=1732900 res=4.67e+09 tierC=608 surv=442 bits=442 conf=440 best=55 gpu=0.28s cpu=0.08s prep=0.01s up=0.001s wait=0.173s (1.67e+10 res/s)
K=295 sh=14 MOD=19214597763210 thr=1732900 res=4.67e+09 tierC=608 surv=421 bits=421 conf=421 best=55 gpu=0.30s cpu=0.07s prep=0.01s up=0.001s wait=0.184s (1.58e+10 res/s)
K=354 sh=13 MOD=19214597763210 thr=1732900 res=4.67e+09 tierC=608 surv=503 bits=503 conf=503 best=55 gpu=0.29s cpu=0.08s prep=0.01s up=0.001s wait=0.178s (1.64e+10 res/s)
K=413 sh=12 MOD=19214597763210 thr=1732900 res=4.67e+09 tierC=608 surv=439 bits=439 conf=439 best=55 gpu=0.28s cpu=0.07s prep=0.01s up=0.001s wait=0.166s (1.68e+10 res/s)
K=472 sh=11 MOD=19214597763210 thr=1732900 res=4.67e+09 tierC=608 surv=417 bits=417 conf=417 best=55 gpu=0.28s cpu=0.07s prep=0.01s up=0.000s wait=0.175s (1.69e+10 res/s)
K=71 sh=22 MOD=15967060113090 thr=133300 res=3.592e+08 tierC=608 surv=31 bits=31 conf=31 best=55 gpu=0.10s cpu=0.01s prep=0.01s up=0.000s wait=0.000s (3.49e+09 res/s)
K=213 sh=19 MOD=15967060113090 thr=133300 res=3.592e+08 tierC=608 surv=40 bits=40 conf=40 best=55 gpu=0.05s cpu=0.01s prep=0.01s up=0.001s wait=0.000s (7.82e+09 res/s)
K=531 sh=10 MOD=19214597763210 thr=1732900 res=4.67e+09 tierC=608 surv=517 bits=517 conf=517 best=55 gpu=0.27s cpu=0.08s prep=0.01s up=0.000s wait=0.234s (1.71e+10 res/s)
K=355 sh=16 MOD=15967060113090 thr=133300 res=3.592e+08 tierC=608 surv=41 bits=41 conf=41 best=55 gpu=0.12s cpu=0.01s prep=0.01s up=0.000s wait=0.000s (3.12e+09 res/s)
K=497 sh=13 MOD=15967060113090 thr=133300 res=3.592e+08 tierC=608 surv=34 bits=34 conf=34 best=55 gpu=0.05s cpu=0.02s prep=0.01s up=0.001s wait=0.000s (7.84e+09 res/s)
K=590 sh=9 MOD=19214597763210 thr=1732900 res=4.67e+09 tierC=608 surv=427 bits=427 conf=425 best=55 gpu=0.28s cpu=0.07s prep=0.01s up=0.000s wait=0.233s (1.68e+10 res/s)
K=639 sh=10 MOD=15967060113090 thr=133300 res=3.592e+08 tierC=608 surv=44 bits=44 conf=44 best=55 gpu=0.10s cpu=0.01s prep=0.01s up=0.000s wait=0.000s (3.57e+09 res/s)
K=781 sh=7 MOD=15967060113090 thr=133300 res=3.592e+08 tierC=608 surv=36 bits=36 conf=35 best=55 gpu=0.05s cpu=0.02s prep=0.01s up=0.001s wait=0.000s (7.96e+09 res/s)
K=649 sh=8 MOD=19214597763210 thr=1732900 res=4.67e+09 tierC=608 surv=449 bits=449 conf=447 best=55 gpu=0.27s cpu=0.07s prep=0.01s up=0.000s wait=0.230s (1.71e+10 res/s)
K=923 sh=4 MOD=15967060113090 thr=133300 res=3.592e+08 tierC=608 surv=33 bits=33 conf=33 best=55 gpu=0.10s cpu=0.01s prep=0.01s up=0.000s wait=0.000s (3.5e+09 res/s)
K=1065 sh=1 MOD=15967060113090 thr=133300 res=3.592e+08 tierC=608 surv=31 bits=31 conf=31 best=55 gpu=0.05s cpu=0.01s prep=0.01s up=0.001s wait=0.000s (7.32e+09 res/s)
K=708 sh=7 MOD=19214597763210 thr=1732900 res=4.67e+09 tierC=608 surv=432 bits=432 conf=430 best=55 gpu=0.27s cpu=0.08s prep=0.01s up=0.001s wait=0.227s (1.72e+10 res/s)
K=767 sh=6 MOD=19214597763210 thr=1732900 res=4.67e+09 tierC=608 surv=514 bits=514 conf=514 best=55 gpu=0.28s cpu=0.08s prep=0.01s up=0.001s wait=0.169s (1.67e+10 res/s)
K=826 sh=5 MOD=19214597763210 thr=1732900 res=4.67e+09 tierC=608 surv=484 bits=484 conf=484 best=55 gpu=0.28s cpu=0.07s prep=0.01s up=0.001s wait=0.164s (1.67e+10 res/s)
K=885 sh=4 MOD=19214597763210 thr=1732900 res=4.67e+09 tierC=608 surv=433 bits=433 conf=432 best=55 gpu=0.28s cpu=0.07s prep=0.01s up=0.001s wait=0.173s (1.67e+10 res/s)
K=944 sh=3 MOD=19214597763210 thr=1732900 res=4.67e+09 tierC=608 surv=455 bits=455 conf=454 best=55 gpu=0.28s cpu=0.07s prep=0.01s up=0.001s wait=0.177s (1.67e+10 res/s)
K=1003 sh=2 MOD=19214597763210 thr=1732900 res=4.67e+09 tierC=608 surv=459 bits=459 conf=459 best=55 gpu=0.27s cpu=0.08s prep=0.01s up=0.000s wait=0.173s (1.7e+10 res/s)
K=142 sh=21 MOD=15967060113090 thr=133300 res=3.592e+08 tierC=608 surv=33 bits=33 conf=33 best=55 gpu=0.11s cpu=0.01s prep=0.01s up=0.001s wait=0.000s (3.37e+09 res/s)
K=1062 sh=1 MOD=19214597763210 thr=1732900 res=4.67e+09 tierC=608 surv=406 bits=406 conf=404 best=55 gpu=0.29s cpu=0.06s prep=0.01s up=0.000s wait=0.245s (1.63e+10 res/s)
K=284 sh=18 MOD=15967060113090 thr=133300 res=3.592e+08 tierC=608 surv=39 bits=39 conf=39 best=55 gpu=0.09s cpu=0.01s prep=0.01s up=0.000s wait=0.000s (3.93e+09 res/s)
K=426 sh=15 MOD=15967060113090 thr=133300 res=3.592e+08 tierC=608 surv=43 bits=43 conf=43 best=55 gpu=0.04s cpu=0.02s prep=0.01s up=0.000s wait=0.000s (8.6e+09 res/s)
K=568 sh=12 MOD=15967060113090 thr=133300 res=3.592e+08 tierC=608 surv=37 bits=37 conf=37 best=55 gpu=0.04s cpu=0.01s prep=0.01s up=0.000s wait=0.000s (8.47e+09 res/s)
K=710 sh=9 MOD=15967060113090 thr=133300 res=3.592e+08 tierC=608 surv=33 bits=33 conf=33 best=55 gpu=0.04s cpu=0.01s prep=0.01s up=0.000s wait=0.000s (8.97e+09 res/s)
K=852 sh=6 MOD=15967060113090 thr=133300 res=3.592e+08 tierC=608 surv=35 bits=35 conf=35 best=55 gpu=0.04s cpu=0.01s prep=0.01s up=0.000s wait=0.000s (8.68e+09 res/s)
K=994 sh=3 MOD=15967060113090 thr=133300 res=3.592e+08 tierC=608 surv=36 bits=36 conf=36 best=55 gpu=0.05s cpu=0.02s prep=0.01s up=0.001s wait=0.000s (7.18e+09 res/s)
K=59 sh=19 MOD=19214597763210 thr=1732900 res=4.67e+09 tierC=608 surv=449 bits=449 conf=447 best=55 gpu=0.27s cpu=0.08s prep=0.01s up=0.001s wait=0.221s (1.7e+10 res/s)
K=118 sh=18 MOD=19214597763210 thr=1732900 res=4.67e+09 tierC=608 surv=465 bits=465 conf=464 best=55 gpu=0.29s cpu=0.08s prep=0.01s up=0.001s wait=0.177s (1.61e+10 res/s)
K=177 sh=17 MOD=19214597763210 thr=1732900 res=4.67e+09 tierC=608 surv=470 bits=470 conf=470 best=55 gpu=0.28s cpu=0.08s prep=0.01s up=0.001s wait=0.170s (1.67e+10 res/s)
K=236 sh=16 MOD=19214597763210 thr=1732900 res=4.67e+09 tierC=608 surv=496 bits=496 conf=493 best=55 gpu=0.28s cpu=0.09s prep=0.01s up=0.000s wait=0.174s (1.67e+10 res/s)
K=71 sh=23 MOD=15967060113090 thr=133300 res=3.592e+08 tierC=608 surv=46 bits=46 conf=46 best=55 gpu=0.12s cpu=0.02s prep=0.01s up=0.001s wait=0.000s (2.98e+09 res/s)
K=295 sh=15 MOD=19214597763210 thr=1732900 res=4.67e+09 tierC=608 surv=505 bits=505 conf=501 best=55 gpu=0.28s cpu=0.09s prep=0.01s up=0.000s wait=0.234s (1.68e+10 res/s)
K=213 sh=20 MOD=15967060113090 thr=133300 res=3.592e+08 tierC=608 surv=41 bits=41 conf=41 best=55 gpu=0.12s cpu=0.02s prep=0.01s up=0.000s wait=0.000s (3.09e+09 res/s)
K=355 sh=17 MOD=15967060113090 thr=133300 res=3.592e+08 tierC=608 surv=38 bits=38 conf=38 best=55 gpu=0.05s cpu=0.02s prep=0.01s up=0.001s wait=0.000s (7.56e+09 res/s)
K=354 sh=14 MOD=19214597763210 thr=1732900 res=4.67e+09 tierC=608 surv=424 bits=424 conf=423 best=55 gpu=0.27s cpu=0.07s prep=0.01s up=0.000s wait=0.232s (1.7e+10 res/s)
K=497 sh=14 MOD=15967060113090 thr=133300 res=3.592e+08 tierC=608 surv=45 bits=45 conf=45 best=55 gpu=0.10s cpu=0.01s prep=0.01s up=0.000s wait=0.000s (3.62e+09 res/s)
K=639 sh=11 MOD=15967060113090 thr=133300 res=3.592e+08 tierC=608 surv=32 bits=32 conf=32 best=55 gpu=0.04s cpu=0.01s prep=0.01s up=0.001s wait=0.000s (8.03e+09 res/s)
K=413 sh=13 MOD=19214597763210 thr=1732900 res=4.67e+09 tierC=608 surv=437 bits=437 conf=437 best=55 gpu=0.27s cpu=0.08s prep=0.01s up=0.000s wait=0.229s (1.72e+10 res/s)
K=781 sh=8 MOD=15967060113090 thr=133300 res=3.592e+08 tierC=608 surv=25 bits=25 conf=25 best=55 gpu=0.11s cpu=0.01s prep=0.01s up=0.000s wait=0.000s (3.4e+09 res/s)
K=923 sh=5 MOD=15967060113090 thr=133300 res=3.592e+08 tierC=608 surv=41 bits=41 conf=41 best=55 gpu=0.04s cpu=0.02s prep=0.01s up=0.001s wait=0.000s (8.39e+09 res/s)
K=472 sh=12 MOD=19214597763210 thr=1732900 res=4.67e+09 tierC=608 surv=435 bits=435 conf=428 best=55 gpu=0.27s cpu=0.07s prep=0.01s up=0.000s wait=0.226s (1.71e+10 res/s)
K=1065 sh=2 MOD=15967060113090 thr=133300 res=3.592e+08 tierC=608 surv=35 bits=35 conf=35 best=55 gpu=0.11s cpu=0.01s prep=0.01s up=0.001s wait=0.000s (3.31e+09 res/s)
K=531 sh=11 MOD=19214597763210 thr=1732900 res=4.67e+09 tierC=608 surv=503 bits=503 conf=502 best=55 gpu=0.28s cpu=0.08s prep=0.01s up=0.001s wait=0.228s (1.69e+10 res/s)
K=590 sh=10 MOD=19214597763210 thr=1732900 res=4.67e+09 tierC=608 surv=432 bits=432 conf=430 best=55 gpu=0.29s cpu=0.07s prep=0.01s up=0.001s wait=0.173s (1.61e+10 res/s)
K=649 sh=9 MOD=19214597763210 thr=1732900 res=4.67e+09 tierC=608 surv=473 bits=473 conf=471 best=55 gpu=0.28s cpu=0.08s prep=0.01s up=0.001s wait=0.176s (1.65e+10 res/s)
K=708 sh=8 MOD=19214597763210 thr=1732900 res=4.67e+09 tierC=608 surv=496 bits=496 conf=496 best=55 gpu=0.28s cpu=0.09s prep=0.01s up=0.001s wait=0.168s (1.67e+10 res/s)
K=767 sh=7 MOD=19214597763210 thr=1732900 res=4.67e+09 tierC=608 surv=487 bits=487 conf=486 best=55 gpu=0.28s cpu=0.08s prep=0.01s up=0.001s wait=0.160s (1.68e+10 res/s)
K=826 sh=6 MOD=19214597763210 thr=1732900 res=4.67e+09 tierC=608 surv=483 bits=483 conf=479 best=55 gpu=0.28s cpu=0.07s prep=0.01s up=0.000s wait=0.166s (1.69e+10 res/s)
K=142 sh=22 MOD=15967060113090 thr=133300 res=3.592e+08 tierC=608 surv=41 bits=41 conf=41 best=55 gpu=0.11s cpu=0.02s prep=0.01s up=0.000s wait=0.000s (3.38e+09 res/s)
K=284 sh=19 MOD=15967060113090 thr=133300 res=3.592e+08 tierC=608 surv=37 bits=37 conf=37 best=55 gpu=0.05s cpu=0.01s prep=0.01s up=0.001s wait=0.000s (7.52e+09 res/s)
K=885 sh=5 MOD=19214597763210 thr=1732900 res=4.67e+09 tierC=608 surv=468 bits=468 conf=465 best=55 gpu=0.27s cpu=0.08s prep=0.01s up=0.000s wait=0.227s (1.74e+10 res/s)
K=426 sh=16 MOD=15967060113090 thr=133300 res=3.592e+08 tierC=608 surv=41 bits=41 conf=41 best=55 gpu=0.10s cpu=0.01s prep=0.01s up=0.000s wait=0.000s (3.47e+09 res/s)
K=568 sh=13 MOD=15967060113090 thr=133300 res=3.592e+08 tierC=608 surv=33 bits=33 conf=32 best=55 gpu=0.05s cpu=0.01s prep=0.01s up=0.000s wait=0.000s (7.63e+09 res/s)
K=710 sh=10 MOD=15967060113090 thr=133300 res=3.592e+08 tierC=608 surv=39 bits=39 conf=39 best=55 gpu=0.05s cpu=0.01s prep=0.01s up=0.001s wait=0.000s (7.84e+09 res/s)
K=944 sh=4 MOD=19214597763210 thr=1732900 res=4.67e+09 tierC=608 surv=450 bits=450 conf=447 best=55 gpu=0.27s cpu=0.08s prep=0.01s up=0.000s wait=0.231s (1.72e+10 res/s)
K=852 sh=7 MOD=15967060113090 thr=133300 res=3.592e+08 tierC=608 surv=30 bits=30 conf=30 best=55 gpu=0.11s cpu=0.01s prep=0.01s up=0.000s wait=0.000s (3.25e+09 res/s)
K=994 sh=4 MOD=15967060113090 thr=133300 res=3.592e+08 tierC=608 surv=34 bits=34 conf=33 best=55 gpu=0.05s cpu=0.01s prep=0.01s up=0.001s wait=0.000s (7.91e+09 res/s)
K=1003 sh=3 MOD=19214597763210 thr=1732900 res=4.67e+09 tierC=608 surv=455 bits=455 conf=451 best=55 gpu=0.27s cpu=0.07s prep=0.01s up=0.000s wait=0.224s (1.75e+10 res/s)
K=1136 sh=1 MOD=15967060113090 thr=133300 res=3.592e+08 tierC=608 surv=45 bits=45 conf=45 best=55 gpu=0.11s cpu=0.01s prep=0.01s up=0.001s wait=0.000s (3.31e+09 res/s)
K=1062 sh=2 MOD=19214597763210 thr=1732900 res=4.67e+09 tierC=608 surv=406 bits=406 conf=406 best=55 gpu=0.29s cpu=0.07s prep=0.01s up=0.001s wait=0.242s (1.63e+10 res/s)
K=1121 sh=1 MOD=19214597763210 thr=1732900 res=4.67e+09 tierC=608 surv=466 bits=466 conf=463 best=55 gpu=0.28s cpu=0.07s prep=0.01s up=0.000s wait=0.179s (1.66e+10 res/s)
K=71 sh=24 MOD=15967060113090 thr=133300 res=3.592e+08 tierC=608 surv=44 bits=44 conf=44 best=55 gpu=0.10s cpu=0.02s prep=0.01s up=0.001s wait=0.000s (3.47e+09 res/s)
K=59 sh=20 MOD=19214597763210 thr=1732900 res=4.67e+09 tierC=608 surv=482 bits=482 conf=478 best=55 gpu=0.27s cpu=0.08s prep=0.01s up=0.000s wait=0.225s (1.74e+10 res/s)
K=213 sh=21 MOD=15967060113090 thr=133300 res=3.592e+08 tierC=608 surv=34 bits=34 conf=32 best=55 gpu=0.11s cpu=0.02s prep=0.01s up=0.001s wait=0.000s (3.39e+09 res/s)
K=355 sh=18 MOD=15967060113090 thr=133300 res=3.592e+08 tierC=608 surv=40 bits=40 conf=39 best=55 gpu=0.04s cpu=0.01s prep=0.01s up=0.001s wait=0.000s (8.08e+09 res/s)
K=118 sh=19 MOD=19214597763210 thr=1732900 res=4.67e+09 tierC=608 surv=487 bits=487 conf=487 best=55 gpu=0.28s cpu=0.08s prep=0.01s up=0.001s wait=0.238s (1.7e+10 res/s)
K=497 sh=15 MOD=15967060113090 thr=133300 res=3.592e+08 tierC=608 surv=23 bits=23 conf=23 best=55 gpu=0.11s cpu=0.01s prep=0.01s up=0.001s wait=0.000s (3.24e+09 res/s)
K=639 sh=12 MOD=15967060113090 thr=133300 res=3.592e+08 tierC=608 surv=36 bits=36 conf=36 best=55 gpu=0.04s cpu=0.01s prep=0.01s up=0.001s wait=0.000s (8.39e+09 res/s)
K=177 sh=18 MOD=19214597763210 thr=1732900 res=4.67e+09 tierC=608 surv=492 bits=492 conf=490 best=55 gpu=0.27s cpu=0.07s prep=0.01s up=0.000s wait=0.230s (1.74e+10 res/s)
K=781 sh=9 MOD=15967060113090 thr=133300 res=3.592e+08 tierC=608 surv=42 bits=42 conf=42 best=55 gpu=0.10s cpu=0.01s prep=0.01s up=0.001s wait=0.000s (3.59e+09 res/s)
K=923 sh=6 MOD=15967060113090 thr=133300 res=3.592e+08 tierC=608 surv=28 bits=28 conf=28 best=55 gpu=0.04s cpu=0.02s prep=0.01s up=0.001s wait=0.000s (8.81e+09 res/s)
K=236 sh=17 MOD=19214597763210 thr=1732900 res=4.67e+09 tierC=608 surv=398 bits=398 conf=398 best=55 gpu=0.27s cpu=0.07s prep=0.01s up=0.000s wait=0.224s (1.74e+10 res/s)
K=1065 sh=3 MOD=15967060113090 thr=133300 res=3.592e+08 tierC=608 surv=39 bits=39 conf=39 best=55 gpu=0.10s cpu=0.01s prep=0.01s up=0.001s wait=0.000s (3.62e+09 res/s)
K=295 sh=16 MOD=19214597763210 thr=1732900 res=4.67e+09 tierC=608 surv=419 bits=419 conf=413 best=55 gpu=0.28s cpu=0.07s prep=0.01s up=0.001s wait=0.234s (1.67e+10 res/s)
K=354 sh=15 MOD=19214597763210 thr=1732900 res=4.67e+09 tierC=608 surv=418 bits=418 conf=417 best=55 gpu=0.28s cpu=0.06s prep=0.01s up=0.001s wait=0.181s (1.65e+10 res/s)
K=413 sh=14 MOD=19214597763210 thr=1732900 res=4.67e+09 tierC=608 surv=404 bits=404 conf=404 best=55 gpu=0.28s cpu=0.07s prep=0.01s up=0.001s wait=0.183s (1.68e+10 res/s)
K=472 sh=13 MOD=19214597763210 thr=1732900 res=4.67e+09 tierC=608 surv=499 bits=499 conf=498 best=55 gpu=0.28s cpu=0.08s prep=0.01s up=0.001s wait=0.179s (1.68e+10 res/s)
K=531 sh=12 MOD=19214597763210 thr=1732900 res=4.67e+09 tierC=608 surv=489 bits=489 conf=484 best=55 gpu=0.28s cpu=0.08s prep=0.01s up=0.001s wait=0.171s (1.67e+10 res/s)
K=590 sh=11 MOD=19214597763210 thr=1732900 res=4.67e+09 tierC=608 surv=411 bits=411 conf=411 best=55 gpu=0.28s cpu=0.07s prep=0.01s up=0.000s wait=0.182s (1.64e+10 res/s)
K=142 sh=23 MOD=15967060113090 thr=133300 res=3.592e+08 tierC=608 surv=39 bits=39 conf=39 best=55 gpu=0.10s cpu=0.01s prep=0.01s up=0.000s wait=0.000s (3.7e+09 res/s)
K=284 sh=20 MOD=15967060113090 thr=133300 res=3.592e+08 tierC=608 surv=38 bits=38 conf=38 best=55 gpu=0.05s cpu=0.02s prep=0.01s up=0.001s wait=0.000s (7.93e+09 res/s)
K=649 sh=10 MOD=19214597763210 thr=1732900 res=4.67e+09 tierC=608 surv=462 bits=462 conf=462 best=55 gpu=0.27s cpu=0.07s prep=0.01s up=0.000s wait=0.229s (1.73e+10 res/s)
K=426 sh=17 MOD=15967060113090 thr=133300 res=3.592e+08 tierC=608 surv=37 bits=37 conf=37 best=55 gpu=0.10s cpu=0.01s prep=0.01s up=0.000s wait=0.000s (3.43e+09 res/s)
K=568 sh=14 MOD=15967060113090 thr=133300 res=3.592e+08 tierC=608 surv=35 bits=35 conf=35 best=55 gpu=0.04s cpu=0.01s prep=0.01s up=0.001s wait=0.000s (8.24e+09 res/s)
K=708 sh=9 MOD=19214597763210 thr=1732900 res=4.67e+09 tierC=608 surv=468 bits=468 conf=468 best=55 gpu=0.26s cpu=0.07s prep=0.01s up=0.000s wait=0.224s (1.77e+10 res/s)
K=710 sh=11 MOD=15967060113090 thr=133300 res=3.592e+08 tierC=608 surv=29 bits=29 conf=29 best=55 gpu=0.10s cpu=0.01s prep=0.01s up=0.000s wait=0.000s (3.48e+09 res/s)
K=852 sh=8 MOD=15967060113090 thr=133300 res=3.592e+08 tierC=608 surv=28 bits=28 conf=28 best=55 gpu=0.04s cpu=0.02s prep=0.01s up=0.001s wait=0.000s (8.56e+09 res/s)
K=767 sh=8 MOD=19214597763210 thr=1732900 res=4.67e+09 tierC=608 surv=461 bits=461 conf=458 best=55 gpu=0.27s cpu=0.07s prep=0.01s up=0.001s wait=0.225s (1.76e+10 res/s)
K=994 sh=5 MOD=15967060113090 thr=133300 res=3.592e+08 tierC=608 surv=32 bits=32 conf=32 best=55 gpu=0.10s cpu=0.01s prep=0.01s up=0.000s wait=0.000s (3.54e+09 res/s)
K=1136 sh=2 MOD=15967060113090 thr=133300 res=3.592e+08 tierC=608 surv=30 bits=30 conf=30 best=55 gpu=0.05s cpu=0.01s prep=0.01s up=0.001s wait=0.000s (7.75e+09 res/s)
K=826 sh=7 MOD=19214597763210 thr=1732900 res=4.67e+09 tierC=608 surv=544 bits=544 conf=544 best=55 gpu=0.27s cpu=0.08s prep=0.01s up=0.001s wait=0.222s (1.73e+10 res/s)
K=885 sh=6 MOD=19214597763210 thr=1732900 res=4.67e+09 tierC=608 surv=434 bits=434 conf=434 best=55 gpu=0.28s cpu=0.07s prep=0.01s up=0.001s wait=0.163s (1.67e+10 res/s)
K=944 sh=5 MOD=19214597763210 thr=1732900 res=4.67e+09 tierC=608 surv=432 bits=432 conf=429 best=55 gpu=0.28s cpu=0.07s prep=0.01s up=0.001s wait=0.181s (1.66e+10 res/s)
K=1003 sh=4 MOD=19214597763210 thr=1732900 res=4.67e+09 tierC=608 surv=412 bits=412 conf=412 best=55 gpu=0.27s cpu=0.07s prep=0.01s up=0.001s wait=0.173s (1.72e+10 res/s)
K=1062 sh=3 MOD=19214597763210 thr=1732900 res=4.67e+09 tierC=608 surv=423 bits=423 conf=423 best=55 gpu=0.29s cpu=0.07s prep=0.01s up=0.001s wait=0.195s (1.6e+10 res/s)
K=1121 sh=2 MOD=19214597763210 thr=1732900 res=4.67e+09 tierC=608 surv=423 bits=423 conf=423 best=55 gpu=0.28s cpu=0.06s prep=0.01s up=0.000s wait=0.183s (1.69e+10 res/s)
K=71 sh=25 MOD=15967060113090 thr=133300 res=3.592e+08 tierC=608 surv=40 bits=40 conf=40 best=55 gpu=0.09s cpu=0.01s prep=0.01s up=0.000s wait=0.000s (3.84e+09 res/s)
K=213 sh=22 MOD=15967060113090 thr=133300 res=3.592e+08 tierC=608 surv=33 bits=33 conf=32 best=55 gpu=0.04s cpu=0.02s prep=0.01s up=0.001s wait=0.000s (8.29e+09 res/s)
K=1180 sh=1 MOD=19214597763210 thr=1732900 res=4.67e+09 tierC=608 surv=481 bits=481 conf=478 best=55 gpu=0.28s cpu=0.07s prep=0.01s up=0.000s wait=0.236s (1.69e+10 res/s)
K=355 sh=19 MOD=15967060113090 thr=133300 res=3.592e+08 tierC=608 surv=42 bits=42 conf=41 best=55 gpu=0.10s cpu=0.01s prep=0.01s up=0.000s wait=0.000s (3.7e+09 res/s)
K=497 sh=16 MOD=15967060113090 thr=133300 res=3.592e+08 tierC=608 surv=41 bits=41 conf=41 best=55 gpu=0.04s cpu=0.02s prep=0.01s up=0.001s wait=0.000s (9.17e+09 res/s)
K=639 sh=13 MOD=15967060113090 thr=133300 res=3.592e+08 tierC=608 surv=39 bits=39 conf=39 best=55 gpu=0.04s cpu=0.02s prep=0.01s up=0.001s wait=0.000s (8.41e+09 res/s)
K=781 sh=10 MOD=15967060113090 thr=133300 res=3.592e+08 tierC=608 surv=34 bits=34 conf=33 best=55 gpu=0.04s cpu=0.01s prep=0.01s up=0.000s wait=0.000s (8.47e+09 res/s)
K=923 sh=7 MOD=15967060113090 thr=133300 res=3.592e+08 tierC=608 surv=46 bits=46 conf=46 best=55 gpu=0.04s cpu=0.02s prep=0.01s up=0.000s wait=0.000s (9.02e+09 res/s)
K=1065 sh=4 MOD=15967060113090 thr=133300 res=3.592e+08 tierC=608 surv=29 bits=29 conf=28 best=55 gpu=0.05s cpu=0.01s prep=0.01s up=0.001s wait=0.000s (7.75e+09 res/s)
K=1207 sh=1 MOD=15967060113090 thr=133300 res=3.592e+08 tierC=608 surv=48 bits=48 conf=47 best=55 gpu=0.05s cpu=0.01s prep=0.01s up=0.001s wait=0.000s (7.54e+09 res/s)
K=59 sh=21 MOD=19214597763210 thr=1732900 res=4.67e+09 tierC=608 surv=517 bits=517 conf=516 best=55 gpu=0.27s cpu=0.08s prep=0.01s up=0.001s wait=0.224s (1.73e+10 res/s)
K=118 sh=20 MOD=19214597763210 thr=1732900 res=4.67e+09 tierC=608 surv=503 bits=503 conf=503 best=55 gpu=0.29s cpu=0.08s prep=0.01s up=0.001s wait=0.173s (1.62e+10 res/s)
K=177 sh=19 MOD=19214597763210 thr=1732900 res=4.67e+09 tierC=608 surv=544 bits=544 conf=542 best=55 gpu=0.28s cpu=0.08s prep=0.01s up=0.001s wait=0.169s (1.66e+10 res/s)
K=236 sh=18 MOD=19214597763210 thr=1732900 res=4.67e+09 tierC=608 surv=468 bits=468 conf=463 best=55 gpu=0.28s cpu=0.08s prep=0.01s up=0.001s wait=0.164s (1.67e+10 res/s)
K=295 sh=17 MOD=19214597763210 thr=1732900 res=4.67e+09 tierC=608 surv=476 bits=476 conf=476 best=55 gpu=0.29s cpu=0.08s prep=0.01s up=0.001s wait=0.180s (1.64e+10 res/s)
K=354 sh=16 MOD=19214597763210 thr=1732900 res=4.67e+09 tierC=608 surv=490 bits=490 conf=490 best=55 gpu=0.28s cpu=0.08s prep=0.01s up=0.000s wait=0.180s (1.66e+10 res/s)
K=142 sh=24 MOD=15967060113090 thr=133300 res=3.592e+08 tierC=608 surv=35 bits=35 conf=35 best=55 gpu=0.11s cpu=0.01s prep=0.01s up=0.000s wait=0.000s (3.39e+09 res/s)
K=284 sh=21 MOD=15967060113090 thr=133300 res=3.592e+08 tierC=608 surv=45 bits=45 conf=44 best=55 gpu=0.04s cpu=0.01s prep=0.01s up=0.001s wait=0.000s (8.39e+09 res/s)
K=413 sh=15 MOD=19214597763210 thr=1732900 res=4.67e+09 tierC=608 surv=440 bits=440 conf=436 best=55 gpu=0.27s cpu=0.07s prep=0.01s up=0.000s wait=0.227s (1.75e+10 res/s)
K=426 sh=18 MOD=15967060113090 thr=133300 res=3.592e+08 tierC=608 surv=33 bits=33 conf=33 best=55 gpu=0.10s cpu=0.01s prep=0.01s up=0.000s wait=0.000s (3.58e+09 res/s)
K=568 sh=15 MOD=15967060113090 thr=133300 res=3.592e+08 tierC=608 surv=32 bits=32 conf=32 best=55 gpu=0.04s cpu=0.02s prep=0.01s up=0.001s wait=0.000s (8.39e+09 res/s)
K=472 sh=14 MOD=19214597763210 thr=1732900 res=4.67e+09 tierC=608 surv=434 bits=434 conf=433 best=55 gpu=0.27s cpu=0.07s prep=0.01s up=0.000s wait=0.225s (1.75e+10 res/s)
K=710 sh=12 MOD=15967060113090 thr=133300 res=3.592e+08 tierC=608 surv=28 bits=28 conf=28 best=55 gpu=0.10s cpu=0.02s prep=0.01s up=0.000s wait=0.000s (3.65e+09 res/s)
K=852 sh=9 MOD=15967060113090 thr=133300 res=3.592e+08 tierC=608 surv=26 bits=26 conf=26 best=55 gpu=0.05s cpu=0.01s prep=0.01s up=0.001s wait=0.000s (7.64e+09 res/s)
K=531 sh=13 MOD=19214597763210 thr=1732900 res=4.67e+09 tierC=608 surv=444 bits=444 conf=441 best=55 gpu=0.27s cpu=0.07s prep=0.01s up=0.000s wait=0.233s (1.73e+10 res/s)
K=994 sh=6 MOD=15967060113090 thr=133300 res=3.592e+08 tierC=608 surv=43 bits=43 conf=43 best=55 gpu=0.10s cpu=0.01s prep=0.01s up=0.000s wait=0.000s (3.54e+09 res/s)
K=1136 sh=3 MOD=15967060113090 thr=133300 res=3.592e+08 tierC=608 surv=40 bits=40 conf=39 best=55 gpu=0.05s cpu=0.01s prep=0.01s up=0.001s wait=0.000s (7.75e+09 res/s)
K=590 sh=12 MOD=19214597763210 thr=1732900 res=4.67e+09 tierC=608 surv=453 bits=453 conf=453 best=55 gpu=0.28s cpu=0.07s prep=0.01s up=0.001s wait=0.234s (1.67e+10 res/s)
K=649 sh=11 MOD=19214597763210 thr=1732900 res=4.67e+09 tierC=608 surv=473 bits=473 conf=473 best=55 gpu=0.28s cpu=0.07s prep=0.01s up=0.001s wait=0.175s (1.66e+10 res/s)
K=708 sh=10 MOD=19214597763210 thr=1732900 res=4.67e+09 tierC=608 surv=443 bits=443 conf=440 best=55 gpu=0.28s cpu=0.07s prep=0.01s up=0.001s wait=0.171s (1.68e+10 res/s)
K=767 sh=9 MOD=19214597763210 thr=1732900 res=4.67e+09 tierC=608 surv=462 bits=462 conf=462 best=55 gpu=0.28s cpu=0.07s prep=0.01s up=0.001s wait=0.174s (1.69e+10 res/s)
K=826 sh=8 MOD=19214597763210 thr=1732900 res=4.67e+09 tierC=608 surv=479 bits=479 conf=478 best=55 gpu=0.27s cpu=0.07s prep=0.01s up=0.001s wait=0.173s (1.71e+10 res/s)
K=885 sh=7 MOD=19214597763210 thr=1732900 res=4.67e+09 tierC=608 surv=436 bits=436 conf=436 best=55 gpu=0.27s cpu=0.07s prep=0.01s up=0.001s wait=0.178s (1.71e+10 res/s)
K=71 sh=26 MOD=15967060113090 thr=133300 res=3.592e+08 tierC=608 surv=27 bits=27 conf=27 best=55 gpu=0.10s cpu=0.02s prep=0.01s up=0.000s wait=0.000s (3.55e+09 res/s)
K=213 sh=23 MOD=15967060113090 thr=133300 res=3.592e+08 tierC=608 surv=43 bits=43 conf=42 best=55 gpu=0.05s cpu=0.02s prep=0.01s up=0.001s wait=0.000s (7.95e+09 res/s)
K=944 sh=6 MOD=19214597763210 thr=1732900 res=4.67e+09 tierC=608 surv=458 bits=458 conf=456 best=55 gpu=0.27s cpu=0.07s prep=0.01s up=0.000s wait=0.228s (1.73e+10 res/s)
K=355 sh=20 MOD=15967060113090 thr=133300 res=3.592e+08 tierC=608 surv=25 bits=25 conf=25 best=55 gpu=0.10s cpu=0.01s prep=0.01s up=0.000s wait=0.000s (3.5e+09 res/s)
K=497 sh=17 MOD=15967060113090 thr=133300 res=3.592e+08 tierC=608 surv=51 bits=51 conf=50 best=55 gpu=0.04s cpu=0.01s prep=0.01s up=0.001s wait=0.000s (8.37e+09 res/s)
K=1003 sh=5 MOD=19214597763210 thr=1732900 res=4.67e+09 tierC=608 surv=450 bits=450 conf=450 best=55 gpu=0.26s cpu=0.07s prep=0.01s up=0.000s wait=0.223s (1.78e+10 res/s)
K=639 sh=14 MOD=15967060113090 thr=133300 res=3.592e+08 tierC=608 surv=43 bits=43 conf=43 best=55 gpu=0.10s cpu=0.02s prep=0.01s up=0.000s wait=0.000s (3.47e+09 res/s)
K=781 sh=11 MOD=15967060113090 thr=133300 res=3.592e+08 tierC=608 surv=31 bits=31 conf=31 best=55 gpu=0.05s cpu=0.02s prep=0.01s up=0.001s wait=0.000s (7.83e+09 res/s)
K=1062 sh=4 MOD=19214597763210 thr=1732900 res=4.67e+09 tierC=608 surv=436 bits=436 conf=436 best=55 gpu=0.29s cpu=0.08s prep=0.01s up=0.000s wait=0.243s (1.63e+10 res/s)
K=923 sh=8 MOD=15967060113090 thr=133300 res=3.592e+08 tierC=608 surv=33 bits=33 conf=33 best=55 gpu=0.11s cpu=0.01s prep=0.01s up=0.000s wait=0.000s (3.38e+09 res/s)
K=1065 sh=5 MOD=15967060113090 thr=133300 res=3.592e+08 tierC=608 surv=35 bits=35 conf=35 best=55 gpu=0.04s cpu=0.01s prep=0.01s up=0.001s wait=0.000s (8.3e+09 res/s)
K=1121 sh=3 MOD=19214597763210 thr=1732900 res=4.67e+09 tierC=608 surv=437 bits=437 conf=436 best=55 gpu=0.27s cpu=0.07s prep=0.01s up=0.000s wait=0.230s (1.71e+10 res/s)
K=1207 sh=2 MOD=15967060113090 thr=133300 res=3.592e+08 tierC=608 surv=40 bits=40 conf=39 best=55 gpu=0.10s cpu=0.02s prep=0.01s up=0.001s wait=0.000s (3.44e+09 res/s)
K=1180 sh=2 MOD=19214597763210 thr=1732900 res=4.67e+09 tierC=608 surv=497 bits=497 conf=494 best=55 gpu=0.28s cpu=0.08s prep=0.01s up=0.001s wait=0.231s (1.67e+10 res/s)
K=1239 sh=1 MOD=19214597763210 thr=1732900 res=4.67e+09 tierC=608 surv=485 bits=485 conf=483 best=55 gpu=0.28s cpu=0.07s prep=0.01s up=0.001s wait=0.164s (1.67e+10 res/s)
K=59 sh=22 MOD=19214597763210 thr=1732900 res=4.67e+09 tierC=608 surv=405 bits=405 conf=405 best=55 gpu=0.27s cpu=0.07s prep=0.01s up=0.001s wait=0.174s (1.7e+10 res/s)
K=118 sh=21 MOD=19214597763210 thr=1732900 res=4.67e+09 tierC=608 surv=474 bits=474 conf=474 best=55 gpu=0.29s cpu=0.08s prep=0.01s up=0.000s wait=0.192s (1.62e+10 res/s)
K=142 sh=25 MOD=15967060113090 thr=133300 res=3.592e+08 tierC=608 surv=34 bits=34 conf=34 best=55 gpu=0.11s cpu=0.02s prep=0.01s up=0.001s wait=0.000s (3.28e+09 res/s)
K=177 sh=20 MOD=19214597763210 thr=1732900 res=4.67e+09 tierC=608 surv=507 bits=507 conf=505 best=55 gpu=0.27s cpu=0.08s prep=0.01s up=0.000s wait=0.227s (1.74e+10 res/s)
K=284 sh=22 MOD=15967060113090 thr=133300 res=3.592e+08 tierC=608 surv=35 bits=35 conf=35 best=55 gpu=0.11s cpu=0.02s prep=0.01s up=0.000s wait=0.000s (3.36e+09 res/s)
K=426 sh=19 MOD=15967060113090 thr=133300 res=3.592e+08 tierC=608 surv=27 bits=27 conf=27 best=55 gpu=0.04s cpu=0.01s prep=0.01s up=0.001s wait=0.000s (8.08e+09 res/s)
K=236 sh=19 MOD=19214597763210 thr=1732900 res=4.67e+09 tierC=608 surv=526 bits=526 conf=526 best=55 gpu=0.27s cpu=0.08s prep=0.01s up=0.000s wait=0.226s (1.76e+10 res/s)
K=568 sh=16 MOD=15967060113090 thr=133300 res=3.592e+08 tierC=608 surv=33 bits=33 conf=33 best=55 gpu=0.11s cpu=0.02s prep=0.01s up=0.000s wait=0.000s (3.15e+09 res/s)
K=710 sh=13 MOD=15967060113090 thr=133300 res=3.592e+08 tierC=608 surv=34 bits=34 conf=34 best=55 gpu=0.04s cpu=0.01s prep=0.01s up=0.001s wait=0.000s (7.99e+09 res/s)
K=295 sh=18 MOD=19214597763210 thr=1732900 res=4.67e+09 tierC=608 surv=366 bits=366 conf=366 best=55 gpu=0.28s cpu=0.06s prep=0.01s up=0.000s wait=0.236s (1.69e+10 res/s)
K=852 sh=10 MOD=15967060113090 thr=133300 res=3.592e+08 tierC=608 surv=41 bits=41 conf=41 best=55 gpu=0.09s cpu=0.01s prep=0.01s up=0.001s wait=0.000s (3.96e+09 res/s)
K=994 sh=7 MOD=15967060113090 thr=133300 res=3.592e+08 tierC=608 surv=33 bits=33 conf=33 best=55 gpu=0.04s cpu=0.01s prep=0.01s up=0.001s wait=0.000s (8.43e+09 res/s)
K=354 sh=17 MOD=19214597763210 thr=1732900 res=4.67e+09 tierC=608 surv=469 bits=469 conf=467 best=55 gpu=0.27s cpu=0.07s prep=0.01s up=0.000s wait=0.233s (1.71e+10 res/s)
K=1136 sh=4 MOD=15967060113090 thr=133300 res=3.592e+08 tierC=608 surv=42 bits=42 conf=42 best=55 gpu=0.10s cpu=0.01s prep=0.01s up=0.001s wait=0.000s (3.46e+09 res/s)
K=1278 sh=1 MOD=15967060113090 thr=133300 res=3.592e+08 tierC=608 surv=32 bits=32 conf=32 best=55 gpu=0.05s cpu=0.02s prep=0.01s up=0.001s wait=0.000s (7.56e+09 res/s)
K=413 sh=16 MOD=19214597763210 thr=1732900 res=4.67e+09 tierC=608 surv=436 bits=436 conf=436 best=55 gpu=0.27s cpu=0.08s prep=0.01s up=0.001s wait=0.223s (1.72e+10 res/s)
K=472 sh=15 MOD=19214597763210 thr=1732900 res=4.67e+09 tierC=608 surv=446 bits=446 conf=445 best=55 gpu=0.28s cpu=0.08s prep=0.01s up=0.001s wait=0.170s (1.67e+10 res/s)
K=531 sh=14 MOD=19214597763210 thr=1732900 res=4.67e+09 tierC=608 surv=487 bits=487 conf=482 best=55 gpu=0.28s cpu=0.08s prep=0.01s up=0.001s wait=0.174s (1.65e+10 res/s)
K=590 sh=13 MOD=19214597763210 thr=1732900 res=4.67e+09 tierC=608 surv=399 bits=399 conf=396 best=55 gpu=0.29s cpu=0.07s prep=0.01s up=0.001s wait=0.176s (1.64e+10 res/s)
K=649 sh=12 MOD=19214597763210 thr=1732900 res=4.67e+09 tierC=608 surv=475 bits=475 conf=468 best=55 gpu=0.28s cpu=0.08s prep=0.01s up=0.000s wait=0.185s (1.68e+10 res/s)
K=71 sh=27 MOD=15967060113090 thr=133300 res=3.592e+08 tierC=608 surv=26 bits=26 conf=25 best=55 gpu=0.11s cpu=0.01s prep=0.01s up=0.000s wait=0.000s (3.39e+09 res/s)
K=213 sh=24 MOD=15967060113090 thr=133300 res=3.592e+08 tierC=608 surv=39 bits=39 conf=39 best=55 gpu=0.04s cpu=0.01s prep=0.01s up=0.001s wait=0.000s (8.36e+09 res/s)
K=708 sh=11 MOD=19214597763210 thr=1732900 res=4.67e+09 tierC=608 surv=460 bits=460 conf=456 best=55 gpu=0.26s cpu=0.08s prep=0.01s up=0.001s wait=0.226s (1.76e+10 res/s)
K=355 sh=21 MOD=15967060113090 thr=133300 res=3.592e+08 tierC=608 surv=35 bits=35 conf=35 best=55 gpu=0.11s cpu=0.02s prep=0.01s up=0.001s wait=0.000s (3.27e+09 res/s)
K=497 sh=18 MOD=15967060113090 thr=133300 res=3.592e+08 tierC=608 surv=30 bits=30 conf=30 best=55 gpu=0.05s cpu=0.01s prep=0.01s up=0.001s wait=0.000s (7.92e+09 res/s)
K=767 sh=10 MOD=19214597763210 thr=1732900 res=4.67e+09 tierC=608 surv=433 bits=433 conf=433 best=55 gpu=0.26s cpu=0.07s prep=0.01s up=0.001s wait=0.225s (1.76e+10 res/s)
K=639 sh=15 MOD=15967060113090 thr=133300 res=3.592e+08 tierC=608 surv=35 bits=35 conf=34 best=55 gpu=0.10s cpu=0.02s prep=0.01s up=0.000s wait=0.000s (3.58e+09 res/s)
K=781 sh=12 MOD=15967060113090 thr=133300 res=3.592e+08 tierC=608 surv=48 bits=48 conf=47 best=55 gpu=0.05s cpu=0.01s prep=0.01s up=0.001s wait=0.000s (7.79e+09 res/s)
K=826 sh=9 MOD=19214597763210 thr=1732900 res=4.67e+09 tierC=608 surv=471 bits=471 conf=469 best=55 gpu=0.26s cpu=0.07s prep=0.01s up=0.001s wait=0.226s (1.76e+10 res/s)
K=923 sh=9 MOD=15967060113090 thr=133300 res=3.592e+08 tierC=608 surv=38 bits=38 conf=38 best=55 gpu=0.10s cpu=0.01s prep=0.01s up=0.000s wait=0.000s (3.52e+09 res/s)
K=1065 sh=6 MOD=15967060113090 thr=133300 res=3.592e+08 tierC=608 surv=30 bits=30 conf=30 best=55 gpu=0.04s cpu=0.01s prep=0.01s up=0.001s wait=0.000s (8.43e+09 res/s)
K=885 sh=8 MOD=19214597763210 thr=1732900 res=4.67e+09 tierC=608 surv=533 bits=533 conf=531 best=55 gpu=0.27s cpu=0.09s prep=0.01s up=0.000s wait=0.227s (1.74e+10 res/s)
K=1207 sh=3 MOD=15967060113090 thr=133300 res=3.592e+08 tierC=608 surv=32 bits=32 conf=31 best=55 gpu=0.12s cpu=0.02s prep=0.01s up=0.001s wait=0.000s (2.98e+09 res/s)
K=944 sh=7 MOD=19214597763210 thr=1732900 res=4.67e+09 tierC=608 surv=478 bits=478 conf=474 best=55 gpu=0.27s cpu=0.08s prep=0.01s up=0.001s wait=0.224s (1.71e+10 res/s)
K=1003 sh=6 MOD=19214597763210 thr=1732900 res=4.67e+09 tierC=608 surv=461 bits=461 conf=459 best=55 gpu=0.27s cpu=0.07s prep=0.01s up=0.001s wait=0.164s (1.71e+10 res/s)
K=1062 sh=5 MOD=19214597763210 thr=1732900 res=4.67e+09 tierC=608 surv=473 bits=473 conf=469 best=55 gpu=0.30s cpu=0.07s prep=0.01s up=0.001s wait=0.190s (1.58e+10 res/s)
K=1121 sh=4 MOD=19214597763210 thr=1732900 res=4.67e+09 tierC=608 surv=436 bits=436 conf=436 best=55 gpu=0.28s cpu=0.07s prep=0.01s up=0.001s wait=0.173s (1.69e+10 res/s)
K=1180 sh=3 MOD=19214597763210 thr=1732900 res=4.67e+09 tierC=608 surv=464 bits=464 conf=464 best=55 gpu=0.29s cpu=0.08s prep=0.01s up=0.001s wait=0.188s (1.62e+10 res/s)
K=142 sh=26 MOD=15967060113090 thr=133300 res=3.592e+08 tierC=608 surv=28 bits=28 conf=28 best=55 gpu=0.11s cpu=0.02s prep=0.01s up=0.001s wait=0.000s (3.37e+09 res/s)
K=1239 sh=2 MOD=19214597763210 thr=1732900 res=4.67e+09 tierC=608 surv=459 bits=459 conf=458 best=55 gpu=0.27s cpu=0.07s prep=0.01s up=0.000s wait=0.224s (1.76e+10 res/s)
K=284 sh=23 MOD=15967060113090 thr=133300 res=3.592e+08 tierC=608 surv=44 bits=44 conf=44 best=55 gpu=0.10s cpu=0.01s prep=0.01s up=0.000s wait=0.000s (3.74e+09 res/s)
K=426 sh=20 MOD=15967060113090 thr=133300 res=3.592e+08 tierC=608 surv=39 bits=39 conf=39 best=55 gpu=0.04s cpu=0.02s prep=0.01s up=0.001s wait=0.000s (8e+09 res/s)
K=1298 sh=1 MOD=19214597763210 thr=1732900 res=4.67e+09 tierC=608 surv=498 bits=498 conf=495 best=55 gpu=0.27s cpu=0.08s prep=0.01s up=0.000s wait=0.227s (1.72e+10 res/s)
K=568 sh=17 MOD=15967060113090 thr=133300 res=3.592e+08 tierC=608 surv=31 bits=31 conf=31 best=55 gpu=0.10s cpu=0.02s prep=0.01s up=0.000s wait=0.000s (3.43e+09 res/s)
K=710 sh=14 MOD=15967060113090 thr=133300 res=3.592e+08 tierC=608 surv=32 bits=32 conf=32 best=55 gpu=0.05s cpu=0.02s prep=0.01s up=0.001s wait=0.000s (7.96e+09 res/s)
K=59 sh=23 MOD=19214597763210 thr=1732900 res=4.67e+09 tierC=608 surv=428 bits=428 conf=428 best=55 gpu=0.27s cpu=0.07s prep=0.01s up=0.000s wait=0.224s (1.75e+10 res/s)
K=852 sh=11 MOD=15967060113090 thr=133300 res=3.592e+08 tierC=608 surv=37 bits=37 conf=37 best=55 gpu=0.10s cpu=0.01s prep=0.01s up=0.001s wait=0.000s (3.51e+09 res/s)
K=994 sh=8 MOD=15967060113090 thr=133300 res=3.592e+08 tierC=608 surv=34 bits=34 conf=34 best=55 gpu=0.04s cpu=0.01s prep=0.01s up=0.001s wait=0.000s (8.31e+09 res/s)
K=118 sh=22 MOD=19214597763210 thr=1732900 res=4.67e+09 tierC=608 surv=460 bits=460 conf=460 best=55 gpu=0.28s cpu=0.08s prep=0.01s up=0.000s wait=0.234s (1.7e+10 res/s)
K=1136 sh=5 MOD=15967060113090 thr=133300 res=3.592e+08 tierC=608 surv=35 bits=35 conf=33 best=55 gpu=0.11s cpu=0.01s prep=0.01s up=0.001s wait=0.000s (3.37e+09 res/s)
K=1278 sh=2 MOD=15967060113090 thr=133300 res=3.592e+08 tierC=608 surv=33 bits=33 conf=32 best=55 gpu=0.04s cpu=0.02s prep=0.01s up=0.001s wait=0.000s (8.2e+09 res/s)
K=177 sh=21 MOD=19214597763210 thr=1732900 res=4.67e+09 tierC=608 surv=492 bits=492 conf=488 best=55 gpu=0.27s cpu=0.08s prep=0.01s up=0.001s wait=0.224s (1.71e+10 res/s)
K=236 sh=20 MOD=19214597763210 thr=1732900 res=4.67e+09 tierC=608 surv=441 bits=441 conf=437 best=55 gpu=0.28s cpu=0.07s prep=0.01s up=0.001s wait=0.165s (1.68e+10 res/s)
K=295 sh=19 MOD=19214597763210 thr=1732900 res=4.67e+09 tierC=608 surv=438 bits=438 conf=438 best=55 gpu=0.29s cpu=0.08s prep=0.01s up=0.001s wait=0.182s (1.62e+10 res/s)
K=354 sh=18 MOD=19214597763210 thr=1732900 res=4.67e+09 tierC=608 surv=507 bits=507 conf=503 best=55 gpu=0.28s cpu=0.08s prep=0.01s up=0.001s wait=0.174s (1.66e+10 res/s)
K=413 sh=17 MOD=19214597763210 thr=1732900 res=4.67e+09 tierC=608 surv=415 bits=415 conf=412 best=55 gpu=0.28s cpu=0.07s prep=0.01s up=0.000s wait=0.172s (1.67e+10 res/s)
K=71 sh=28 MOD=15967060113090 thr=133300 res=3.592e+08 tierC=608 surv=43 bits=43 conf=43 best=55 gpu=0.10s cpu=0.02s prep=0.01s up=0.001s wait=0.000s (3.74e+09 res/s)
K=472 sh=16 MOD=19214597763210 thr=1732900 res=4.67e+09 tierC=608 surv=429 bits=429 conf=429 best=55 gpu=0.27s cpu=0.07s prep=0.01s up=0.000s wait=0.225s (1.76e+10 res/s)
K=213 sh=25 MOD=15967060113090 thr=133300 res=3.592e+08 tierC=608 surv=51 bits=51 conf=51 best=55 gpu=0.10s cpu=0.02s prep=0.01s up=0.000s wait=0.000s (3.59e+09 res/s)
K=355 sh=22 MOD=15967060113090 thr=133300 res=3.592e+08 tierC=608 surv=28 bits=28 conf=28 best=55 gpu=0.04s cpu=0.02s prep=0.01s up=0.001s wait=0.000s (8.02e+09 res/s)
K=531 sh=15 MOD=19214597763210 thr=1732900 res=4.67e+09 tierC=608 surv=482 bits=482 conf=482 best=55 gpu=0.27s cpu=0.08s prep=0.01s up=0.001s wait=0.229s (1.72e+10 res/s)
K=497 sh=19 MOD=15967060113090 thr=133300 res=3.592e+08 tierC=608 surv=32 bits=32 conf=32 best=55 gpu=0.11s cpu=0.02s prep=0.01s up=0.000s wait=0.000s (3.22e+09 res/s)
K=639 sh=16 MOD=15967060113090 thr=133300 res=3.592e+08 tierC=608 surv=38 bits=38 conf=37 best=55 gpu=0.04s cpu=0.01s prep=0.01s up=0.001s wait=0.000s (8.05e+09 res/s)
K=590 sh=14 MOD=19214597763210 thr=1732900 res=4.67e+09 tierC=608 surv=465 bits=465 conf=464 best=55 gpu=0.28s cpu=0.08s prep=0.01s up=0.000s wait=0.237s (1.69e+10 res/s)
K=781 sh=13 MOD=15967060113090 thr=133300 res=3.592e+08 tierC=608 surv=31 bits=31 conf=30 best=55 gpu=0.11s cpu=0.02s prep=0.01s up=0.000s wait=0.000s (3.38e+09 res/s)
K=923 sh=10 MOD=15967060113090 thr=133300 res=3.592e+08 tierC=608 surv=33 bits=33 conf=32 best=55 gpu=0.05s cpu=0.01s prep=0.01s up=0.001s wait=0.000s (7.91e+09 res/s)
K=649 sh=13 MOD=19214597763210 thr=1732900 res=4.67e+09 tierC=608 surv=421 bits=421 conf=419 best=55 gpu=0.27s cpu=0.07s prep=0.01s up=0.001s wait=0.231s (1.74e+10 res/s)
K=1065 sh=7 MOD=15967060113090 thr=133300 res=3.592e+08 tierC=608 surv=34 bits=34 conf=34 best=55 gpu=0.10s cpu=0.02s prep=0.01s up=0.001s wait=0.000s (3.67e+09 res/s)
K=1207 sh=4 MOD=15967060113090 thr=133300 res=3.592e+08 tierC=608 surv=35 bits=35 conf=35 best=55 gpu=0.05s cpu=0.01s prep=0.01s up=0.001s wait=0.000s (7.4e+09 res/s)
K=708 sh=12 MOD=19214597763210 thr=1732900 res=4.67e+09 tierC=608 surv=455 bits=455 conf=452 best=55 gpu=0.27s cpu=0.08s prep=0.01s up=0.000s wait=0.227s (1.73e+10 res/s)
K=1349 sh=1 MOD=15967060113090 thr=133300 res=3.592e+08 tierC=608 surv=35 bits=35 conf=35 best=55 gpu=0.11s cpu=0.01s prep=0.01s up=0.001s wait=0.000s (3.32e+09 res/s)
K=767 sh=11 MOD=19214597763210 thr=1732900 res=4.67e+09 tierC=608 surv=431 bits=431 conf=430 best=55 gpu=0.27s cpu=0.07s prep=0.01s up=0.001s wait=0.223s (1.74e+10 res/s)
K=826 sh=10 MOD=19214597763210 thr=1732900 res=4.67e+09 tierC=608 surv=502 bits=502 conf=502 best=55 gpu=0.28s cpu=0.08s prep=0.01s up=0.001s wait=0.172s (1.69e+10 res/s)
K=885 sh=9 MOD=19214597763210 thr=1732900 res=4.67e+09 tierC=608 surv=501 bits=501 conf=501 best=55 gpu=0.28s cpu=0.08s prep=0.01s up=0.001s wait=0.167s (1.68e+10 res/s)
K=944 sh=8 MOD=19214597763210 thr=1732900 res=4.67e+09 tierC=608 surv=436 bits=436 conf=436 best=55 gpu=0.28s cpu=0.07s prep=0.01s up=0.001s wait=0.171s (1.66e+10 res/s)
K=1003 sh=7 MOD=19214597763210 thr=1732900 res=4.67e+09 tierC=608 surv=464 bits=464 conf=462 best=55 gpu=0.27s cpu=0.08s prep=0.01s up=0.000s wait=0.174s (1.7e+10 res/s)
K=142 sh=27 MOD=15967060113090 thr=133300 res=3.592e+08 tierC=608 surv=36 bits=36 conf=35 best=55 gpu=0.11s cpu=0.02s prep=0.01s up=0.000s wait=0.000s (3.38e+09 res/s)
K=284 sh=24 MOD=15967060113090 thr=133300 res=3.592e+08 tierC=608 surv=39 bits=39 conf=38 best=55 gpu=0.05s cpu=0.01s prep=0.01s up=0.001s wait=0.000s (7.66e+09 res/s)
K=1062 sh=6 MOD=19214597763210 thr=1732900 res=4.67e+09 tierC=608 surv=482 bits=482 conf=482 best=55 gpu=0.29s cpu=0.08s prep=0.01s up=0.000s wait=0.246s (1.63e+10 res/s)
K=426 sh=21 MOD=15967060113090 thr=133300 res=3.592e+08 tierC=608 surv=26 bits=26 conf=26 best=55 gpu=0.11s cpu=0.02s prep=0.01s up=0.000s wait=0.000s (3.27e+09 res/s)
K=568 sh=18 MOD=15967060113090 thr=133300 res=3.592e+08 tierC=608 surv=27 bits=27 conf=27 best=55 gpu=0.05s cpu=0.01s prep=0.01s up=0.001s wait=0.000s (7.9e+09 res/s)
K=1121 sh=5 MOD=19214597763210 thr=1732900 res=4.67e+09 tierC=608 surv=434 bits=434 conf=434 best=55 gpu=0.27s cpu=0.07s prep=0.01s up=0.000s wait=0.232s (1.72e+10 res/s)
K=710 sh=15 MOD=15967060113090 thr=133300 res=3.592e+08 tierC=608 surv=40 bits=40 conf=39 best=55 gpu=0.10s cpu=0.02s prep=0.01s up=0.000s wait=0.000s (3.49e+09 res/s)
K=852 sh=12 MOD=15967060113090 thr=133300 res=3.592e+08 tierC=608 surv=39 bits=39 conf=38 best=55 gpu=0.05s cpu=0.02s prep=0.01s up=0.001s wait=0.000s (7.59e+09 res/s)
K=1180 sh=4 MOD=19214597763210 thr=1732900 res=4.67e+09 tierC=608 surv=473 bits=473 conf=473 best=55 gpu=0.28s cpu=0.07s prep=0.01s up=0.000s wait=0.237s (1.68e+10 res/s)
K=994 sh=9 MOD=15967060113090 thr=133300 res=3.592e+08 tierC=608 surv=49 bits=49 conf=48 best=55 gpu=0.10s cpu=0.02s prep=0.01s up=0.001s wait=0.000s (3.43e+09 res/s)
K=1136 sh=6 MOD=15967060113090 thr=133300 res=3.592e+08 tierC=608 surv=45 bits=45 conf=44 best=55 gpu=0.05s cpu=0.01s prep=0.01s up=0.001s wait=0.000s (7.89e+09 res/s)
K=1239 sh=3 MOD=19214597763210 thr=1732900 res=4.67e+09 tierC=608 surv=442 bits=442 conf=441 best=55 gpu=0.27s cpu=0.07s prep=0.01s up=0.001s wait=0.229s (1.72e+10 res/s)
K=1278 sh=3 MOD=15967060113090 thr=133300 res=3.592e+08 tierC=608 surv=34 bits=34 conf=34 best=55 gpu=0.10s cpu=0.02s prep=0.01s up=0.001s wait=0.000s (3.44e+09 res/s)
K=1298 sh=2 MOD=19214597763210 thr=1732900 res=4.67e+09 tierC=608 surv=484 bits=484 conf=481 best=55 gpu=0.28s cpu=0.08s prep=0.01s up=0.001s wait=0.229s (1.68e+10 res/s)
K=1357 sh=1 MOD=19214597763210 thr=1732900 res=4.67e+09 tierC=608 surv=481 bits=481 conf=477 best=55 gpu=0.28s cpu=0.07s prep=0.01s up=0.001s wait=0.170s (1.65e+10 res/s)
K=59 sh=24 MOD=19214597763210 thr=1732900 res=4.67e+09 tierC=608 surv=453 bits=453 conf=453 best=55 gpu=0.28s cpu=0.08s prep=0.01s up=0.001s wait=0.175s (1.65e+10 res/s)
K=118 sh=23 MOD=19214597763210 thr=1732900 res=4.67e+09 tierC=608 surv=450 bits=450 conf=450 best=55 gpu=0.29s cpu=0.08s prep=0.01s up=0.001s wait=0.179s (1.62e+10 res/s)
K=177 sh=22 MOD=19214597763210 thr=1732900 res=4.67e+09 tierC=608 surv=509 bits=509 conf=509 best=55 gpu=0.29s cpu=0.09s prep=0.01s up=0.000s wait=0.174s (1.64e+10 res/s)
K=71 sh=29 MOD=15967060113090 thr=133300 res=3.592e+08 tierC=608 surv=42 bits=42 conf=42 best=55 gpu=0.12s cpu=0.02s prep=0.01s up=0.001s wait=0.000s (3.02e+09 res/s)
K=236 sh=21 MOD=19214597763210 thr=1732900 res=4.67e+09 tierC=608 surv=475 bits=475 conf=473 best=55 gpu=0.27s cpu=0.09s prep=0.01s up=0.000s wait=0.226s (1.74e+10 res/s)
K=213 sh=26 MOD=15967060113090 thr=133300 res=3.592e+08 tierC=608 surv=31 bits=31 conf=31 best=55 gpu=0.12s cpu=0.02s prep=0.01s up=0.000s wait=0.000s (3.09e+09 res/s)
K=355 sh=23 MOD=15967060113090 thr=133300 res=3.592e+08 tierC=608 surv=46 bits=46 conf=46 best=55 gpu=0.05s cpu=0.02s prep=0.01s up=0.001s wait=0.000s (7.86e+09 res/s)
K=295 sh=20 MOD=19214597763210 thr=1732900 res=4.67e+09 tierC=608 surv=467 bits=467 conf=467 best=55 gpu=0.28s cpu=0.08s prep=0.01s up=0.001s wait=0.237s (1.67e+10 res/s)
K=497 sh=20 MOD=15967060113090 thr=133300 res=3.592e+08 tierC=608 surv=36 bits=36 conf=36 best=55 gpu=0.11s cpu=0.02s prep=0.01s up=0.000s wait=0.000s (3.2e+09 res/s)
K=639 sh=17 MOD=15967060113090 thr=133300 res=3.592e+08 tierC=608 surv=29 bits=29 conf=29 best=55 gpu=0.04s cpu=0.01s prep=0.01s up=0.001s wait=0.000s (8.04e+09 res/s)
K=354 sh=19 MOD=19214597763210 thr=1732900 res=4.67e+09 tierC=608 surv=493 bits=493 conf=491 best=55 gpu=0.26s cpu=0.08s prep=0.01s up=0.000s wait=0.232s (1.8e+10 res/s)
K=781 sh=14 MOD=15967060113090 thr=133300 res=3.592e+08 tierC=608 surv=37 bits=37 conf=37 best=55 gpu=0.08s cpu=0.01s prep=0.01s up=0.000s wait=0.232s (4.37e+09 res/s)
GPU BEST n=55  units=568 covered=6.39e+17 raw a  survivors=141623 confirmed=141100  90.0s INTERRUPTED
