GPU: NVIDIA GB10 (SMs=48, cc 12.1) omp_threads=20
shared memory per block: 101376 max, using 65536
units: 76497 from experiments/2026-10-03-cuda/plan2.txt
tierC order: 137 149 167 173 179 ... (608 primes, 2852774 words) magic-mod OK
*** n=6 a=161459972080961221 d=50063081171070 (K=131 shift=1)
*** n=8 a=191713749509395951 d=50063081171070 (K=131 shift=1)
*** n=11 a=126178570546248181 d=50063081171070 (K=131 shift=1)
*** n=12 a=207566305263031321 d=50063081171070 (K=131 shift=1)
*** n=16 a=100860825065806081 d=50063081171070 (K=131 shift=1)
*** n=19 a=138869881156988731 d=50063081171070 (K=131 shift=1)
*** n=25 a=138605018396861551 d=50063081171070 (K=131 shift=1)
*** n=32 a=130040024816787037 d=50063081171070 (K=131 shift=1)
K=131 sh=1 MOD=1133661268029390 thr=1732900 res=4.67e+09 tierC=608 surv=836 bits=836 conf=831 best=32 gpu=0.35s cpu=0.19s prep=0.01s up=0.001s wait=0.271s (1.32e+10 res/s)
K=262 sh=1 MOD=1133661268029390 thr=1732900 res=4.67e+09 tierC=608 surv=829 bits=829 conf=821 best=32 gpu=0.90s cpu=0.17s prep=0.01s up=0.002s wait=0.000s (5.2e+09 res/s)
K=5893 sh=0 MOD=3452540094573810 thr=14369740 res=8.287e+10 tierC=608 surv=25265 bits=25265 conf=25002 best=32 gpu=6.71s cpu=5.45s prep=0.01s up=0.022s wait=0.000s (1.24e+10 res/s)
*** n=34 a=334578850703923387 d=2006727017017470 (K=5251 shift=0)
*** n=35 a=424082076294386527 d=2006727017017470 (K=5251 shift=0)
*** n=36 a=311082498335591869 d=2006727017017470 (K=5251 shift=0)
K=5251 sh=0 MOD=3874656023104830 thr=150650500 res=8.688e+11 tierC=608 surv=267037 bits=267037 conf=264542 best=36 gpu=67.49s cpu=60.75s prep=0.01s up=0.015s wait=0.000s (1.29e+10 res/s)
K=5959 sh=0 MOD=3414300852042870 thr=108608500 res=6.263e+11 tierC=608 surv=189906 bits=189906 conf=188054 best=36 gpu=60.75s cpu=44.83s prep=0.01s up=0.015s wait=0.000s (1.03e+10 res/s)
GPU BEST n=36  units=5 covered=8.326e+17 raw a  survivors=483873 confirmed=479250  180.5s INTERRUPTED
resume: 5 units already recorded in experiments/2026-10-03-cuda/p2.jsonl
GPU: NVIDIA GB10 (SMs=48, cc 12.1) omp_threads=20
shared memory per block: 101376 max, using 65536
units: 76497 from experiments/2026-10-03-cuda/plan2.txt
tierC order: 149 167 173 179 191 ... (608 primes, 2852640 words) magic-mod OK
*** n=3 a=34764566541511291 d=2414874884885430 (K=6319 shift=0)
*** n=7 a=124008943526643061 d=2414874884885430 (K=6319 shift=0)
*** n=10 a=69705161327519401 d=2414874884885430 (K=6319 shift=0)
*** n=14 a=97986565544137231 d=2414874884885430 (K=6319 shift=0)
*** n=22 a=110954360062346851 d=2414874884885430 (K=6319 shift=0)
*** n=28 a=86528700648494671 d=2414874884885430 (K=6319 shift=0)
*** n=33 a=98854254524385451 d=2414874884885430 (K=6319 shift=0)
*** n=42 a=160502031176600233 d=2414874884885430 (K=6319 shift=0)
K=6319 sh=0 MOD=3219784582580070 thr=11588500 res=6.683e+10 tierC=608 surv=20379 bits=20379 conf=19930 best=42 gpu=5.79s cpu=1.38s prep=0.01s up=0.001s wait=5.086s (1.15e+10 res/s)
K=3668 sh=0 MOD=1133661268029390 thr=1732900 res=4.67e+09 tierC=608 surv=849 bits=849 conf=846 best=42 gpu=2.32s cpu=0.05s prep=0.01s up=0.026s wait=0.000s (2.01e+09 res/s)
