GPU: NVIDIA GB10 (SMs=48, cc 12.1) omp_threads=20
shared memory per block: 101376 max, using 65536
tierC order: 131 137 149 167 173 ... (608 primes, 2852902 words) magic-mod OK
*** n=15 a=14407236358003171 d=1286353673449020 (K=3366 shift=0)
*** n=16 a=109018412044234021 d=1286353673449020 (K=3366 shift=0)
*** n=18 a=55115415874479811 d=1286353673449020 (K=3366 shift=0)
*** n=23 a=39060460129157221 d=1286353673449020 (K=3366 shift=0)
K=3366 sh=0 MOD=1133661268029390 thr=1732900 res=4.67e+09 tierC=608 surv=519 bits=519 conf=519 best=23 gpu=0.27s cpu=0.11s prep=0.01s up=0.001s wait=0.240s (1.71e+10 res/s)
*** n=24 a=50318671267112617 d=1286735834373990 (K=3367 shift=0)
K=3367 sh=0 MOD=1133661268029390 thr=1732900 res=4.67e+09 tierC=608 surv=452 bits=452 conf=451 best=24 gpu=0.30s cpu=0.10s prep=0.01s up=0.001s wait=0.153s (1.57e+10 res/s)
*** n=27 a=88225159522841617 d=1287117995298960 (K=3368 shift=0)
*** n=34 a=61746254993348359 d=1287117995298960 (K=3368 shift=0)
K=3368 sh=0 MOD=1133661268029390 thr=1732900 res=4.67e+09 tierC=608 surv=446 bits=446 conf=446 best=34 gpu=0.29s cpu=0.10s prep=0.01s up=0.001s wait=0.000s (1.6e+10 res/s)
K=3369 sh=0 MOD=1133661268029390 thr=1732900 res=4.67e+09 tierC=608 surv=467 bits=467 conf=467 best=34 gpu=0.28s cpu=0.10s prep=0.01s up=0.001s wait=0.146s (1.67e+10 res/s)
K=3370 sh=0 MOD=1133661268029390 thr=1732900 res=4.67e+09 tierC=608 surv=456 bits=456 conf=456 best=34 gpu=0.28s cpu=0.09s prep=0.01s up=0.001s wait=0.149s (1.66e+10 res/s)
K=3371 sh=0 MOD=1133661268029390 thr=1732900 res=4.67e+09 tierC=608 surv=502 bits=502 conf=501 best=34 gpu=0.28s cpu=0.11s prep=0.01s up=0.001s wait=0.157s (1.66e+10 res/s)
K=3372 sh=0 MOD=1133661268029390 thr=1732900 res=4.67e+09 tierC=608 surv=589 bits=589 conf=588 best=34 gpu=0.29s cpu=0.13s prep=0.01s up=0.001s wait=0.154s (1.59e+10 res/s)
K=3373 sh=0 MOD=1133661268029390 thr=1732900 res=4.67e+09 tierC=608 surv=500 bits=500 conf=500 best=34 gpu=0.29s cpu=0.11s prep=0.01s up=0.001s wait=0.133s (1.6e+10 res/s)
K=3374 sh=0 MOD=1133661268029390 thr=1732900 res=4.67e+09 tierC=608 surv=429 bits=429 conf=429 best=34 gpu=0.28s cpu=0.10s prep=0.01s up=0.001s wait=0.143s (1.64e+10 res/s)
K=3375 sh=0 MOD=1133661268029390 thr=1732900 res=4.67e+09 tierC=608 surv=454 bits=454 conf=454 best=34 gpu=0.29s cpu=0.09s prep=0.01s up=0.001s wait=0.164s (1.59e+10 res/s)
K=3376 sh=0 MOD=1133661268029390 thr=1732900 res=4.67e+09 tierC=608 surv=471 bits=471 conf=468 best=34 gpu=0.29s cpu=0.10s prep=0.01s up=0.001s wait=0.165s (1.61e+10 res/s)
K=3377 sh=0 MOD=1133661268029390 thr=1732900 res=4.67e+09 tierC=608 surv=464 bits=464 conf=464 best=34 gpu=0.29s cpu=0.11s prep=0.01s up=0.001s wait=0.149s (1.63e+10 res/s)
K=3378 sh=0 MOD=1133661268029390 thr=1732900 res=4.67e+09 tierC=608 surv=489 bits=489 conf=489 best=34 gpu=0.29s cpu=0.10s prep=0.01s up=0.001s wait=0.146s (1.63e+10 res/s)
K=3379 sh=0 MOD=1133661268029390 thr=1732900 res=4.67e+09 tierC=608 surv=511 bits=511 conf=511 best=34 gpu=0.30s cpu=0.11s prep=0.01s up=0.001s wait=0.165s (1.56e+10 res/s)
K=3380 sh=0 MOD=1133661268029390 thr=1732900 res=4.67e+09 tierC=608 surv=488 bits=488 conf=486 best=34 gpu=0.30s cpu=0.10s prep=0.01s up=0.001s wait=0.156s (1.55e+10 res/s)
K=3381 sh=0 MOD=1133661268029390 thr=1732900 res=4.67e+09 tierC=608 surv=446 bits=446 conf=446 best=34 gpu=0.28s cpu=0.09s prep=0.01s up=0.001s wait=0.000s (1.66e+10 res/s)
*** n=36 a=59452858387631689 d=1292468248248540 (K=3382 shift=0)
K=3382 sh=0 MOD=1668647484402810 thr=2739100 res=1.1e+10 tierC=608 surv=1915 bits=1915 conf=1908 best=36 gpu=0.76s cpu=0.40s prep=0.01s up=0.001s wait=0.631s (1.45e+10 res/s)
K=3383 sh=0 MOD=1133661268029390 thr=1732900 res=4.67e+09 tierC=608 surv=465 bits=465 conf=465 best=36 gpu=0.43s cpu=0.10s prep=0.01s up=0.001s wait=0.000s (1.09e+10 res/s)
K=3384 sh=0 MOD=1133661268029390 thr=1732900 res=4.67e+09 tierC=608 surv=450 bits=450 conf=450 best=36 gpu=0.28s cpu=0.10s prep=0.01s up=0.001s wait=0.148s (1.65e+10 res/s)
K=3385 sh=0 MOD=1133661268029390 thr=1732900 res=4.67e+09 tierC=608 surv=494 bits=494 conf=491 best=36 gpu=0.29s cpu=0.10s prep=0.01s up=0.001s wait=0.159s (1.6e+10 res/s)
K=3386 sh=0 MOD=1133661268029390 thr=1732900 res=4.67e+09 tierC=608 surv=430 bits=430 conf=430 best=36 gpu=0.28s cpu=0.09s prep=0.01s up=0.001s wait=0.148s (1.64e+10 res/s)
K=3387 sh=0 MOD=1133661268029390 thr=1732900 res=4.67e+09 tierC=608 surv=456 bits=456 conf=456 best=36 gpu=0.28s cpu=0.10s prep=0.01s up=0.001s wait=0.157s (1.65e+10 res/s)
K=3388 sh=0 MOD=1133661268029390 thr=1732900 res=4.67e+09 tierC=608 surv=450 bits=450 conf=450 best=36 gpu=0.28s cpu=0.10s prep=0.01s up=0.001s wait=0.145s (1.67e+10 res/s)
K=3389 sh=0 MOD=1133661268029390 thr=1732900 res=4.67e+09 tierC=608 surv=416 bits=416 conf=416 best=36 gpu=0.29s cpu=0.09s prep=0.01s up=0.001s wait=0.163s (1.59e+10 res/s)
K=3390 sh=0 MOD=1314244478865930 thr=1732900 res=6.199e+09 tierC=608 surv=1162 bits=1162 conf=1154 best=36 gpu=0.44s cpu=0.25s prep=0.01s up=0.001s wait=0.316s (1.41e+10 res/s)
K=3391 sh=0 MOD=1133661268029390 thr=1732900 res=4.67e+09 tierC=608 surv=499 bits=499 conf=499 best=36 gpu=0.29s cpu=0.10s prep=0.01s up=0.001s wait=0.017s (1.58e+10 res/s)
K=3392 sh=0 MOD=1133661268029390 thr=1732900 res=4.67e+09 tierC=608 surv=485 bits=485 conf=485 best=36 gpu=0.29s cpu=0.11s prep=0.01s up=0.001s wait=0.150s (1.63e+10 res/s)
K=3393 sh=0 MOD=1133661268029390 thr=1732900 res=4.67e+09 tierC=608 surv=472 bits=472 conf=472 best=36 gpu=0.29s cpu=0.10s prep=0.01s up=0.001s wait=0.143s (1.63e+10 res/s)
K=3394 sh=0 MOD=1133661268029390 thr=1732900 res=4.67e+09 tierC=608 surv=452 bits=452 conf=452 best=36 gpu=0.29s cpu=0.10s prep=0.01s up=0.001s wait=0.155s (1.6e+10 res/s)
K=3395 sh=0 MOD=1133661268029390 thr=1732900 res=4.67e+09 tierC=608 surv=472 bits=472 conf=472 best=36 gpu=0.29s cpu=0.10s prep=0.01s up=0.001s wait=0.159s (1.62e+10 res/s)
K=3396 sh=0 MOD=1133661268029390 thr=1732900 res=4.67e+09 tierC=608 surv=519 bits=519 conf=519 best=36 gpu=0.28s cpu=0.11s prep=0.01s up=0.001s wait=0.143s (1.66e+10 res/s)
K=3397 sh=0 MOD=1133661268029390 thr=1732900 res=4.67e+09 tierC=608 surv=551 bits=551 conf=551 best=36 gpu=0.29s cpu=0.10s prep=0.01s up=0.001s wait=0.148s (1.6e+10 res/s)
K=3398 sh=0 MOD=1133661268029390 thr=1732900 res=4.67e+09 tierC=608 surv=445 bits=445 conf=445 best=36 gpu=0.29s cpu=0.10s prep=0.01s up=0.001s wait=0.150s (1.63e+10 res/s)
K=3399 sh=0 MOD=1133661268029390 thr=1732900 res=4.67e+09 tierC=608 surv=479 bits=479 conf=479 best=36 gpu=0.28s cpu=0.11s prep=0.01s up=0.001s wait=0.148s (1.66e+10 res/s)
K=3400 sh=0 MOD=1133661268029390 thr=1732900 res=4.67e+09 tierC=608 surv=467 bits=467 conf=467 best=36 gpu=0.29s cpu=0.10s prep=0.01s up=0.001s wait=0.152s (1.61e+10 res/s)
K=3401 sh=0 MOD=1133661268029390 thr=1732900 res=4.67e+09 tierC=608 surv=701 bits=701 conf=698 best=36 gpu=0.33s cpu=0.14s prep=0.01s up=0.001s wait=0.190s (1.43e+10 res/s)
K=3402 sh=0 MOD=1133661268029390 thr=1732900 res=4.67e+09 tierC=608 surv=490 bits=490 conf=490 best=36 gpu=0.29s cpu=0.11s prep=0.01s up=0.001s wait=0.000s (1.61e+10 res/s)
K=3403 sh=0 MOD=1789272603757230 thr=3396484 res=1.364e+10 tierC=608 surv=2452 bits=2452 conf=2436 best=36 gpu=0.95s cpu=0.51s prep=0.01s up=0.001s wait=0.806s (1.44e+10 res/s)
K=3404 sh=0 MOD=1133661268029390 thr=1732900 res=4.67e+09 tierC=608 surv=480 bits=480 conf=480 best=36 gpu=0.54s cpu=0.10s prep=0.01s up=0.001s wait=0.000s (8.64e+09 res/s)
K=3405 sh=0 MOD=1133661268029390 thr=1732900 res=4.67e+09 tierC=608 surv=605 bits=605 conf=602 best=36 gpu=0.29s cpu=0.13s prep=0.01s up=0.001s wait=0.162s (1.6e+10 res/s)
K=3406 sh=0 MOD=1133661268029390 thr=1732900 res=4.67e+09 tierC=608 surv=841 bits=841 conf=835 best=36 gpu=0.33s cpu=0.17s prep=0.01s up=0.001s wait=0.168s (1.41e+10 res/s)
*** n=41 a=65264147724308539 d=1302022271372790 (K=3407 shift=0)
K=3407 sh=0 MOD=1133661268029390 thr=1732900 res=4.67e+09 tierC=608 surv=471 bits=471 conf=471 best=41 gpu=0.29s cpu=0.10s prep=0.01s up=0.000s wait=0.091s (1.59e+10 res/s)
K=3408 sh=0 MOD=15967060113090 thr=133300 res=3.592e+08 tierC=608 surv=38 bits=38 conf=38 best=41 gpu=0.13s cpu=0.02s prep=0.01s up=0.001s wait=0.000s (2.69e+09 res/s)
K=3409 sh=0 MOD=1133661268029390 thr=1732900 res=4.67e+09 tierC=608 surv=444 bits=444 conf=444 best=41 gpu=0.27s cpu=0.10s prep=0.01s up=0.001s wait=0.217s (1.74e+10 res/s)
K=3410 sh=0 MOD=1133661268029390 thr=1732900 res=4.67e+09 tierC=608 surv=463 bits=463 conf=463 best=41 gpu=0.28s cpu=0.10s prep=0.01s up=0.001s wait=0.149s (1.67e+10 res/s)
K=3411 sh=0 MOD=1133661268029390 thr=1732900 res=4.67e+09 tierC=608 surv=483 bits=483 conf=483 best=41 gpu=0.29s cpu=0.10s prep=0.01s up=0.001s wait=0.154s (1.62e+10 res/s)
K=3412 sh=0 MOD=1133661268029390 thr=1732900 res=4.67e+09 tierC=608 surv=457 bits=457 conf=456 best=41 gpu=0.29s cpu=0.09s prep=0.01s up=0.001s wait=0.154s (1.62e+10 res/s)
K=3413 sh=0 MOD=1133661268029390 thr=1732900 res=4.67e+09 tierC=608 surv=449 bits=449 conf=449 best=41 gpu=0.28s cpu=0.10s prep=0.01s up=0.001s wait=0.154s (1.66e+10 res/s)
K=3414 sh=0 MOD=1133661268029390 thr=1732900 res=4.67e+09 tierC=608 surv=485 bits=485 conf=484 best=41 gpu=0.29s cpu=0.11s prep=0.01s up=0.001s wait=0.159s (1.61e+10 res/s)
K=3415 sh=0 MOD=1133661268029390 thr=1732900 res=4.67e+09 tierC=608 surv=518 bits=518 conf=517 best=41 gpu=0.29s cpu=0.11s prep=0.01s up=0.001s wait=0.147s (1.6e+10 res/s)
K=3416 sh=0 MOD=1133661268029390 thr=1732900 res=4.67e+09 tierC=608 surv=469 bits=469 conf=468 best=41 gpu=0.28s cpu=0.10s prep=0.01s up=0.001s wait=0.134s (1.66e+10 res/s)
K=3417 sh=0 MOD=1133661268029390 thr=1732900 res=4.67e+09 tierC=608 surv=462 bits=462 conf=462 best=41 gpu=0.28s cpu=0.10s prep=0.01s up=0.001s wait=0.146s (1.67e+10 res/s)
K=3418 sh=0 MOD=1133661268029390 thr=1732900 res=4.67e+09 tierC=608 surv=484 bits=484 conf=484 best=41 gpu=0.29s cpu=0.10s prep=0.01s up=0.001s wait=0.152s (1.62e+10 res/s)
K=3419 sh=0 MOD=1133661268029390 thr=1732900 res=4.67e+09 tierC=608 surv=620 bits=620 conf=620 best=41 gpu=0.30s cpu=0.14s prep=0.01s up=0.001s wait=0.164s (1.56e+10 res/s)
K=3420 sh=0 MOD=1133661268029390 thr=1732900 res=4.67e+09 tierC=608 surv=462 bits=462 conf=462 best=41 gpu=0.30s cpu=0.10s prep=0.01s up=0.001s wait=0.127s (1.58e+10 res/s)
K=3421 sh=0 MOD=1133661268029390 thr=1732900 res=4.67e+09 tierC=608 surv=599 bits=599 conf=596 best=41 gpu=0.30s cpu=0.12s prep=0.01s up=0.001s wait=0.160s (1.57e+10 res/s)
K=3422 sh=0 MOD=19214597763210 thr=1732900 res=4.67e+09 tierC=608 surv=513 bits=513 conf=513 best=41 gpu=0.30s cpu=0.08s prep=0.01s up=0.001s wait=0.151s (1.54e+10 res/s)
K=3423 sh=0 MOD=1133661268029390 thr=1732900 res=4.67e+09 tierC=608 surv=458 bits=458 conf=458 best=41 gpu=0.29s cpu=0.10s prep=0.01s up=0.001s wait=0.177s (1.6e+10 res/s)
K=3424 sh=0 MOD=1387940430951870 thr=1732900 res=6.958e+09 tierC=608 surv=1352 bits=1352 conf=1343 best=41 gpu=0.51s cpu=0.26s prep=0.01s up=0.001s wait=0.374s (1.38e+10 res/s)
K=3425 sh=0 MOD=1133661268029390 thr=1732900 res=4.67e+09 tierC=608 surv=810 bits=810 conf=805 best=41 gpu=0.33s cpu=0.16s prep=0.01s up=0.001s wait=0.043s (1.39e+10 res/s)
K=3426 sh=0 MOD=1133661268029390 thr=1732900 res=4.67e+09 tierC=608 surv=447 bits=447 conf=447 best=41 gpu=0.29s cpu=0.09s prep=0.01s up=0.001s wait=0.097s (1.62e+10 res/s)
K=3427 sh=0 MOD=1133661268029390 thr=1732900 res=4.67e+09 tierC=608 surv=792 bits=792 conf=787 best=41 gpu=0.32s cpu=0.15s prep=0.01s up=0.001s wait=0.194s (1.45e+10 res/s)
K=3428 sh=0 MOD=1133661268029390 thr=1732900 res=4.67e+09 tierC=608 surv=475 bits=475 conf=475 best=41 gpu=0.29s cpu=0.10s prep=0.01s up=0.001s wait=0.101s (1.64e+10 res/s)
K=3429 sh=0 MOD=1133661268029390 thr=1732900 res=4.67e+09 tierC=608 surv=523 bits=523 conf=522 best=41 gpu=0.29s cpu=0.10s prep=0.01s up=0.001s wait=0.162s (1.62e+10 res/s)
K=3430 sh=0 MOD=1133661268029390 thr=1732900 res=4.67e+09 tierC=608 surv=520 bits=520 conf=520 best=41 gpu=0.28s cpu=0.10s prep=0.01s up=0.001s wait=0.149s (1.65e+10 res/s)
K=3431 sh=0 MOD=1133661268029390 thr=1732900 res=4.67e+09 tierC=608 surv=469 bits=469 conf=469 best=41 gpu=0.28s cpu=0.10s prep=0.01s up=0.001s wait=0.150s (1.66e+10 res/s)
K=3432 sh=0 MOD=1133661268029390 thr=1732900 res=4.67e+09 tierC=608 surv=468 bits=468 conf=468 best=41 gpu=0.28s cpu=0.10s prep=0.01s up=0.001s wait=0.151s (1.67e+10 res/s)
K=3433 sh=0 MOD=1133661268029390 thr=1732900 res=4.67e+09 tierC=608 surv=481 bits=481 conf=481 best=41 gpu=0.28s cpu=0.10s prep=0.01s up=0.001s wait=0.153s (1.66e+10 res/s)
K=3434 sh=0 MOD=1470392337741090 thr=1974700 res=7.928e+09 tierC=608 surv=1608 bits=1608 conf=1596 best=41 gpu=0.57s cpu=0.28s prep=0.01s up=0.001s wait=0.439s (1.4e+10 res/s)
K=3435 sh=0 MOD=1133661268029390 thr=1732900 res=4.67e+09 tierC=608 surv=419 bits=419 conf=419 best=41 gpu=0.31s cpu=0.09s prep=0.01s up=0.001s wait=0.000s (1.49e+10 res/s)
K=3436 sh=0 MOD=1133661268029390 thr=1732900 res=4.67e+09 tierC=608 surv=463 bits=463 conf=463 best=41 gpu=0.28s cpu=0.09s prep=0.01s up=0.001s wait=0.157s (1.68e+10 res/s)
K=3437 sh=0 MOD=1133661268029390 thr=1732900 res=4.67e+09 tierC=608 surv=620 bits=620 conf=620 best=41 gpu=0.28s cpu=0.12s prep=0.01s up=0.001s wait=0.158s (1.65e+10 res/s)
K=3438 sh=0 MOD=1133661268029390 thr=1732900 res=4.67e+09 tierC=608 surv=680 bits=680 conf=680 best=41 gpu=0.33s cpu=0.14s prep=0.01s up=0.001s wait=0.182s (1.42e+10 res/s)
K=3439 sh=0 MOD=1133661268029390 thr=1732900 res=4.67e+09 tierC=608 surv=490 bits=490 conf=490 best=41 gpu=0.30s cpu=0.09s prep=0.01s up=0.001s wait=0.131s (1.56e+10 res/s)
K=3440 sh=0 MOD=1133661268029390 thr=1732900 res=4.67e+09 tierC=608 surv=525 bits=525 conf=525 best=41 gpu=0.28s cpu=0.11s prep=0.01s up=0.001s wait=0.154s (1.66e+10 res/s)
K=3441 sh=0 MOD=1133661268029390 thr=1732900 res=4.67e+09 tierC=608 surv=446 bits=446 conf=446 best=41 gpu=0.29s cpu=0.09s prep=0.01s up=0.001s wait=0.149s (1.64e+10 res/s)
K=3442 sh=0 MOD=1133661268029390 thr=1732900 res=4.67e+09 tierC=608 surv=495 bits=495 conf=495 best=41 gpu=0.28s cpu=0.10s prep=0.01s up=0.001s wait=0.157s (1.65e+10 res/s)
K=3443 sh=0 MOD=1133661268029390 thr=1732900 res=4.67e+09 tierC=608 surv=470 bits=470 conf=470 best=41 gpu=0.29s cpu=0.10s prep=0.01s up=0.001s wait=0.160s (1.59e+10 res/s)
K=3444 sh=0 MOD=1133661268029390 thr=1732900 res=4.67e+09 tierC=608 surv=482 bits=482 conf=482 best=41 gpu=0.29s cpu=0.09s prep=0.01s up=0.001s wait=0.166s (1.59e+10 res/s)
K=3445 sh=0 MOD=1133661268029390 thr=1732900 res=4.67e+09 tierC=608 surv=414 bits=414 conf=414 best=41 gpu=0.28s cpu=0.08s prep=0.01s up=0.001s wait=0.157s (1.65e+10 res/s)
K=3446 sh=0 MOD=1133661268029390 thr=1732900 res=4.67e+09 tierC=608 surv=428 bits=428 conf=428 best=41 gpu=0.28s cpu=0.09s prep=0.01s up=0.001s wait=0.167s (1.67e+10 res/s)
K=3447 sh=0 MOD=1133661268029390 thr=1732900 res=4.67e+09 tierC=608 surv=535 bits=535 conf=534 best=41 gpu=0.28s cpu=0.11s prep=0.01s up=0.001s wait=0.158s (1.65e+10 res/s)
K=3448 sh=0 MOD=1133661268029390 thr=1732900 res=4.67e+09 tierC=608 surv=505 bits=505 conf=504 best=41 gpu=0.29s cpu=0.11s prep=0.01s up=0.001s wait=0.152s (1.6e+10 res/s)
K=3449 sh=0 MOD=1133661268029390 thr=1732900 res=4.67e+09 tierC=608 surv=436 bits=436 conf=436 best=41 gpu=0.29s cpu=0.09s prep=0.01s up=0.001s wait=0.147s (1.64e+10 res/s)
K=3450 sh=0 MOD=1133661268029390 thr=1732900 res=4.67e+09 tierC=608 surv=425 bits=425 conf=425 best=41 gpu=0.29s cpu=0.09s prep=0.01s up=0.001s wait=0.170s (1.61e+10 res/s)
K=3451 sh=0 MOD=1133661268029390 thr=1732900 res=4.67e+09 tierC=608 surv=485 bits=485 conf=485 best=41 gpu=0.28s cpu=0.10s prep=0.01s up=0.001s wait=0.161s (1.66e+10 res/s)
K=3452 sh=0 MOD=1133661268029390 thr=1732900 res=4.67e+09 tierC=608 surv=570 bits=570 conf=570 best=41 gpu=0.28s cpu=0.11s prep=0.01s up=0.001s wait=0.152s (1.66e+10 res/s)
K=3453 sh=0 MOD=1133661268029390 thr=1732900 res=4.67e+09 tierC=608 surv=470 bits=470 conf=470 best=41 gpu=0.28s cpu=0.10s prep=0.01s up=0.001s wait=0.140s (1.67e+10 res/s)
K=3454 sh=0 MOD=1133661268029390 thr=1732900 res=4.67e+09 tierC=608 surv=477 bits=477 conf=477 best=41 gpu=0.28s cpu=0.10s prep=0.01s up=0.001s wait=0.148s (1.67e+10 res/s)
K=3455 sh=0 MOD=1133661268029390 thr=1732900 res=4.67e+09 tierC=608 surv=445 bits=445 conf=445 best=41 gpu=0.28s cpu=0.09s prep=0.01s up=0.001s wait=0.150s (1.65e+10 res/s)
K=3456 sh=0 MOD=1133661268029390 thr=1732900 res=4.67e+09 tierC=608 surv=508 bits=508 conf=506 best=41 gpu=0.29s cpu=0.10s prep=0.01s up=0.001s wait=0.162s (1.63e+10 res/s)
K=3457 sh=0 MOD=1133661268029390 thr=1732900 res=4.67e+09 tierC=608 surv=447 bits=447 conf=445 best=41 gpu=0.28s cpu=0.09s prep=0.01s up=0.001s wait=0.148s (1.66e+10 res/s)
K=3458 sh=0 MOD=1133661268029390 thr=1732900 res=4.67e+09 tierC=608 surv=462 bits=462 conf=462 best=41 gpu=0.28s cpu=0.09s prep=0.01s up=0.001s wait=0.152s (1.67e+10 res/s)
K=3459 sh=0 MOD=1133661268029390 thr=1732900 res=4.67e+09 tierC=608 surv=489 bits=489 conf=489 best=41 gpu=0.29s cpu=0.10s prep=0.01s up=0.001s wait=0.164s (1.61e+10 res/s)
K=3460 sh=0 MOD=1133661268029390 thr=1732900 res=4.67e+09 tierC=608 surv=718 bits=718 conf=717 best=41 gpu=0.31s cpu=0.15s prep=0.01s up=0.001s wait=0.175s (1.51e+10 res/s)
K=3461 sh=0 MOD=1133661268029390 thr=1732900 res=4.67e+09 tierC=608 surv=459 bits=459 conf=459 best=41 gpu=0.29s cpu=0.09s prep=0.01s up=0.001s wait=0.108s (1.63e+10 res/s)
K=3462 sh=0 MOD=1133661268029390 thr=1732900 res=4.67e+09 tierC=608 surv=423 bits=423 conf=423 best=41 gpu=0.29s cpu=0.09s prep=0.01s up=0.001s wait=0.164s (1.63e+10 res/s)
K=3463 sh=0 MOD=1133661268029390 thr=1732900 res=4.67e+09 tierC=608 surv=473 bits=473 conf=472 best=41 gpu=0.29s cpu=0.10s prep=0.01s up=0.001s wait=0.164s (1.63e+10 res/s)
K=3464 sh=0 MOD=1133661268029390 thr=1732900 res=4.67e+09 tierC=608 surv=483 bits=483 conf=483 best=41 gpu=0.29s cpu=0.10s prep=0.01s up=0.001s wait=0.160s (1.62e+10 res/s)
K=3465 sh=0 MOD=1133661268029390 thr=1732900 res=4.67e+09 tierC=608 surv=458 bits=458 conf=458 best=41 gpu=0.29s cpu=0.10s prep=0.01s up=0.001s wait=0.161s (1.59e+10 res/s)
K=3466 sh=0 MOD=1133661268029390 thr=1732900 res=4.67e+09 tierC=608 surv=460 bits=460 conf=460 best=41 gpu=0.28s cpu=0.10s prep=0.01s up=0.001s wait=0.147s (1.67e+10 res/s)
K=3467 sh=0 MOD=1133661268029390 thr=1732900 res=4.67e+09 tierC=608 surv=459 bits=459 conf=459 best=41 gpu=0.28s cpu=0.09s prep=0.01s up=0.001s wait=0.152s (1.66e+10 res/s)
K=3468 sh=0 MOD=1133661268029390 thr=1732900 res=4.67e+09 tierC=608 surv=495 bits=495 conf=495 best=41 gpu=0.29s cpu=0.10s prep=0.01s up=0.001s wait=0.164s (1.6e+10 res/s)
K=3469 sh=0 MOD=1133661268029390 thr=1732900 res=4.67e+09 tierC=608 surv=473 bits=473 conf=473 best=41 gpu=0.30s cpu=0.10s prep=0.01s up=0.001s wait=0.161s (1.58e+10 res/s)
K=3470 sh=0 MOD=1133661268029390 thr=1732900 res=4.67e+09 tierC=608 surv=599 bits=599 conf=599 best=41 gpu=0.29s cpu=0.11s prep=0.01s up=0.001s wait=0.160s (1.59e+10 res/s)
K=3471 sh=0 MOD=1668647484402810 thr=2739100 res=1.1e+10 tierC=608 surv=1947 bits=1947 conf=1938 best=41 gpu=0.74s cpu=0.39s prep=0.01s up=0.001s wait=0.596s (1.49e+10 res/s)
K=3472 sh=0 MOD=1133661268029390 thr=1732900 res=4.67e+09 tierC=608 surv=481 bits=481 conf=481 best=41 gpu=0.42s cpu=0.10s prep=0.01s up=0.001s wait=0.000s (1.1e+10 res/s)
K=3473 sh=0 MOD=1133661268029390 thr=1732900 res=4.67e+09 tierC=608 surv=489 bits=489 conf=489 best=41 gpu=0.28s cpu=0.10s prep=0.01s up=0.001s wait=0.150s (1.65e+10 res/s)
K=3474 sh=0 MOD=1133661268029390 thr=1732900 res=4.67e+09 tierC=608 surv=456 bits=456 conf=456 best=41 gpu=0.30s cpu=0.10s prep=0.01s up=0.001s wait=0.166s (1.54e+10 res/s)
K=3475 sh=0 MOD=1133661268029390 thr=1732900 res=4.67e+09 tierC=608 surv=452 bits=452 conf=450 best=41 gpu=0.29s cpu=0.10s prep=0.01s up=0.001s wait=0.160s (1.61e+10 res/s)
K=3476 sh=0 MOD=1133661268029390 thr=1732900 res=4.67e+09 tierC=608 surv=451 bits=451 conf=451 best=41 gpu=0.27s cpu=0.09s prep=0.01s up=0.001s wait=0.143s (1.72e+10 res/s)
K=3477 sh=0 MOD=1133661268029390 thr=1732900 res=4.67e+09 tierC=608 surv=463 bits=463 conf=463 best=41 gpu=0.28s cpu=0.09s prep=0.01s up=0.001s wait=0.163s (1.66e+10 res/s)
K=3478 sh=0 MOD=1133661268029390 thr=1732900 res=4.67e+09 tierC=608 surv=463 bits=463 conf=461 best=41 gpu=0.28s cpu=0.09s prep=0.01s up=0.000s wait=0.155s (1.7e+10 res/s)
K=3479 sh=0 MOD=15967060113090 thr=133300 res=3.592e+08 tierC=608 surv=30 bits=30 conf=30 best=41 gpu=0.13s cpu=0.01s prep=0.01s up=0.001s wait=0.000s (2.85e+09 res/s)
K=3480 sh=0 MOD=1133661268029390 thr=1732900 res=4.67e+09 tierC=608 surv=447 bits=447 conf=445 best=41 gpu=0.27s cpu=0.09s prep=0.01s up=0.001s wait=0.225s (1.74e+10 res/s)
K=3481 sh=0 MOD=19214597763210 thr=1732900 res=4.67e+09 tierC=608 surv=489 bits=489 conf=482 best=41 gpu=0.29s cpu=0.08s prep=0.01s up=0.001s wait=0.164s (1.63e+10 res/s)
K=3482 sh=0 MOD=1133661268029390 thr=1732900 res=4.67e+09 tierC=608 surv=448 bits=448 conf=448 best=41 gpu=0.28s cpu=0.09s prep=0.01s up=0.003s wait=0.163s (1.67e+10 res/s)
K=3483 sh=0 MOD=1133661268029390 thr=1732900 res=4.67e+09 tierC=608 surv=452 bits=452 conf=452 best=41 gpu=0.28s cpu=0.09s prep=0.01s up=0.001s wait=0.163s (1.64e+10 res/s)
K=3484 sh=0 MOD=1133661268029390 thr=1732900 res=4.67e+09 tierC=608 surv=514 bits=514 conf=514 best=41 gpu=0.28s cpu=0.10s prep=0.01s up=0.001s wait=0.152s (1.66e+10 res/s)
K=3485 sh=0 MOD=1133661268029390 thr=1732900 res=4.67e+09 tierC=608 surv=448 bits=448 conf=448 best=41 gpu=0.29s cpu=0.09s prep=0.01s up=0.001s wait=0.000s (1.62e+10 res/s)
K=3486 sh=0 MOD=1789272603757230 thr=3396484 res=1.364e+10 tierC=608 surv=2544 bits=2544 conf=2525 best=41 gpu=0.96s cpu=0.53s prep=0.01s up=0.001s wait=0.839s (1.42e+10 res/s)
K=3487 sh=0 MOD=1133661268029390 thr=1732900 res=4.67e+09 tierC=608 surv=579 bits=579 conf=575 best=41 gpu=0.57s cpu=0.13s prep=0.01s up=0.001s wait=0.000s (8.22e+09 res/s)
K=3488 sh=0 MOD=1133661268029390 thr=1732900 res=4.67e+09 tierC=608 surv=452 bits=452 conf=452 best=41 gpu=0.28s cpu=0.09s prep=0.01s up=0.001s wait=0.121s (1.66e+10 res/s)
K=3489 sh=0 MOD=1133661268029390 thr=1732900 res=4.67e+09 tierC=608 surv=494 bits=494 conf=494 best=41 gpu=0.28s cpu=0.11s prep=0.01s up=0.001s wait=0.156s (1.65e+10 res/s)
*** n=42 a=131364306980265661 d=1333741628145300 (K=3490 shift=0)
K=3490 sh=0 MOD=1133661268029390 thr=1732900 res=4.67e+09 tierC=608 surv=466 bits=466 conf=466 best=42 gpu=0.29s cpu=0.10s prep=0.01s up=0.001s wait=0.144s (1.63e+10 res/s)
K=3491 sh=0 MOD=1133661268029390 thr=1732900 res=4.67e+09 tierC=608 surv=443 bits=443 conf=443 best=42 gpu=0.29s cpu=0.09s prep=0.01s up=0.001s wait=0.154s (1.61e+10 res/s)
K=3492 sh=0 MOD=1133661268029390 thr=1732900 res=4.67e+09 tierC=608 surv=434 bits=434 conf=434 best=42 gpu=0.29s cpu=0.09s prep=0.01s up=0.001s wait=0.161s (1.62e+10 res/s)
K=3493 sh=0 MOD=1133661268029390 thr=1732900 res=4.67e+09 tierC=608 surv=469 bits=469 conf=469 best=42 gpu=0.28s cpu=0.10s prep=0.01s up=0.001s wait=0.156s (1.66e+10 res/s)
K=3494 sh=0 MOD=1133661268029390 thr=1732900 res=4.67e+09 tierC=608 surv=469 bits=469 conf=469 best=42 gpu=0.29s cpu=0.10s prep=0.01s up=0.001s wait=0.155s (1.64e+10 res/s)
K=3495 sh=0 MOD=1133661268029390 thr=1732900 res=4.67e+09 tierC=608 surv=599 bits=599 conf=596 best=42 gpu=0.30s cpu=0.13s prep=0.01s up=0.001s wait=0.160s (1.57e+10 res/s)
K=3496 sh=0 MOD=1133661268029390 thr=1732900 res=4.67e+09 tierC=608 surv=481 bits=481 conf=481 best=42 gpu=0.30s cpu=0.10s prep=0.01s up=0.001s wait=0.134s (1.57e+10 res/s)
K=3497 sh=0 MOD=1133661268029390 thr=1732900 res=4.67e+09 tierC=608 surv=534 bits=534 conf=534 best=42 gpu=0.30s cpu=0.11s prep=0.01s up=0.001s wait=0.165s (1.54e+10 res/s)
K=3498 sh=0 MOD=1133661268029390 thr=1732900 res=4.67e+09 tierC=608 surv=447 bits=447 conf=446 best=42 gpu=0.29s cpu=0.09s prep=0.01s up=0.001s wait=0.143s (1.61e+10 res/s)
K=3499 sh=0 MOD=1133661268029390 thr=1732900 res=4.67e+09 tierC=608 surv=478 bits=478 conf=478 best=42 gpu=0.30s cpu=0.11s prep=0.01s up=0.001s wait=0.176s (1.56e+10 res/s)
K=3500 sh=0 MOD=1133661268029390 thr=1732900 res=4.67e+09 tierC=608 surv=454 bits=454 conf=454 best=42 gpu=0.29s cpu=0.10s prep=0.01s up=0.001s wait=0.146s (1.63e+10 res/s)
K=3501 sh=0 MOD=1133661268029390 thr=1732900 res=4.67e+09 tierC=608 surv=509 bits=509 conf=509 best=42 gpu=0.30s cpu=0.11s prep=0.01s up=0.001s wait=0.166s (1.57e+10 res/s)
K=3502 sh=0 MOD=1133661268029390 thr=1732900 res=4.67e+09 tierC=608 surv=482 bits=482 conf=482 best=42 gpu=0.31s cpu=0.11s prep=0.01s up=0.001s wait=0.166s (1.53e+10 res/s)
K=3503 sh=0 MOD=1314244478865930 thr=1732900 res=6.199e+09 tierC=608 surv=1089 bits=1089 conf=1082 best=42 gpu=0.71s cpu=0.31s prep=0.01s up=0.001s wait=0.555s (8.75e+09 res/s)
K=3504 sh=0 MOD=1133661268029390 thr=1732900 res=4.67e+09 tierC=608 surv=463 bits=463 conf=463 best=42 gpu=0.62s cpu=0.10s prep=0.01s up=0.001s wait=0.268s (7.48e+09 res/s)
K=3505 sh=0 MOD=1133661268029390 thr=1732900 res=4.67e+09 tierC=608 surv=473 bits=473 conf=472 best=42 gpu=0.60s cpu=0.10s prep=0.01s up=0.002s wait=0.446s (7.81e+09 res/s)
K=3506 sh=0 MOD=1133661268029390 thr=1732900 res=4.67e+09 tierC=608 surv=442 bits=442 conf=442 best=42 gpu=0.62s cpu=0.10s prep=0.01s up=0.001s wait=0.466s (7.57e+09 res/s)
K=3507 sh=0 MOD=1133661268029390 thr=1732900 res=4.67e+09 tierC=608 surv=714 bits=714 conf=709 best=42 gpu=0.49s cpu=0.14s prep=0.01s up=0.002s wait=0.357s (9.58e+09 res/s)
K=3508 sh=0 MOD=1133661268029390 thr=1732900 res=4.67e+09 tierC=608 surv=452 bits=452 conf=452 best=42 gpu=0.31s cpu=0.10s prep=0.01s up=0.001s wait=0.131s (1.52e+10 res/s)
K=3509 sh=0 MOD=1133661268029390 thr=1732900 res=4.67e+09 tierC=608 surv=447 bits=447 conf=447 best=42 gpu=0.31s cpu=0.10s prep=0.01s up=0.001s wait=0.178s (1.52e+10 res/s)
K=3510 sh=0 MOD=1133661268029390 thr=1732900 res=4.67e+09 tierC=608 surv=491 bits=491 conf=491 best=42 gpu=0.29s cpu=0.09s prep=0.01s up=0.001s wait=0.162s (1.61e+10 res/s)
K=3511 sh=0 MOD=1133661268029390 thr=1732900 res=4.67e+09 tierC=608 surv=474 bits=474 conf=474 best=42 gpu=0.38s cpu=0.11s prep=0.01s up=0.001s wait=0.237s (1.24e+10 res/s)
K=3512 sh=0 MOD=1133661268029390 thr=1732900 res=4.67e+09 tierC=608 surv=457 bits=457 conf=457 best=42 gpu=0.61s cpu=0.10s prep=0.01s up=0.002s wait=0.452s (7.71e+09 res/s)
K=3513 sh=0 MOD=1133661268029390 thr=1732900 res=4.67e+09 tierC=608 surv=502 bits=502 conf=502 best=42 gpu=0.53s cpu=0.11s prep=0.02s up=0.002s wait=0.386s (8.79e+09 res/s)
K=3514 sh=0 MOD=1133661268029390 thr=1732900 res=4.67e+09 tierC=608 surv=607 bits=607 conf=603 best=42 gpu=0.30s cpu=0.11s prep=0.01s up=0.001s wait=0.151s (1.55e+10 res/s)
K=3515 sh=0 MOD=1133661268029390 thr=1732900 res=4.67e+09 tierC=608 surv=450 bits=450 conf=450 best=42 gpu=0.29s cpu=0.10s prep=0.01s up=0.001s wait=0.141s (1.64e+10 res/s)
K=3516 sh=0 MOD=1133661268029390 thr=1732900 res=4.67e+09 tierC=608 surv=595 bits=595 conf=593 best=42 gpu=0.30s cpu=0.12s prep=0.01s up=0.001s wait=0.174s (1.55e+10 res/s)
K=3517 sh=0 MOD=1133661268029390 thr=1732900 res=4.67e+09 tierC=608 surv=517 bits=517 conf=517 best=42 gpu=0.30s cpu=0.10s prep=0.01s up=0.001s wait=0.144s (1.58e+10 res/s)
K=3518 sh=0 MOD=1133661268029390 thr=1732900 res=4.67e+09 tierC=608 surv=484 bits=484 conf=484 best=42 gpu=0.29s cpu=0.10s prep=0.01s up=0.001s wait=0.158s (1.62e+10 res/s)
K=3519 sh=0 MOD=1133661268029390 thr=1732900 res=4.67e+09 tierC=608 surv=466 bits=466 conf=466 best=42 gpu=0.29s cpu=0.09s prep=0.01s up=0.001s wait=0.162s (1.59e+10 res/s)
K=3520 sh=0 MOD=1133661268029390 thr=1732900 res=4.67e+09 tierC=608 surv=445 bits=445 conf=445 best=42 gpu=0.29s cpu=0.09s prep=0.01s up=0.001s wait=0.165s (1.63e+10 res/s)
K=3521 sh=0 MOD=1133661268029390 thr=1732900 res=4.67e+09 tierC=608 surv=521 bits=521 conf=520 best=42 gpu=0.29s cpu=0.11s prep=0.01s up=0.001s wait=0.167s (1.62e+10 res/s)
K=3522 sh=0 MOD=1133661268029390 thr=1732900 res=4.67e+09 tierC=608 surv=518 bits=518 conf=518 best=42 gpu=0.28s cpu=0.11s prep=0.01s up=0.001s wait=0.136s (1.68e+10 res/s)
K=3523 sh=0 MOD=1133661268029390 thr=1732900 res=4.67e+09 tierC=608 surv=435 bits=435 conf=435 best=42 gpu=0.28s cpu=0.09s prep=0.01s up=0.001s wait=0.143s (1.66e+10 res/s)
K=3524 sh=0 MOD=1133661268029390 thr=1732900 res=4.67e+09 tierC=608 surv=528 bits=528 conf=528 best=42 gpu=0.29s cpu=0.10s prep=0.01s up=0.001s wait=0.169s (1.63e+10 res/s)
K=3525 sh=0 MOD=1133661268029390 thr=1732900 res=4.67e+09 tierC=608 surv=462 bits=462 conf=462 best=42 gpu=0.29s cpu=0.09s prep=0.01s up=0.001s wait=0.156s (1.63e+10 res/s)
K=3526 sh=0 MOD=1133661268029390 thr=1732900 res=4.67e+09 tierC=608 surv=433 bits=433 conf=433 best=42 gpu=0.29s cpu=0.09s prep=0.01s up=0.001s wait=0.170s (1.59e+10 res/s)
K=3527 sh=0 MOD=1133661268029390 thr=1732900 res=4.67e+09 tierC=608 surv=461 bits=461 conf=461 best=42 gpu=0.27s cpu=0.10s prep=0.01s up=0.001s wait=0.149s (1.7e+10 res/s)
K=3528 sh=0 MOD=1133661268029390 thr=1732900 res=4.67e+09 tierC=608 surv=447 bits=447 conf=447 best=42 gpu=0.29s cpu=0.09s prep=0.01s up=0.001s wait=0.161s (1.62e+10 res/s)
K=3529 sh=0 MOD=1133661268029390 thr=1732900 res=4.67e+09 tierC=608 surv=450 bits=450 conf=449 best=42 gpu=0.28s cpu=0.09s prep=0.01s up=0.001s wait=0.160s (1.65e+10 res/s)
K=3530 sh=0 MOD=1133661268029390 thr=1732900 res=4.67e+09 tierC=608 surv=569 bits=569 conf=569 best=42 gpu=0.29s cpu=0.12s prep=0.01s up=0.001s wait=0.162s (1.63e+10 res/s)
K=3531 sh=0 MOD=1387940430951870 thr=1732900 res=6.958e+09 tierC=608 surv=1290 bits=1290 conf=1278 best=42 gpu=0.48s cpu=0.25s prep=0.01s up=0.001s wait=0.330s (1.44e+10 res/s)
K=3532 sh=0 MOD=1133661268029390 thr=1732900 res=4.67e+09 tierC=608 surv=438 bits=438 conf=438 best=42 gpu=0.30s cpu=0.09s prep=0.01s up=0.001s wait=0.020s (1.56e+10 res/s)
K=3533 sh=0 MOD=1133661268029390 thr=1732900 res=4.67e+09 tierC=608 surv=443 bits=443 conf=443 best=42 gpu=0.28s cpu=0.09s prep=0.01s up=0.001s wait=0.155s (1.68e+10 res/s)
K=3534 sh=0 MOD=1133661268029390 thr=1732900 res=4.67e+09 tierC=608 surv=448 bits=448 conf=448 best=42 gpu=0.28s cpu=0.09s prep=0.01s up=0.001s wait=0.155s (1.68e+10 res/s)
K=3535 sh=0 MOD=1470392337741090 thr=1974700 res=7.928e+09 tierC=608 surv=1471 bits=1471 conf=1459 best=42 gpu=0.54s cpu=0.29s prep=0.01s up=0.001s wait=0.420s (1.47e+10 res/s)
K=3536 sh=0 MOD=1133661268029390 thr=1732900 res=4.67e+09 tierC=608 surv=479 bits=479 conf=479 best=42 gpu=0.32s cpu=0.10s prep=0.01s up=0.001s wait=0.000s (1.46e+10 res/s)
K=3537 sh=0 MOD=1133661268029390 thr=1732900 res=4.67e+09 tierC=608 surv=841 bits=841 conf=834 best=42 gpu=0.32s cpu=0.17s prep=0.01s up=0.001s wait=0.191s (1.45e+10 res/s)
K=3538 sh=0 MOD=1133661268029390 thr=1732900 res=4.67e+09 tierC=608 surv=474 bits=474 conf=474 best=42 gpu=0.29s cpu=0.10s prep=0.01s up=0.001s wait=0.094s (1.58e+10 res/s)
K=3539 sh=0 MOD=1133661268029390 thr=1732900 res=4.67e+09 tierC=608 surv=474 bits=474 conf=474 best=42 gpu=0.28s cpu=0.10s prep=0.01s up=0.001s wait=0.149s (1.69e+10 res/s)
K=3540 sh=0 MOD=19214597763210 thr=1732900 res=4.67e+09 tierC=608 surv=438 bits=438 conf=438 best=42 gpu=0.28s cpu=0.08s prep=0.01s up=0.001s wait=0.151s (1.65e+10 res/s)
K=3541 sh=0 MOD=1133661268029390 thr=1732900 res=4.67e+09 tierC=608 surv=450 bits=450 conf=450 best=42 gpu=0.28s cpu=0.09s prep=0.01s up=0.001s wait=0.173s (1.66e+10 res/s)
K=3542 sh=0 MOD=1133661268029390 thr=1732900 res=4.67e+09 tierC=608 surv=428 bits=428 conf=426 best=42 gpu=0.28s cpu=0.09s prep=0.01s up=0.001s wait=0.161s (1.65e+10 res/s)
K=3543 sh=0 MOD=1133661268029390 thr=1732900 res=4.67e+09 tierC=608 surv=529 bits=529 conf=529 best=42 gpu=0.28s cpu=0.10s prep=0.01s up=0.001s wait=0.161s (1.66e+10 res/s)
K=3544 sh=0 MOD=1133661268029390 thr=1732900 res=4.67e+09 tierC=608 surv=539 bits=539 conf=539 best=42 gpu=0.29s cpu=0.11s prep=0.01s up=0.001s wait=0.159s (1.62e+10 res/s)
K=3545 sh=0 MOD=1133661268029390 thr=1732900 res=4.67e+09 tierC=608 surv=502 bits=502 conf=502 best=42 gpu=0.29s cpu=0.10s prep=0.01s up=0.001s wait=0.146s (1.62e+10 res/s)
K=3546 sh=0 MOD=1133661268029390 thr=1732900 res=4.67e+09 tierC=608 surv=677 bits=677 conf=676 best=42 gpu=0.30s cpu=0.13s prep=0.01s up=0.001s wait=0.177s (1.53e+10 res/s)
K=3547 sh=0 MOD=1133661268029390 thr=1732900 res=4.67e+09 tierC=608 surv=490 bits=490 conf=490 best=42 gpu=0.28s cpu=0.09s prep=0.01s up=0.001s wait=0.117s (1.66e+10 res/s)
K=3548 sh=0 MOD=1133661268029390 thr=1732900 res=4.67e+09 tierC=608 surv=469 bits=469 conf=469 best=42 gpu=0.29s cpu=0.11s prep=0.01s up=0.001s wait=0.167s (1.61e+10 res/s)
K=3549 sh=0 MOD=1133661268029390 thr=1732900 res=4.67e+09 tierC=608 surv=476 bits=476 conf=476 best=42 gpu=0.28s cpu=0.10s prep=0.01s up=0.000s wait=0.145s (1.68e+10 res/s)
K=3550 sh=0 MOD=15967060113090 thr=133300 res=3.592e+08 tierC=608 surv=44 bits=44 conf=44 best=42 gpu=0.14s cpu=0.01s prep=0.01s up=0.001s wait=0.000s (2.64e+09 res/s)
K=3551 sh=0 MOD=1133661268029390 thr=1732900 res=4.67e+09 tierC=608 surv=455 bits=455 conf=455 best=42 gpu=0.27s cpu=0.09s prep=0.01s up=0.001s wait=0.235s (1.76e+10 res/s)
K=3552 sh=0 MOD=1133661268029390 thr=1732900 res=4.67e+09 tierC=608 surv=450 bits=450 conf=450 best=42 gpu=0.26s cpu=0.09s prep=0.01s up=0.001s wait=0.235s (1.82e+10 res/s)
GPU BEST n=42  units=187 covered=1.339e+19 raw a  survivors=102898 confirmed=102693  57.5s INTERRUPTED
