tierC order: 131 137 149 167 173 ... (145 primes)
unit K=1 shift=0 MOD=1133661268029390 stage1=10(3,2,5,59,71,83,89,101,107,113) tierC=145 residues=4.67e+09 range=7.255e+16
*** n=7 a=13384397263179901 d=382160924970 (K=1 shift=0)
*** n=9 a=51183409975952281 d=382160924970 (K=1 shift=0)
*** n=10 a=19397106971443171 d=382160924970 (K=1 shift=0)
*** n=20 a=23457047221451431 d=382160924970 (K=1 shift=0)
*** n=24 a=16134080144501071 d=382160924970 (K=1 shift=0)
  .. K=1 shift=0 R=6.711e+07 surv=1834 conf=1834 best=24 8s (7.9e+06 res/s)
*** n=26 a=33358376709819961 d=382160924970 (K=1 shift=0)
  .. K=1 shift=0 R=1.342e+08 surv=3633 conf=3633 best=26 18s (7.58e+06 res/s)
  .. K=1 shift=0 R=2.013e+08 surv=5366 conf=5366 best=26 26s (7.61e+06 res/s)
  .. K=1 shift=0 R=2.684e+08 surv=7203 conf=7203 best=26 35s (7.59e+06 res/s)
  .. K=1 shift=0 R=3.355e+08 surv=9056 conf=9056 best=26 44s (7.71e+06 res/s)
  .. K=1 shift=0 R=4.027e+08 surv=10821 conf=10821 best=26 52s (7.78e+06 res/s)
  .. K=1 shift=0 R=4.698e+08 surv=12662 conf=12662 best=26 60s (7.84e+06 res/s)
  .. K=1 shift=0 R=5.369e+08 surv=14475 conf=14475 best=26 68s (7.92e+06 res/s)
  .. K=1 shift=0 R=6.04e+08 surv=16305 conf=16305 best=26 77s (7.89e+06 res/s)
  .. K=1 shift=0 R=6.711e+08 surv=18095 conf=18095 best=26 85s (7.9e+06 res/s)
  .. K=1 shift=0 R=7.382e+08 surv=19996 conf=19996 best=26 93s (7.94e+06 res/s)
  .. K=1 shift=0 R=8.053e+08 surv=21810 conf=21810 best=26 101s (7.96e+06 res/s)
  .. K=1 shift=0 R=8.724e+08 surv=23595 conf=23595 best=26 109s (8e+06 res/s)
  .. K=1 shift=0 R=9.395e+08 surv=25402 conf=25402 best=26 117s (8.03e+06 res/s)
  .. K=1 shift=0 R=1.007e+09 surv=27241 conf=27241 best=26 125s (8.08e+06 res/s)
  .. K=1 shift=0 R=1.074e+09 surv=28994 conf=28994 best=26 132s (8.13e+06 res/s)
  .. K=1 shift=0 R=1.141e+09 surv=30723 conf=30723 best=26 139s (8.2e+06 res/s)
  .. K=1 shift=0 R=1.208e+09 surv=32471 conf=32471 best=26 147s (8.23e+06 res/s)
  .. K=1 shift=0 R=1.275e+09 surv=34271 conf=34271 best=26 155s (8.25e+06 res/s)
  .. K=1 shift=0 R=1.342e+09 surv=36000 conf=36000 best=26 163s (8.26e+06 res/s)
  .. K=1 shift=0 R=1.409e+09 surv=37839 conf=37839 best=26 170s (8.27e+06 res/s)
  .. K=1 shift=0 R=1.476e+09 surv=39720 conf=39720 best=26 178s (8.28e+06 res/s)
*** n=27 a=18903046105009057 d=382160924970 (K=1 shift=0)
  .. K=1 shift=0 R=1.544e+09 surv=41533 conf=41533 best=27 185s (8.32e+06 res/s)
*** n=28 a=1369052844150877 d=382160924970 (K=1 shift=0)
  .. K=1 shift=0 R=1.611e+09 surv=43311 conf=43311 best=28 193s (8.36e+06 res/s)
  .. K=1 shift=0 R=1.678e+09 surv=45096 conf=45096 best=28 200s (8.4e+06 res/s)
  .. K=1 shift=0 R=1.745e+09 surv=46965 conf=46965 best=28 207s (8.42e+06 res/s)
  .. K=1 shift=0 R=1.812e+09 surv=48680 conf=48680 best=28 214s (8.46e+06 res/s)
  .. K=1 shift=0 R=1.879e+09 surv=50531 conf=50531 best=28 222s (8.46e+06 res/s)
*** n=29 a=26292701225887147 d=382160924970 (K=1 shift=0)
  .. K=1 shift=0 R=1.946e+09 surv=52329 conf=52329 best=29 229s (8.49e+06 res/s)
  .. K=1 shift=0 R=2.013e+09 surv=54102 conf=54102 best=29 237s (8.49e+06 res/s)
  .. K=1 shift=0 R=2.08e+09 surv=55838 conf=55838 best=29 245s (8.5e+06 res/s)
  .. K=1 shift=0 R=2.147e+09 surv=57615 conf=57615 best=29 252s (8.51e+06 res/s)
  .. K=1 shift=0 R=2.215e+09 surv=59355 conf=59355 best=29 260s (8.52e+06 res/s)
*** n=34 a=53353300359498877 d=382160924970 (K=1 shift=0)
  .. K=1 shift=0 R=2.282e+09 surv=61171 conf=61171 best=34 267s (8.53e+06 res/s)
  .. K=1 shift=0 R=2.349e+09 surv=62937 conf=62937 best=34 275s (8.55e+06 res/s)
  .. K=1 shift=0 R=2.416e+09 surv=64721 conf=64721 best=34 282s (8.55e+06 res/s)
  .. K=1 shift=0 R=2.483e+09 surv=66562 conf=66562 best=34 290s (8.57e+06 res/s)
  .. K=1 shift=0 R=2.55e+09 surv=68393 conf=68393 best=34 297s (8.58e+06 res/s)
  .. K=1 shift=0 R=2.617e+09 surv=70156 conf=70156 best=34 305s (8.59e+06 res/s)
  .. K=1 shift=0 R=2.684e+09 surv=71881 conf=71881 best=34 312s (8.61e+06 res/s)
  .. K=1 shift=0 R=2.751e+09 surv=73706 conf=73706 best=34 319s (8.61e+06 res/s)
  .. K=1 shift=0 R=2.819e+09 surv=75479 conf=75479 best=34 326s (8.63e+06 res/s)
  .. K=1 shift=0 R=2.886e+09 surv=77246 conf=77246 best=34 334s (8.65e+06 res/s)
  .. K=1 shift=0 R=2.953e+09 surv=79079 conf=79079 best=34 342s (8.64e+06 res/s)
  .. K=1 shift=0 R=3.02e+09 surv=80870 conf=80870 best=34 349s (8.66e+06 res/s)
  .. K=1 shift=0 R=3.087e+09 surv=82623 conf=82623 best=34 356s (8.68e+06 res/s)
  .. K=1 shift=0 R=3.154e+09 surv=84442 conf=84442 best=34 364s (8.65e+06 res/s)
  .. K=1 shift=0 R=3.221e+09 surv=86175 conf=86175 best=34 374s (8.6e+06 res/s)
  .. K=1 shift=0 R=3.288e+09 surv=87946 conf=87946 best=34 383s (8.6e+06 res/s)
  .. K=1 shift=0 R=3.355e+09 surv=89698 conf=89698 best=34 391s (8.59e+06 res/s)
  .. K=1 shift=0 R=3.423e+09 surv=91419 conf=91419 best=34 399s (8.58e+06 res/s)
  .. K=1 shift=0 R=3.49e+09 surv=93181 conf=93181 best=34 407s (8.57e+06 res/s)
  .. K=1 shift=0 R=3.557e+09 surv=94968 conf=94968 best=34 415s (8.57e+06 res/s)
  .. K=1 shift=0 R=3.624e+09 surv=96811 conf=96811 best=34 423s (8.56e+06 res/s)
  .. K=1 shift=0 R=3.691e+09 surv=98603 conf=98603 best=34 431s (8.56e+06 res/s)
  .. K=1 shift=0 R=3.758e+09 surv=100358 conf=100358 best=34 439s (8.56e+06 res/s)
  .. K=1 shift=0 R=3.825e+09 surv=102131 conf=102131 best=34 447s (8.56e+06 res/s)
  .. K=1 shift=0 R=3.892e+09 surv=103832 conf=103832 best=34 455s (8.56e+06 res/s)
  .. K=1 shift=0 R=3.959e+09 surv=105608 conf=105608 best=34 464s (8.54e+06 res/s)
  .. K=1 shift=0 R=4.027e+09 surv=107438 conf=107438 best=34 472s (8.54e+06 res/s)
  .. K=1 shift=0 R=4.094e+09 surv=109269 conf=109269 best=34 480s (8.53e+06 res/s)
  .. K=1 shift=0 R=4.161e+09 surv=111052 conf=111052 best=34 488s (8.53e+06 res/s)
  .. K=1 shift=0 R=4.228e+09 surv=112852 conf=112852 best=34 496s (8.52e+06 res/s)
  .. K=1 shift=0 R=4.295e+09 surv=114671 conf=114671 best=34 504s (8.52e+06 res/s)
  .. K=1 shift=0 R=4.362e+09 surv=116482 conf=116482 best=34 512s (8.51e+06 res/s)
  .. K=1 shift=0 R=4.429e+09 surv=118261 conf=118261 best=34 520s (8.52e+06 res/s)
  .. K=1 shift=0 R=4.496e+09 surv=120017 conf=120017 best=34 528s (8.51e+06 res/s)
  .. K=1 shift=0 R=4.563e+09 surv=121741 conf=121741 best=34 536s (8.51e+06 res/s)
  .. K=1 shift=0 R=4.631e+09 surv=123524 conf=123524 best=34 544s (8.51e+06 res/s)
K=1 shift=0 MOD=1133661268029390 tierB=7 tierC=145 R=4670165500 surv=124543 conf=124543 best=34 548.2s (1.32e+14 raw/s)
unit K=2 shift=0 MOD=1133661268029390 stage1=10(3,2,5,59,71,83,89,101,107,113) tierC=145 residues=4.67e+09 range=7.255e+16
  .. K=2 shift=0 R=6.711e+07 surv=1787 conf=1787 best=34 8s (8.82e+06 res/s)
  .. K=2 shift=0 R=1.342e+08 surv=3578 conf=3578 best=34 16s (8.53e+06 res/s)
  .. K=2 shift=0 R=2.013e+08 surv=5373 conf=5373 best=34 24s (8.41e+06 res/s)
  .. K=2 shift=0 R=2.684e+08 surv=7150 conf=7150 best=34 32s (8.42e+06 res/s)
  .. K=2 shift=0 R=3.355e+08 surv=9007 conf=9007 best=34 40s (8.31e+06 res/s)
  .. K=2 shift=0 R=4.027e+08 surv=10846 conf=10846 best=34 48s (8.32e+06 res/s)
  .. K=2 shift=0 R=4.698e+08 surv=12661 conf=12661 best=34 57s (8.27e+06 res/s)
  .. K=2 shift=0 R=5.369e+08 surv=14421 conf=14421 best=34 65s (8.22e+06 res/s)
  .. K=2 shift=0 R=6.04e+08 surv=16194 conf=16194 best=34 74s (8.2e+06 res/s)
  .. K=2 shift=0 R=6.711e+08 surv=17985 conf=17985 best=34 82s (8.19e+06 res/s)
  .. K=2 shift=0 R=7.382e+08 surv=19797 conf=19797 best=34 93s (7.91e+06 res/s)
  .. K=2 shift=0 R=8.053e+08 surv=21684 conf=21684 best=34 105s (7.68e+06 res/s)
  .. K=2 shift=0 R=8.724e+08 surv=23551 conf=23551 best=34 117s (7.47e+06 res/s)
  .. K=2 shift=0 R=9.395e+08 surv=25349 conf=25349 best=34 130s (7.24e+06 res/s)
  .. K=2 shift=0 R=1.007e+09 surv=27051 conf=27051 best=34 141s (7.16e+06 res/s)
  .. K=2 shift=0 R=1.074e+09 surv=28891 conf=28891 best=34 149s (7.22e+06 res/s)
  .. K=2 shift=0 R=1.141e+09 surv=30712 conf=30712 best=34 157s (7.29e+06 res/s)
  .. K=2 shift=0 R=1.208e+09 surv=32435 conf=32435 best=34 165s (7.33e+06 res/s)
  .. K=2 shift=0 R=1.275e+09 surv=34255 conf=34255 best=34 172s (7.41e+06 res/s)
  .. K=2 shift=0 R=1.342e+09 surv=36046 conf=36046 best=34 179s (7.49e+06 res/s)
  .. K=2 shift=0 R=1.409e+09 surv=37865 conf=37865 best=34 187s (7.55e+06 res/s)
  .. K=2 shift=0 R=1.476e+09 surv=39576 conf=39576 best=34 194s (7.61e+06 res/s)
  .. K=2 shift=0 R=1.544e+09 surv=41372 conf=41372 best=34 202s (7.65e+06 res/s)
  .. K=2 shift=0 R=1.611e+09 surv=43176 conf=43176 best=34 210s (7.69e+06 res/s)
  .. K=2 shift=0 R=1.678e+09 surv=45063 conf=45063 best=34 222s (7.56e+06 res/s)
  .. K=2 shift=0 R=1.745e+09 surv=46864 conf=46864 best=34 235s (7.43e+06 res/s)
  .. K=2 shift=0 R=1.812e+09 surv=48613 conf=48613 best=34 247s (7.34e+06 res/s)
  .. K=2 shift=0 R=1.879e+09 surv=50391 conf=50391 best=34 260s (7.24e+06 res/s)
  .. K=2 shift=0 R=1.946e+09 surv=52198 conf=52198 best=34 274s (7.11e+06 res/s)
  .. K=2 shift=0 R=2.013e+09 surv=54005 conf=54005 best=34 284s (7.1e+06 res/s)
  .. K=2 shift=0 R=2.08e+09 surv=55804 conf=55804 best=34 293s (7.1e+06 res/s)
  .. K=2 shift=0 R=2.147e+09 surv=57559 conf=57559 best=34 309s (6.95e+06 res/s)
  .. K=2 shift=0 R=2.215e+09 surv=59316 conf=59316 best=34 321s (6.9e+06 res/s)
  .. K=2 shift=0 R=2.282e+09 surv=61090 conf=61090 best=34 332s (6.88e+06 res/s)
  .. K=2 shift=0 R=2.349e+09 surv=62873 conf=62873 best=34 342s (6.86e+06 res/s)
  .. K=2 shift=0 R=2.416e+09 surv=64681 conf=64681 best=34 353s (6.84e+06 res/s)
  .. K=2 shift=0 R=2.483e+09 surv=66497 conf=66497 best=34 365s (6.8e+06 res/s)
  .. K=2 shift=0 R=2.55e+09 surv=68346 conf=68346 best=34 376s (6.78e+06 res/s)
  .. K=2 shift=0 R=2.617e+09 surv=70216 conf=70216 best=34 387s (6.77e+06 res/s)
  .. K=2 shift=0 R=2.684e+09 surv=72000 conf=72000 best=34 398s (6.74e+06 res/s)
  .. K=2 shift=0 R=2.751e+09 surv=73800 conf=73800 best=34 409s (6.73e+06 res/s)
  .. K=2 shift=0 R=2.819e+09 surv=75616 conf=75616 best=34 419s (6.73e+06 res/s)
  .. K=2 shift=0 R=2.886e+09 surv=77490 conf=77490 best=34 429s (6.72e+06 res/s)
  .. K=2 shift=0 R=2.953e+09 surv=79349 conf=79349 best=34 440s (6.71e+06 res/s)
  .. K=2 shift=0 R=3.02e+09 surv=81170 conf=81170 best=34 450s (6.71e+06 res/s)
  .. K=2 shift=0 R=3.087e+09 surv=82930 conf=82930 best=34 461s (6.7e+06 res/s)
  .. K=2 shift=0 R=3.154e+09 surv=84691 conf=84691 best=34 472s (6.68e+06 res/s)
  .. K=2 shift=0 R=3.221e+09 surv=86521 conf=86521 best=34 483s (6.67e+06 res/s)
  .. K=2 shift=0 R=3.288e+09 surv=88335 conf=88335 best=34 496s (6.63e+06 res/s)
  .. K=2 shift=0 R=3.355e+09 surv=90115 conf=90115 best=34 509s (6.59e+06 res/s)
  .. K=2 shift=0 R=3.423e+09 surv=91831 conf=91831 best=34 521s (6.57e+06 res/s)
  .. K=2 shift=0 R=3.49e+09 surv=93658 conf=93658 best=34 533s (6.54e+06 res/s)
  .. K=2 shift=0 R=3.557e+09 surv=95464 conf=95464 best=34 545s (6.53e+06 res/s)
  .. K=2 shift=0 R=3.624e+09 surv=97285 conf=97285 best=34 556s (6.52e+06 res/s)
  .. K=2 shift=0 R=3.691e+09 surv=99143 conf=99143 best=34 567s (6.51e+06 res/s)
  .. K=2 shift=0 R=3.758e+09 surv=100883 conf=100883 best=34 578s (6.5e+06 res/s)
  .. K=2 shift=0 R=3.825e+09 surv=102730 conf=102730 best=34 589s (6.49e+06 res/s)
  .. K=2 shift=0 R=3.892e+09 surv=104455 conf=104455 best=34 601s (6.48e+06 res/s)
  .. K=2 shift=0 R=3.959e+09 surv=106259 conf=106259 best=34 614s (6.45e+06 res/s)
  .. K=2 shift=0 R=4.027e+09 surv=108039 conf=108039 best=34 626s (6.44e+06 res/s)
  .. K=2 shift=0 R=4.094e+09 surv=109836 conf=109836 best=34 638s (6.42e+06 res/s)
  .. K=2 shift=0 R=4.161e+09 surv=111599 conf=111599 best=34 650s (6.41e+06 res/s)
  .. K=2 shift=0 R=4.228e+09 surv=113412 conf=113412 best=34 662s (6.39e+06 res/s)
  .. K=2 shift=0 R=4.295e+09 surv=115226 conf=115226 best=34 674s (6.37e+06 res/s)
  .. K=2 shift=0 R=4.362e+09 surv=117000 conf=117000 best=34 685s (6.37e+06 res/s)
  .. K=2 shift=0 R=4.429e+09 surv=118735 conf=118735 best=34 696s (6.36e+06 res/s)
  .. K=2 shift=0 R=4.496e+09 surv=120540 conf=120540 best=34 707s (6.36e+06 res/s)
  .. K=2 shift=0 R=4.563e+09 surv=122335 conf=122335 best=34 719s (6.35e+06 res/s)
  .. K=2 shift=0 R=4.631e+09 surv=124100 conf=124100 best=34 730s (6.35e+06 res/s)
K=2 shift=0 MOD=1133661268029390 tierB=7 tierC=145 R=4670165500 surv=125131 conf=125131 best=34 736.6s (9.85e+13 raw/s)
unit K=3 shift=0 MOD=1133661268029390 stage1=10(3,2,5,59,71,83,89,101,107,113) tierC=145 residues=4.67e+09 range=7.255e+16
  .. K=3 shift=0 R=6.711e+07 surv=1748 conf=1748 best=34 11s (6.16e+06 res/s)
  .. K=3 shift=0 R=1.342e+08 surv=3620 conf=3620 best=34 22s (6.03e+06 res/s)
  .. K=3 shift=0 R=2.013e+08 surv=5435 conf=5435 best=34 33s (6.03e+06 res/s)
  .. K=3 shift=0 R=2.684e+08 surv=7231 conf=7231 best=34 44s (6.07e+06 res/s)
  .. K=3 shift=0 R=3.355e+08 surv=9054 conf=9054 best=34 55s (6.05e+06 res/s)
  .. K=3 shift=0 R=4.027e+08 surv=10878 conf=10878 best=34 66s (6.07e+06 res/s)
  .. K=3 shift=0 R=4.698e+08 surv=12727 conf=12727 best=34 77s (6.07e+06 res/s)
  .. K=3 shift=0 R=5.369e+08 surv=14495 conf=14495 best=34 88s (6.08e+06 res/s)
  .. K=3 shift=0 R=6.04e+08 surv=16318 conf=16318 best=34 100s (6.06e+06 res/s)
  .. K=3 shift=0 R=6.711e+08 surv=18088 conf=18088 best=34 111s (6.06e+06 res/s)
  .. K=3 shift=0 R=7.382e+08 surv=19929 conf=19929 best=34 122s (6.06e+06 res/s)
  .. K=3 shift=0 R=8.053e+08 surv=21741 conf=21741 best=34 133s (6.06e+06 res/s)
  .. K=3 shift=0 R=8.724e+08 surv=23550 conf=23550 best=34 144s (6.05e+06 res/s)
  .. K=3 shift=0 R=9.395e+08 surv=25356 conf=25356 best=34 155s (6.06e+06 res/s)
  .. K=3 shift=0 R=1.007e+09 surv=27153 conf=27153 best=34 167s (6.04e+06 res/s)
  .. K=3 shift=0 R=1.074e+09 surv=28956 conf=28956 best=34 176s (6.1e+06 res/s)
  .. K=3 shift=0 R=1.141e+09 surv=30766 conf=30766 best=34 187s (6.1e+06 res/s)
  .. K=3 shift=0 R=1.208e+09 surv=32484 conf=32484 best=34 198s (6.1e+06 res/s)
  .. K=3 shift=0 R=1.275e+09 surv=34324 conf=34324 best=34 210s (6.08e+06 res/s)
  .. K=3 shift=0 R=1.342e+09 surv=36171 conf=36171 best=34 222s (6.06e+06 res/s)
  .. K=3 shift=0 R=1.409e+09 surv=37957 conf=37957 best=34 234s (6.03e+06 res/s)
  .. K=3 shift=0 R=1.476e+09 surv=39774 conf=39774 best=34 245s (6.01e+06 res/s)
  .. K=3 shift=0 R=1.544e+09 surv=41579 conf=41579 best=34 258s (5.98e+06 res/s)
  .. K=3 shift=0 R=1.611e+09 surv=43358 conf=43358 best=34 270s (5.97e+06 res/s)
  .. K=3 shift=0 R=1.678e+09 surv=45221 conf=45221 best=34 281s (5.96e+06 res/s)
  .. K=3 shift=0 R=1.745e+09 surv=47048 conf=47048 best=34 293s (5.95e+06 res/s)
  .. K=3 shift=0 R=1.812e+09 surv=48903 conf=48903 best=34 307s (5.9e+06 res/s)
  .. K=3 shift=0 R=1.879e+09 surv=50697 conf=50697 best=34 319s (5.89e+06 res/s)
  .. K=3 shift=0 R=1.946e+09 surv=52533 conf=52533 best=34 330s (5.89e+06 res/s)
  .. K=3 shift=0 R=2.013e+09 surv=54403 conf=54403 best=34 342s (5.88e+06 res/s)
  .. K=3 shift=0 R=2.08e+09 surv=56199 conf=56199 best=34 354s (5.88e+06 res/s)
  .. K=3 shift=0 R=2.147e+09 surv=57986 conf=57986 best=34 365s (5.88e+06 res/s)
  .. K=3 shift=0 R=2.215e+09 surv=59758 conf=59758 best=34 377s (5.88e+06 res/s)
  .. K=3 shift=0 R=2.282e+09 surv=61537 conf=61537 best=34 388s (5.87e+06 res/s)
  .. K=3 shift=0 R=2.349e+09 surv=63361 conf=63361 best=34 401s (5.86e+06 res/s)
  .. K=3 shift=0 R=2.416e+09 surv=65123 conf=65123 best=34 412s (5.86e+06 res/s)
  .. K=3 shift=0 R=2.483e+09 surv=66897 conf=66897 best=34 424s (5.86e+06 res/s)
  .. K=3 shift=0 R=2.55e+09 surv=68703 conf=68703 best=34 433s (5.89e+06 res/s)
  .. K=3 shift=0 R=2.617e+09 surv=70516 conf=70516 best=34 444s (5.89e+06 res/s)
  .. K=3 shift=0 R=2.684e+09 surv=72287 conf=72287 best=34 455s (5.9e+06 res/s)
  .. K=3 shift=0 R=2.751e+09 surv=74075 conf=74075 best=34 466s (5.9e+06 res/s)
  .. K=3 shift=0 R=2.819e+09 surv=75862 conf=75862 best=34 477s (5.91e+06 res/s)
  .. K=3 shift=0 R=2.886e+09 surv=77632 conf=77632 best=34 488s (5.91e+06 res/s)
*** n=39 a=37266413052576373 d=1146482774910 (K=3 shift=0)
  .. K=3 shift=0 R=2.953e+09 surv=79453 conf=79453 best=39 499s (5.91e+06 res/s)
  .. K=3 shift=0 R=3.02e+09 surv=81262 conf=81262 best=39 511s (5.91e+06 res/s)
  .. K=3 shift=0 R=3.087e+09 surv=83062 conf=83062 best=39 521s (5.92e+06 res/s)
  .. K=3 shift=0 R=3.154e+09 surv=84827 conf=84827 best=39 533s (5.92e+06 res/s)
  .. K=3 shift=0 R=3.221e+09 surv=86680 conf=86680 best=39 543s (5.93e+06 res/s)
  .. K=3 shift=0 R=3.288e+09 surv=88481 conf=88481 best=39 555s (5.93e+06 res/s)
  .. K=3 shift=0 R=3.355e+09 surv=90310 conf=90310 best=39 566s (5.93e+06 res/s)
  .. K=3 shift=0 R=3.423e+09 surv=92049 conf=92049 best=39 577s (5.94e+06 res/s)
  .. K=3 shift=0 R=3.49e+09 surv=93833 conf=93833 best=39 588s (5.94e+06 res/s)
  .. K=3 shift=0 R=3.557e+09 surv=95614 conf=95614 best=39 599s (5.94e+06 res/s)
  .. K=3 shift=0 R=3.624e+09 surv=97365 conf=97365 best=39 609s (5.95e+06 res/s)
  .. K=3 shift=0 R=3.691e+09 surv=99199 conf=99199 best=39 621s (5.95e+06 res/s)
  .. K=3 shift=0 R=3.758e+09 surv=100962 conf=100962 best=39 631s (5.96e+06 res/s)
  .. K=3 shift=0 R=3.825e+09 surv=102751 conf=102751 best=39 642s (5.96e+06 res/s)
  .. K=3 shift=0 R=3.892e+09 surv=104528 conf=104528 best=39 652s (5.97e+06 res/s)
  .. K=3 shift=0 R=3.959e+09 surv=106260 conf=106260 best=39 663s (5.97e+06 res/s)
  .. K=3 shift=0 R=4.027e+09 surv=108100 conf=108100 best=39 674s (5.98e+06 res/s)
  .. K=3 shift=0 R=4.094e+09 surv=109825 conf=109825 best=39 685s (5.98e+06 res/s)
  .. K=3 shift=0 R=4.161e+09 surv=111563 conf=111563 best=39 695s (5.98e+06 res/s)
  .. K=3 shift=0 R=4.228e+09 surv=113360 conf=113360 best=39 706s (5.99e+06 res/s)
  .. K=3 shift=0 R=4.295e+09 surv=115158 conf=115158 best=39 717s (5.99e+06 res/s)
  .. K=3 shift=0 R=4.362e+09 surv=116974 conf=116974 best=39 729s (5.99e+06 res/s)
  .. K=3 shift=0 R=4.429e+09 surv=118778 conf=118778 best=39 740s (5.99e+06 res/s)
  .. K=3 shift=0 R=4.496e+09 surv=120554 conf=120554 best=39 751s (5.99e+06 res/s)
  .. K=3 shift=0 R=4.563e+09 surv=122327 conf=122327 best=39 762s (5.99e+06 res/s)
  .. K=3 shift=0 R=4.631e+09 surv=124127 conf=124127 best=39 773s (5.99e+06 res/s)
K=3 shift=0 MOD=1133661268029390 tierB=7 tierC=145 R=4670165500 surv=125173 conf=125173 best=39 779.4s (9.31e+13 raw/s)
unit K=4 shift=0 MOD=1133661268029390 stage1=10(3,2,5,59,71,83,89,101,107,113) tierC=145 residues=4.67e+09 range=7.255e+16
  .. K=4 shift=0 R=6.711e+07 surv=1808 conf=1808 best=39 11s (6.02e+06 res/s)
  .. K=4 shift=0 R=1.342e+08 surv=3596 conf=3596 best=39 22s (6.11e+06 res/s)
  .. K=4 shift=0 R=2.013e+08 surv=5377 conf=5377 best=39 33s (6.17e+06 res/s)
  .. K=4 shift=0 R=2.684e+08 surv=7176 conf=7176 best=39 44s (6.16e+06 res/s)
  .. K=4 shift=0 R=3.355e+08 surv=8952 conf=8952 best=39 55s (6.13e+06 res/s)
  .. K=4 shift=0 R=4.027e+08 surv=10809 conf=10809 best=39 66s (6.1e+06 res/s)
  .. K=4 shift=0 R=4.698e+08 surv=12559 conf=12559 best=39 77s (6.06e+06 res/s)
  .. K=4 shift=0 R=5.369e+08 surv=14276 conf=14276 best=39 89s (6.04e+06 res/s)
  .. K=4 shift=0 R=6.04e+08 surv=16077 conf=16077 best=39 100s (6.04e+06 res/s)
  .. K=4 shift=0 R=6.711e+08 surv=17782 conf=17782 best=39 110s (6.12e+06 res/s)
  .. K=4 shift=0 R=7.382e+08 surv=19453 conf=19453 best=39 121s (6.12e+06 res/s)
  .. K=4 shift=0 R=8.053e+08 surv=21190 conf=21190 best=39 132s (6.11e+06 res/s)
  .. K=4 shift=0 R=8.724e+08 surv=23058 conf=23058 best=39 143s (6.08e+06 res/s)
  .. K=4 shift=0 R=9.395e+08 surv=24894 conf=24894 best=39 155s (6.07e+06 res/s)
  .. K=4 shift=0 R=1.007e+09 surv=26718 conf=26718 best=39 166s (6.07e+06 res/s)
  .. K=4 shift=0 R=1.074e+09 surv=28490 conf=28490 best=39 176s (6.08e+06 res/s)
  .. K=4 shift=0 R=1.141e+09 surv=30288 conf=30288 best=39 188s (6.08e+06 res/s)
  .. K=4 shift=0 R=1.208e+09 surv=32095 conf=32095 best=39 199s (6.08e+06 res/s)
  .. K=4 shift=0 R=1.275e+09 surv=33906 conf=33906 best=39 210s (6.08e+06 res/s)
  .. K=4 shift=0 R=1.342e+09 surv=35619 conf=35619 best=39 221s (6.07e+06 res/s)
  .. K=4 shift=0 R=1.409e+09 surv=37424 conf=37424 best=39 232s (6.08e+06 res/s)
  .. K=4 shift=0 R=1.476e+09 surv=39119 conf=39119 best=39 243s (6.08e+06 res/s)
  .. K=4 shift=0 R=1.544e+09 surv=40851 conf=40851 best=39 253s (6.09e+06 res/s)
  .. K=4 shift=0 R=1.611e+09 surv=42653 conf=42653 best=39 264s (6.1e+06 res/s)
  .. K=4 shift=0 R=1.678e+09 surv=44404 conf=44404 best=39 276s (6.09e+06 res/s)
  .. K=4 shift=0 R=1.745e+09 surv=46237 conf=46237 best=39 288s (6.06e+06 res/s)
  .. K=4 shift=0 R=1.812e+09 surv=48044 conf=48044 best=39 299s (6.07e+06 res/s)
  .. K=4 shift=0 R=1.879e+09 surv=49808 conf=49808 best=39 310s (6.07e+06 res/s)
  .. K=4 shift=0 R=1.946e+09 surv=51610 conf=51610 best=39 321s (6.07e+06 res/s)
  .. K=4 shift=0 R=2.013e+09 surv=53420 conf=53420 best=39 332s (6.07e+06 res/s)
  .. K=4 shift=0 R=2.08e+09 surv=55287 conf=55287 best=39 342s (6.08e+06 res/s)
  .. K=4 shift=0 R=2.147e+09 surv=57048 conf=57048 best=39 353s (6.08e+06 res/s)
  .. K=4 shift=0 R=2.215e+09 surv=58820 conf=58820 best=39 364s (6.09e+06 res/s)
  .. K=4 shift=0 R=2.282e+09 surv=60658 conf=60658 best=39 375s (6.09e+06 res/s)
  .. K=4 shift=0 R=2.349e+09 surv=62440 conf=62440 best=39 386s (6.09e+06 res/s)
  .. K=4 shift=0 R=2.416e+09 surv=64271 conf=64271 best=39 397s (6.08e+06 res/s)
  .. K=4 shift=0 R=2.483e+09 surv=66047 conf=66047 best=39 408s (6.09e+06 res/s)
  .. K=4 shift=0 R=2.55e+09 surv=67770 conf=67770 best=39 419s (6.09e+06 res/s)
  .. K=4 shift=0 R=2.617e+09 surv=69601 conf=69601 best=39 429s (6.09e+06 res/s)
  .. K=4 shift=0 R=2.684e+09 surv=71476 conf=71476 best=39 441s (6.09e+06 res/s)
  .. K=4 shift=0 R=2.751e+09 surv=73247 conf=73247 best=39 451s (6.1e+06 res/s)
  .. K=4 shift=0 R=2.819e+09 surv=75087 conf=75087 best=39 462s (6.1e+06 res/s)
  .. K=4 shift=0 R=2.886e+09 surv=76921 conf=76921 best=39 473s (6.1e+06 res/s)
  .. K=4 shift=0 R=2.953e+09 surv=78773 conf=78773 best=39 484s (6.1e+06 res/s)
  .. K=4 shift=0 R=3.02e+09 surv=80539 conf=80539 best=39 495s (6.1e+06 res/s)
  .. K=4 shift=0 R=3.087e+09 surv=82387 conf=82387 best=39 506s (6.11e+06 res/s)
  .. K=4 shift=0 R=3.154e+09 surv=84164 conf=84164 best=39 515s (6.12e+06 res/s)
  .. K=4 shift=0 R=3.221e+09 surv=85946 conf=85946 best=39 526s (6.13e+06 res/s)
  .. K=4 shift=0 R=3.288e+09 surv=87730 conf=87730 best=39 536s (6.13e+06 res/s)
  .. K=4 shift=0 R=3.355e+09 surv=89522 conf=89522 best=39 547s (6.14e+06 res/s)
  .. K=4 shift=0 R=3.423e+09 surv=91359 conf=91359 best=39 558s (6.13e+06 res/s)
  .. K=4 shift=0 R=3.49e+09 surv=93204 conf=93204 best=39 569s (6.13e+06 res/s)
  .. K=4 shift=0 R=3.557e+09 surv=95023 conf=95023 best=39 580s (6.13e+06 res/s)
  .. K=4 shift=0 R=3.624e+09 surv=96798 conf=96798 best=39 591s (6.13e+06 res/s)
  .. K=4 shift=0 R=3.691e+09 surv=98597 conf=98597 best=39 603s (6.13e+06 res/s)
  .. K=4 shift=0 R=3.758e+09 surv=100368 conf=100368 best=39 613s (6.13e+06 res/s)
  .. K=4 shift=0 R=3.825e+09 surv=102189 conf=102189 best=39 625s (6.12e+06 res/s)
  .. K=4 shift=0 R=3.892e+09 surv=104030 conf=104030 best=39 636s (6.12e+06 res/s)
  .. K=4 shift=0 R=3.959e+09 surv=105887 conf=105887 best=39 648s (6.11e+06 res/s)
  .. K=4 shift=0 R=4.027e+09 surv=107623 conf=107623 best=39 659s (6.11e+06 res/s)
  .. K=4 shift=0 R=4.094e+09 surv=109493 conf=109493 best=39 671s (6.1e+06 res/s)
  .. K=4 shift=0 R=4.161e+09 surv=111248 conf=111248 best=39 682s (6.1e+06 res/s)
  .. K=4 shift=0 R=4.228e+09 surv=112966 conf=112966 best=39 693s (6.1e+06 res/s)
  .. K=4 shift=0 R=4.295e+09 surv=114765 conf=114765 best=39 705s (6.09e+06 res/s)
  .. K=4 shift=0 R=4.362e+09 surv=116573 conf=116573 best=39 716s (6.09e+06 res/s)
  .. K=4 shift=0 R=4.429e+09 surv=118345 conf=118345 best=39 727s (6.09e+06 res/s)
  .. K=4 shift=0 R=4.496e+09 surv=120194 conf=120194 best=39 738s (6.09e+06 res/s)
  .. K=4 shift=0 R=4.563e+09 surv=121954 conf=121954 best=39 749s (6.09e+06 res/s)
  .. K=4 shift=0 R=4.631e+09 surv=123808 conf=123808 best=39 760s (6.09e+06 res/s)
K=4 shift=0 MOD=1133661268029390 tierB=7 tierC=145 R=4670165500 surv=124911 conf=124911 best=39 766.5s (9.47e+13 raw/s)
unit K=5 shift=0 MOD=1133661268029390 stage1=10(3,2,5,59,71,83,89,101,107,113) tierC=145 residues=4.67e+09 range=7.255e+16
  .. K=5 shift=0 R=6.711e+07 surv=1844 conf=1844 best=39 11s (5.95e+06 res/s)
  .. K=5 shift=0 R=1.342e+08 surv=3605 conf=3605 best=39 23s (5.95e+06 res/s)
  .. K=5 shift=0 R=2.013e+08 surv=5463 conf=5463 best=39 34s (5.87e+06 res/s)
  .. K=5 shift=0 R=2.684e+08 surv=7258 conf=7258 best=39 46s (5.89e+06 res/s)
  .. K=5 shift=0 R=3.355e+08 surv=8956 conf=8956 best=39 57s (5.92e+06 res/s)
  .. K=5 shift=0 R=4.027e+08 surv=10747 conf=10747 best=39 66s (6.12e+06 res/s)
  .. K=5 shift=0 R=4.698e+08 surv=12565 conf=12565 best=39 76s (6.14e+06 res/s)
  .. K=5 shift=0 R=5.369e+08 surv=14403 conf=14403 best=39 87s (6.14e+06 res/s)
  .. K=5 shift=0 R=6.04e+08 surv=16244 conf=16244 best=39 101s (5.99e+06 res/s)
  .. K=5 shift=0 R=6.711e+08 surv=18097 conf=18097 best=39 112s (5.99e+06 res/s)
  .. K=5 shift=0 R=7.382e+08 surv=19860 conf=19860 best=39 123s (6e+06 res/s)
  .. K=5 shift=0 R=8.053e+08 surv=21638 conf=21638 best=39 134s (6.01e+06 res/s)
  .. K=5 shift=0 R=8.724e+08 surv=23375 conf=23375 best=39 145s (6.01e+06 res/s)
  .. K=5 shift=0 R=9.395e+08 surv=25140 conf=25140 best=39 159s (5.92e+06 res/s)
  .. K=5 shift=0 R=1.007e+09 surv=26920 conf=26920 best=39 169s (5.95e+06 res/s)
  .. K=5 shift=0 R=1.074e+09 surv=28701 conf=28701 best=39 180s (5.96e+06 res/s)
  .. K=5 shift=0 R=1.141e+09 surv=30520 conf=30520 best=39 192s (5.96e+06 res/s)
  .. K=5 shift=0 R=1.208e+09 surv=32332 conf=32332 best=39 203s (5.96e+06 res/s)
  .. K=5 shift=0 R=1.275e+09 surv=34130 conf=34130 best=39 214s (5.97e+06 res/s)
  .. K=5 shift=0 R=1.342e+09 surv=36041 conf=36041 best=39 226s (5.93e+06 res/s)
  .. K=5 shift=0 R=1.409e+09 surv=37811 conf=37811 best=39 238s (5.93e+06 res/s)
  .. K=5 shift=0 R=1.476e+09 surv=39547 conf=39547 best=39 248s (5.94e+06 res/s)
  .. K=5 shift=0 R=1.544e+09 surv=41348 conf=41348 best=39 259s (5.96e+06 res/s)
  .. K=5 shift=0 R=1.611e+09 surv=43219 conf=43219 best=39 270s (5.97e+06 res/s)
  .. K=5 shift=0 R=1.678e+09 surv=45079 conf=45079 best=39 283s (5.93e+06 res/s)
  .. K=5 shift=0 R=1.745e+09 surv=46944 conf=46944 best=39 294s (5.94e+06 res/s)
  .. K=5 shift=0 R=1.812e+09 surv=48737 conf=48737 best=39 304s (5.95e+06 res/s)
  .. K=5 shift=0 R=1.879e+09 surv=50523 conf=50523 best=39 315s (5.97e+06 res/s)
  .. K=5 shift=0 R=1.946e+09 surv=52297 conf=52297 best=39 326s (5.97e+06 res/s)
  .. K=5 shift=0 R=2.013e+09 surv=54096 conf=54096 best=39 337s (5.98e+06 res/s)
  .. K=5 shift=0 R=2.08e+09 surv=55881 conf=55881 best=39 349s (5.97e+06 res/s)
  .. K=5 shift=0 R=2.147e+09 surv=57668 conf=57668 best=39 360s (5.97e+06 res/s)
  .. K=5 shift=0 R=2.215e+09 surv=59433 conf=59433 best=39 371s (5.98e+06 res/s)
  .. K=5 shift=0 R=2.282e+09 surv=61287 conf=61287 best=39 381s (5.99e+06 res/s)
  .. K=5 shift=0 R=2.349e+09 surv=63062 conf=63062 best=39 392s (6e+06 res/s)
  .. K=5 shift=0 R=2.416e+09 surv=64886 conf=64886 best=39 402s (6e+06 res/s)
  .. K=5 shift=0 R=2.483e+09 surv=66738 conf=66738 best=39 414s (5.99e+06 res/s)
  .. K=5 shift=0 R=2.55e+09 surv=68620 conf=68620 best=39 425s (6e+06 res/s)
  .. K=5 shift=0 R=2.617e+09 surv=70366 conf=70366 best=39 436s (6.01e+06 res/s)
  .. K=5 shift=0 R=2.684e+09 surv=72137 conf=72137 best=39 446s (6.01e+06 res/s)
  .. K=5 shift=0 R=2.751e+09 surv=73988 conf=73988 best=39 458s (6.01e+06 res/s)
  .. K=5 shift=0 R=2.819e+09 surv=75786 conf=75786 best=39 469s (6.01e+06 res/s)
  .. K=5 shift=0 R=2.886e+09 surv=77590 conf=77590 best=39 480s (6.02e+06 res/s)
  .. K=5 shift=0 R=2.953e+09 surv=79421 conf=79421 best=39 491s (6.02e+06 res/s)
  .. K=5 shift=0 R=3.02e+09 surv=81219 conf=81219 best=39 502s (6.02e+06 res/s)
  .. K=5 shift=0 R=3.087e+09 surv=83025 conf=83025 best=39 512s (6.03e+06 res/s)
  .. K=5 shift=0 R=3.154e+09 surv=84860 conf=84860 best=39 523s (6.03e+06 res/s)
  .. K=5 shift=0 R=3.221e+09 surv=86630 conf=86630 best=39 534s (6.04e+06 res/s)
  .. K=5 shift=0 R=3.288e+09 surv=88471 conf=88471 best=39 544s (6.05e+06 res/s)
  .. K=5 shift=0 R=3.355e+09 surv=90299 conf=90299 best=39 555s (6.05e+06 res/s)
  .. K=5 shift=0 R=3.423e+09 surv=92156 conf=92156 best=39 565s (6.06e+06 res/s)
  .. K=5 shift=0 R=3.49e+09 surv=93958 conf=93958 best=39 576s (6.06e+06 res/s)
  .. K=5 shift=0 R=3.557e+09 surv=95754 conf=95754 best=39 587s (6.06e+06 res/s)
  .. K=5 shift=0 R=3.624e+09 surv=97617 conf=97617 best=39 598s (6.06e+06 res/s)
  .. K=5 shift=0 R=3.691e+09 surv=99524 conf=99524 best=39 608s (6.07e+06 res/s)
  .. K=5 shift=0 R=3.758e+09 surv=101319 conf=101319 best=39 619s (6.07e+06 res/s)
  .. K=5 shift=0 R=3.825e+09 surv=103072 conf=103072 best=39 629s (6.08e+06 res/s)
  .. K=5 shift=0 R=3.892e+09 surv=104833 conf=104833 best=39 640s (6.08e+06 res/s)
  .. K=5 shift=0 R=3.959e+09 surv=106674 conf=106674 best=39 651s (6.08e+06 res/s)
  .. K=5 shift=0 R=4.027e+09 surv=108449 conf=108449 best=39 662s (6.08e+06 res/s)
  .. K=5 shift=0 R=4.094e+09 surv=110182 conf=110182 best=39 673s (6.08e+06 res/s)
  .. K=5 shift=0 R=4.161e+09 surv=112070 conf=112070 best=39 684s (6.08e+06 res/s)
  .. K=5 shift=0 R=4.228e+09 surv=113848 conf=113848 best=39 696s (6.07e+06 res/s)
  .. K=5 shift=0 R=4.295e+09 surv=115697 conf=115697 best=39 708s (6.07e+06 res/s)
  .. K=5 shift=0 R=4.362e+09 surv=117432 conf=117432 best=39 719s (6.06e+06 res/s)
  .. K=5 shift=0 R=4.429e+09 surv=119238 conf=119238 best=39 730s (6.06e+06 res/s)
  .. K=5 shift=0 R=4.496e+09 surv=121052 conf=121052 best=39 742s (6.06e+06 res/s)
  .. K=5 shift=0 R=4.563e+09 surv=122885 conf=122885 best=39 753s (6.06e+06 res/s)
  .. K=5 shift=0 R=4.631e+09 surv=124728 conf=124728 best=39 764s (6.06e+06 res/s)
K=5 shift=0 MOD=1133661268029390 tierB=7 tierC=145 R=4670165500 surv=125822 conf=125822 best=39 770.3s (9.42e+13 raw/s)
unit K=6 shift=0 MOD=1133661268029390 stage1=10(3,2,5,59,71,83,89,101,107,113) tierC=145 residues=4.67e+09 range=7.255e+16
  .. K=6 shift=0 R=6.711e+07 surv=1776 conf=1776 best=39 11s (6.19e+06 res/s)
  .. K=6 shift=0 R=1.342e+08 surv=3556 conf=3556 best=39 22s (6.07e+06 res/s)
  .. K=6 shift=0 R=2.013e+08 surv=5421 conf=5421 best=39 35s (5.79e+06 res/s)
  .. K=6 shift=0 R=2.684e+08 surv=7193 conf=7193 best=39 46s (5.79e+06 res/s)
  .. K=6 shift=0 R=3.355e+08 surv=8985 conf=8985 best=39 58s (5.82e+06 res/s)
  .. K=6 shift=0 R=4.027e+08 surv=10834 conf=10834 best=39 69s (5.85e+06 res/s)
  .. K=6 shift=0 R=4.698e+08 surv=12627 conf=12627 best=39 79s (5.94e+06 res/s)
  .. K=6 shift=0 R=5.369e+08 surv=14402 conf=14402 best=39 89s (6.01e+06 res/s)
  .. K=6 shift=0 R=6.04e+08 surv=16144 conf=16144 best=39 100s (6.06e+06 res/s)
  .. K=6 shift=0 R=6.711e+08 surv=17935 conf=17935 best=39 111s (6.06e+06 res/s)
  .. K=6 shift=0 R=7.382e+08 surv=19713 conf=19713 best=39 122s (6.07e+06 res/s)
  .. K=6 shift=0 R=8.053e+08 surv=21456 conf=21456 best=39 132s (6.08e+06 res/s)
  .. K=6 shift=0 R=8.724e+08 surv=23193 conf=23193 best=39 143s (6.11e+06 res/s)
  .. K=6 shift=0 R=9.395e+08 surv=24997 conf=24997 best=39 154s (6.11e+06 res/s)
  .. K=6 shift=0 R=1.007e+09 surv=26836 conf=26836 best=39 165s (6.11e+06 res/s)
  .. K=6 shift=0 R=1.074e+09 surv=28521 conf=28521 best=39 175s (6.13e+06 res/s)
  .. K=6 shift=0 R=1.141e+09 surv=30322 conf=30322 best=39 186s (6.13e+06 res/s)
  .. K=6 shift=0 R=1.208e+09 surv=32118 conf=32118 best=39 196s (6.15e+06 res/s)
  .. K=6 shift=0 R=1.275e+09 surv=33978 conf=33978 best=39 207s (6.15e+06 res/s)
  .. K=6 shift=0 R=1.342e+09 surv=35828 conf=35828 best=39 218s (6.15e+06 res/s)
  .. K=6 shift=0 R=1.409e+09 surv=37652 conf=37652 best=39 229s (6.16e+06 res/s)
  .. K=6 shift=0 R=1.476e+09 surv=39455 conf=39455 best=39 239s (6.16e+06 res/s)
  .. K=6 shift=0 R=1.544e+09 surv=41271 conf=41271 best=39 250s (6.17e+06 res/s)
  .. K=6 shift=0 R=1.611e+09 surv=43026 conf=43026 best=39 260s (6.19e+06 res/s)
  .. K=6 shift=0 R=1.678e+09 surv=44831 conf=44831 best=39 270s (6.2e+06 res/s)
  .. K=6 shift=0 R=1.745e+09 surv=46558 conf=46558 best=39 281s (6.21e+06 res/s)
  .. K=6 shift=0 R=1.812e+09 surv=48371 conf=48371 best=39 291s (6.22e+06 res/s)
  .. K=6 shift=0 R=1.879e+09 surv=50203 conf=50203 best=39 302s (6.22e+06 res/s)
  .. K=6 shift=0 R=1.946e+09 surv=51932 conf=51932 best=39 313s (6.22e+06 res/s)
  .. K=6 shift=0 R=2.013e+09 surv=53692 conf=53692 best=39 324s (6.22e+06 res/s)
  .. K=6 shift=0 R=2.08e+09 surv=55434 conf=55434 best=39 335s (6.22e+06 res/s)
  .. K=6 shift=0 R=2.147e+09 surv=57237 conf=57237 best=39 346s (6.21e+06 res/s)
  .. K=6 shift=0 R=2.215e+09 surv=58943 conf=58943 best=39 357s (6.21e+06 res/s)
  .. K=6 shift=0 R=2.282e+09 surv=60710 conf=60710 best=39 369s (6.18e+06 res/s)
  .. K=6 shift=0 R=2.349e+09 surv=62513 conf=62513 best=39 380s (6.17e+06 res/s)
  .. K=6 shift=0 R=2.416e+09 surv=64262 conf=64262 best=39 391s (6.18e+06 res/s)
  .. K=6 shift=0 R=2.483e+09 surv=66070 conf=66070 best=39 402s (6.18e+06 res/s)
  .. K=6 shift=0 R=2.55e+09 surv=67851 conf=67851 best=39 412s (6.19e+06 res/s)
  .. K=6 shift=0 R=2.617e+09 surv=69713 conf=69713 best=39 423s (6.19e+06 res/s)
  .. K=6 shift=0 R=2.684e+09 surv=71575 conf=71575 best=39 434s (6.18e+06 res/s)
  .. K=6 shift=0 R=2.751e+09 surv=73420 conf=73420 best=39 445s (6.18e+06 res/s)
  .. K=6 shift=0 R=2.819e+09 surv=75235 conf=75235 best=39 456s (6.19e+06 res/s)
  .. K=6 shift=0 R=2.886e+09 surv=77028 conf=77028 best=39 467s (6.18e+06 res/s)
  .. K=6 shift=0 R=2.953e+09 surv=78850 conf=78850 best=39 477s (6.2e+06 res/s)
  .. K=6 shift=0 R=3.02e+09 surv=80605 conf=80605 best=39 487s (6.2e+06 res/s)
  .. K=6 shift=0 R=3.087e+09 surv=82434 conf=82434 best=39 499s (6.19e+06 res/s)
  .. K=6 shift=0 R=3.154e+09 surv=84193 conf=84193 best=39 510s (6.19e+06 res/s)
  .. K=6 shift=0 R=3.221e+09 surv=86030 conf=86030 best=39 521s (6.19e+06 res/s)
  .. K=6 shift=0 R=3.288e+09 surv=87915 conf=87915 best=39 532s (6.18e+06 res/s)
  .. K=6 shift=0 R=3.355e+09 surv=89688 conf=89688 best=39 542s (6.19e+06 res/s)
  .. K=6 shift=0 R=3.423e+09 surv=91473 conf=91473 best=39 553s (6.19e+06 res/s)
  .. K=6 shift=0 R=3.49e+09 surv=93268 conf=93268 best=39 564s (6.19e+06 res/s)
  .. K=6 shift=0 R=3.557e+09 surv=95000 conf=95000 best=39 574s (6.2e+06 res/s)
  .. K=6 shift=0 R=3.624e+09 surv=96788 conf=96788 best=39 585s (6.2e+06 res/s)
  .. K=6 shift=0 R=3.691e+09 surv=98563 conf=98563 best=39 596s (6.2e+06 res/s)
  .. K=6 shift=0 R=3.758e+09 surv=100371 conf=100371 best=39 607s (6.19e+06 res/s)
  .. K=6 shift=0 R=3.825e+09 surv=102125 conf=102125 best=39 617s (6.2e+06 res/s)
  .. K=6 shift=0 R=3.892e+09 surv=103953 conf=103953 best=39 628s (6.2e+06 res/s)
  .. K=6 shift=0 R=3.959e+09 surv=105809 conf=105809 best=39 639s (6.19e+06 res/s)
  .. K=6 shift=0 R=4.027e+09 surv=107570 conf=107570 best=39 650s (6.2e+06 res/s)
  .. K=6 shift=0 R=4.094e+09 surv=109362 conf=109362 best=39 661s (6.2e+06 res/s)
  .. K=6 shift=0 R=4.161e+09 surv=111186 conf=111186 best=39 671s (6.2e+06 res/s)
  .. K=6 shift=0 R=4.228e+09 surv=113033 conf=113033 best=39 682s (6.2e+06 res/s)
  .. K=6 shift=0 R=4.295e+09 surv=114771 conf=114771 best=39 693s (6.2e+06 res/s)
  .. K=6 shift=0 R=4.362e+09 surv=116659 conf=116659 best=39 704s (6.2e+06 res/s)
  .. K=6 shift=0 R=4.429e+09 surv=118479 conf=118479 best=39 714s (6.2e+06 res/s)
  .. K=6 shift=0 R=4.496e+09 surv=120213 conf=120213 best=39 725s (6.2e+06 res/s)
  .. K=6 shift=0 R=4.563e+09 surv=121938 conf=121938 best=39 736s (6.2e+06 res/s)
  .. K=6 shift=0 R=4.631e+09 surv=123851 conf=123851 best=39 747s (6.2e+06 res/s)
K=6 shift=0 MOD=1133661268029390 tierB=7 tierC=145 R=4670165500 surv=124877 conf=124877 best=39 753.8s (9.63e+13 raw/s)
unit K=7 shift=0 MOD=1133661268029390 stage1=10(3,2,5,59,71,83,89,101,107,113) tierC=145 residues=4.67e+09 range=7.255e+16
  .. K=7 shift=0 R=6.711e+07 surv=1806 conf=1806 best=39 11s (6.06e+06 res/s)
  .. K=7 shift=0 R=1.342e+08 surv=3610 conf=3610 best=39 22s (6.18e+06 res/s)
  .. K=7 shift=0 R=2.013e+08 surv=5427 conf=5427 best=39 32s (6.22e+06 res/s)
  .. K=7 shift=0 R=2.684e+08 surv=7265 conf=7265 best=39 43s (6.21e+06 res/s)
  .. K=7 shift=0 R=3.355e+08 surv=9099 conf=9099 best=39 54s (6.2e+06 res/s)
  .. K=7 shift=0 R=4.027e+08 surv=10917 conf=10917 best=39 65s (6.19e+06 res/s)
  .. K=7 shift=0 R=4.698e+08 surv=12731 conf=12731 best=39 76s (6.2e+06 res/s)
  .. K=7 shift=0 R=5.369e+08 surv=14480 conf=14480 best=39 87s (6.16e+06 res/s)
  .. K=7 shift=0 R=6.04e+08 surv=16282 conf=16282 best=39 98s (6.14e+06 res/s)
  .. K=7 shift=0 R=6.711e+08 surv=18076 conf=18076 best=39 109s (6.16e+06 res/s)
  .. K=7 shift=0 R=7.382e+08 surv=19869 conf=19869 best=39 120s (6.17e+06 res/s)
  .. K=7 shift=0 R=8.053e+08 surv=21642 conf=21642 best=39 131s (6.16e+06 res/s)
  .. K=7 shift=0 R=8.724e+08 surv=23500 conf=23500 best=39 141s (6.17e+06 res/s)
  .. K=7 shift=0 R=9.395e+08 surv=25357 conf=25357 best=39 153s (6.16e+06 res/s)
  .. K=7 shift=0 R=1.007e+09 surv=27109 conf=27109 best=39 164s (6.14e+06 res/s)
  .. K=7 shift=0 R=1.074e+09 surv=28895 conf=28895 best=39 175s (6.13e+06 res/s)
  .. K=7 shift=0 R=1.141e+09 surv=30637 conf=30637 best=39 185s (6.15e+06 res/s)
  .. K=7 shift=0 R=1.208e+09 surv=32486 conf=32486 best=39 196s (6.15e+06 res/s)
  .. K=7 shift=0 R=1.275e+09 surv=34249 conf=34249 best=39 207s (6.16e+06 res/s)
  .. K=7 shift=0 R=1.342e+09 surv=36061 conf=36061 best=39 218s (6.17e+06 res/s)
  .. K=7 shift=0 R=1.409e+09 surv=37919 conf=37919 best=39 228s (6.17e+06 res/s)
  .. K=7 shift=0 R=1.476e+09 surv=39768 conf=39768 best=39 239s (6.17e+06 res/s)
  .. K=7 shift=0 R=1.544e+09 surv=41538 conf=41538 best=39 250s (6.17e+06 res/s)
  .. K=7 shift=0 R=1.611e+09 surv=43300 conf=43300 best=39 261s (6.18e+06 res/s)
  .. K=7 shift=0 R=1.678e+09 surv=45165 conf=45165 best=39 272s (6.16e+06 res/s)
  .. K=7 shift=0 R=1.745e+09 surv=47010 conf=47010 best=39 283s (6.16e+06 res/s)
  .. K=7 shift=0 R=1.812e+09 surv=48777 conf=48777 best=39 294s (6.17e+06 res/s)
  .. K=7 shift=0 R=1.879e+09 surv=50614 conf=50614 best=39 305s (6.17e+06 res/s)
  .. K=7 shift=0 R=1.946e+09 surv=52347 conf=52347 best=39 315s (6.17e+06 res/s)
  .. K=7 shift=0 R=2.013e+09 surv=54074 conf=54074 best=39 326s (6.18e+06 res/s)
  .. K=7 shift=0 R=2.08e+09 surv=55838 conf=55838 best=39 336s (6.19e+06 res/s)
  .. K=7 shift=0 R=2.147e+09 surv=57640 conf=57640 best=39 346s (6.2e+06 res/s)
  .. K=7 shift=0 R=2.215e+09 surv=59511 conf=59511 best=39 358s (6.18e+06 res/s)
  .. K=7 shift=0 R=2.282e+09 surv=61292 conf=61292 best=39 369s (6.18e+06 res/s)
  .. K=7 shift=0 R=2.349e+09 surv=63084 conf=63084 best=39 381s (6.16e+06 res/s)
  .. K=7 shift=0 R=2.416e+09 surv=64935 conf=64935 best=39 396s (6.11e+06 res/s)
  .. K=7 shift=0 R=2.483e+09 surv=66730 conf=66730 best=39 407s (6.1e+06 res/s)
  .. K=7 shift=0 R=2.55e+09 surv=68552 conf=68552 best=39 418s (6.1e+06 res/s)
  .. K=7 shift=0 R=2.617e+09 surv=70340 conf=70340 best=39 429s (6.1e+06 res/s)
  .. K=7 shift=0 R=2.684e+09 surv=72152 conf=72152 best=39 444s (6.04e+06 res/s)
  .. K=7 shift=0 R=2.751e+09 surv=73916 conf=73916 best=39 457s (6.03e+06 res/s)
  .. K=7 shift=0 R=2.819e+09 surv=75844 conf=75844 best=39 468s (6.02e+06 res/s)
  .. K=7 shift=0 R=2.886e+09 surv=77702 conf=77702 best=39 480s (6.01e+06 res/s)
  .. K=7 shift=0 R=2.953e+09 surv=79496 conf=79496 best=39 492s (6.01e+06 res/s)
  .. K=7 shift=0 R=3.02e+09 surv=81317 conf=81317 best=39 504s (5.99e+06 res/s)
  .. K=7 shift=0 R=3.087e+09 surv=83095 conf=83095 best=39 515s (5.99e+06 res/s)
  .. K=7 shift=0 R=3.154e+09 surv=84895 conf=84895 best=39 527s (5.99e+06 res/s)
  .. K=7 shift=0 R=3.221e+09 surv=86689 conf=86689 best=39 537s (6e+06 res/s)
  .. K=7 shift=0 R=3.288e+09 surv=88490 conf=88490 best=39 548s (6e+06 res/s)
  .. K=7 shift=0 R=3.355e+09 surv=90255 conf=90255 best=39 560s (5.99e+06 res/s)
  .. K=7 shift=0 R=3.423e+09 surv=92088 conf=92088 best=39 572s (5.98e+06 res/s)
  .. K=7 shift=0 R=3.49e+09 surv=93954 conf=93954 best=39 585s (5.97e+06 res/s)
  .. K=7 shift=0 R=3.557e+09 surv=95709 conf=95709 best=39 596s (5.96e+06 res/s)
  .. K=7 shift=0 R=3.624e+09 surv=97471 conf=97471 best=39 608s (5.96e+06 res/s)
  .. K=7 shift=0 R=3.691e+09 surv=99319 conf=99319 best=39 619s (5.96e+06 res/s)
  .. K=7 shift=0 R=3.758e+09 surv=101126 conf=101126 best=39 632s (5.95e+06 res/s)
  .. K=7 shift=0 R=3.825e+09 surv=102945 conf=102945 best=39 644s (5.94e+06 res/s)
  .. K=7 shift=0 R=3.892e+09 surv=104764 conf=104764 best=39 656s (5.94e+06 res/s)
  .. K=7 shift=0 R=3.959e+09 surv=106554 conf=106554 best=39 668s (5.93e+06 res/s)
  .. K=7 shift=0 R=4.027e+09 surv=108322 conf=108322 best=39 679s (5.93e+06 res/s)
  .. K=7 shift=0 R=4.094e+09 surv=110121 conf=110121 best=39 692s (5.91e+06 res/s)
  .. K=7 shift=0 R=4.161e+09 surv=111896 conf=111896 best=39 704s (5.91e+06 res/s)
  .. K=7 shift=0 R=4.228e+09 surv=113677 conf=113677 best=39 716s (5.91e+06 res/s)
  .. K=7 shift=0 R=4.295e+09 surv=115464 conf=115464 best=39 728s (5.9e+06 res/s)
  .. K=7 shift=0 R=4.362e+09 surv=117244 conf=117244 best=39 739s (5.9e+06 res/s)
  .. K=7 shift=0 R=4.429e+09 surv=119076 conf=119076 best=39 750s (5.9e+06 res/s)
  .. K=7 shift=0 R=4.496e+09 surv=120877 conf=120877 best=39 762s (5.9e+06 res/s)
  .. K=7 shift=0 R=4.563e+09 surv=122708 conf=122708 best=39 773s (5.9e+06 res/s)
  .. K=7 shift=0 R=4.631e+09 surv=124443 conf=124443 best=39 786s (5.89e+06 res/s)
K=7 shift=0 MOD=1133661268029390 tierB=7 tierC=145 R=4670165500 surv=125475 conf=125475 best=39 792.5s (9.15e+13 raw/s)
unit K=8 shift=0 MOD=1133661268029390 stage1=10(3,2,5,59,71,83,89,101,107,113) tierC=145 residues=4.67e+09 range=7.255e+16
  .. K=8 shift=0 R=6.711e+07 surv=1794 conf=1794 best=39 12s (5.83e+06 res/s)
  .. K=8 shift=0 R=1.342e+08 surv=3589 conf=3589 best=39 23s (5.94e+06 res/s)
  .. K=8 shift=0 R=2.013e+08 surv=5294 conf=5294 best=39 33s (6.05e+06 res/s)
  .. K=8 shift=0 R=2.684e+08 surv=7142 conf=7142 best=39 45s (5.91e+06 res/s)
  .. K=8 shift=0 R=3.355e+08 surv=9015 conf=9015 best=39 57s (5.85e+06 res/s)
  .. K=8 shift=0 R=4.027e+08 surv=10828 conf=10828 best=39 69s (5.84e+06 res/s)
  .. K=8 shift=0 R=4.698e+08 surv=12606 conf=12606 best=39 82s (5.72e+06 res/s)
  .. K=8 shift=0 R=5.369e+08 surv=14385 conf=14385 best=39 94s (5.7e+06 res/s)
  .. K=8 shift=0 R=6.04e+08 surv=16257 conf=16257 best=39 106s (5.68e+06 res/s)
  .. K=8 shift=0 R=6.711e+08 surv=18070 conf=18070 best=39 118s (5.67e+06 res/s)
  .. K=8 shift=0 R=7.382e+08 surv=19832 conf=19832 best=39 130s (5.68e+06 res/s)
  .. K=8 shift=0 R=8.053e+08 surv=21595 conf=21595 best=39 142s (5.69e+06 res/s)
  .. K=8 shift=0 R=8.724e+08 surv=23389 conf=23389 best=39 154s (5.68e+06 res/s)
  .. K=8 shift=0 R=9.395e+08 surv=25218 conf=25218 best=39 165s (5.68e+06 res/s)
  .. K=8 shift=0 R=1.007e+09 surv=27082 conf=27082 best=39 177s (5.68e+06 res/s)
  .. K=8 shift=0 R=1.074e+09 surv=28880 conf=28880 best=39 188s (5.7e+06 res/s)
  .. K=8 shift=0 R=1.141e+09 surv=30670 conf=30670 best=39 198s (5.77e+06 res/s)
  .. K=8 shift=0 R=1.208e+09 surv=32556 conf=32556 best=39 209s (5.78e+06 res/s)
  .. K=8 shift=0 R=1.275e+09 surv=34393 conf=34393 best=39 220s (5.79e+06 res/s)
  .. K=8 shift=0 R=1.342e+09 surv=36242 conf=36242 best=39 232s (5.79e+06 res/s)
  .. K=8 shift=0 R=1.409e+09 surv=38058 conf=38058 best=39 244s (5.78e+06 res/s)
  .. K=8 shift=0 R=1.476e+09 surv=39863 conf=39863 best=39 256s (5.78e+06 res/s)
  .. K=8 shift=0 R=1.544e+09 surv=41714 conf=41714 best=39 267s (5.77e+06 res/s)
  .. K=8 shift=0 R=1.611e+09 surv=43515 conf=43515 best=39 279s (5.77e+06 res/s)
  .. K=8 shift=0 R=1.678e+09 surv=45366 conf=45366 best=39 291s (5.77e+06 res/s)
  .. K=8 shift=0 R=1.745e+09 surv=47200 conf=47200 best=39 303s (5.76e+06 res/s)
  .. K=8 shift=0 R=1.812e+09 surv=49033 conf=49033 best=39 315s (5.75e+06 res/s)
  .. K=8 shift=0 R=1.879e+09 surv=50853 conf=50853 best=39 327s (5.75e+06 res/s)
  .. K=8 shift=0 R=1.946e+09 surv=52600 conf=52600 best=39 339s (5.74e+06 res/s)
  .. K=8 shift=0 R=2.013e+09 surv=54368 conf=54368 best=39 351s (5.74e+06 res/s)
  .. K=8 shift=0 R=2.08e+09 surv=56165 conf=56165 best=39 362s (5.74e+06 res/s)
  .. K=8 shift=0 R=2.147e+09 surv=57890 conf=57890 best=39 374s (5.74e+06 res/s)
  .. K=8 shift=0 R=2.215e+09 surv=59707 conf=59707 best=39 386s (5.74e+06 res/s)
  .. K=8 shift=0 R=2.282e+09 surv=61415 conf=61415 best=39 397s (5.75e+06 res/s)
  .. K=8 shift=0 R=2.349e+09 surv=63149 conf=63149 best=39 409s (5.75e+06 res/s)
  .. K=8 shift=0 R=2.416e+09 surv=64898 conf=64898 best=39 420s (5.75e+06 res/s)
  .. K=8 shift=0 R=2.483e+09 surv=66749 conf=66749 best=39 432s (5.75e+06 res/s)
  .. K=8 shift=0 R=2.55e+09 surv=68403 conf=68403 best=39 443s (5.76e+06 res/s)
  .. K=8 shift=0 R=2.617e+09 surv=70205 conf=70205 best=39 450s (5.82e+06 res/s)
  .. K=8 shift=0 R=2.684e+09 surv=72150 conf=72150 best=39 455s (5.9e+06 res/s)
  .. K=8 shift=0 R=2.751e+09 surv=73964 conf=73964 best=39 460s (5.99e+06 res/s)
  .. K=8 shift=0 R=2.819e+09 surv=75806 conf=75806 best=39 465s (6.06e+06 res/s)
  .. K=8 shift=0 R=2.886e+09 surv=77677 conf=77677 best=39 470s (6.14e+06 res/s)
  .. K=8 shift=0 R=2.953e+09 surv=79423 conf=79423 best=39 475s (6.21e+06 res/s)
  .. K=8 shift=0 R=3.02e+09 surv=81221 conf=81221 best=39 480s (6.29e+06 res/s)
  .. K=8 shift=0 R=3.087e+09 surv=83074 conf=83074 best=39 485s (6.36e+06 res/s)
  .. K=8 shift=0 R=3.154e+09 surv=84847 conf=84847 best=39 490s (6.43e+06 res/s)
  .. K=8 shift=0 R=3.221e+09 surv=86612 conf=86612 best=39 495s (6.5e+06 res/s)
  .. K=8 shift=0 R=3.288e+09 surv=88387 conf=88387 best=39 501s (6.57e+06 res/s)
  .. K=8 shift=0 R=3.355e+09 surv=90118 conf=90118 best=39 506s (6.63e+06 res/s)
  .. K=8 shift=0 R=3.423e+09 surv=91887 conf=91887 best=39 511s (6.7e+06 res/s)
  .. K=8 shift=0 R=3.49e+09 surv=93653 conf=93653 best=39 517s (6.75e+06 res/s)
  .. K=8 shift=0 R=3.557e+09 surv=95418 conf=95418 best=39 522s (6.82e+06 res/s)
  .. K=8 shift=0 R=3.624e+09 surv=97296 conf=97296 best=39 527s (6.87e+06 res/s)
  .. K=8 shift=0 R=3.691e+09 surv=99092 conf=99092 best=39 533s (6.93e+06 res/s)
  .. K=8 shift=0 R=3.758e+09 surv=100931 conf=100931 best=39 538s (6.98e+06 res/s)
  .. K=8 shift=0 R=3.825e+09 surv=102713 conf=102713 best=39 544s (7.03e+06 res/s)
  .. K=8 shift=0 R=3.892e+09 surv=104577 conf=104577 best=39 549s (7.08e+06 res/s)
  .. K=8 shift=0 R=3.959e+09 surv=106425 conf=106425 best=39 555s (7.13e+06 res/s)
  .. K=8 shift=0 R=4.027e+09 surv=108237 conf=108237 best=39 563s (7.16e+06 res/s)
  .. K=8 shift=0 R=4.094e+09 surv=110040 conf=110040 best=39 573s (7.15e+06 res/s)
  .. K=8 shift=0 R=4.161e+09 surv=111844 conf=111844 best=39 583s (7.13e+06 res/s)
  .. K=8 shift=0 R=4.228e+09 surv=113640 conf=113640 best=39 594s (7.12e+06 res/s)
  .. K=8 shift=0 R=4.295e+09 surv=115358 conf=115358 best=39 603s (7.12e+06 res/s)
  .. K=8 shift=0 R=4.362e+09 surv=117122 conf=117122 best=39 614s (7.1e+06 res/s)
