tierC order: 131 137 149 167 173 ... (145 primes)
unit K=2001 shift=0 MOD=1133661268029390 stage1=10(3,2,5,59,71,83,89,101,107,113) tierC=145 residues=4.67e+09 range=7.255e+16
*** n=4 a=19553534740944961 d=764704010864970 (K=2001 shift=0)
*** n=6 a=54044672635719661 d=764704010864970 (K=2001 shift=0)
*** n=13 a=51144194277061261 d=764704010864970 (K=2001 shift=0)
*** n=17 a=29884814896735501 d=764704010864970 (K=2001 shift=0)
*** n=20 a=12108716924893591 d=764704010864970 (K=2001 shift=0)
*** n=24 a=3327763467541921 d=764704010864970 (K=2001 shift=0)
  .. K=2001 shift=0 R=6.711e+07 surv=1873 conf=1873 best=24 12s (5.72e+06 res/s)
*** n=34 a=9953500434618661 d=764704010864970 (K=2001 shift=0)
  .. K=2001 shift=0 R=1.342e+08 surv=3655 conf=3655 best=34 23s (5.79e+06 res/s)
  .. K=2001 shift=0 R=2.013e+08 surv=5480 conf=5480 best=34 35s (5.8e+06 res/s)
  .. K=2001 shift=0 R=2.684e+08 surv=7284 conf=7284 best=34 47s (5.75e+06 res/s)
  .. K=2001 shift=0 R=3.355e+08 surv=9073 conf=9073 best=34 59s (5.69e+06 res/s)
  .. K=2001 shift=0 R=4.027e+08 surv=10950 conf=10950 best=34 71s (5.67e+06 res/s)
  .. K=2001 shift=0 R=4.698e+08 surv=12731 conf=12731 best=34 83s (5.68e+06 res/s)
  .. K=2001 shift=0 R=5.369e+08 surv=14535 conf=14535 best=34 94s (5.69e+06 res/s)
  .. K=2001 shift=0 R=6.04e+08 surv=16414 conf=16414 best=34 107s (5.67e+06 res/s)
  .. K=2001 shift=0 R=6.711e+08 surv=18196 conf=18196 best=34 119s (5.66e+06 res/s)
  .. K=2001 shift=0 R=7.382e+08 surv=19906 conf=19906 best=34 130s (5.66e+06 res/s)
  .. K=2001 shift=0 R=8.053e+08 surv=21667 conf=21667 best=34 142s (5.66e+06 res/s)
  .. K=2001 shift=0 R=8.724e+08 surv=23445 conf=23445 best=34 154s (5.65e+06 res/s)
  .. K=2001 shift=0 R=9.395e+08 surv=25150 conf=25150 best=34 166s (5.67e+06 res/s)
  .. K=2001 shift=0 R=1.007e+09 surv=26917 conf=26917 best=34 177s (5.7e+06 res/s)
  .. K=2001 shift=0 R=1.074e+09 surv=28679 conf=28679 best=34 188s (5.71e+06 res/s)
  .. K=2001 shift=0 R=1.141e+09 surv=30462 conf=30462 best=34 199s (5.74e+06 res/s)
  .. K=2001 shift=0 R=1.208e+09 surv=32268 conf=32268 best=34 209s (5.77e+06 res/s)
  .. K=2001 shift=0 R=1.275e+09 surv=34046 conf=34046 best=34 220s (5.8e+06 res/s)
  .. K=2001 shift=0 R=1.342e+09 surv=35831 conf=35831 best=34 231s (5.82e+06 res/s)
  .. K=2001 shift=0 R=1.409e+09 surv=37568 conf=37568 best=34 242s (5.83e+06 res/s)
  .. K=2001 shift=0 R=1.476e+09 surv=39408 conf=39408 best=34 254s (5.82e+06 res/s)
  .. K=2001 shift=0 R=1.544e+09 surv=41149 conf=41149 best=34 265s (5.82e+06 res/s)
  .. K=2001 shift=0 R=1.611e+09 surv=43039 conf=43039 best=34 276s (5.83e+06 res/s)
  .. K=2001 shift=0 R=1.678e+09 surv=44827 conf=44827 best=34 287s (5.84e+06 res/s)
  .. K=2001 shift=0 R=1.745e+09 surv=46633 conf=46633 best=34 298s (5.86e+06 res/s)
  .. K=2001 shift=0 R=1.812e+09 surv=48417 conf=48417 best=34 309s (5.87e+06 res/s)
  .. K=2001 shift=0 R=1.879e+09 surv=50230 conf=50230 best=34 320s (5.88e+06 res/s)
  .. K=2001 shift=0 R=1.946e+09 surv=51997 conf=51997 best=34 330s (5.89e+06 res/s)
  .. K=2001 shift=0 R=2.013e+09 surv=53760 conf=53760 best=34 341s (5.9e+06 res/s)
  .. K=2001 shift=0 R=2.08e+09 surv=55569 conf=55569 best=34 352s (5.91e+06 res/s)
  .. K=2001 shift=0 R=2.147e+09 surv=57385 conf=57385 best=34 363s (5.91e+06 res/s)
  .. K=2001 shift=0 R=2.215e+09 surv=59168 conf=59168 best=34 374s (5.93e+06 res/s)
  .. K=2001 shift=0 R=2.282e+09 surv=60882 conf=60882 best=34 384s (5.94e+06 res/s)
  .. K=2001 shift=0 R=2.349e+09 surv=62723 conf=62723 best=34 395s (5.94e+06 res/s)
K=2001 shift=0 MOD=1133661268029390 tierB=7 tierC=145 R=2404023530 surv=64173 conf=64173 best=34 404.6s (1.79e+14 raw/s)
BEST n=34 a=9953500434618661 d=764704010864970  units=1 covered=7.255e+16 raw a  404.6s INTERRUPTED
