tierC order: 131 137 149 167 173 ... (145 primes)
unit K=1 shift=0 MOD=1133661268029390 stage1=10(3,2,5,59,71,83,89,101,107,113) tierC=145 residues=4.67e+09 range=7.255e+16
*** n=7 a=13384397263179901 d=382160924970 (K=1 shift=0)
*** n=9 a=51183409975952281 d=382160924970 (K=1 shift=0)
*** n=10 a=19397106971443171 d=382160924970 (K=1 shift=0)
*** n=20 a=23457047221451431 d=382160924970 (K=1 shift=0)
*** n=24 a=16134080144501071 d=382160924970 (K=1 shift=0)
  .. K=1 shift=0 R=6.711e+07 surv=1834 conf=1834 best=24 14s (4.71e+06 res/s)
*** n=26 a=33358376709819961 d=382160924970 (K=1 shift=0)
  .. K=1 shift=0 R=1.342e+08 surv=3633 conf=3633 best=26 27s (4.91e+06 res/s)
  .. K=1 shift=0 R=2.013e+08 surv=5366 conf=5366 best=26 40s (5.07e+06 res/s)
  .. K=1 shift=0 R=2.684e+08 surv=7203 conf=7203 best=26 53s (5.08e+06 res/s)
  .. K=1 shift=0 R=3.355e+08 surv=9056 conf=9056 best=26 65s (5.14e+06 res/s)
  .. K=1 shift=0 R=4.027e+08 surv=10821 conf=10821 best=26 79s (5.1e+06 res/s)
  .. K=1 shift=0 R=4.698e+08 surv=12662 conf=12662 best=26 92s (5.09e+06 res/s)
  .. K=1 shift=0 R=5.369e+08 surv=14475 conf=14475 best=26 104s (5.16e+06 res/s)
  .. K=1 shift=0 R=6.04e+08 surv=16305 conf=16305 best=26 116s (5.23e+06 res/s)
  .. K=1 shift=0 R=6.711e+08 surv=18095 conf=18095 best=26 127s (5.29e+06 res/s)
  .. K=1 shift=0 R=7.382e+08 surv=19996 conf=19996 best=26 140s (5.27e+06 res/s)
  .. K=1 shift=0 R=8.053e+08 surv=21810 conf=21810 best=26 152s (5.3e+06 res/s)
  .. K=1 shift=0 R=8.724e+08 surv=23595 conf=23595 best=26 165s (5.3e+06 res/s)
  .. K=1 shift=0 R=9.395e+08 surv=25402 conf=25402 best=26 177s (5.32e+06 res/s)
  .. K=1 shift=0 R=1.007e+09 surv=27241 conf=27241 best=26 189s (5.33e+06 res/s)
K=1 shift=0 MOD=1133661268029390 tierB=7 tierC=145 R=1064812928 surv=28769 conf=28769 best=26 200.4s (3.62e+14 raw/s)
BEST n=26 a=33358376709819961 d=382160924970  units=1 covered=7.255e+16 raw a  200.4s INTERRUPTED
