tierC order: 131 137 149 167 173 ... (144 primes)
unit K=701 shift=0 MOD=1133661268029390 stage1=10(3,2,5,59,71,83,89,101,107,113) tierC=144 residues=4.67e+09 range=7.255e+16
*** n=4 a=68552433166604851 d=267894808403970 (K=701 shift=0)
*** n=5 a=30588939085054111 d=267894808403970 (K=701 shift=0)
*** n=9 a=12076096510771021 d=267894808403970 (K=701 shift=0)
*** n=12 a=32317078474920661 d=267894808403970 (K=701 shift=0)
*** n=13 a=51122428971083491 d=267894808403970 (K=701 shift=0)
*** n=14 a=1417281243036391 d=267894808403970 (K=701 shift=0)
*** n=15 a=17340017539997881 d=267894808403970 (K=701 shift=0)
*** n=19 a=54746987687227861 d=267894808403970 (K=701 shift=0)
*** n=20 a=31687687383337681 d=267894808403970 (K=701 shift=0)
  .. K=701 shift=0 R=6.711e+07 surv=1896 conf=1895 best=20 17s (3.89e+06 res/s)
*** n=22 a=22116689491215151 d=267894808403970 (K=701 shift=0)
  .. K=701 shift=0 R=1.342e+08 surv=3867 conf=3865 best=22 29s (4.56e+06 res/s)
  .. K=701 shift=0 R=2.013e+08 surv=5863 conf=5860 best=22 41s (4.87e+06 res/s)
  .. K=701 shift=0 R=2.684e+08 surv=7893 conf=7886 best=22 54s (4.98e+06 res/s)
*** n=24 a=46224239097100621 d=267894808403970 (K=701 shift=0)
  .. K=701 shift=0 R=3.355e+08 surv=9808 conf=9798 best=24 68s (4.94e+06 res/s)
*** n=26 a=2976788901912961 d=267894808403970 (K=701 shift=0)
  .. K=701 shift=0 R=4.027e+08 surv=11816 conf=11806 best=26 81s (4.97e+06 res/s)
  .. K=701 shift=0 R=4.698e+08 surv=13838 conf=13821 best=26 93s (5.05e+06 res/s)
  .. K=701 shift=0 R=5.369e+08 surv=15773 conf=15753 best=26 105s (5.13e+06 res/s)
  .. K=701 shift=0 R=6.04e+08 surv=17702 conf=17682 best=26 116s (5.21e+06 res/s)
  .. K=701 shift=0 R=6.711e+08 surv=19614 conf=19588 best=26 126s (5.32e+06 res/s)
  .. K=701 shift=0 R=7.382e+08 surv=21748 conf=21716 best=26 137s (5.39e+06 res/s)
  .. K=701 shift=0 R=8.053e+08 surv=23760 conf=23726 best=26 148s (5.43e+06 res/s)
*** n=34 a=10353096171627241 d=267894808403970 (K=701 shift=0)
  .. K=701 shift=0 R=8.724e+08 surv=25700 conf=25663 best=34 159s (5.49e+06 res/s)
  .. K=701 shift=0 R=9.395e+08 surv=27671 conf=27630 best=34 170s (5.53e+06 res/s)
  .. K=701 shift=0 R=1.007e+09 surv=29678 conf=29636 best=34 181s (5.57e+06 res/s)
  .. K=701 shift=0 R=1.074e+09 surv=31622 conf=31580 best=34 192s (5.59e+06 res/s)
  .. K=701 shift=0 R=1.141e+09 surv=33538 conf=33494 best=34 203s (5.62e+06 res/s)
  .. K=701 shift=0 R=1.208e+09 surv=35470 conf=35425 best=34 214s (5.64e+06 res/s)
  .. K=701 shift=0 R=1.275e+09 surv=37504 conf=37458 best=34 225s (5.67e+06 res/s)
  .. K=701 shift=0 R=1.342e+09 surv=39487 conf=39436 best=34 235s (5.7e+06 res/s)
  .. K=701 shift=0 R=1.409e+09 surv=41506 conf=41453 best=34 246s (5.73e+06 res/s)
  .. K=701 shift=0 R=1.476e+09 surv=43440 conf=43384 best=34 256s (5.76e+06 res/s)
  .. K=701 shift=0 R=1.544e+09 surv=45398 conf=45340 best=34 267s (5.79e+06 res/s)
  .. K=701 shift=0 R=1.611e+09 surv=47377 conf=47315 best=34 277s (5.82e+06 res/s)
  .. K=701 shift=0 R=1.678e+09 surv=49387 conf=49322 best=34 287s (5.84e+06 res/s)
K=701 shift=0 MOD=1133661268029390 tierB=7 tierC=144 R=1703117763 surv=50127 conf=50059 best=34 291.3s (2.49e+14 raw/s)
BEST n=34 a=10353096171627241 d=267894808403970  units=1 covered=7.255e+16 raw a  291.4s INTERRUPTED
