tierC order: 131 137 149 167 173 ... (144 primes)
unit K=1401 shift=0 MOD=1133661268029390 stage1=10(3,2,5,59,71,83,89,101,107,113) tierC=144 residues=4.67e+09 range=7.255e+16
*** n=5 a=38520989465667811 d=535407455882970 (K=1401 shift=0)
*** n=6 a=7626735188621491 d=535407455882970 (K=1401 shift=0)
*** n=7 a=31286490784648801 d=535407455882970 (K=1401 shift=0)
*** n=10 a=77983212814638661 d=535407455882970 (K=1401 shift=0)
*** n=15 a=9268251034942651 d=535407455882970 (K=1401 shift=0)
*** n=25 a=70975082416851901 d=535407455882970 (K=1401 shift=0)
  .. K=1401 shift=0 R=6.711e+07 surv=2070 conf=2065 best=25 18s (3.79e+06 res/s)
  .. K=1401 shift=0 R=1.342e+08 surv=4191 conf=4183 best=25 30s (4.44e+06 res/s)
  .. K=1401 shift=0 R=2.013e+08 surv=6297 conf=6281 best=25 42s (4.75e+06 res/s)
  .. K=1401 shift=0 R=2.684e+08 surv=8398 conf=8381 best=25 56s (4.8e+06 res/s)
  .. K=1401 shift=0 R=3.355e+08 surv=10450 conf=10423 best=25 70s (4.76e+06 res/s)
  .. K=1401 shift=0 R=4.027e+08 surv=12450 conf=12419 best=25 83s (4.86e+06 res/s)
  .. K=1401 shift=0 R=4.698e+08 surv=14457 conf=14425 best=25 95s (4.96e+06 res/s)
  .. K=1401 shift=0 R=5.369e+08 surv=16526 conf=16493 best=25 107s (5.04e+06 res/s)
  .. K=1401 shift=0 R=6.04e+08 surv=18582 conf=18544 best=25 118s (5.13e+06 res/s)
*** n=26 a=5526347892867811 d=535407455882970 (K=1401 shift=0)
  .. K=1401 shift=0 R=6.711e+08 surv=20703 conf=20659 best=26 128s (5.23e+06 res/s)
  .. K=1401 shift=0 R=7.382e+08 surv=22696 conf=22650 best=26 139s (5.32e+06 res/s)
  .. K=1401 shift=0 R=8.053e+08 surv=24767 conf=24718 best=26 150s (5.35e+06 res/s)
  .. K=1401 shift=0 R=8.724e+08 surv=26870 conf=26815 best=26 161s (5.41e+06 res/s)
*** n=28 a=59246716608953611 d=535407455882970 (K=1401 shift=0)
  .. K=1401 shift=0 R=9.395e+08 surv=28886 conf=28829 best=28 172s (5.45e+06 res/s)
  .. K=1401 shift=0 R=1.007e+09 surv=30861 conf=30800 best=28 183s (5.49e+06 res/s)
  .. K=1401 shift=0 R=1.074e+09 surv=32935 conf=32866 best=28 195s (5.52e+06 res/s)
  .. K=1401 shift=0 R=1.141e+09 surv=34996 conf=34923 best=28 206s (5.54e+06 res/s)
  .. K=1401 shift=0 R=1.208e+09 surv=37030 conf=36954 best=28 217s (5.56e+06 res/s)
  .. K=1401 shift=0 R=1.275e+09 surv=39093 conf=39012 best=28 228s (5.6e+06 res/s)
  .. K=1401 shift=0 R=1.342e+09 surv=41077 conf=40991 best=28 238s (5.64e+06 res/s)
  .. K=1401 shift=0 R=1.409e+09 surv=43088 conf=42997 best=28 249s (5.67e+06 res/s)
  .. K=1401 shift=0 R=1.476e+09 surv=45151 conf=45055 best=28 259s (5.7e+06 res/s)
  .. K=1401 shift=0 R=1.544e+09 surv=47172 conf=47074 best=28 270s (5.73e+06 res/s)
  .. K=1401 shift=0 R=1.611e+09 surv=49183 conf=49078 best=28 280s (5.75e+06 res/s)
  .. K=1401 shift=0 R=1.678e+09 surv=51269 conf=51158 best=28 291s (5.77e+06 res/s)
K=1401 shift=0 MOD=1133661268029390 tierB=7 tierC=144 R=1682075507 surv=51404 conf=51293 best=28 291.3s (2.49e+14 raw/s)
BEST n=28 a=59246716608953611 d=535407455882970  units=1 covered=7.255e+16 raw a  291.3s INTERRUPTED
