tierC order: 131 137 149 167 173 ... (144 primes)
unit K=2101 shift=0 MOD=1133661268029390 stage1=10(3,2,5,59,71,83,89,101,107,113) tierC=144 residues=4.67e+09 range=7.255e+16
*** n=5 a=56747049650622391 d=802920103361970 (K=2101 shift=0)
*** n=7 a=65553937199861071 d=802920103361970 (K=2101 shift=0)
*** n=11 a=43660679623141501 d=802920103361970 (K=2101 shift=0)
*** n=13 a=53751594311750191 d=802920103361970 (K=2101 shift=0)
*** n=18 a=20145340188770611 d=802920103361970 (K=2101 shift=0)
*** n=21 a=59162498432928271 d=802920103361970 (K=2101 shift=0)
*** n=23 a=8785646558036791 d=802920103361970 (K=2101 shift=0)
  .. K=2101 shift=0 R=6.711e+07 surv=2588 conf=2572 best=23 19s (3.48e+06 res/s)
*** n=26 a=47375211352589071 d=802920103361970 (K=2101 shift=0)
  .. K=2101 shift=0 R=1.342e+08 surv=5167 conf=5133 best=26 33s (4.03e+06 res/s)
  .. K=2101 shift=0 R=2.013e+08 surv=7771 conf=7726 best=26 47s (4.29e+06 res/s)
  .. K=2101 shift=0 R=2.684e+08 surv=10334 conf=10280 best=26 63s (4.24e+06 res/s)
  .. K=2101 shift=0 R=3.355e+08 surv=12896 conf=12825 best=26 78s (4.29e+06 res/s)
  .. K=2101 shift=0 R=4.027e+08 surv=15547 conf=15464 best=26 92s (4.36e+06 res/s)
  .. K=2101 shift=0 R=4.698e+08 surv=18183 conf=18090 best=26 106s (4.42e+06 res/s)
  .. K=2101 shift=0 R=5.369e+08 surv=20699 conf=20595 best=26 119s (4.52e+06 res/s)
  .. K=2101 shift=0 R=6.04e+08 surv=23305 conf=23187 best=26 131s (4.62e+06 res/s)
  .. K=2101 shift=0 R=6.711e+08 surv=25828 conf=25699 best=26 143s (4.68e+06 res/s)
  .. K=2101 shift=0 R=7.382e+08 surv=28373 conf=28238 best=26 156s (4.75e+06 res/s)
  .. K=2101 shift=0 R=8.053e+08 surv=30913 conf=30769 best=26 168s (4.8e+06 res/s)
*** n=30 a=75455053361069191 d=802920103361970 (K=2101 shift=0)
  .. K=2101 shift=0 R=8.724e+08 surv=33487 conf=33332 best=30 181s (4.83e+06 res/s)
  .. K=2101 shift=0 R=9.395e+08 surv=36075 conf=35908 best=30 193s (4.86e+06 res/s)
  .. K=2101 shift=0 R=1.007e+09 surv=38631 conf=38454 best=30 206s (4.88e+06 res/s)
  .. K=2101 shift=0 R=1.074e+09 surv=41141 conf=40957 best=30 219s (4.91e+06 res/s)
  .. K=2101 shift=0 R=1.141e+09 surv=43701 conf=43505 best=30 231s (4.95e+06 res/s)
  .. K=2101 shift=0 R=1.208e+09 surv=46254 conf=46045 best=30 242s (4.99e+06 res/s)
  .. K=2101 shift=0 R=1.275e+09 surv=48868 conf=48644 best=30 254s (5.01e+06 res/s)
  .. K=2101 shift=0 R=1.342e+09 surv=51392 conf=51157 best=30 266s (5.04e+06 res/s)
  .. K=2101 shift=0 R=1.409e+09 surv=53977 conf=53730 best=30 278s (5.07e+06 res/s)
  .. K=2101 shift=0 R=1.476e+09 surv=56514 conf=56251 best=30 290s (5.09e+06 res/s)
K=2101 shift=0 MOD=1133661268029390 tierB=7 tierC=144 R=1484169497 surv=56809 conf=56544 best=30 291.5s (2.49e+14 raw/s)
BEST n=30 a=75455053361069191 d=802920103361970  units=1 covered=7.255e+16 raw a  291.5s INTERRUPTED
