PARI stack size set to 4000000000 bytes, maximum size set to 4000002048
e=(1,2) cov=32 rank0 [0,0] tors=[2, 2]
e=(1,3) cov=31(n=58,a=0) rank=1 [1,1] tors=[2, 2] hts=[0.68] npts=10 withQ=0 best=[]
e=(1,4) cov=31 rank0 [0,0] tors=[2, 2]
e=(1,7) cov=30 rank0 [0,0] tors=[2, 2]
e=(1,8) cov=30(n=58,a=0) rank=1 [1,1] tors=[2, 2] hts=[1.39] npts=10 withQ=0 best=[]
e=(1,9) cov=32 rank0 [0,0] tors=[2, 2]
e=(1,10) cov=30(n=58,a=0) rank=1 [1,1] tors=[2, 2] hts=[0.55] npts=10 withQ=0 best=[]
e=(1,12) cov=30 rank0 [0,0] tors=[2, 2]
e=(1,13) cov=31(n=58,a=0) rank=1 [1,1] tors=[2, 2] hts=[1.6] npts=10 withQ=0 best=[]
e=(1,16) cov=31 rank0 [0,0] tors=[2, 2]
e=(1,17) cov=31(n=58,a=0) rank=1 [1,1] tors=[2, 2] hts=[2.6] npts=10 withQ=0 best=[]
e=(1,18) cov=31(n=58,a=0) rank=1 [1,1] tors=[2, 2] hts=[1.33] npts=10 withQ=0 best=[]
e=(1,19) cov=31 rank0 [0,0] tors=[2, 2]
e=(1,20) cov=30 rank0 [0,0] tors=[2, 2]
e=(1,23) cov=30 rank0 [0,0] tors=[2, 2]
e=(1,24) cov=30(n=58,a=0) rank=1 [1,1] tors=[2, 2] hts=[1.86] npts=10 withQ=0 best=[]
e=(1,27) cov=31(n=58,a=0) rank=1 [1,1] tors=[2, 2] hts=[1.87] npts=10 withQ=0 best=[]
e=(1,28) cov=30(n=58,a=0) rank=1 [1,1] tors=[2, 2] hts=[0.58] npts=10 withQ=0 best=[]
e=(1,30) cov=30(n=58,a=0) rank=1 [1,1] tors=[2, 2] hts=[1.54] npts=10 withQ=0 best=[]
e=(1,31) cov=30 rank0 [0,0] tors=[2, 2]
e=(1,32) cov=31(n=58,a=0) rank=1 [1,1] tors=[2, 2] hts=[4.07] npts=10 withQ=0 best=[]
e=(2,3) cov=31 rank0 [0,0] tors=[2, 2]
e=(2,4) cov=31 rank0 [0,0] tors=[2, 2]
e=(2,5) cov=30(n=58,a=0) rank=1 [1,1] tors=[2, 2] hts=[0.89] npts=10 withQ=0 best=[]
e=(2,6) cov=32 rank0 [0,0] tors=[2, 2]
e=(2,8) cov=32 rank0 [0,0] tors=[4, 2]
e=(2,9) cov=30(n=58,a=0) rank=1 [1,1] tors=[2, 2] hts=[0.67] npts=10 withQ=0 best=[]
e=(2,10) cov=30 rank0 [0,0] tors=[2, 2]
e=(2,11) cov=30 rank0 [0,0] tors=[2, 2]
e=(2,12) cov=30 rank0 [0,0] tors=[2, 2]
e=(2,14) cov=30(n=58,a=0) rank=1 [1,1] tors=[2, 2] hts=[0.99] npts=10 withQ=0 best=[]
e=(2,15) cov=30 rank0 [0,0] tors=[2, 2]
e=(2,16) cov=30 rank0 [0,0] tors=[2, 2]
e=(2,17) cov=30 rank0 [0,0] tors=[2, 2]
e=(2,18) cov=31 rank0 [0,0] tors=[4, 2]
e=(2,19) cov=31(n=58,a=0) rank=1 [1,1] tors=[2, 2] hts=[2.51] npts=10 withQ=2 best=[(34, (4,)), (139, (8,))]
PT 2 19 23400860018704984346902795804020481 9542567376483531137685351868894440
PT 2 19 19866354428524627136093744254032963795331795744872347981910010607619466645030538147203089388849670422928555413243405920730564362981827527679 2398557176121034536253766233534712973435909482193086435277951377841245955837209426688189633810965070822909844331998479343796319256206064080
e=(2,20) cov=30(n=58,a=0) rank=1 [1,1] tors=[2, 2] hts=[1.03] npts=10 withQ=0 best=[]
e=(2,21) cov=30 rank0 [0,0] tors=[2, 2]
e=(2,24) cov=30 rank0 [0,0] tors=[2, 2]
e=(2,26) cov=30 rank0 [0,0] tors=[2, 2]
e=(2,29) cov=31(n=58,a=0) rank=1 [1,1] tors=[2, 2] hts=[1.91] npts=10 withQ=0 best=[]
e=(2,31) cov=30(n=58,a=0) rank=1 [1,1] tors=[2, 2] hts=[5.62] npts=10 withQ=0 best=[]
e=(2,32) cov=30 rank0 [0,0] tors=[4, 2]
e=(2,34) cov=30(n=58,a=0) rank=1 [1,1] tors=[2, 2] hts=[1.02] npts=10 withQ=0 best=[]
e=(3,4) cov=32 rank0 [0,0] tors=[2, 2]
e=(3,5) cov=30 rank0 [0,0] tors=[2, 2]
e=(3,6) cov=31(n=58,a=0) rank=1 [1,1] tors=[2, 2] hts=[0.89] npts=10 withQ=0 best=[]
e=(3,8) cov=30 rank0 [0,0] tors=[2, 2]
e=(3,9) cov=32 rank0 [0,0] tors=[2, 2]
e=(3,11) cov=30 rank0 [0,0] tors=[2, 2]
