PARI stack size set to 4000000000 bytes, maximum size set to 4000002048
e=(6,30) cov=30(n=58,a=0) rank=1 [1,1] tors=[2, 2] hts=[0.34] npts=10 withQ=0 best=[]
e=(6,32) cov=30 rank0 [0,0] tors=[2, 2]
e=(6,37) cov=30(n=58,a=0) rank=1 [1,1] tors=[2, 2] hts=[2.02] npts=10 withQ=0 best=[]
e=(7,15) cov=30(n=58,a=0) rank=1 [1,1] tors=[2, 2] hts=[1.38] npts=10 withQ=0 best=[]
e=(7,16) cov=30 rank0 [0,0] tors=[2, 2]
e=(8,9) cov=31 rank0 [0,0] tors=[2, 2]
e=(8,10) cov=30 rank0 [0,0] tors=[2, 2]
e=(8,12) cov=31 rank0 [0,0] tors=[2, 2]
e=(8,14) cov=31 rank0 [0,0] tors=[2, 2]
e=(8,15) cov=30 rank0 [0,0] tors=[2, 2]
e=(8,16) cov=32 rank0 [0,0] tors=[2, 2]
e=(8,17) cov=31(n=58,a=0) rank=2 [2,2] tors=[2, 2] hts=[1.44, 1.95] npts=60 withQ=0 best=[]
e=(8,19) cov=30(n=58,a=0) rank=1 [1,1] tors=[2, 2] hts=[4.68] npts=10 withQ=0 best=[]
e=(8,20) cov=30(n=58,a=0) rank=1 [1,1] tors=[2, 2] hts=[0.89] npts=10 withQ=0 best=[]
e=(8,24) cov=31 rank0 [0,0] tors=[2, 2]
e=(8,26) cov=30 rank0 [0,0] tors=[2, 2]
e=(8,27) cov=31(n=58,a=0) rank=1 [1,1] tors=[2, 2] hts=[1.1] npts=10 withQ=0 best=[]
e=(8,30) cov=30(n=58,a=0) rank=1 [1,1] tors=[2, 2] hts=[1.77] npts=10 withQ=0 best=[]
e=(8,31) cov=30(n=58,a=0) rank=1 [1,1] tors=[2, 2] hts=[2.82] npts=10 withQ=0 best=[]
e=(8,32) cov=30 rank0 [0,0] tors=[4, 2]
e=(8,37) cov=30(n=58,a=0) rank=1 [1,1] tors=[2, 2] hts=[3.61] npts=10 withQ=0 best=[]
e=(9,12) cov=31 rank0 [0,0] tors=[2, 2]
e=(9,13) cov=31 rank0 [0,0] tors=[2, 2]
e=(9,15) cov=31(n=58,a=0) rank=1 [1,1] tors=[2, 2] hts=[1.24] npts=10 withQ=0 best=[]
e=(9,16) cov=30(n=58,a=0) rank=1 [1,1] tors=[2, 2] hts=[1.95] npts=10 withQ=0 best=[]
e=(9,17) cov=31 rank0 [0,0] tors=[2, 2]
e=(9,18) cov=31 rank0 [0,0] tors=[2, 2]
e=(9,20) cov=30(n=58,a=0) rank=1 [1,1] tors=[2, 2] hts=[0.92] npts=10 withQ=0 best=[]
e=(9,21) cov=30 rank0 [0,0] tors=[2, 2]
e=(9,26) cov=30 rank0 [0,0] tors=[2, 2]
e=(9,27) cov=31(n=58,a=0) rank=1 [1,1] tors=[2, 2] hts=[0.68] npts=10 withQ=0 best=[]
e=(9,28) cov=30(n=58,a=0) rank=1 [1,1] tors=[2, 2] hts=[2.7] npts=10 withQ=0 best=[]
e=(9,30) cov=30(n=58,a=0) rank=2 [2,2] tors=[2, 2] hts=[1.52, 1.3] npts=60 withQ=0 best=[]
e=(9,31) cov=30 rank0 [0,0] tors=[2, 2]
e=(9,32) cov=30 rank0 [0,0] tors=[2, 2]
e=(9,41) cov=30 rank0 [0,0] tors=[2, 2]
e=(10,12) cov=30 rank0 [0,0] tors=[2, 2]
e=(10,16) cov=30 rank0 [0,0] tors=[2, 2]
e=(11,12) cov=30(n=58,a=0) rank=1 [1,1] tors=[2, 2] hts=[2.71] npts=10 withQ=1 best=[(84, (6,))]
PT 11 12 2489773325681241871739025238432882473770793562508547732596815817422686647227032701039 422401719704807544587543549545982177270486992524455482448064787042355907116854800630
e=(11,19) cov=30 rank0 [0,0] tors=[2, 2]
e=(11,27) cov=30 rank0 [0,0] tors=[2, 2]
e=(12,13) cov=30(n=58,a=0) rank=1 [1,1] tors=[2, 2] hts=[1.96] npts=10 withQ=0 best=[]
e=(12,15) cov=30 rank0 [0,0] tors=[2, 2]
e=(12,16) cov=31 rank0 [0,0] tors=[2, 2]
e=(12,18) cov=31(n=58,a=0) rank=1 [1,1] tors=[2, 2] hts=[1.24] npts=10 withQ=0 best=[]
e=(12,20) cov=30 rank0 [0,0] tors=[2, 2]
e=(12,21) cov=30 rank0 [0,0] tors=[2, 2]
e=(12,24) cov=30(n=58,a=0) rank=1 [1,1] tors=[2, 2] hts=[0.89] npts=10 withQ=0 best=[]
e=(12,27) cov=30 rank0 [0,0] tors=[2, 2]
e=(12,28) cov=30(n=58,a=0) rank=1 [1,1] tors=[2, 2] hts=[1.03] npts=10 withQ=0 best=[]
