PARI stack size set to 4000000000 bytes, maximum size set to 4000002048
e=(3,12) cov=32(n=58,a=0) rank=1 [1,1] tors=[2, 2] hts=[1.08] npts=10 withQ=0 best=[]
e=(3,13) cov=30(n=58,a=0) rank=1 [1,1] tors=[2, 2] hts=[1.36] npts=10 withQ=0 best=[]
e=(3,15) cov=32(n=58,a=0) rank=1 [1,1] tors=[2, 2] hts=[1.0] npts=10 withQ=0 best=[]
e=(3,16) cov=31 rank0 [0,0] tors=[2, 2]
e=(3,18) cov=30(n=58,a=0) rank=1 [1,1] tors=[2, 2] hts=[1.12] npts=10 withQ=0 best=[]
e=(3,19) cov=31 rank0 [0,0] tors=[2, 2]
e=(3,20) cov=30 rank0 [0,0] tors=[2, 2]
e=(3,21) cov=30(n=58,a=0) rank=1 [1,1] tors=[2, 2] hts=[1.04] npts=10 withQ=0 best=[]
e=(3,22) cov=30(n=58,a=0) rank=2 [2,2] tors=[2, 2] hts=[1.79, 1.42] npts=60 withQ=0 best=[]
e=(3,26) cov=30 rank0 [0,0] tors=[2, 2]
e=(3,27) cov=31 rank0 [0,0] tors=[2, 2]
e=(3,29) cov=30 rank0 [0,0] tors=[2, 2]
e=(3,30) cov=31 rank0 [0,0] tors=[2, 2]
e=(3,32) cov=30 rank0 [0,0] tors=[2, 2]
e=(3,34) cov=30 rank0 [0,0] tors=[2, 2]
e=(4,5) cov=30(n=58,a=0) rank=1 [1,1] tors=[2, 2] hts=[1.44] npts=10 withQ=0 best=[]
e=(4,6) cov=31 rank0 [0,0] tors=[2, 2]
e=(4,8) cov=31 rank0 [0,0] tors=[2, 2]
e=(4,10) cov=30 rank0 [0,0] tors=[2, 2]
e=(4,12) cov=32(n=58,a=0) rank=1 [1,1] tors=[2, 2] hts=[0.68] npts=10 withQ=0 best=[]
e=(4,13) cov=31 rank0 [0,0] tors=[2, 2]
e=(4,16) cov=32 rank0 [0,0] tors=[2, 2]
e=(4,17) cov=30(n=58,a=0) rank=2 [2,2] tors=[2, 2] hts=[1.6, 2.72] npts=60 withQ=0 best=[]
e=(4,19) cov=31(n=58,a=0) rank=1 [1,1] tors=[2, 2] hts=[1.61] npts=10 withQ=1 best=[(49, (6,))]
PT 4 19 228659586271974218094136160521374334270715225783039 6721187673736911920764929938327672807061161461050
e=(4,20) cov=30 rank0 [0,0] tors=[2, 2]
e=(4,21) cov=31(n=58,a=0) rank=1 [1,1] tors=[2, 2] hts=[1.92] npts=10 withQ=0 best=[]
e=(4,22) cov=30(n=58,a=0) rank=1 [1,1] tors=[2, 2] hts=[0.94] npts=10 withQ=0 best=[]
e=(4,23) cov=30 rank0 [0,0] tors=[2, 2]
e=(4,24) cov=30(n=58,a=0) rank=1 [1,1] tors=[2, 2] hts=[0.76] npts=10 withQ=0 best=[]
e=(4,26) cov=31 rank0 [0,0] tors=[2, 2]
e=(4,27) cov=31 rank0 [0,0] tors=[2, 2]
e=(4,30) cov=30(n=58,a=0) rank=1 [1,1] tors=[2, 2] hts=[1.24] npts=10 withQ=0 best=[]
e=(4,31) cov=31 rank0 [0,0] tors=[2, 2]
e=(4,41) cov=30 rank0 [0,0] tors=[2, 2]
e=(5,6) cov=30 rank0 [0,0] tors=[2, 2]
e=(6,7) cov=30 rank0 [0,0] tors=[2, 2]
e=(6,8) cov=31 rank0 [0,0] tors=[2, 2]
e=(6,9) cov=31 rank0 [0,0] tors=[2, 2]
e=(6,12) cov=32 rank0 [0,0] tors=[2, 2]
e=(6,14) cov=30 rank0 [0,0] tors=[2, 2]
e=(6,15) cov=31(n=58,a=0) rank=1 [1,1] tors=[2, 2] hts=[1.09] npts=10 withQ=0 best=[]
e=(6,16) cov=30(n=58,a=0) rank=1 [1,1] tors=[2, 2] hts=[0.45] npts=10 withQ=0 best=[]
e=(6,17) cov=30 rank0 [0,0] tors=[2, 2]
e=(6,18) cov=31 rank0 [0,0] tors=[2, 2]
e=(6,19) cov=30(n=58,a=0) rank=1 [1,1] tors=[2, 2] hts=[1.94] npts=10 withQ=0 best=[]
e=(6,22) cov=31 rank0 [0,0] tors=[2, 2]
e=(6,23) cov=30 rank0 [0,0] tors=[2, 2]
e=(6,24) cov=30 rank0 [0,0] tors=[2, 2]
e=(6,27) cov=30 rank0 [0,0] tors=[2, 2]
e=(6,29) cov=30 rank0 [0,0] tors=[2, 2]
