PARI stack size set to 4000000000 bytes, maximum size set to 4000002048
e=(12,29) cov=30(n=58,a=0) rank=1 [1,1] tors=[2, 2] hts=[3.7] npts=10 withQ=0 best=[]
e=(12,30) cov=30 rank0 [0,0] tors=[2, 2]
e=(12,31) cov=30 rank0 [0,0] tors=[2, 2]
e=(12,41) cov=30(n=58,a=0) rank=1 [1,1] tors=[2, 2] hts=[7.05] npts=10 withQ=0 best=[]
e=(13,15) cov=30(n=58,a=0) rank=1 [1,1] tors=[2, 2] hts=[1.79] npts=10 withQ=0 best=[]
e=(13,16) cov=30 rank0 [0,0] tors=[2, 2]
e=(13,19) cov=30(n=58,a=0) rank=1 [1,1] tors=[2, 2] hts=[4.05] npts=10 withQ=0 best=[]
e=(13,29) cov=30 rank0 [0,0] tors=[2, 2]
e=(13,30) cov=30(n=58,a=0) rank=1 [1,1] tors=[2, 2] hts=[1.41] npts=10 withQ=0 best=[]
e=(15,16) cov=30 rank0 [0,0] tors=[2, 2]
e=(15,17) cov=30(n=58,a=0) rank=1 [1,1] tors=[2, 2] hts=[2.48] npts=10 withQ=2 best=[(34, (4,)), (137, (8,))]
PT 15 17 13010843932315756724508038847313919 2790738777218473742328630396496920
PT 15 17 961256298124630315171613408648829787133617034287907297769895389900685547264759309895524219484178895091840533817567620228272849981966049279 84566331899128138292318015698643104774088915223287604663750076187439534464741877833942181302419701027235039395939339242873231502657988560
e=(15,21) cov=30(n=58,a=0) rank=1 [1,1] tors=[2, 2] hts=[1.24] npts=10 withQ=0 best=[]
e=(15,27) cov=30(n=58,a=0) rank=1 [1,1] tors=[2, 2] hts=[1.73] npts=10 withQ=0 best=[]
e=(15,31) cov=30(n=58,a=0) rank=1 [1,1] tors=[2, 2] hts=[1.73] npts=10 withQ=1 best=[(53, (6,))]
PT 15 31 1156862866038304126690189215227168588020397157352335599 57240922322828372881876457041575951952249470022281810
e=(16,17) cov=30 rank0 [0,0] tors=[2, 2]
e=(16,18) cov=30 rank0 [0,0] tors=[2, 2]
e=(16,19) cov=30(n=58,a=0) rank=1 [1,1] tors=[2, 2] hts=[4.21] npts=10 withQ=0 best=[]
e=(16,22) cov=30 rank0 [0,0] tors=[2, 2]
e=(16,24) cov=30 rank0 [0,0] tors=[2, 2]
e=(16,27) cov=30(n=58,a=0) rank=1 [1,1] tors=[2, 2] hts=[2.81] npts=10 withQ=0 best=[]
e=(16,29) cov=30(n=58,a=0) rank=1 [1,1] tors=[2, 2] hts=[6.73] npts=10 withQ=1 best=[(583, (10,))]
PT 16 29 305769754298297673705823733634361922594142035917718878522726537066870585675499220423598943010256526170036617583773648168870517400886517228068747068499879586295626046799459861206041735799833698981913826022089268527396309159471311941193982854520694792077182702419049503803813231284727447776061244609970790541259580418250665651949552400263843142079724472271783758069579754831617230183196004134687294860096655379091062314989934603136577667824694137608899481743626988742294662557580207115569083530369733154836997918609748849363623702091171987902057945009428617076911884873166061407340127999 9061216915530957362097456336124372478660729211531308725106962621223590499815871520890360257197437031301459227923754411044658585044418188457570478906453999651992998740400638297334304328089180445603730967521443111515333864477570951139565567422724438546330635929929458533034891946770751354781605101665701953577212195651972026423170700313211851256029337450079210377527188843899757633920886799648211813739729813486582420759668129536018000615532209517588276158946688523895498029737750876234571372778413350377989290286240247323509462890093716463838704287335130594885451133365139554761726050
e=(16,32) cov=31 rank0 [0,0] tors=[2, 2]
e=(18,27) cov=30 rank0 [0,0] tors=[2, 2]
e=(19,27) cov=30 rank0 [0,0] tors=[2, 2]
