sieving Loeschian numbers up to N=311958331 (37.2 MiB bitmap)...
sieve selftest: OK
sieve built in 4.4s
*** new best n=27  a=179179471  d=5610
m=1 d=5610 best_n=27 a=179179471 (2.7s)
m=2 d=11220 best_n=26 a=70265797 (2.0s)
m=3 d=16830 best_n=25 a=307930411 (2.0s)
m=4 d=22440 best_n=24 a=288609652 (1.8s)
m=5 d=28050 best_n=24 a=158186857 (1.9s)
m=6 d=33660 best_n=26 a=210797391 (1.8s)
m=7 d=39270 best_n=23 a=34461217 (2.0s)
m=8 d=44880 best_n=26 a=281063188 (2.3s)
m=9 d=50490 best_n=23 a=44307279 (2.2s)
m=10 d=56100 best_n=27 a=270961 (2.0s)
m=11 d=61710 best_n=25 a=12919 (2.0s)
m=12 d=67320 best_n=26 a=34887649 (1.9s)
*** new best n=28  a=306628837  d=72930
m=13 d=72930 best_n=28 a=306628837 (1.7s)
m=14 d=78540 best_n=22 a=217896889 (1.8s)
m=15 d=84150 best_n=27 a=235537879 (1.9s)
m=16 d=89760 best_n=24 a=294515044 (2.0s)
m=17 d=95370 best_n=25 a=189438019 (2.0s)
m=18 d=100980 best_n=25 a=8540827 (1.9s)
m=19 d=106590 best_n=23 a=93537589 (2.0s)
m=20 d=112200 best_n=24 a=4544587 (1.8s)
m=21 d=117810 best_n=24 a=110931109 (1.8s)
m=22 d=123420 best_n=24 a=48940189 (1.9s)
*** new best n=31  a=252316027  d=129030
m=23 d=129030 best_n=31 a=252316027 (2.0s)
m=24 d=134640 best_n=26 a=16832449 (2.0s)
m=25 d=140250 best_n=25 a=3529033 (1.9s)
m=26 d=145860 best_n=24 a=46407577 (1.9s)
m=27 d=151470 best_n=25 a=173984227 (2.1s)
m=28 d=157080 best_n=24 a=153208153 (1.9s)
m=29 d=162690 best_n=24 a=232166479 (1.9s)
m=30 d=168300 best_n=27 a=812883 (2.0s)
m=31 d=173910 best_n=24 a=155517511 (2.0s)
m=32 d=179520 best_n=27 a=2826031 (1.9s)
m=33 d=185130 best_n=25 a=277609309 (1.9s)
m=34 d=190740 best_n=25 a=109204147 (2.0s)
m=35 d=196350 best_n=24 a=106665319 (2.1s)
m=36 d=201960 best_n=26 a=104662947 (2.7s)
m=37 d=207570 best_n=24 a=280661671 (2.1s)
m=38 d=213180 best_n=25 a=76031653 (2.3s)
m=39 d=218790 best_n=26 a=161593987 (1.8s)
m=40 d=224400 best_n=27 a=1083844 (2.0s)
m=41 d=230010 best_n=25 a=92381059 (1.9s)
m=42 d=235620 best_n=25 a=15551293 (1.9s)
m=43 d=241230 best_n=26 a=237536311 (1.7s)
m=44 d=246840 best_n=25 a=177174673 (2.0s)
m=45 d=252450 best_n=26 a=92243617 (1.9s)
m=46 d=258060 best_n=27 a=23564113 (2.0s)
m=47 d=263670 best_n=27 a=155369389 (2.0s)
m=48 d=269280 best_n=26 a=139550596 (1.9s)
m=49 d=274890 best_n=23 a=241228519 (1.9s)
m=50 d=280500 best_n=27 a=150681037 (2.0s)
m=51 d=286110 best_n=25 a=39604849 (1.7s)
m=52 d=291720 best_n=24 a=284529427 (1.7s)
m=53 d=297330 best_n=29 a=183493477 (1.8s)
m=54 d=302940 best_n=28 a=126652663 (1.9s)
m=55 d=308550 best_n=25 a=32348707 (1.9s)
m=56 d=314160 best_n=24 a=147477859 (1.9s)
m=57 d=319770 best_n=25 a=207293833 (1.9s)
m=58 d=325380 best_n=27 a=229093321 (1.8s)
m=59 d=330990 best_n=27 a=217647433 (1.7s)
m=60 d=336600 best_n=24 a=223896727 (2.0s)
m=61 d=342210 best_n=26 a=29738689 (2.2s)
m=62 d=347820 best_n=24 a=82932343 (2.0s)
m=63 d=353430 best_n=23 a=206569449 (1.9s)
m=64 d=359040 best_n=27 a=55639159 (1.9s)
m=65 d=364650 best_n=26 a=119751067 (2.0s)
m=66 d=370260 best_n=25 a=22498681 (2.0s)
m=67 d=375870 best_n=26 a=53025343 (2.0s)
m=68 d=381480 best_n=26 a=27970339 (1.9s)
m=69 d=387090 best_n=28 a=268075543 (2.0s)
m=70 d=392700 best_n=27 a=1896727 (2.4s)
m=71 d=398310 best_n=26 a=8860993 (1.9s)
m=72 d=403920 best_n=26 a=50497347 (1.8s)
m=73 d=409530 best_n=25 a=100069393 (1.9s)
m=74 d=415140 best_n=25 a=199353313 (1.9s)
m=75 d=420750 best_n=25 a=10587099 (1.7s)
m=76 d=426360 best_n=25 a=37120669 (1.9s)
m=77 d=431970 best_n=25 a=90433 (1.9s)
m=78 d=437580 best_n=24 a=139222731 (2.0s)
m=79 d=443190 best_n=26 a=24560953 (1.9s)
m=80 d=448800 best_n=24 a=192349423 (1.9s)
m=81 d=454410 best_n=24 a=238075393 (2.4s)
m=82 d=460020 best_n=28 a=503491 (2.3s)
m=83 d=465630 best_n=24 a=146127613 (2.4s)
m=84 d=471240 best_n=28 a=34889629 (2.1s)
m=85 d=476850 best_n=27 a=172196551 (2.0s)
m=86 d=482460 best_n=24 a=119057173 (1.9s)
m=87 d=488070 best_n=29 a=100257769 (1.9s)
m=88 d=493680 best_n=26 a=44244121 (2.1s)
m=89 d=499290 best_n=27 a=94563313 (2.0s)
m=90 d=504900 best_n=27 a=2438649 (2.0s)
m=91 d=510510 best_n=23 a=298378093 (1.7s)
m=92 d=516120 best_n=28 a=20493553 (2.0s)
m=93 d=521730 best_n=27 a=38953777 (2.1s)
m=94 d=527340 best_n=26 a=237076549 (2.0s)
m=95 d=532950 best_n=24 a=83374243 (2.0s)
m=96 d=538560 best_n=27 a=8478093 (2.0s)
m=97 d=544170 best_n=26 a=231269011 (2.0s)
m=98 d=549780 best_n=24 a=181501681 (2.0s)
m=99 d=555390 best_n=27 a=283604797 (2.0s)
m=100 d=561000 best_n=25 a=14116132 (2.1s)
m=101 d=566610 best_n=25 a=244276897 (1.9s)
m=102 d=572220 best_n=24 a=198254271 (1.9s)
m=103 d=577830 best_n=26 a=62521753 (1.9s)
m=104 d=583440 best_n=24 a=185630308 (1.9s)
m=105 d=589050 best_n=24 a=56342101 (2.0s)
m=106 d=594660 best_n=27 a=177376123 (1.7s)
m=107 d=600270 best_n=24 a=61221229 (1.9s)
m=108 d=605880 best_n=28 a=11358529 (2.2s)
m=109 d=611490 best_n=25 a=135308761 (2.1s)
m=110 d=617100 best_n=24 a=138754741 (2.0s)
m=111 d=622710 best_n=25 a=226331197 (1.8s)
m=112 d=628320 best_n=25 a=174982747 (1.9s)
m=113 d=633930 best_n=26 a=149995423 (1.9s)
m=114 d=639540 best_n=25 a=228094959 (2.0s)
m=115 d=645150 best_n=31 a=466051 (2.4s)
m=116 d=650760 best_n=26 a=1577647 (2.0s)
m=117 d=656370 best_n=27 a=104590891 (2.0s)
m=118 d=661980 best_n=31 a=176022793 (1.9s)
m=119 d=667590 best_n=28 a=272911789 (1.9s)
m=120 d=673200 best_n=27 a=3251532 (1.9s)
m=121 d=678810 best_n=24 a=204916993 (1.9s)
m=122 d=684420 best_n=26 a=107032573 (1.8s)
m=123 d=690030 best_n=27 a=92924443 (1.9s)
m=124 d=695640 best_n=24 a=171389557 (2.0s)
m=125 d=701250 best_n=25 a=222196693 (1.9s)
m=126 d=706860 best_n=26 a=5168539 (1.9s)
m=127 d=712470 best_n=26 a=6491731 (1.9s)
m=128 d=718080 best_n=27 a=11304124 (1.8s)
m=129 d=723690 best_n=27 a=14089843 (2.2s)
m=130 d=729300 best_n=27 a=3522493 (1.9s)
m=131 d=734910 best_n=24 a=455353 (1.9s)
m=132 d=740520 best_n=25 a=114268183 (1.9s)
m=133 d=746130 best_n=25 a=221123401 (1.8s)
m=134 d=751740 best_n=23 a=170259679 (1.9s)
m=135 d=757350 best_n=26 a=276730851 (1.8s)
m=136 d=762960 best_n=26 a=11536663 (1.9s)
m=137 d=768570 best_n=25 a=2692483 (1.9s)
m=138 d=774180 best_n=28 a=649633 (1.9s)
m=139 d=779790 best_n=28 a=75275599 (2.0s)
m=140 d=785400 best_n=27 a=234990589 (1.7s)
m=141 d=791010 best_n=28 a=18340969 (1.7s)
m=142 d=796620 best_n=25 a=111269461 (1.5s)
m=143 d=802230 best_n=25 a=104840107 (1.4s)
m=144 d=807840 best_n=24 a=131079339 (1.5s)
m=145 d=813450 best_n=28 a=96499669 (1.7s)
m=146 d=819060 best_n=24 a=20059687 (1.8s)
m=147 d=824670 best_n=24 a=277236331 (1.8s)
m=148 d=830280 best_n=26 a=8258911 (1.8s)
m=149 d=835890 best_n=26 a=19099063 (1.9s)
m=150 d=841500 best_n=27 a=5918421 (1.8s)
m=151 d=847110 best_n=23 a=217517491 (1.8s)
m=152 d=852720 best_n=27 a=3245527 (1.8s)
m=153 d=858330 best_n=25 a=118814547 (2.0s)
m=154 d=863940 best_n=23 a=289053037 (2.5s)
m=155 d=869550 best_n=26 a=238098517 (1.9s)
m=156 d=875160 best_n=25 a=45147769 (1.6s)
m=157 d=880770 best_n=25 a=274367677 (1.5s)
m=158 d=886380 best_n=25 a=109508881 (1.7s)
m=159 d=891990 best_n=27 a=14475511 (1.7s)
m=160 d=897600 best_n=27 a=4335376 (2.4s)
m=161 d=903210 best_n=28 a=284732131 (1.9s)
m=162 d=908820 best_n=26 a=128455489 (1.8s)
m=163 d=914430 best_n=24 a=277805827 (2.0s)
m=164 d=920040 best_n=25 a=56304907 (1.6s)
m=165 d=925650 best_n=25 a=97046121 (1.9s)
m=166 d=931260 best_n=25 a=87296161 (2.0s)
m=167 d=936870 best_n=25 a=241955431 (2.0s)
m=168 d=942480 best_n=28 a=102595513 (1.9s)
m=169 d=948090 best_n=26 a=751507 (1.8s)
m=170 d=953700 best_n=23 a=114557929 (1.9s)
m=171 d=959310 best_n=23 a=270261931 (2.1s)
m=172 d=964920 best_n=24 a=274837069 (1.7s)
m=173 d=970530 best_n=24 a=168428281 (2.3s)
m=174 d=976140 best_n=28 a=17183587 (2.0s)
m=175 d=981750 best_n=25 a=24703231 (2.2s)
m=176 d=987360 best_n=25 a=90650572 (2.0s)
m=177 d=992970 best_n=26 a=173791201 (1.9s)
m=178 d=998580 best_n=25 a=66271507 (2.0s)
m=179 d=1004190 best_n=27 a=231178249 (1.8s)
m=180 d=1009800 best_n=24 a=40901283 (1.9s)
m=181 d=1015410 best_n=28 a=104359891 (1.8s)
m=182 d=1021020 best_n=24 a=15784531 (2.0s)
m=183 d=1026630 best_n=26 a=89216067 (1.9s)
m=184 d=1032240 best_n=27 a=151339399 (2.2s)
m=185 d=1037850 best_n=24 a=175745533 (2.0s)
m=186 d=1043460 best_n=27 a=56242147 (1.8s)
m=187 d=1049070 best_n=27 a=113045209 (1.7s)
m=188 d=1054680 best_n=26 a=237851644 (1.8s)
m=189 d=1060290 best_n=23 a=284545933 (2.0s)
m=190 d=1065900 best_n=27 a=5148259 (1.9s)
m=191 d=1071510 best_n=26 a=4207867 (1.9s)
m=192 d=1077120 best_n=27 a=166917477 (2.1s)
m=193 d=1082730 best_n=22 a=267369853 (1.9s)
m=194 d=1088340 best_n=24 a=132139717 (2.1s)
m=195 d=1093950 best_n=24 a=75657469 (2.2s)
m=196 d=1099560 best_n=25 a=145637329 (2.0s)
m=197 d=1105170 best_n=25 a=42466429 (1.9s)
m=198 d=1110780 best_n=25 a=67496043 (1.9s)
m=199 d=1116390 best_n=24 a=1780717 (1.9s)
m=200 d=1122000 best_n=27 a=7891228 (1.9s)
m=201 d=1127610 best_n=26 a=159076029 (1.9s)
m=202 d=1133220 best_n=27 a=91181977 (1.8s)
m=203 d=1138830 best_n=26 a=76145437 (2.3s)
m=204 d=1144440 best_n=26 a=83911017 (2.0s)
m=205 d=1150050 best_n=26 a=251349577 (1.9s)
m=206 d=1155660 best_n=23 a=264036001 (1.8s)
m=207 d=1161270 best_n=28 a=249197313 (1.9s)
m=208 d=1166880 best_n=26 a=30281923 (1.9s)
m=209 d=1172490 best_n=25 a=245461 (2.0s)
m=210 d=1178100 best_n=27 a=5690181 (1.7s)
m=211 d=1183710 best_n=27 a=4511257 (1.8s)
m=212 d=1189320 best_n=25 a=21659956 (1.9s)
m=213 d=1194930 best_n=26 a=26582979 (1.9s)
m=214 d=1200540 best_n=26 a=119989093 (2.0s)
m=215 d=1206150 best_n=28 a=51076087 (1.9s)
m=216 d=1211760 best_n=26 a=151492041 (2.0s)
m=217 d=1217370 best_n=25 a=148686277 (2.0s)
m=218 d=1222980 best_n=24 a=80908207 (1.9s)
m=219 d=1228590 best_n=26 a=55372267 (1.9s)
m=220 d=1234200 best_n=27 a=57881563 (2.1s)
m=221 d=1239810 best_n=24 a=124507297 (2.0s)
m=222 d=1245420 best_n=25 a=59650087 (2.1s)
m=223 d=1251030 best_n=23 a=5513767 (2.0s)
m=224 d=1256640 best_n=27 a=19782217 (2.3s)
m=225 d=1262250 best_n=25 a=36892429 (2.1s)
m=226 d=1267860 best_n=26 a=214359889 (1.8s)
m=227 d=1273470 best_n=25 a=218618299 (1.7s)
m=228 d=1279080 best_n=26 a=124116961 (1.9s)
m=229 d=1284690 best_n=26 a=234292459 (1.9s)
m=230 d=1290300 best_n=29 a=94095319 (1.9s)
m=231 d=1295910 best_n=27 a=41721607 (1.8s)
m=232 d=1301520 best_n=28 a=11395843 (1.9s)
m=233 d=1307130 best_n=26 a=83511223 (2.6s)
m=234 d=1312740 best_n=25 a=111030751 (1.7s)
m=235 d=1318350 best_n=25 a=66083857 (1.7s)
m=236 d=1323960 best_n=26 a=119491 (1.9s)
m=237 d=1329570 best_n=28 a=922033 (2.0s)
m=238 d=1335180 best_n=27 a=119711257 (1.9s)
m=239 d=1340790 best_n=26 a=202262281 (1.9s)
m=240 d=1346400 best_n=25 a=79155667 (2.0s)
m=241 d=1352010 best_n=25 a=148218859 (1.9s)
m=242 d=1357620 best_n=27 a=84455641 (1.6s)
m=243 d=1363230 best_n=24 a=20436331 (1.7s)
m=244 d=1368840 best_n=26 a=118954756 (1.9s)
m=245 d=1374450 best_n=27 a=12142957 (1.9s)
m=246 d=1380060 best_n=28 a=244961539 (2.0s)
m=247 d=1385670 best_n=28 a=180246679 (1.9s)
m=248 d=1391280 best_n=26 a=43956127 (2.0s)
m=249 d=1396890 best_n=27 a=11081371 (1.9s)
m=250 d=1402500 best_n=27 a=6774025 (1.7s)
m=251 d=1408110 best_n=24 a=219116911 (2.1s)
m=252 d=1413720 best_n=28 a=104668887 (2.3s)
m=253 d=1419330 best_n=27 a=254617849 (2.1s)
m=254 d=1424940 best_n=26 a=183350371 (2.1s)
m=255 d=1430550 best_n=24 a=28853769 (2.1s)
m=256 d=1436160 best_n=27 a=222556636 (2.1s)
m=257 d=1441770 best_n=26 a=66462931 (2.0s)
m=258 d=1447380 best_n=23 a=232585239 (1.9s)
m=259 d=1452990 best_n=24 a=55746193 (1.6s)
m=260 d=1458600 best_n=26 a=14452279 (1.8s)
m=261 d=1464210 best_n=30 a=41645707 (2.0s)
m=262 d=1469820 best_n=25 a=104504299 (1.9s)
m=263 d=1475430 best_n=25 a=66386179 (1.8s)
m=264 d=1481040 best_n=26 a=132732363 (2.0s)
m=265 d=1486650 best_n=23 a=244075813 (2.2s)
m=266 d=1492260 best_n=25 a=34050241 (1.8s)
m=267 d=1497870 best_n=26 a=10455091 (1.7s)
m=268 d=1503480 best_n=29 a=180590053 (1.9s)
m=269 d=1509090 best_n=24 a=131818483 (1.9s)
m=270 d=1514700 best_n=27 a=7315947 (2.0s)
m=271 d=1520310 best_n=27 a=234816943 (1.9s)
m=272 d=1525920 best_n=26 a=111881356 (1.8s)
m=273 d=1531530 best_n=24 a=70442173 (1.6s)
G1 BEST last=0 a=0 d=0 (n=35)
BEST n=31 a=252316027 d=129030  (total 533.6s)
