sieving Loeschian numbers up to N=311958331 (37.2 MiB bitmap)...
sieve selftest: OK
sieve built in 3.7s
*** new best n=26  a=232763449  d=1537140
m=274 d=1537140 best_n=26 a=232763449 (2.8s)
m=275 d=1542750 best_n=26 a=119404363 (1.9s)
*** new best n=28  a=222763492  d=1548360
m=276 d=1548360 best_n=28 a=222763492 (1.9s)
m=277 d=1553970 best_n=23 a=47584849 (1.8s)
m=278 d=1559580 best_n=23 a=101347231 (2.0s)
m=279 d=1565190 best_n=27 a=116861331 (1.8s)
m=280 d=1570800 best_n=27 a=7586908 (2.0s)
m=281 d=1576410 best_n=23 a=229169797 (2.1s)
m=282 d=1582020 best_n=26 a=208277809 (2.3s)
m=283 d=1587630 best_n=22 a=263144803 (2.3s)
m=284 d=1593240 best_n=26 a=35443972 (2.0s)
m=285 d=1598850 best_n=24 a=250122729 (2.0s)
m=286 d=1604460 best_n=24 a=199048381 (2.0s)
m=287 d=1610070 best_n=26 a=62071657 (1.8s)
m=288 d=1615680 best_n=27 a=25434279 (1.9s)
m=289 d=1621290 best_n=25 a=210105277 (2.1s)
m=290 d=1626900 best_n=28 a=48124729 (2.0s)
m=291 d=1632510 best_n=23 a=200230909 (1.9s)
m=292 d=1638120 best_n=26 a=131957563 (2.2s)
m=293 d=1643730 best_n=27 a=121131541 (1.7s)
m=294 d=1649340 best_n=26 a=90047401 (1.8s)
m=295 d=1654950 best_n=25 a=73304641 (1.9s)
m=296 d=1660560 best_n=26 a=23252173 (2.1s)
m=297 d=1666170 best_n=27 a=3626023 (2.0s)
m=298 d=1671780 best_n=24 a=196214191 (1.9s)
m=299 d=1677390 best_n=28 a=29058523 (2.0s)
m=300 d=1683000 best_n=25 a=42348396 (1.9s)
m=301 d=1688610 best_n=24 a=25794997 (1.9s)
m=302 d=1694220 best_n=25 a=224325763 (1.9s)
m=303 d=1699830 best_n=25 a=122728879 (2.0s)
m=304 d=1705440 best_n=26 a=148564783 (2.0s)
m=305 d=1711050 best_n=24 a=59526259 (1.9s)
m=306 d=1716660 best_n=24 a=24299463 (1.9s)
m=307 d=1722270 best_n=23 a=116028409 (2.0s)
m=308 d=1727880 best_n=25 a=158638501 (2.1s)
m=309 d=1733490 best_n=26 a=187565259 (2.8s)
m=310 d=1739100 best_n=27 a=8399791 (2.1s)
m=311 d=1744710 best_n=27 a=33382069 (2.4s)
m=312 d=1750320 best_n=26 a=218821837 (1.9s)
m=313 d=1755930 best_n=23 a=47782243 (2.0s)
m=314 d=1761540 best_n=23 a=162020833 (2.0s)
m=315 d=1767150 best_n=24 a=169026303 (1.8s)
m=316 d=1772760 best_n=26 a=98243812 (1.7s)
m=317 d=1778370 best_n=25 a=193628923 (2.0s)
*** new best n=29  a=1181167  d=1783980
m=318 d=1783980 best_n=29 a=1181167 (1.9s)
m=319 d=1789590 best_n=25 a=7549393 (1.9s)
m=320 d=1795200 best_n=24 a=72713392 (2.0s)
m=321 d=1800810 best_n=27 a=193482679 (1.9s)
m=322 d=1806420 best_n=29 a=7474063 (1.8s)
m=323 d=1812030 best_n=24 a=81572719 (2.0s)
m=324 d=1817640 best_n=28 a=34075587 (1.7s)
m=325 d=1823250 best_n=28 a=111101659 (1.7s)
m=326 d=1828860 best_n=27 a=5607067 (1.8s)
m=327 d=1834470 best_n=26 a=194697781 (2.0s)
m=328 d=1840080 best_n=28 a=2013964 (1.9s)
m=329 d=1845690 best_n=27 a=242741647 (1.9s)
m=330 d=1851300 best_n=23 a=178300263 (1.9s)
m=331 d=1856910 best_n=26 a=60504451 (1.9s)
m=332 d=1862520 best_n=25 a=143906347 (1.7s)
m=333 d=1868130 best_n=28 a=74023141 (2.0s)
m=334 d=1873740 best_n=25 a=141168367 (2.0s)
m=335 d=1879350 best_n=24 a=182452693 (1.9s)
m=336 d=1884960 best_n=28 a=139558516 (1.9s)
m=337 d=1890570 best_n=26 a=234222691 (1.9s)
m=338 d=1896180 best_n=24 a=29314129 (1.9s)
m=339 d=1901790 best_n=24 a=88304737 (2.0s)
m=340 d=1907400 best_n=25 a=38803723 (1.9s)
m=341 d=1913010 best_n=25 a=400489 (1.7s)
m=342 d=1918620 best_n=26 a=67506547 (2.0s)
m=343 d=1924230 best_n=24 a=38018791 (2.3s)
m=344 d=1929840 best_n=25 a=92770009 (1.9s)
*** new best n=31  a=1398153  d=1935450
m=345 d=1935450 best_n=31 a=1398153 (1.8s)
m=346 d=1941060 best_n=28 a=74207059 (2.0s)
m=347 d=1946670 best_n=26 a=245234749 (1.9s)
m=348 d=1952280 best_n=27 a=26580349 (1.7s)
m=349 d=1957890 best_n=27 a=102892861 (1.9s)
m=350 d=1963500 best_n=27 a=13809649 (2.0s)
m=351 d=1969110 best_n=24 a=36976993 (1.8s)
m=352 d=1974720 best_n=26 a=176976484 (2.0s)
m=353 d=1980330 best_n=25 a=105138811 (2.2s)
m=354 d=1985940 best_n=25 a=32326291 (2.2s)
m=355 d=1991550 best_n=26 a=23998501 (2.4s)
m=356 d=1997160 best_n=26 a=244963423 (2.3s)
m=357 d=2002770 best_n=24 a=115744863 (2.1s)
m=358 d=2008380 best_n=24 a=238771789 (1.9s)
m=359 d=2013990 best_n=24 a=187931503 (1.9s)
m=360 d=2019600 best_n=27 a=46234477 (1.9s)
m=361 d=2025210 best_n=23 a=186994363 (2.2s)
m=362 d=2030820 best_n=26 a=256240921 (1.9s)
m=363 d=2036430 best_n=24 a=244321599 (1.9s)
m=364 d=2042040 best_n=24 a=115797487 (1.8s)
m=365 d=2047650 best_n=25 a=123370549 (1.9s)
m=366 d=2053260 best_n=26 a=146675307 (2.2s)
m=367 d=2058870 best_n=25 a=157905943 (2.1s)
m=368 d=2064480 best_n=28 a=81974212 (1.9s)
m=369 d=2070090 best_n=25 a=81386013 (2.0s)
m=370 d=2075700 best_n=28 a=122555881 (2.0s)
m=371 d=2081310 best_n=25 a=37904923 (2.2s)
m=372 d=2086920 best_n=27 a=155815108 (2.0s)
m=373 d=2092530 best_n=25 a=228847957 (2.1s)
m=374 d=2098140 best_n=25 a=261075631 (2.0s)
m=375 d=2103750 best_n=25 a=90356727 (2.0s)
m=376 d=2109360 best_n=26 a=171906451 (2.0s)
m=377 d=2114970 best_n=27 a=116979883 (1.8s)
m=378 d=2120580 best_n=26 a=15505617 (2.1s)
m=379 d=2126190 best_n=26 a=165517057 (1.7s)
m=380 d=2131800 best_n=25 a=3725101 (1.8s)
m=381 d=2137410 best_n=26 a=19475193 (2.2s)
m=382 d=2143020 best_n=29 a=48877927 (2.0s)
m=383 d=2148630 best_n=23 a=219152047 (2.0s)
m=384 d=2154240 best_n=27 a=33912372 (1.9s)
m=385 d=2159850 best_n=25 a=226440949 (1.9s)
m=386 d=2165460 best_n=25 a=238905133 (1.8s)
m=387 d=2171070 best_n=27 a=42269529 (1.9s)
m=388 d=2176680 best_n=26 a=171795331 (2.5s)
m=389 d=2182290 best_n=26 a=73913239 (1.9s)
m=390 d=2187900 best_n=27 a=10567479 (1.8s)
m=391 d=2193510 best_n=27 a=20861413 (1.9s)
m=392 d=2199120 best_n=25 a=163151983 (1.9s)
m=393 d=2204730 best_n=27 a=62349541 (1.9s)
m=394 d=2210340 best_n=23 a=241152733 (1.9s)
m=395 d=2215950 best_n=23 a=101151799 (1.8s)
m=396 d=2221560 best_n=25 a=203963787 (1.7s)
m=397 d=2227170 best_n=27 a=72762043 (1.9s)
m=398 d=2232780 best_n=24 a=26386597 (2.0s)
m=399 d=2238390 best_n=24 a=15566281 (2.0s)
m=400 d=2244000 best_n=25 a=56464528 (1.8s)
m=401 d=2249610 best_n=23 a=6901261 (1.9s)
m=402 d=2255220 best_n=23 a=106269787 (1.8s)
m=403 d=2260830 best_n=24 a=95481841 (2.3s)
m=404 d=2266440 best_n=25 a=129439 (2.0s)
m=405 d=2272050 best_n=25 a=51273889 (1.9s)
m=406 d=2277660 best_n=28 a=46354921 (1.8s)
m=407 d=2283270 best_n=25 a=190790617 (1.8s)
m=408 d=2288880 best_n=27 a=10864663 (1.9s)
m=409 d=2294490 best_n=25 a=41237083 (1.8s)
m=410 d=2300100 best_n=28 a=39428887 (1.8s)
m=411 d=2305710 best_n=25 a=8077449 (2.0s)
m=412 d=2311320 best_n=26 a=250087012 (1.8s)
m=413 d=2316930 best_n=23 a=56524111 (1.8s)
m=414 d=2322540 best_n=29 a=26948683 (1.6s)
m=415 d=2328150 best_n=24 a=61826497 (1.5s)
m=416 d=2333760 best_n=27 a=36738403 (1.4s)
m=417 d=2339370 best_n=28 a=225826797 (1.5s)
m=418 d=2344980 best_n=23 a=36829087 (1.5s)
m=419 d=2350590 best_n=23 a=112540333 (1.8s)
m=420 d=2356200 best_n=24 a=225368404 (1.9s)
m=421 d=2361810 best_n=26 a=91988311 (1.8s)
m=422 d=2367420 best_n=24 a=131880613 (1.8s)
m=423 d=2373030 best_n=28 a=55022907 (1.9s)
m=424 d=2378640 best_n=26 a=1762423 (1.8s)
m=425 d=2384250 best_n=24 a=116875003 (1.8s)
m=426 d=2389860 best_n=25 a=172819929 (1.7s)
m=427 d=2395470 best_n=26 a=208170823 (2.8s)
m=428 d=2401080 best_n=26 a=178428781 (1.8s)
m=429 d=2406690 best_n=25 a=32307787 (1.6s)
m=430 d=2412300 best_n=27 a=11651323 (1.5s)
m=431 d=2417910 best_n=24 a=95793421 (1.5s)
m=432 d=2423520 best_n=28 a=194002537 (1.8s)
m=433 d=2429130 best_n=30 a=198822727 (2.0s)
m=434 d=2434740 best_n=25 a=40852519 (2.2s)
m=435 d=2440350 best_n=29 a=197449669 (1.8s)
m=436 d=2445960 best_n=24 a=100731787 (2.1s)
m=437 d=2451570 best_n=29 a=67869337 (1.9s)
m=438 d=2457180 best_n=24 a=60179061 (1.7s)
m=439 d=2462790 best_n=23 a=220105771 (1.9s)
m=440 d=2468400 best_n=27 a=140280061 (2.1s)
m=441 d=2474010 best_n=25 a=28418581 (2.0s)
m=442 d=2479620 best_n=27 a=111577417 (1.9s)
m=443 d=2485230 best_n=25 a=125243659 (1.9s)
m=444 d=2490840 best_n=26 a=24776733 (2.0s)
m=445 d=2496450 best_n=25 a=79443571 (1.8s)
m=446 d=2502060 best_n=26 a=127516021 (2.1s)
m=447 d=2507670 best_n=26 a=57297189 (2.0s)
m=448 d=2513280 best_n=24 a=212536321 (2.1s)
m=449 d=2518890 best_n=28 a=110494387 (2.1s)
m=450 d=2524500 best_n=27 a=17755263 (2.0s)
m=451 d=2530110 best_n=24 a=205871653 (2.0s)
m=452 d=2535720 best_n=24 a=165334267 (2.0s)
m=453 d=2541330 best_n=28 a=121840573 (1.9s)
m=454 d=2546940 best_n=24 a=100355617 (1.8s)
m=455 d=2552550 best_n=22 a=252945823 (1.9s)
m=456 d=2558160 best_n=27 a=9736581 (2.1s)
m=457 d=2563770 best_n=22 a=243746761 (2.1s)
m=458 d=2569380 best_n=23 a=36351973 (2.1s)
m=459 d=2574990 best_n=25 a=144975459 (1.9s)
m=460 d=2580600 best_n=31 a=1864204 (1.7s)
m=461 d=2586210 best_n=24 a=9676159 (1.8s)
m=462 d=2591820 best_n=25 a=202662793 (1.9s)
m=463 d=2597430 best_n=25 a=167084299 (2.0s)
m=464 d=2603040 best_n=27 a=131585341 (1.9s)
m=465 d=2608650 best_n=23 a=200174659 (1.8s)
m=466 d=2614260 best_n=24 a=195527509 (1.9s)
m=467 d=2619870 best_n=25 a=38542693 (1.9s)
m=468 d=2625480 best_n=25 a=135443307 (2.2s)
m=469 d=2631090 best_n=24 a=139475557 (2.0s)
m=470 d=2636700 best_n=24 a=243261253 (2.0s)
m=471 d=2642310 best_n=28 a=14171347 (1.9s)
m=472 d=2647920 best_n=24 a=245889316 (2.0s)
m=473 d=2653530 best_n=25 a=555517 (1.9s)
m=474 d=2659140 best_n=25 a=44633289 (2.1s)
m=475 d=2664750 best_n=25 a=67051627 (1.7s)
m=476 d=2670360 best_n=26 a=195792373 (2.0s)
m=477 d=2675970 best_n=27 a=43426533 (2.3s)
m=478 d=2681580 best_n=26 a=73156207 (1.9s)
m=479 d=2687190 best_n=23 a=241942597 (1.8s)
m=480 d=2692800 best_n=27 a=13006128 (1.9s)
m=481 d=2698410 best_n=22 a=251660461 (1.9s)
m=482 d=2704020 best_n=25 a=190312009 (1.9s)
*** new best n=35  a=219830911  d=2709630
*** G1 n=35 last=311958331 a=219830911 d=2709630
m=483 d=2709630 best_n=35 a=219830911 (1.8s)
m=484 d=2715240 best_n=25 a=72057079 (1.7s)
m=485 d=2720850 best_n=23 a=241519477 (1.9s)
m=486 d=2726460 best_n=25 a=230602329 (2.0s)
m=487 d=2732070 best_n=26 a=213839803 (2.0s)
m=488 d=2737680 best_n=26 a=195567076 (1.9s)
m=489 d=2743290 best_n=26 a=172985731 (1.9s)
m=490 d=2748900 best_n=27 a=13277089 (1.9s)
m=491 d=2754510 best_n=24 a=102135463 (1.9s)
m=492 d=2760120 best_n=25 a=168914721 (1.8s)
m=493 d=2765730 best_n=26 a=61509121 (2.3s)
m=494 d=2771340 best_n=25 a=58593769 (2.1s)
m=495 d=2776950 best_n=27 a=181373911 (2.1s)
m=496 d=2782560 best_n=24 a=187966276 (1.9s)
m=497 d=2788170 best_n=26 a=62026951 (1.9s)
m=498 d=2793780 best_n=24 a=38101381 (2.4s)
m=499 d=2799390 best_n=23 a=230129707 (2.0s)
m=500 d=2805000 best_n=25 a=120475636 (1.7s)
m=501 d=2810610 best_n=26 a=136998139 (1.8s)
m=502 d=2816220 best_n=24 a=16476409 (2.1s)
m=503 d=2821830 best_n=24 a=198471907 (1.9s)
m=504 d=2827440 best_n=26 a=20674156 (1.9s)
m=505 d=2833050 best_n=23 a=17059363 (1.8s)
m=506 d=2838660 best_n=28 a=71920111 (2.7s)
m=507 d=2844270 best_n=26 a=2254521 (1.8s)
m=508 d=2849880 best_n=26 a=25966924 (1.7s)
m=509 d=2855490 best_n=27 a=70044343 (1.9s)
m=510 d=2861100 best_n=26 a=22134877 (2.0s)
m=511 d=2866710 best_n=26 a=85671253 (1.9s)
m=512 d=2872320 best_n=27 a=45216496 (2.0s)
m=513 d=2877930 best_n=23 a=106000189 (2.0s)
m=514 d=2883540 best_n=23 a=178233403 (1.9s)
m=515 d=2889150 best_n=24 a=6709291 (1.6s)
m=516 d=2894760 best_n=27 a=56359372 (1.7s)
m=517 d=2900370 best_n=24 a=89323039 (1.9s)
m=518 d=2905980 best_n=23 a=149960677 (1.9s)
m=519 d=2911590 best_n=23 a=61779837 (1.9s)
m=520 d=2917200 best_n=27 a=14089972 (1.9s)
m=521 d=2922810 best_n=28 a=1484497 (1.9s)
m=522 d=2928420 best_n=30 a=20606749 (1.8s)
m=523 d=2934030 best_n=24 a=88597957 (1.7s)
m=524 d=2939640 best_n=27 a=53354593 (2.0s)
m=525 d=2945250 best_n=25 a=74109693 (2.4s)
m=526 d=2950860 best_n=23 a=166736509 (2.1s)
m=527 d=2956470 best_n=24 a=133092331 (2.0s)
m=528 d=2962080 best_n=25 a=620112 (2.0s)
m=529 d=2967690 best_n=28 a=122585701 (2.1s)
m=530 d=2973300 best_n=22 a=248502049 (2.0s)
m=531 d=2978910 best_n=25 a=218173413 (1.8s)
m=532 d=2984520 best_n=25 a=87254083 (1.6s)
m=533 d=2990130 best_n=26 a=186460399 (1.7s)
m=534 d=2995740 best_n=25 a=217557841 (2.0s)
m=535 d=3001350 best_n=25 a=61131613 (1.9s)
m=536 d=3006960 best_n=23 a=229817173 (1.8s)
m=537 d=3012570 best_n=26 a=48778759 (1.8s)
m=538 d=3018180 best_n=29 a=124881619 (1.8s)
m=539 d=3023790 best_n=25 a=633031 (2.3s)
m=540 d=3029400 best_n=26 a=38041771 (1.7s)
m=541 d=3035010 best_n=25 a=108612853 (1.7s)
m=542 d=3040620 best_n=24 a=96233251 (2.0s)
m=543 d=3046230 best_n=24 a=33145437 (1.9s)
m=544 d=3051840 best_n=26 a=46146652 (1.9s)
m=545 d=3057450 best_n=23 a=13709677 (1.9s)
m=546 d=3063060 best_n=25 a=202166809 (1.8s)
G1 BEST last=311958331 a=219830911 d=2709630 (n=35)
BEST n=35 a=219830911 d=2709630  (total 532.9s)
