sieving Loeschian numbers up to N=311958331 (37.2 MiB bitmap)...
sieve selftest: OK
sieve built in 4.0s
*** new best n=24  a=24671797  d=3068670
m=547 d=3068670 best_n=24 a=24671797 (2.8s)
*** new best n=27  a=75907867  d=3074280
m=548 d=3074280 best_n=27 a=75907867 (2.0s)
m=549 d=3079890 best_n=26 a=63911569 (1.9s)
m=550 d=3085500 best_n=25 a=160905343 (1.8s)
m=551 d=3091110 best_n=27 a=71019997 (1.9s)
*** new best n=28  a=2598532  d=3096720
m=552 d=3096720 best_n=28 a=2598532 (1.8s)
m=553 d=3102330 best_n=26 a=171926671 (2.0s)
m=554 d=3107940 best_n=24 a=120149737 (2.2s)
m=555 d=3113550 best_n=27 a=46237339 (2.4s)
m=556 d=3119160 best_n=28 a=69147004 (2.0s)
m=557 d=3124770 best_n=24 a=167007613 (2.1s)
m=558 d=3130380 best_n=27 a=168726441 (2.1s)
m=559 d=3135990 best_n=23 a=187906039 (1.6s)
m=560 d=3141600 best_n=24 a=127248436 (1.7s)
m=561 d=3147210 best_n=27 a=102268659 (1.9s)
m=562 d=3152820 best_n=24 a=202248049 (2.1s)
m=563 d=3158430 best_n=28 a=189726127 (2.1s)
m=564 d=3164040 best_n=28 a=73363876 (1.9s)
m=565 d=3169650 best_n=25 a=9892483 (2.0s)
m=566 d=3175260 best_n=24 a=75423031 (1.9s)
m=567 d=3180870 best_n=23 a=203400507 (1.7s)
m=568 d=3186480 best_n=25 a=230426572 (1.9s)
m=569 d=3192090 best_n=25 a=1991287 (2.0s)
m=570 d=3197700 best_n=27 a=15444777 (2.0s)
m=571 d=3203310 best_n=24 a=127774807 (1.8s)
m=572 d=3208920 best_n=25 a=671788 (2.0s)
m=573 d=3214530 best_n=26 a=12623601 (1.9s)
m=574 d=3220140 best_n=28 a=3524437 (1.7s)
m=575 d=3225750 best_n=28 a=55881775 (1.9s)
m=576 d=3231360 best_n=26 a=25773391 (2.0s)
m=577 d=3236970 best_n=24 a=202482967 (2.0s)
m=578 d=3242580 best_n=23 a=163629751 (1.9s)
m=579 d=3248190 best_n=23 a=42503173 (1.9s)
m=580 d=3253800 best_n=26 a=52420987 (1.9s)
m=581 d=3259410 best_n=24 a=403039 (2.0s)
m=582 d=3265020 best_n=26 a=54527029 (2.6s)
m=583 d=3270630 best_n=25 a=2419471 (2.4s)
m=584 d=3276240 best_n=24 a=80238748 (2.3s)
m=585 d=3281850 best_n=24 a=226972407 (1.9s)
m=586 d=3287460 best_n=24 a=137186521 (1.9s)
m=587 d=3293070 best_n=22 a=224649001 (2.0s)
m=588 d=3298680 best_n=25 a=204556783 (1.8s)
m=589 d=3304290 best_n=24 a=139550383 (1.7s)
m=590 d=3309900 best_n=25 a=115489801 (2.0s)
m=591 d=3315510 best_n=25 a=127399287 (2.0s)
m=592 d=3321120 best_n=26 a=33035644 (2.1s)
m=593 d=3326730 best_n=24 a=405439 (2.0s)
m=594 d=3332340 best_n=25 a=202488129 (1.8s)
m=595 d=3337950 best_n=25 a=8002663 (1.8s)
m=596 d=3343560 best_n=26 a=76396252 (1.9s)
m=597 d=3349170 best_n=25 a=58926187 (2.0s)
m=598 d=3354780 best_n=28 a=17445619 (1.6s)
m=599 d=3360390 best_n=26 a=3497299 (1.8s)
m=600 d=3366000 best_n=27 a=23673684 (1.9s)
m=601 d=3371610 best_n=22 a=162587569 (1.8s)
m=602 d=3377220 best_n=25 a=8973259 (2.0s)
m=603 d=3382830 best_n=24 a=179996203 (1.9s)
m=604 d=3388440 best_n=27 a=43247113 (1.8s)
m=605 d=3394050 best_n=25 a=105358369 (1.8s)
m=606 d=3399660 best_n=23 a=194493841 (1.9s)
m=607 d=3405270 best_n=27 a=112778947 (2.0s)
m=608 d=3410880 best_n=27 a=53694589 (2.0s)
*** new best n=29  a=185112703  d=3416490
m=609 d=3416490 best_n=29 a=185112703 (1.9s)
m=610 d=3422100 best_n=27 a=16528621 (1.9s)
m=611 d=3427710 best_n=25 a=151422943 (1.9s)
m=612 d=3433320 best_n=27 a=101847469 (2.0s)
m=613 d=3438930 best_n=25 a=226713397 (1.8s)
m=614 d=3444540 best_n=24 a=38239327 (1.7s)
m=615 d=3450150 best_n=28 a=4532749 (1.9s)
m=616 d=3455760 best_n=23 a=206407657 (2.1s)
m=617 d=3461370 best_n=24 a=40820347 (2.3s)
m=618 d=3466980 best_n=26 a=27563863 (1.9s)
m=619 d=3472590 best_n=24 a=129961861 (1.9s)
m=620 d=3478200 best_n=26 a=185370343 (2.1s)
m=621 d=3483810 best_n=28 a=176721139 (1.7s)
m=622 d=3489420 best_n=24 a=160837417 (1.8s)
m=623 d=3495030 best_n=23 a=197394253 (2.0s)
m=624 d=3500640 best_n=26 a=90845769 (1.9s)
m=625 d=3506250 best_n=27 a=25726021 (2.0s)
m=626 d=3511860 best_n=26 a=49666549 (2.0s)
m=627 d=3517470 best_n=25 a=56482351 (1.9s)
m=628 d=3523080 best_n=24 a=172685533 (2.8s)
m=629 d=3528690 best_n=24 a=158852137 (2.3s)
m=630 d=3534300 best_n=27 a=17070543 (2.1s)
m=631 d=3539910 best_n=22 a=203133703 (2.0s)
m=632 d=3545520 best_n=25 a=200719333 (2.1s)
m=633 d=3551130 best_n=27 a=13533771 (1.9s)
m=634 d=3556740 best_n=23 a=192787651 (2.1s)
m=635 d=3562350 best_n=23 a=178179913 (1.9s)
m=636 d=3567960 best_n=27 a=57902044 (1.9s)
m=637 d=3573570 best_n=22 a=211324543 (1.7s)
m=638 d=3579180 best_n=27 a=38341561 (1.8s)
m=639 d=3584790 best_n=26 a=79748937 (2.1s)
m=640 d=3590400 best_n=27 a=17341504 (1.9s)
m=641 d=3596010 best_n=28 a=3344203 (2.0s)
m=642 d=3601620 best_n=24 a=108481431 (2.0s)
m=643 d=3607230 best_n=26 a=74466163 (2.0s)
m=644 d=3612840 best_n=28 a=143454871 (1.9s)
m=645 d=3618450 best_n=28 a=153228261 (1.9s)
m=646 d=3624060 best_n=25 a=25228393 (2.1s)
m=647 d=3629670 best_n=24 a=25506169 (2.2s)
m=648 d=3635280 best_n=24 a=191491131 (1.8s)
m=649 d=3640890 best_n=26 a=78292081 (1.9s)
m=650 d=3646500 best_n=27 a=25646491 (1.9s)
m=651 d=3652110 best_n=24 a=154239897 (2.0s)
m=652 d=3657720 best_n=26 a=34542517 (1.9s)
m=653 d=3663330 best_n=25 a=126091831 (1.7s)
m=654 d=3668940 best_n=24 a=74451837 (1.9s)
m=655 d=3674550 best_n=25 a=75863737 (2.1s)
m=656 d=3680160 best_n=25 a=164054317 (2.0s)
m=657 d=3685770 best_n=26 a=166116801 (2.0s)
m=658 d=3691380 best_n=24 a=162746983 (1.9s)
m=659 d=3696990 best_n=24 a=35088349 (1.9s)
m=660 d=3702600 best_n=28 a=64879231 (1.9s)
m=661 d=3708210 best_n=26 a=190974463 (2.1s)
m=662 d=3713820 best_n=22 a=219101563 (2.2s)
m=663 d=3719430 best_n=24 a=180430171 (2.0s)
m=664 d=3725040 best_n=25 a=152556229 (1.9s)
m=665 d=3730650 best_n=24 a=200983549 (1.8s)
m=666 d=3736260 best_n=25 a=178950261 (1.9s)
*** new best n=31  a=199373287  d=3741870
m=667 d=3741870 best_n=31 a=199373287 (1.9s)
m=668 d=3747480 best_n=26 a=202628161 (1.9s)
m=669 d=3753090 best_n=23 a=213859189 (1.6s)
m=670 d=3758700 best_n=27 a=18154387 (1.9s)
m=671 d=3764310 best_n=25 a=35791417 (2.0s)
m=672 d=3769920 best_n=27 a=59346651 (2.0s)
m=673 d=3775530 best_n=27 a=107480893 (2.0s)
m=674 d=3781140 best_n=24 a=16687159 (1.8s)
m=675 d=3786750 best_n=25 a=110677287 (1.8s)
m=676 d=3792360 best_n=26 a=3006028 (2.2s)
m=677 d=3797970 best_n=26 a=80773423 (1.9s)
m=678 d=3803580 best_n=26 a=26657407 (1.9s)
m=679 d=3809190 best_n=24 a=68877661 (2.0s)
m=680 d=3814800 best_n=25 a=20586703 (1.8s)
m=681 d=3820410 best_n=25 a=76880379 (1.8s)
m=682 d=3826020 best_n=24 a=63254041 (1.9s)
m=683 d=3831630 best_n=25 a=114483877 (1.8s)
m=684 d=3837240 best_n=25 a=112183821 (2.0s)
m=685 d=3842850 best_n=23 a=164513551 (2.0s)
m=686 d=3848460 best_n=24 a=15840541 (1.8s)
m=687 d=3854070 best_n=27 a=52494319 (1.6s)
m=688 d=3859680 best_n=25 a=45917539 (1.6s)
m=689 d=3865290 best_n=28 a=10012681 (1.6s)
m=690 d=3870900 best_n=27 a=158054803 (1.4s)
m=691 d=3876510 best_n=24 a=37235791 (1.4s)
m=692 d=3882120 best_n=23 a=212671849 (1.7s)
m=693 d=3887730 best_n=27 a=125164821 (1.9s)
m=694 d=3893340 best_n=24 a=149898811 (1.8s)
m=695 d=3898950 best_n=25 a=35612683 (1.9s)
m=696 d=3904560 best_n=28 a=68734348 (1.9s)
m=697 d=3910170 best_n=26 a=54638359 (1.8s)
m=698 d=3915780 best_n=26 a=5201089 (1.8s)
m=699 d=3921390 best_n=25 a=95364751 (1.8s)
m=700 d=3927000 best_n=28 a=11366239 (2.2s)
m=701 d=3932610 best_n=25 a=147879931 (2.5s)
m=702 d=3938220 best_n=25 a=162246783 (1.6s)
m=703 d=3943830 best_n=22 a=216668461 (1.6s)
m=704 d=3949440 best_n=25 a=216011701 (1.6s)
m=705 d=3955050 best_n=27 a=36841369 (1.8s)
m=706 d=3960660 best_n=25 a=137821 (1.8s)
m=707 d=3966270 best_n=24 a=96666763 (2.2s)
m=708 d=3971880 best_n=26 a=358473 (1.9s)
m=709 d=3977490 best_n=26 a=110194891 (1.9s)
m=710 d=3983100 best_n=25 a=39769801 (2.0s)
m=711 d=3988710 best_n=28 a=2766099 (1.6s)
m=712 d=3994320 best_n=25 a=50330491 (1.9s)
m=713 d=3999930 best_n=28 a=69293401 (1.9s)
m=714 d=4005540 best_n=24 a=74822239 (2.1s)
m=715 d=4011150 best_n=25 a=193469977 (2.0s)
m=716 d=4016760 best_n=25 a=211311367 (1.9s)
m=717 d=4022370 best_n=24 a=180925717 (1.9s)
m=718 d=4027980 best_n=23 a=61173247 (1.8s)
m=719 d=4033590 best_n=25 a=191115319 (1.8s)
m=720 d=4039200 best_n=24 a=171870103 (2.3s)
m=721 d=4044810 best_n=29 a=169957567 (2.1s)
m=722 d=4050420 best_n=25 a=85637047 (2.2s)
m=723 d=4056030 best_n=25 a=68169703 (2.0s)
m=724 d=4061640 best_n=25 a=210461503 (1.9s)
m=725 d=4067250 best_n=26 a=187998457 (2.1s)
m=726 d=4072860 best_n=24 a=208439131 (1.7s)
m=727 d=4078470 best_n=23 a=124623811 (1.8s)
m=728 d=4084080 best_n=24 a=63138124 (1.9s)
m=729 d=4089690 best_n=27 a=8821237 (2.0s)
m=730 d=4095300 best_n=27 a=19780153 (1.9s)
m=731 d=4100910 best_n=24 a=184611943 (2.3s)
m=732 d=4106520 best_n=26 a=79586796 (1.9s)
m=733 d=4112130 best_n=24 a=68407291 (2.0s)
m=734 d=4117740 best_n=26 a=137931949 (1.7s)
m=735 d=4123350 best_n=27 a=36428871 (2.0s)
m=736 d=4128960 best_n=27 a=180815836 (2.0s)
m=737 d=4134570 best_n=25 a=865573 (1.9s)
m=738 d=4140180 best_n=28 a=4531419 (1.9s)
m=739 d=4145790 best_n=26 a=130208761 (1.9s)
m=740 d=4151400 best_n=24 a=168149719 (2.1s)
m=741 d=4157010 best_n=23 a=209965219 (2.0s)
m=742 d=4162620 best_n=24 a=68745337 (2.1s)
m=743 d=4168230 best_n=26 a=206962477 (2.0s)
m=744 d=4173840 best_n=26 a=131868381 (1.9s)
m=745 d=4179450 best_n=26 a=132036853 (1.9s)
m=746 d=4185060 best_n=25 a=3025669 (1.9s)
m=747 d=4190670 best_n=27 a=33244113 (1.8s)
m=748 d=4196280 best_n=27 a=136358212 (1.9s)
m=749 d=4201890 best_n=23 a=217238581 (1.8s)
m=750 d=4207500 best_n=27 a=20322075 (2.4s)
m=751 d=4213110 best_n=23 a=30051037 (2.0s)
m=752 d=4218720 best_n=26 a=181168513 (1.9s)
m=753 d=4224330 best_n=26 a=25281697 (1.9s)
m=754 d=4229940 best_n=26 a=6438397 (1.9s)
m=755 d=4235550 best_n=24 a=82670017 (1.9s)
m=756 d=4241160 best_n=28 a=79509703 (1.9s)
m=757 d=4246770 best_n=24 a=201844921 (1.7s)
m=758 d=4252380 best_n=24 a=2114197 (1.8s)
m=759 d=4257990 best_n=28 a=68187649 (2.0s)
m=760 d=4263600 best_n=27 a=20593036 (2.0s)
m=761 d=4269210 best_n=24 a=11504839 (2.1s)
m=762 d=4274820 best_n=27 a=31254871 (2.0s)
m=763 d=4280430 best_n=28 a=39662779 (2.0s)
m=764 d=4286040 best_n=28 a=6424123 (1.9s)
m=765 d=4291650 best_n=24 a=86561307 (1.8s)
m=766 d=4297260 best_n=27 a=9048631 (2.2s)
m=767 d=4302870 best_n=26 a=180622609 (2.1s)
m=768 d=4308480 best_n=24 a=129017731 (2.0s)
m=769 d=4314090 best_n=26 a=141582007 (2.0s)
m=770 d=4319700 best_n=25 a=167204131 (1.9s)
m=771 d=4325310 best_n=26 a=199388793 (2.1s)
m=772 d=4330920 best_n=22 a=218689153 (2.0s)
m=773 d=4336530 best_n=24 a=119717467 (1.6s)
m=774 d=4342140 best_n=27 a=145968859 (1.7s)
m=775 d=4347750 best_n=25 a=109400023 (2.1s)
m=776 d=4353360 best_n=23 a=212392732 (2.0s)
m=777 d=4358970 best_n=24 a=195344299 (1.9s)
m=778 d=4364580 best_n=24 a=201039709 (1.9s)
m=779 d=4370190 best_n=27 a=104529961 (1.9s)
m=780 d=4375800 best_n=27 a=60709537 (2.5s)
m=781 d=4381410 best_n=23 a=158107177 (1.6s)
m=782 d=4387020 best_n=29 a=82051249 (1.7s)
m=783 d=4392630 best_n=30 a=124937121 (2.0s)
m=784 d=4398240 best_n=24 a=84522943 (2.0s)
m=785 d=4403850 best_n=22 a=176586169 (1.9s)
m=786 d=4409460 best_n=23 a=193076859 (1.9s)
m=787 d=4415070 best_n=24 a=90185881 (2.1s)
m=788 d=4420680 best_n=25 a=169865716 (1.8s)
m=789 d=4426290 best_n=25 a=199158537 (1.7s)
m=790 d=4431900 best_n=27 a=21405919 (1.7s)
m=791 d=4437510 best_n=22 a=208632361 (1.9s)
m=792 d=4443120 best_n=27 a=631273 (2.0s)
m=793 d=4448730 best_n=27 a=89249239 (1.9s)
m=794 d=4454340 best_n=25 a=102115231 (2.0s)
m=795 d=4459950 best_n=25 a=16693 (1.9s)
m=796 d=4465560 best_n=25 a=158247601 (1.7s)
m=797 d=4471170 best_n=24 a=192011911 (1.8s)
m=798 d=4476780 best_n=25 a=102150723 (2.1s)
m=799 d=4482390 best_n=25 a=157861249 (2.2s)
m=800 d=4488000 best_n=27 a=70650775 (2.2s)
m=801 d=4493610 best_n=26 a=31365273 (2.0s)
m=802 d=4499220 best_n=26 a=13932427 (2.1s)
m=803 d=4504830 best_n=25 a=943087 (2.1s)
m=804 d=4510440 best_n=26 a=132055741 (2.0s)
m=805 d=4516050 best_n=31 a=3262357 (1.7s)
m=806 d=4521660 best_n=24 a=131381029 (1.6s)
m=807 d=4527270 best_n=24 a=161985091 (1.8s)
m=808 d=4532880 best_n=26 a=190943791 (1.9s)
m=809 d=4538490 best_n=23 a=9033199 (2.0s)
m=810 d=4544100 best_n=27 a=21947841 (1.9s)
m=811 d=4549710 best_n=25 a=151839163 (1.8s)
m=812 d=4555320 best_n=26 a=11043529 (2.4s)
m=813 d=4560930 best_n=25 a=28244703 (1.8s)
m=814 d=4566540 best_n=23 a=194363797 (1.7s)
m=815 d=4572150 best_n=24 a=120707707 (1.9s)
m=816 d=4577760 best_n=24 a=206078448 (2.0s)
m=817 d=4583370 best_n=25 a=200369467 (1.9s)
m=818 d=4588980 best_n=24 a=50632639 (1.9s)
m=819 d=4594590 best_n=26 a=193876633 (1.8s)
G1 BEST last=0 a=0 d=0 (n=35)
BEST n=31 a=199373287 d=3741870  (total 532.2s)
