sieving Loeschian numbers up to N=311958331 (37.2 MiB bitmap)...
sieve selftest: OK
sieve built in 4.2s
*** new best n=25  a=4487716  d=4600200
m=820 d=4600200 best_n=25 a=4487716 (2.9s)
*** new best n=28  a=137617141  d=4605810
m=821 d=4605810 best_n=28 a=137617141 (2.0s)
m=822 d=4611420 best_n=23 a=14902141 (1.9s)
*** new best n=29  a=76463419  d=4617030
m=823 d=4617030 best_n=29 a=76463419 (1.9s)
m=824 d=4622640 best_n=24 a=201625759 (1.9s)
m=825 d=4628250 best_n=25 a=968925 (1.7s)
m=826 d=4633860 best_n=26 a=159250057 (2.0s)
m=827 d=4639470 best_n=25 a=23518267 (2.3s)
*** new best n=30  a=1185619  d=4645080
m=828 d=4645080 best_n=30 a=1185619 (2.1s)
m=829 d=4650690 best_n=29 a=94841371 (1.9s)
m=830 d=4656300 best_n=24 a=89112913 (2.1s)
m=831 d=4661910 best_n=25 a=106643587 (2.0s)
m=832 d=4667520 best_n=26 a=121127692 (1.8s)
m=833 d=4673130 best_n=24 a=190782991 (1.7s)
m=834 d=4678740 best_n=26 a=56712769 (1.9s)
m=835 d=4684350 best_n=23 a=193913977 (2.0s)
m=836 d=4689960 best_n=25 a=981844 (2.0s)
m=837 d=4695570 best_n=25 a=190112673 (1.9s)
m=838 d=4701180 best_n=24 a=184893637 (1.9s)
m=839 d=4706790 best_n=26 a=93050269 (1.9s)
m=840 d=4712400 best_n=27 a=22760724 (1.7s)
m=841 d=4718010 best_n=26 a=95194219 (1.9s)
m=842 d=4723620 best_n=22 a=194345809 (2.1s)
m=843 d=4729230 best_n=23 a=7142479 (1.9s)
m=844 d=4734840 best_n=27 a=18045028 (1.9s)
m=845 d=4740450 best_n=23 a=203082571 (2.0s)
m=846 d=4746060 best_n=27 a=153711991 (2.1s)
m=847 d=4751670 best_n=23 a=4439419 (1.7s)
m=848 d=4757280 best_n=25 a=86639824 (1.9s)
m=849 d=4762890 best_n=25 a=184576549 (2.1s)
m=850 d=4768500 best_n=23 a=125661211 (1.9s)
m=851 d=4774110 best_n=28 a=82705027 (1.9s)
m=852 d=4779720 best_n=26 a=106331916 (1.9s)
m=853 d=4785330 best_n=23 a=205265233 (1.8s)
m=854 d=4790940 best_n=24 a=108232789 (2.0s)
m=855 d=4796550 best_n=23 a=198958041 (2.8s)
m=856 d=4802160 best_n=28 a=70641991 (2.2s)
m=857 d=4807770 best_n=24 a=4492579 (2.3s)
m=858 d=4813380 best_n=25 a=43846039 (1.9s)
m=859 d=4818990 best_n=27 a=170232097 (1.9s)
m=860 d=4824600 best_n=25 a=55709524 (2.1s)
m=861 d=4830210 best_n=26 a=186214971 (1.8s)
m=862 d=4835820 best_n=23 a=180732589 (1.7s)
m=863 d=4841430 best_n=28 a=46611667 (1.9s)
m=864 d=4847040 best_n=27 a=76302837 (2.0s)
m=865 d=4852650 best_n=26 a=177540589 (1.9s)
m=866 d=4858260 best_n=28 a=111477079 (2.0s)
m=867 d=4863870 best_n=25 a=45569893 (1.9s)
m=868 d=4869480 best_n=24 a=47786476 (1.8s)
m=869 d=4875090 best_n=25 a=1020601 (1.9s)
m=870 d=4880700 best_n=28 a=144374187 (1.8s)
m=871 d=4886310 best_n=24 a=57344671 (1.6s)
m=872 d=4891920 best_n=27 a=617161 (1.8s)
m=873 d=4897530 best_n=24 a=192671323 (2.0s)
m=874 d=4903140 best_n=28 a=46478671 (1.9s)
m=875 d=4908750 best_n=26 a=35492353 (1.8s)
m=876 d=4914360 best_n=26 a=65047777 (1.9s)
m=877 d=4919970 best_n=24 a=149077909 (1.8s)
m=878 d=4925580 best_n=22 a=202655131 (1.7s)
m=879 d=4931190 best_n=25 a=20767249 (1.8s)
m=880 d=4936800 best_n=24 a=106475731 (2.0s)
m=881 d=4942410 best_n=25 a=12173263 (1.9s)
m=882 d=4948020 best_n=26 a=36179773 (2.0s)
m=883 d=4953630 best_n=29 a=92097631 (1.8s)
m=884 d=4959240 best_n=24 a=135249193 (1.9s)
m=885 d=4964850 best_n=25 a=130992541 (1.9s)
m=886 d=4970460 best_n=25 a=49518559 (1.9s)
m=887 d=4976070 best_n=24 a=173639533 (1.7s)
m=888 d=4981680 best_n=27 a=83538013 (2.0s)
m=889 d=4987290 best_n=26 a=45442117 (2.2s)
m=890 d=4992900 best_n=25 a=132391843 (2.4s)
m=891 d=4998510 best_n=27 a=10878069 (2.0s)
m=892 d=5004120 best_n=26 a=69668059 (1.8s)
m=893 d=5009730 best_n=27 a=10781107 (2.1s)
m=894 d=5015340 best_n=26 a=2273347 (1.9s)
m=895 d=5020950 best_n=23 a=187314469 (1.9s)
m=896 d=5026560 best_n=27 a=79128868 (2.0s)
m=897 d=5032170 best_n=28 a=95041297 (1.9s)
m=898 d=5037780 best_n=26 a=23039167 (2.0s)
m=899 d=5043390 best_n=26 a=129367957 (2.0s)
m=900 d=5049000 best_n=25 a=147569716 (2.0s)
m=901 d=5054610 best_n=24 a=4842301 (2.8s)
m=902 d=5060220 best_n=27 a=2689789 (2.3s)
m=903 d=5065830 best_n=27 a=98628901 (2.0s)
m=904 d=5071440 best_n=25 a=112941739 (2.1s)
m=905 d=5077050 best_n=22 a=148622557 (1.9s)
m=906 d=5082660 best_n=25 a=107438839 (2.0s)
m=907 d=5088270 best_n=25 a=172404901 (2.2s)
m=908 d=5093880 best_n=26 a=169839547 (1.8s)
m=909 d=5099490 best_n=24 a=182495011 (1.8s)
m=910 d=5105100 best_n=27 a=24657451 (1.7s)
m=911 d=5110710 best_n=28 a=151358899 (1.9s)
m=912 d=5116320 best_n=25 a=149578428 (2.3s)
m=913 d=5121930 best_n=27 a=10128751 (1.9s)
m=914 d=5127540 best_n=24 a=35321599 (1.9s)
m=915 d=5133150 best_n=25 a=61441261 (2.1s)
m=916 d=5138760 best_n=25 a=17249524 (2.0s)
m=917 d=5144370 best_n=24 a=3187471 (1.9s)
m=918 d=5149980 best_n=24 a=72898389 (1.9s)
m=919 d=5155590 best_n=22 a=152140057 (2.1s)
m=920 d=5161200 best_n=27 a=148306447 (2.0s)
m=921 d=5166810 best_n=23 a=196081711 (2.1s)
m=922 d=5172420 best_n=28 a=70986847 (1.9s)
m=923 d=5178030 best_n=27 a=165265933 (1.9s)
m=924 d=5183640 best_n=27 a=166886428 (1.8s)
m=925 d=5189250 best_n=25 a=130574221 (1.9s)
m=926 d=5194860 best_n=23 a=180682933 (1.7s)
m=927 d=5200470 best_n=23 a=126894997 (2.0s)
m=928 d=5206080 best_n=28 a=45583372 (2.1s)
m=929 d=5211690 best_n=25 a=22666333 (2.0s)
m=930 d=5217300 best_n=27 a=25199373 (2.0s)
m=931 d=5222910 best_n=23 a=147160801 (1.9s)
m=932 d=5228520 best_n=27 a=16536577 (1.9s)
m=933 d=5234130 best_n=27 a=100146207 (1.9s)
m=934 d=5239740 best_n=25 a=60439897 (2.3s)
m=935 d=5245350 best_n=23 a=195997597 (2.0s)
m=936 d=5250960 best_n=24 a=141651172 (2.0s)
m=937 d=5256570 best_n=23 a=53160109 (2.0s)
m=938 d=5262180 best_n=24 a=34170511 (1.9s)
m=939 d=5267790 best_n=23 a=143346729 (1.9s)
m=940 d=5273400 best_n=26 a=122647507 (1.9s)
m=941 d=5279010 best_n=25 a=166599253 (1.8s)
m=942 d=5284620 best_n=25 a=4146133 (1.6s)
m=943 d=5290230 best_n=29 a=120743479 (1.9s)
m=944 d=5295840 best_n=26 a=477964 (2.1s)
m=945 d=5301450 best_n=24 a=73027803 (2.0s)
m=946 d=5307060 best_n=24 a=47457781 (1.8s)
m=947 d=5312670 best_n=24 a=174224419 (1.8s)
m=948 d=5318280 best_n=28 a=59996707 (1.8s)
m=949 d=5323890 best_n=24 a=86578207 (2.3s)
m=950 d=5329500 best_n=27 a=37483333 (1.9s)
m=951 d=5335110 best_n=27 a=19861297 (1.9s)
m=952 d=5340720 best_n=26 a=80756641 (1.8s)
m=953 d=5346330 best_n=23 a=21689443 (1.9s)
m=954 d=5351940 best_n=29 a=3543501 (1.9s)
m=955 d=5357550 best_n=24 a=184464859 (1.8s)
m=956 d=5363160 best_n=28 a=165772153 (1.8s)
m=957 d=5368770 best_n=25 a=116772703 (2.0s)
m=958 d=5374380 best_n=26 a=85400881 (1.8s)
m=959 d=5379990 best_n=27 a=90004687 (1.8s)
m=960 d=5385600 best_n=25 a=104538901 (1.9s)
m=961 d=5391210 best_n=26 a=45709057 (1.6s)
m=962 d=5396820 best_n=24 a=83432521 (1.4s)
m=963 d=5402430 best_n=28 a=82400533 (1.3s)
m=964 d=5408040 best_n=25 a=129483421 (1.5s)
m=965 d=5413650 best_n=24 a=6842161 (1.7s)
m=966 d=5419260 best_n=29 a=22422189 (1.9s)
m=967 d=5424870 best_n=24 a=9748033 (1.9s)
m=968 d=5430480 best_n=23 a=140118163 (1.9s)
m=969 d=5436090 best_n=25 a=68592613 (1.9s)
m=970 d=5441700 best_n=27 a=26283217 (1.8s)
m=971 d=5447310 best_n=24 a=158751211 (1.9s)
m=972 d=5452920 best_n=28 a=102226761 (1.8s)
m=973 d=5458530 best_n=28 a=121007257 (2.6s)
m=974 d=5464140 best_n=24 a=36941029 (2.0s)
m=975 d=5469750 best_n=25 a=137632287 (1.7s)
m=976 d=5475360 best_n=26 a=106115728 (1.6s)
m=977 d=5480970 best_n=24 a=185521873 (1.6s)
m=978 d=5486580 best_n=27 a=16821201 (1.8s)
m=979 d=5492190 best_n=25 a=34228609 (1.9s)
m=980 d=5497800 best_n=27 a=48571828 (2.3s)
m=981 d=5503410 best_n=24 a=133632661 (1.9s)
m=982 d=5509020 best_n=24 a=16693387 (2.0s)
m=983 d=5514630 best_n=23 a=98691271 (1.8s)
m=984 d=5520240 best_n=28 a=6041892 (1.6s)
m=985 d=5525850 best_n=24 a=83048743 (1.8s)
m=986 d=5531460 best_n=27 a=66540379 (2.0s)
m=987 d=5537070 best_n=28 a=128386783 (2.1s)
m=988 d=5542680 best_n=25 a=162043297 (2.0s)
m=989 d=5548290 best_n=28 a=96116653 (1.8s)
m=990 d=5553900 best_n=28 a=20689087 (2.1s)
m=991 d=5559510 best_n=22 a=193021309 (1.7s)
m=992 d=5565120 best_n=27 a=87606961 (2.2s)
m=993 d=5570730 best_n=24 a=181513353 (1.9s)
m=994 d=5576340 best_n=24 a=27643651 (2.1s)
m=995 d=5581950 best_n=25 a=152532607 (2.1s)
m=996 d=5587560 best_n=27 a=44325484 (2.0s)
m=997 d=5593170 best_n=24 a=3500287 (1.9s)
m=998 d=5598780 best_n=25 a=60978739 (2.0s)
m=999 d=5604390 best_n=24 a=27181173 (1.8s)
m=1000 d=5610000 best_n=27 a=27096100 (1.9s)
m=1001 d=5615610 best_n=25 a=1175629 (1.9s)
m=1002 d=5621220 best_n=24 a=95318791 (2.0s)
m=1003 d=5626830 best_n=23 a=68976067 (2.0s)
m=1004 d=5632440 best_n=28 a=152141629 (2.1s)
m=1005 d=5638050 best_n=23 a=51141619 (2.0s)
m=1006 d=5643660 best_n=23 a=51497239 (1.7s)
m=1007 d=5649270 best_n=25 a=102884791 (1.7s)
m=1008 d=5654880 best_n=25 a=7740588 (1.9s)
m=1009 d=5660490 best_n=22 a=192949651 (1.9s)
m=1010 d=5666100 best_n=24 a=15733537 (1.9s)
m=1011 d=5671710 best_n=24 a=215157 (1.9s)
m=1012 d=5677320 best_n=27 a=162463483 (1.9s)
m=1013 d=5682930 best_n=24 a=9526573 (2.3s)
m=1014 d=5688540 best_n=24 a=87942387 (2.4s)
m=1015 d=5694150 best_n=27 a=153104899 (1.9s)
m=1016 d=5699760 best_n=25 a=119257132 (2.0s)
m=1017 d=5705370 best_n=26 a=92519677 (1.9s)
m=1018 d=5710980 best_n=23 a=58615411 (1.9s)
m=1019 d=5716590 best_n=22 a=168855967 (1.9s)
m=1020 d=5722200 best_n=25 a=116411169 (2.0s)
m=1021 d=5727810 best_n=22 a=145750453 (1.8s)
m=1022 d=5733420 best_n=25 a=16981 (1.9s)
m=1023 d=5739030 best_n=26 a=163092247 (2.4s)
m=1024 d=5744640 best_n=28 a=129420331 (2.0s)
m=1025 d=5750250 best_n=27 a=131340289 (1.8s)
m=1026 d=5755860 best_n=25 a=121694751 (2.0s)
m=1027 d=5761470 best_n=25 a=3219247 (1.9s)
m=1028 d=5767080 best_n=23 a=11623717 (2.0s)
m=1029 d=5772690 best_n=24 a=114056373 (1.9s)
m=1030 d=5778300 best_n=27 a=27908983 (1.7s)
m=1031 d=5783910 best_n=23 a=158820961 (2.0s)
m=1032 d=5789520 best_n=23 a=7960924 (2.0s)
m=1033 d=5795130 best_n=22 a=114944551 (2.0s)
m=1034 d=5800740 best_n=26 a=5311453 (1.9s)
*** new best n=31  a=4194459  d=5806350
m=1035 d=5806350 best_n=31 a=4194459 (2.0s)
m=1036 d=5811960 best_n=27 a=29052763 (1.9s)
m=1037 d=5817570 best_n=24 a=154517941 (1.9s)
m=1038 d=5823180 best_n=25 a=152276457 (1.8s)
m=1039 d=5828790 best_n=23 a=11568913 (2.2s)
m=1040 d=5834400 best_n=26 a=57809116 (2.0s)
m=1041 d=5840010 best_n=24 a=122583733 (2.1s)
m=1042 d=5845620 best_n=28 a=99585403 (1.9s)
m=1043 d=5851230 best_n=26 a=133693441 (2.0s)
m=1044 d=5856840 best_n=27 a=79741047 (2.2s)
m=1045 d=5862450 best_n=24 a=15761101 (1.9s)
m=1046 d=5868060 best_n=24 a=171740653 (1.7s)
m=1047 d=5873670 best_n=24 a=70684717 (1.9s)
m=1048 d=5879280 best_n=24 a=3247921 (1.9s)
m=1049 d=5884890 best_n=24 a=14051533 (2.1s)
m=1050 d=5890500 best_n=27 a=41428947 (1.8s)
m=1051 d=5896110 best_n=23 a=176704879 (1.8s)
m=1052 d=5901720 best_n=25 a=37778143 (2.3s)
m=1053 d=5907330 best_n=24 a=110930979 (2.0s)
m=1054 d=5912940 best_n=24 a=153058867 (1.8s)
m=1055 d=5918550 best_n=25 a=127596367 (1.9s)
m=1056 d=5924160 best_n=24 a=90024436 (2.0s)
m=1057 d=5929770 best_n=24 a=172304959 (1.9s)
*** new best n=33  a=95618329  d=5935380
m=1058 d=5935380 best_n=33 a=95618329 (2.0s)
m=1059 d=5940990 best_n=24 a=5142037 (2.0s)
m=1060 d=5946600 best_n=25 a=166435123 (1.9s)
m=1061 d=5952210 best_n=27 a=29824981 (1.8s)
m=1062 d=5957820 best_n=25 a=96978873 (1.8s)
m=1063 d=5963430 best_n=26 a=4580377 (1.9s)
m=1064 d=5969040 best_n=27 a=22718689 (1.9s)
m=1065 d=5974650 best_n=28 a=93988777 (2.0s)
m=1066 d=5980260 best_n=28 a=6545383 (1.9s)
m=1067 d=5985870 best_n=25 a=1253143 (1.9s)
m=1068 d=5991480 best_n=26 a=41820364 (1.8s)
m=1069 d=5997090 best_n=24 a=84116473 (1.7s)
m=1070 d=6002700 best_n=26 a=142811017 (2.1s)
m=1071 d=6008310 best_n=25 a=32036863 (2.1s)
m=1072 d=6013920 best_n=25 a=65516716 (2.2s)
m=1073 d=6019530 best_n=25 a=8571799 (2.0s)
m=1074 d=6025140 best_n=24 a=90862797 (2.1s)
m=1075 d=6030750 best_n=25 a=151748419 (2.0s)
m=1076 d=6036360 best_n=27 a=31727953 (2.1s)
m=1077 d=6041970 best_n=24 a=7155529 (1.9s)
m=1078 d=6047580 best_n=24 a=17581489 (1.6s)
m=1079 d=6053190 best_n=24 a=42055309 (1.7s)
m=1080 d=6058800 best_n=27 a=138703431 (1.9s)
m=1081 d=6064410 best_n=27 a=139056223 (2.0s)
m=1082 d=6070020 best_n=24 a=114226129 (2.0s)
m=1083 d=6075630 best_n=22 a=182507641 (1.8s)
m=1084 d=6081240 best_n=25 a=125346259 (1.9s)
m=1085 d=6086850 best_n=22 a=171030223 (2.3s)
m=1086 d=6092460 best_n=26 a=157101163 (1.6s)
m=1087 d=6098070 best_n=24 a=170401801 (1.8s)
m=1088 d=6103680 best_n=24 a=162117184 (1.9s)
m=1089 d=6109290 best_n=24 a=163694551 (1.9s)
m=1090 d=6114900 best_n=27 a=29534749 (1.8s)
m=1091 d=6120510 best_n=24 a=45823627 (1.8s)
m=1092 d=6126120 best_n=25 a=8385637 (1.7s)
G1 BEST last=0 a=0 d=0 (n=35)
BEST n=33 a=95618329 d=5935380  (total 532.9s)
