sieving Loeschian numbers up to N=311958331 (37.2 MiB bitmap)...
sieve selftest: OK
sieve built in 3.9s
*** new best n=22  a=168480979  d=6131730
m=1093 d=6131730 best_n=22 a=168480979 (2.9s)
*** new best n=26  a=30128617  d=6137340
m=1094 d=6137340 best_n=26 a=30128617 (2.0s)
m=1095 d=6142950 best_n=25 a=109754121 (1.9s)
m=1096 d=6148560 best_n=23 a=111662497 (1.8s)
m=1097 d=6154170 best_n=24 a=66975319 (1.9s)
m=1098 d=6159780 best_n=25 a=51039751 (1.8s)
m=1099 d=6165390 best_n=23 a=22440277 (1.9s)
m=1100 d=6171000 best_n=26 a=143849779 (2.1s)
m=1101 d=6176610 best_n=25 a=25493977 (2.4s)
m=1102 d=6182220 best_n=26 a=35342767 (1.9s)
m=1103 d=6187830 best_n=24 a=141654277 (2.1s)
*** new best n=28  a=116973904  d=6193440
m=1104 d=6193440 best_n=28 a=116973904 (2.0s)
m=1105 d=6199050 best_n=25 a=3899989 (1.9s)
m=1106 d=6204660 best_n=25 a=145833529 (1.7s)
m=1107 d=6210270 best_n=23 a=30979611 (2.0s)
m=1108 d=6215880 best_n=23 a=106450177 (2.1s)
m=1109 d=6221490 best_n=25 a=110430409 (2.0s)
m=1110 d=6227100 best_n=27 a=30076671 (1.9s)
m=1111 d=6232710 best_n=23 a=65264767 (2.0s)
m=1112 d=6238320 best_n=23 a=117526876 (1.9s)
m=1113 d=6243930 best_n=27 a=101328577 (1.8s)
m=1114 d=6249540 best_n=26 a=34928017 (1.9s)
m=1115 d=6255150 best_n=24 a=153162871 (2.0s)
m=1116 d=6260760 best_n=23 a=105298497 (1.9s)
m=1117 d=6266370 best_n=26 a=80785669 (1.8s)
m=1118 d=6271980 best_n=24 a=96962119 (1.9s)
m=1119 d=6277590 best_n=28 a=106706707 (1.9s)
m=1120 d=6283200 best_n=27 a=30347632 (2.0s)
m=1121 d=6288810 best_n=23 a=153817627 (2.0s)
m=1122 d=6294420 best_n=22 a=145256763 (1.9s)
m=1123 d=6300030 best_n=22 a=175641019 (2.0s)
m=1124 d=6305640 best_n=24 a=142315603 (1.9s)
m=1125 d=6311250 best_n=28 a=48067741 (1.9s)
m=1126 d=6316860 best_n=25 a=46415653 (1.8s)
m=1127 d=6322470 best_n=28 a=109528279 (2.0s)
m=1128 d=6328080 best_n=26 a=72364453 (2.7s)
m=1129 d=6333690 best_n=24 a=5820193 (2.2s)
m=1130 d=6339300 best_n=26 a=19080859 (2.2s)
m=1131 d=6344910 best_n=25 a=140633953 (1.9s)
m=1132 d=6350520 best_n=23 a=29287 (2.0s)
m=1133 d=6356130 best_n=25 a=1330657 (1.9s)
m=1134 d=6361740 best_n=26 a=46516851 (1.7s)
m=1135 d=6367350 best_n=24 a=20696461 (1.7s)
m=1136 d=6372960 best_n=28 a=50047279 (1.9s)
m=1137 d=6378570 best_n=23 a=58838149 (2.0s)
m=1138 d=6384180 best_n=22 a=136384849 (2.0s)
m=1139 d=6389790 best_n=23 a=169716427 (2.0s)
m=1140 d=6395400 best_n=25 a=11175303 (1.8s)
m=1141 d=6401010 best_n=24 a=93129481 (1.9s)
m=1142 d=6406620 best_n=24 a=52405351 (2.0s)
m=1143 d=6412230 best_n=26 a=58425579 (1.7s)
m=1144 d=6417840 best_n=23 a=163689973 (1.6s)
m=1145 d=6423450 best_n=24 a=70547491 (1.9s)
m=1146 d=6429060 best_n=26 a=146633781 (2.1s)
m=1147 d=6434670 best_n=22 a=174148669 (1.9s)
m=1148 d=6440280 best_n=26 a=91327231 (1.8s)
m=1149 d=6445890 best_n=24 a=116107969 (1.9s)
m=1150 d=6451500 best_n=28 a=53773207 (1.9s)
m=1151 d=6457110 best_n=24 a=123354457 (1.7s)
m=1152 d=6462720 best_n=27 a=101737116 (1.9s)
m=1153 d=6468330 best_n=23 a=103113631 (2.0s)
m=1154 d=6473940 best_n=24 a=67823467 (1.9s)
m=1155 d=6479550 best_n=24 a=27957 (2.0s)
m=1156 d=6485160 best_n=23 a=88715908 (1.9s)
m=1157 d=6490770 best_n=25 a=2825749 (1.9s)
m=1158 d=6496380 best_n=23 a=60906729 (1.8s)
m=1159 d=6501990 best_n=26 a=126012427 (1.8s)
*** new best n=30  a=23043013  d=6507600
m=1160 d=6507600 best_n=30 a=23043013 (1.8s)
m=1161 d=6513210 best_n=27 a=126808587 (1.9s)
m=1162 d=6518820 best_n=23 a=127451041 (2.2s)
m=1163 d=6524430 best_n=24 a=59330473 (2.2s)
m=1164 d=6530040 best_n=23 a=12556587 (1.8s)
m=1165 d=6535650 best_n=23 a=25790917 (1.9s)
m=1166 d=6541260 best_n=27 a=7774021 (2.0s)
m=1167 d=6546870 best_n=24 a=36631731 (1.8s)
m=1168 d=6552480 best_n=25 a=129291703 (1.8s)
m=1169 d=6558090 best_n=24 a=21865579 (1.9s)
m=1170 d=6563700 best_n=27 a=31702437 (1.9s)
m=1171 d=6569310 best_n=23 a=97856689 (1.9s)
m=1172 d=6574920 best_n=24 a=36952699 (2.0s)
m=1173 d=6580530 best_n=28 a=86654779 (1.9s)
m=1174 d=6586140 best_n=25 a=102303187 (2.8s)
m=1175 d=6591750 best_n=24 a=156475753 (2.3s)
m=1176 d=6597360 best_n=25 a=39158908 (2.1s)
m=1177 d=6602970 best_n=26 a=39441823 (1.9s)
m=1178 d=6608580 best_n=26 a=33136207 (1.9s)
m=1179 d=6614190 best_n=25 a=132137791 (1.9s)
m=1180 d=6619800 best_n=27 a=8113909 (2.0s)
m=1181 d=6625410 best_n=23 a=780037 (2.2s)
m=1182 d=6631020 best_n=23 a=1945627 (1.9s)
m=1183 d=6636630 best_n=26 a=5260549 (1.8s)
m=1184 d=6642240 best_n=27 a=104563147 (1.8s)
m=1185 d=6647850 best_n=22 a=170753137 (2.1s)
m=1186 d=6653460 best_n=24 a=53055751 (2.0s)
m=1187 d=6659070 best_n=24 a=117377863 (2.0s)
m=1188 d=6664680 best_n=27 a=14504092 (2.0s)
m=1189 d=6670290 best_n=28 a=74615089 (2.0s)
m=1190 d=6675900 best_n=24 a=144371119 (1.9s)
m=1191 d=6681510 best_n=23 a=26725521 (1.9s)
m=1192 d=6687120 best_n=25 a=46315663 (2.1s)
m=1193 d=6692730 best_n=23 a=82968889 (1.9s)
m=1194 d=6698340 best_n=24 a=79159791 (2.0s)
m=1195 d=6703950 best_n=24 a=15095611 (2.0s)
m=1196 d=6709560 best_n=28 a=116234092 (2.0s)
m=1197 d=6715170 best_n=24 a=46698843 (1.9s)
m=1198 d=6720780 best_n=27 a=130698637 (1.9s)
m=1199 d=6726390 best_n=25 a=1408171 (1.7s)
m=1200 d=6732000 best_n=25 a=149926924 (1.9s)
m=1201 d=6737610 best_n=26 a=69391291 (2.1s)
m=1202 d=6743220 best_n=24 a=27445537 (2.0s)
m=1203 d=6748830 best_n=28 a=35293153 (2.0s)
m=1204 d=6754440 best_n=25 a=85501219 (1.9s)
m=1205 d=6760050 best_n=22 a=147667411 (2.0s)
m=1206 d=6765660 best_n=23 a=36635029 (1.9s)
m=1207 d=6771270 best_n=24 a=102784039 (2.2s)
m=1208 d=6776880 best_n=27 a=73401727 (2.2s)
m=1209 d=6782490 best_n=25 a=59422333 (2.0s)
m=1210 d=6788100 best_n=27 a=32786281 (2.0s)
m=1211 d=6793710 best_n=23 a=144152953 (2.0s)
m=1212 d=6799320 best_n=26 a=47228539 (1.9s)
m=1213 d=6804930 best_n=24 a=3409003 (1.9s)
m=1214 d=6810540 best_n=25 a=81686557 (1.8s)
m=1215 d=6816150 best_n=24 a=153821667 (1.8s)
m=1216 d=6821760 best_n=24 a=4980211 (1.9s)
m=1217 d=6827370 best_n=23 a=25344919 (2.0s)
m=1218 d=6832980 best_n=28 a=120285109 (1.9s)
m=1219 d=6838590 best_n=27 a=126797293 (1.8s)
m=1220 d=6844200 best_n=24 a=74452033 (1.9s)
m=1221 d=6849810 best_n=25 a=1434009 (1.7s)
m=1222 d=6855420 best_n=23 a=61856701 (2.2s)
m=1223 d=6861030 best_n=24 a=133286653 (1.9s)
m=1224 d=6866640 best_n=27 a=32593989 (1.9s)
m=1225 d=6872250 best_n=26 a=133093039 (1.9s)
m=1226 d=6877860 best_n=26 a=97822411 (1.8s)
m=1227 d=6883470 best_n=28 a=32375941 (1.8s)
m=1228 d=6889080 best_n=25 a=6877261 (1.9s)
m=1229 d=6894690 best_n=24 a=45302137 (1.8s)
m=1230 d=6900300 best_n=28 a=118286661 (2.0s)
m=1231 d=6905910 best_n=23 a=9778669 (1.9s)
m=1232 d=6911520 best_n=25 a=1446928 (1.8s)
m=1233 d=6917130 best_n=25 a=24232347 (1.6s)
m=1234 d=6922740 best_n=23 a=84657187 (1.6s)
m=1235 d=6928350 best_n=24 a=148368223 (1.6s)
m=1236 d=6933960 best_n=25 a=11948617 (1.4s)
m=1237 d=6939570 best_n=23 a=39263101 (1.5s)
m=1238 d=6945180 best_n=22 a=142687129 (1.7s)
m=1239 d=6950790 best_n=22 a=153998047 (1.9s)
m=1240 d=6956400 best_n=27 a=33599164 (1.8s)
m=1241 d=6962010 best_n=23 a=117248089 (1.8s)
m=1242 d=6967620 best_n=29 a=80846049 (1.8s)
m=1243 d=6973230 best_n=23 a=43760659 (1.8s)
m=1244 d=6978840 best_n=26 a=133528276 (1.8s)
m=1245 d=6984450 best_n=25 a=39291349 (1.8s)
m=1246 d=6990060 best_n=25 a=38117023 (2.0s)
m=1247 d=6995670 best_n=26 a=80923441 (2.7s)
m=1248 d=7001280 best_n=27 a=110215209 (1.6s)
m=1249 d=7006890 best_n=24 a=148366717 (1.6s)
m=1250 d=7012500 best_n=27 a=49320175 (1.5s)
m=1251 d=7018110 best_n=26 a=63399991 (1.7s)
m=1252 d=7023720 best_n=24 a=87065989 (1.8s)
m=1253 d=7029330 best_n=26 a=98555719 (2.2s)
m=1254 d=7034940 best_n=25 a=9747049 (2.0s)
m=1255 d=7040550 best_n=28 a=33412693 (1.8s)
m=1256 d=7046160 best_n=23 a=151365388 (2.1s)
m=1257 d=7051770 best_n=24 a=61885897 (1.7s)
m=1258 d=7057380 best_n=22 a=134676307 (1.9s)
m=1259 d=7062990 best_n=22 a=154809079 (1.9s)
m=1260 d=7068600 best_n=24 a=97370404 (2.0s)
m=1261 d=7074210 best_n=25 a=116107999 (1.9s)
m=1262 d=7079820 best_n=24 a=119164759 (1.8s)
m=1263 d=7085430 best_n=22 a=161071051 (1.9s)
m=1264 d=7091040 best_n=24 a=45977473 (1.9s)
m=1265 d=7096650 best_n=27 a=25508491 (1.6s)
m=1266 d=7102260 best_n=23 a=411409 (2.2s)
m=1267 d=7107870 best_n=24 a=77339353 (2.0s)
m=1268 d=7113480 best_n=23 a=114156511 (2.2s)
m=1269 d=7119090 best_n=26 a=91524837 (2.0s)
m=1270 d=7124700 best_n=27 a=34412047 (2.0s)
*** new best n=31  a=11404177  d=7130310
m=1271 d=7130310 best_n=31 a=11404177 (2.1s)
m=1272 d=7135920 best_n=29 a=4724668 (1.9s)
m=1273 d=7141530 best_n=23 a=102609481 (1.8s)
m=1274 d=7147140 best_n=24 a=110491717 (1.9s)
m=1275 d=7152750 best_n=24 a=96045841 (2.1s)
m=1276 d=7158360 best_n=26 a=90782899 (1.9s)
m=1277 d=7163970 best_n=24 a=30387547 (2.2s)
m=1278 d=7169580 best_n=25 a=109413169 (2.0s)
m=1279 d=7175190 best_n=25 a=84334021 (1.7s)
m=1280 d=7180800 best_n=24 a=58219651 (1.7s)
m=1281 d=7186410 best_n=25 a=139276893 (1.8s)
m=1282 d=7192020 best_n=24 a=32618923 (2.0s)
m=1283 d=7197630 best_n=24 a=144192337 (1.9s)
m=1284 d=7203240 best_n=25 a=138258561 (2.0s)
m=1285 d=7208850 best_n=30 a=59958559 (1.9s)
m=1286 d=7214460 best_n=24 a=4076659 (1.9s)
m=1287 d=7220070 best_n=25 a=96923361 (1.8s)
m=1288 d=7225680 best_n=29 a=29896252 (2.3s)
m=1289 d=7231290 best_n=23 a=2519113 (2.1s)
m=1290 d=7236900 best_n=27 a=34953969 (1.9s)
m=1291 d=7242510 best_n=25 a=77739427 (1.9s)
m=1292 d=7248120 best_n=26 a=128523829 (1.9s)
m=1293 d=7253730 best_n=23 a=526429 (1.9s)
m=1294 d=7259340 best_n=22 a=125952841 (1.9s)
m=1295 d=7264950 best_n=23 a=3914407 (1.8s)
m=1296 d=7270560 best_n=27 a=101222787 (2.4s)
m=1297 d=7276170 best_n=25 a=111601531 (2.1s)
m=1298 d=7281780 best_n=23 a=58690963 (1.9s)
m=1299 d=7287390 best_n=23 a=71338459 (1.9s)
m=1300 d=7293000 best_n=25 a=28808572 (2.0s)
m=1301 d=7298610 best_n=25 a=91145179 (2.0s)
m=1302 d=7304220 best_n=25 a=122557557 (2.0s)
m=1303 d=7309830 best_n=25 a=33950863 (1.7s)
m=1304 d=7315440 best_n=27 a=22428268 (1.7s)
m=1305 d=7321050 best_n=26 a=81038767 (2.0s)
m=1306 d=7326660 best_n=24 a=56042629 (2.2s)
m=1307 d=7332270 best_n=23 a=14745157 (2.0s)
m=1308 d=7337880 best_n=25 a=107821489 (2.0s)
m=1309 d=7343490 best_n=24 a=80614837 (2.0s)
m=1310 d=7349100 best_n=24 a=61651897 (1.9s)
m=1311 d=7354710 best_n=27 a=47843031 (1.9s)
m=1312 d=7360320 best_n=28 a=8055856 (2.1s)
m=1313 d=7365930 best_n=23 a=90586609 (2.2s)
m=1314 d=7371540 best_n=23 a=17370769 (2.0s)
m=1315 d=7377150 best_n=22 a=150692887 (2.0s)
m=1316 d=7382760 best_n=23 a=43947661 (2.0s)
m=1317 d=7388370 best_n=25 a=648697 (2.2s)
m=1318 d=7393980 best_n=30 a=53461621 (2.0s)
m=1319 d=7399590 best_n=25 a=105195349 (1.7s)
m=1320 d=7405200 best_n=25 a=129740437 (1.7s)
m=1321 d=7410810 best_n=25 a=25989907 (2.0s)
m=1322 d=7416420 best_n=27 a=68415067 (2.0s)
m=1323 d=7422030 best_n=25 a=85255743 (1.9s)
m=1324 d=7427640 best_n=24 a=97694956 (2.0s)
m=1325 d=7433250 best_n=27 a=35022109 (2.0s)
m=1326 d=7438860 best_n=24 a=105297673 (2.6s)
m=1327 d=7444470 best_n=24 a=32992849 (1.6s)
m=1328 d=7450080 best_n=26 a=45837727 (1.7s)
m=1329 d=7455690 best_n=24 a=19539889 (1.9s)
m=1330 d=7461300 best_n=27 a=36037813 (1.9s)
m=1331 d=7466910 best_n=25 a=76953259 (1.9s)
m=1332 d=7472520 best_n=26 a=74330199 (1.9s)
m=1333 d=7478130 best_n=22 a=119057869 (2.1s)
m=1334 d=7483740 best_n=31 a=10435699 (1.8s)
m=1335 d=7489350 best_n=25 a=13522539 (1.6s)
m=1336 d=7494960 best_n=24 a=138690931 (1.8s)
m=1337 d=7500570 best_n=26 a=59250133 (1.9s)
m=1338 d=7506180 best_n=24 a=8439457 (1.9s)
m=1339 d=7511790 best_n=24 a=79827727 (2.0s)
m=1340 d=7517400 best_n=22 a=150135409 (2.0s)
m=1341 d=7523010 best_n=23 a=74385633 (2.1s)
m=1342 d=7528620 best_n=25 a=29352019 (1.7s)
m=1343 d=7534230 best_n=25 a=116565253 (1.8s)
m=1344 d=7539840 best_n=25 a=10320784 (2.1s)
m=1345 d=7545450 best_n=23 a=32218099 (2.3s)
m=1346 d=7551060 best_n=27 a=51670741 (2.0s)
m=1347 d=7556670 best_n=24 a=63816133 (2.0s)
m=1348 d=7562280 best_n=24 a=286876 (2.1s)
m=1349 d=7567890 best_n=25 a=26701243 (2.2s)
m=1350 d=7573500 best_n=27 a=53265789 (2.0s)
m=1351 d=7579110 best_n=22 a=100394161 (1.7s)
m=1352 d=7584720 best_n=24 a=117256516 (1.6s)
m=1353 d=7590330 best_n=24 a=105488473 (1.8s)
m=1354 d=7595940 best_n=25 a=46195519 (2.0s)
m=1355 d=7601550 best_n=24 a=724741 (1.9s)
m=1356 d=7607160 best_n=25 a=9320809 (1.8s)
m=1357 d=7612770 best_n=26 a=115849741 (1.8s)
m=1358 d=7618380 best_n=22 a=117346159 (2.2s)
m=1359 d=7623990 best_n=23 a=104504227 (1.9s)
m=1360 d=7629600 best_n=23 a=130478713 (1.7s)
m=1361 d=7635210 best_n=22 a=118500499 (1.9s)
m=1362 d=7640820 best_n=23 a=57755361 (2.0s)
m=1363 d=7646430 best_n=30 a=57536689 (1.9s)
m=1364 d=7652040 best_n=25 a=1601956 (1.9s)
m=1365 d=7657650 best_n=23 a=38382097 (1.9s)
G1 BEST last=0 a=0 d=0 (n=35)
BEST n=31 a=11404177 d=7130310  (total 532.0s)
