sieving Loeschian numbers up to N=311958331 (37.2 MiB bitmap)...
sieve selftest: OK
sieve built in 3.9s
*** new best n=24  a=26861551  d=7663260
m=1366 d=7663260 best_n=24 a=26861551 (2.8s)
m=1367 d=7668870 best_n=22 a=79468177 (2.0s)
*** new best n=27  a=29209743  d=7674480
m=1368 d=7674480 best_n=27 a=29209743 (1.9s)
m=1369 d=7680090 best_n=27 a=62656657 (1.9s)
m=1370 d=7685700 best_n=25 a=126791107 (1.9s)
m=1371 d=7691310 best_n=26 a=27125851 (1.8s)
m=1372 d=7696920 best_n=22 a=142345084 (2.0s)
m=1373 d=7702530 best_n=25 a=103135207 (2.2s)
m=1374 d=7708140 best_n=26 a=94325833 (2.2s)
m=1375 d=7713750 best_n=23 a=120107923 (2.1s)
m=1376 d=7719360 best_n=25 a=121519333 (2.0s)
m=1377 d=7724970 best_n=23 a=103656303 (1.9s)
m=1378 d=7730580 best_n=25 a=53525653 (1.8s)
m=1379 d=7736190 best_n=23 a=61779571 (1.7s)
*** new best n=31  a=5592612  d=7741800
m=1380 d=7741800 best_n=31 a=5592612 (1.9s)
m=1381 d=7747410 best_n=25 a=1500667 (2.0s)
m=1382 d=7753020 best_n=24 a=73679677 (2.2s)
m=1383 d=7758630 best_n=24 a=29028477 (1.9s)
m=1384 d=7764240 best_n=25 a=40154149 (2.0s)
m=1385 d=7769850 best_n=25 a=22254973 (1.8s)
m=1386 d=7775460 best_n=24 a=20847297 (1.8s)
m=1387 d=7781070 best_n=24 a=103599709 (2.0s)
m=1388 d=7786680 best_n=23 a=115039411 (1.9s)
m=1389 d=7792290 best_n=24 a=5421819 (2.0s)
m=1390 d=7797900 best_n=27 a=37663579 (1.9s)
m=1391 d=7803510 best_n=24 a=80071429 (2.0s)
m=1392 d=7809120 best_n=27 a=106321396 (1.9s)
m=1393 d=7814730 best_n=25 a=43783807 (1.7s)
m=1394 d=7820340 best_n=23 a=125752813 (2.1s)
m=1395 d=7825950 best_n=23 a=83900239 (2.0s)
m=1396 d=7831560 best_n=22 a=142242691 (2.0s)
m=1397 d=7837170 best_n=26 a=16826191 (1.9s)
m=1398 d=7842780 best_n=23 a=103633383 (1.8s)
m=1399 d=7848390 best_n=24 a=3243007 (1.9s)
m=1400 d=7854000 best_n=27 a=55238596 (1.9s)
m=1401 d=7859610 best_n=28 a=32632483 (2.8s)
m=1402 d=7865220 best_n=22 a=123558877 (2.2s)
m=1403 d=7870830 best_n=27 a=23073877 (2.4s)
m=1404 d=7876440 best_n=24 a=2291359 (1.9s)
m=1405 d=7882050 best_n=22 a=102811399 (2.0s)
m=1406 d=7887660 best_n=23 a=131286691 (2.0s)
m=1407 d=7893270 best_n=23 a=113410479 (1.7s)
m=1408 d=7898880 best_n=24 a=36686572 (1.7s)
m=1409 d=7904490 best_n=24 a=46218967 (1.8s)
m=1410 d=7910100 best_n=23 a=84353493 (2.0s)
m=1411 d=7915710 best_n=25 a=17005369 (2.1s)
m=1412 d=7921320 best_n=22 a=141683731 (2.0s)
m=1413 d=7926930 best_n=28 a=42514041 (1.9s)
m=1414 d=7932540 best_n=25 a=27598621 (1.9s)
m=1415 d=7938150 best_n=25 a=50597527 (2.0s)
m=1416 d=7943760 best_n=26 a=2003197 (1.8s)
m=1417 d=7949370 best_n=23 a=32371807 (1.6s)
m=1418 d=7954980 best_n=23 a=43845757 (1.8s)
m=1419 d=7960590 best_n=25 a=1666551 (2.0s)
m=1420 d=7966200 best_n=26 a=95994004 (1.9s)
m=1421 d=7971810 best_n=26 a=49477501 (1.9s)
m=1422 d=7977420 best_n=23 a=133899867 (1.9s)
m=1423 d=7983030 best_n=24 a=75834811 (1.9s)
m=1424 d=7988640 best_n=24 a=21239359 (1.9s)
m=1425 d=7994250 best_n=25 a=31578627 (1.9s)
m=1426 d=7999860 best_n=27 a=80894557 (1.9s)
m=1427 d=8005470 best_n=22 a=134210311 (1.9s)
m=1428 d=8011080 best_n=23 a=115069663 (2.0s)
m=1429 d=8016690 best_n=26 a=3967333 (1.9s)
m=1430 d=8022300 best_n=27 a=50385877 (1.9s)
m=1431 d=8027910 best_n=26 a=33107871 (1.9s)
m=1432 d=8033520 best_n=26 a=106176799 (1.8s)
m=1433 d=8039130 best_n=22 a=106101499 (1.7s)
m=1434 d=8044740 best_n=24 a=105752593 (2.1s)
m=1435 d=8050350 best_n=25 a=116686873 (2.3s)
m=1436 d=8055960 best_n=23 a=13982737 (2.1s)
m=1437 d=8061570 best_n=23 a=130623661 (1.9s)
m=1438 d=8067180 best_n=25 a=117550039 (1.9s)
m=1439 d=8072790 best_n=22 a=119295247 (2.0s)
m=1440 d=8078400 best_n=27 a=39018384 (1.7s)
m=1441 d=8084010 best_n=22 a=138352033 (1.8s)
m=1442 d=8089620 best_n=26 a=8500939 (2.0s)
m=1443 d=8095230 best_n=24 a=9689563 (1.9s)
m=1444 d=8100840 best_n=24 a=114595423 (1.9s)
m=1445 d=8106450 best_n=25 a=87021277 (2.0s)
m=1446 d=8112060 best_n=24 a=17161963 (2.0s)
m=1447 d=8117670 best_n=23 a=65870221 (2.7s)
m=1448 d=8123280 best_n=23 a=55942543 (2.3s)
m=1449 d=8128890 best_n=28 a=62490753 (2.0s)
m=1450 d=8134500 best_n=28 a=85870567 (2.0s)
m=1451 d=8140110 best_n=23 a=58645753 (1.9s)
m=1452 d=8145720 best_n=24 a=80144884 (1.9s)
m=1453 d=8151330 best_n=23 a=111010369 (2.3s)
m=1454 d=8156940 best_n=24 a=81306673 (2.0s)
m=1455 d=8162550 best_n=23 a=95354913 (1.9s)
m=1456 d=8168160 best_n=22 a=136713136 (1.8s)
m=1457 d=8173770 best_n=26 a=32297449 (1.8s)
m=1458 d=8179380 best_n=24 a=18644929 (2.1s)
m=1459 d=8184990 best_n=23 a=287251 (1.9s)
m=1460 d=8190600 best_n=24 a=68716327 (2.0s)
m=1461 d=8196210 best_n=28 a=66908653 (2.0s)
m=1462 d=8201820 best_n=24 a=1259293 (2.0s)
m=1463 d=8207430 best_n=26 a=75462973 (2.0s)
m=1464 d=8213040 best_n=23 a=6193027 (1.9s)
m=1465 d=8218650 best_n=23 a=24136681 (2.1s)
m=1466 d=8224260 best_n=26 a=27420907 (2.0s)
m=1467 d=8229870 best_n=24 a=32921013 (2.1s)
m=1468 d=8235480 best_n=27 a=24693127 (1.9s)
m=1469 d=8241090 best_n=24 a=111670027 (1.9s)
m=1470 d=8246700 best_n=27 a=39831267 (2.0s)
m=1471 d=8252310 best_n=25 a=56677363 (1.9s)
m=1472 d=8257920 best_n=28 a=86720269 (1.8s)
m=1473 d=8263530 best_n=23 a=95768913 (2.0s)
m=1474 d=8269140 best_n=23 a=129870991 (2.2s)
m=1475 d=8274750 best_n=24 a=119182513 (1.9s)
m=1476 d=8280360 best_n=25 a=1210449 (2.0s)
m=1477 d=8285970 best_n=27 a=31578799 (1.9s)
m=1478 d=8291580 best_n=24 a=6000277 (1.9s)
m=1479 d=8297190 best_n=30 a=33378289 (1.9s)
m=1480 d=8302800 best_n=27 a=40102228 (2.4s)
m=1481 d=8308410 best_n=22 a=97916377 (2.0s)
m=1482 d=8314020 best_n=23 a=128531181 (2.2s)
m=1483 d=8319630 best_n=22 a=110203213 (2.0s)
m=1484 d=8325240 best_n=26 a=37124023 (2.0s)
m=1485 d=8330850 best_n=23 a=24462073 (1.8s)
m=1486 d=8336460 best_n=26 a=2804911 (1.9s)
m=1487 d=8342070 best_n=25 a=90631687 (1.8s)
m=1488 d=8347680 best_n=24 a=80922297 (1.7s)
m=1489 d=8353290 best_n=24 a=14531071 (2.0s)
m=1490 d=8358900 best_n=25 a=81010189 (1.9s)
m=1491 d=8364510 best_n=27 a=75304021 (1.8s)
m=1492 d=8370120 best_n=23 a=114885964 (1.9s)
m=1493 d=8375730 best_n=23 a=120546367 (1.9s)
m=1494 d=8381340 best_n=24 a=114304143 (1.8s)
m=1495 d=8386950 best_n=31 a=6058663 (2.3s)
m=1496 d=8392560 best_n=27 a=37253059 (1.9s)
m=1497 d=8398170 best_n=25 a=99570313 (1.9s)
m=1498 d=8403780 best_n=25 a=61398583 (1.8s)
m=1499 d=8409390 best_n=28 a=63953467 (1.9s)
m=1500 d=8415000 best_n=25 a=82221631 (1.8s)
m=1501 d=8420610 best_n=22 a=111540811 (1.8s)
m=1502 d=8426220 best_n=25 a=5016949 (1.9s)
m=1503 d=8431830 best_n=25 a=56106337 (2.0s)
m=1504 d=8437440 best_n=23 a=18646543 (1.9s)
m=1505 d=8443050 best_n=25 a=97491667 (1.8s)
m=1506 d=8448660 best_n=24 a=49429227 (1.6s)
m=1507 d=8454270 best_n=25 a=84503161 (1.6s)
m=1508 d=8459880 best_n=26 a=20509411 (1.5s)
m=1509 d=8465490 best_n=22 a=126677739 (1.4s)
m=1510 d=8471100 best_n=27 a=40915111 (1.5s)
m=1511 d=8476710 best_n=23 a=74660191 (1.8s)
m=1512 d=8482320 best_n=26 a=62022468 (1.8s)
m=1513 d=8487930 best_n=22 a=95548663 (1.8s)
m=1514 d=8493540 best_n=26 a=10618903 (1.8s)
m=1515 d=8499150 best_n=24 a=1287757 (1.9s)
m=1516 d=8504760 best_n=23 a=56668828 (1.8s)
m=1517 d=8510370 best_n=27 a=58355281 (1.8s)
m=1518 d=8515980 best_n=27 a=49831671 (1.9s)
m=1519 d=8521590 best_n=24 a=83626333 (2.4s)
m=1520 d=8527200 best_n=25 a=14900404 (2.1s)
m=1521 d=8532810 best_n=26 a=6763563 (1.6s)
m=1522 d=8538420 best_n=24 a=2044813 (1.5s)
m=1523 d=8544030 best_n=25 a=8614993 (1.6s)
m=1524 d=8549640 best_n=26 a=77900772 (1.8s)
m=1525 d=8555250 best_n=27 a=42792679 (1.8s)
m=1526 d=8560860 best_n=25 a=60550873 (2.2s)
m=1527 d=8566470 best_n=25 a=91600087 (1.8s)
m=1528 d=8572080 best_n=24 a=2721964 (2.0s)
m=1529 d=8577690 best_n=25 a=1795741 (1.9s)
m=1530 d=8583300 best_n=26 a=96024187 (1.6s)
m=1531 d=8588910 best_n=23 a=118276333 (1.8s)
m=1532 d=8594520 best_n=23 a=15167131 (2.1s)
m=1533 d=8600130 best_n=23 a=10483531 (2.0s)
m=1534 d=8605740 best_n=27 a=72695131 (1.9s)
m=1535 d=8611350 best_n=27 a=14205337 (2.0s)
m=1536 d=8616960 best_n=24 a=22811593 (2.0s)
m=1537 d=8622570 best_n=26 a=91082803 (1.9s)
m=1538 d=8628180 best_n=22 a=127243987 (2.2s)
m=1539 d=8633790 best_n=23 a=42903319 (1.9s)
m=1540 d=8639400 best_n=24 a=18435349 (2.1s)
m=1541 d=8645010 best_n=26 a=23307787 (2.2s)
m=1542 d=8650620 best_n=25 a=55223953 (1.9s)
m=1543 d=8656230 best_n=22 a=117007183 (1.9s)
m=1544 d=8661840 best_n=23 a=81208972 (2.0s)
m=1545 d=8667450 best_n=24 a=20127873 (1.8s)
m=1546 d=8673060 best_n=23 a=75920497 (1.8s)
m=1547 d=8678670 best_n=22 a=118715413 (1.9s)
m=1548 d=8684280 best_n=23 a=8646483 (1.9s)
m=1549 d=8689890 best_n=22 a=115107739 (1.8s)
m=1550 d=8695500 best_n=27 a=61157017 (2.3s)
m=1551 d=8701110 best_n=24 a=28968451 (2.0s)
m=1552 d=8706720 best_n=23 a=16742116 (1.8s)
m=1553 d=8712330 best_n=24 a=54986557 (1.8s)
m=1554 d=8717940 best_n=23 a=10821313 (1.9s)
m=1555 d=8723550 best_n=22 a=116831761 (1.9s)
m=1556 d=8729160 best_n=25 a=79456087 (1.9s)
m=1557 d=8734770 best_n=23 a=119439631 (1.9s)
m=1558 d=8740380 best_n=28 a=9566329 (1.9s)
m=1559 d=8745990 best_n=26 a=5403703 (2.0s)
m=1560 d=8751600 best_n=27 a=42269916 (2.1s)
m=1561 d=8757210 best_n=23 a=38596369 (2.0s)
m=1562 d=8762820 best_n=25 a=22579363 (2.0s)
m=1563 d=8768430 best_n=28 a=4453491 (1.9s)
m=1564 d=8774040 best_n=27 a=83445652 (2.0s)
m=1565 d=8779650 best_n=26 a=7134583 (2.0s)
m=1566 d=8785260 best_n=30 a=1509411 (2.0s)
m=1567 d=8790870 best_n=23 a=18651109 (1.8s)
m=1568 d=8796480 best_n=24 a=86656492 (1.9s)
m=1569 d=8802090 best_n=24 a=90795733 (2.4s)
m=1570 d=8807700 best_n=27 a=42540877 (2.0s)
m=1571 d=8813310 best_n=23 a=5787223 (1.9s)
m=1572 d=8818920 best_n=25 a=95424172 (1.8s)
m=1573 d=8824530 best_n=22 a=116891203 (2.0s)
m=1574 d=8830140 best_n=24 a=41227471 (2.0s)
m=1575 d=8835750 best_n=25 a=34902693 (1.9s)
m=1576 d=8841360 best_n=25 a=37290331 (1.7s)
m=1577 d=8846970 best_n=28 a=27132427 (1.9s)
m=1578 d=8852580 best_n=23 a=22741003 (2.0s)
m=1579 d=8858190 best_n=26 a=61605961 (2.0s)
m=1580 d=8863800 best_n=23 a=28516051 (1.9s)
m=1581 d=8869410 best_n=24 a=77064307 (2.0s)
m=1582 d=8875020 best_n=23 a=106802017 (1.9s)
m=1583 d=8880630 best_n=24 a=13248073 (2.0s)
m=1584 d=8886240 best_n=25 a=1860336 (1.8s)
m=1585 d=8891850 best_n=23 a=4750609 (2.3s)
m=1586 d=8897460 best_n=23 a=107634193 (2.0s)
m=1587 d=8903070 best_n=27 a=62958009 (2.0s)
m=1588 d=8908680 best_n=24 a=62435617 (1.9s)
m=1589 d=8914290 best_n=23 a=2862811 (1.9s)
m=1590 d=8919900 best_n=26 a=81572839 (2.2s)
m=1591 d=8925510 best_n=22 a=118228801 (2.1s)
m=1592 d=8931120 best_n=24 a=105546388 (1.8s)
m=1593 d=8936730 best_n=27 a=7737409 (1.8s)
m=1594 d=8942340 best_n=22 a=96645457 (2.0s)
m=1595 d=8947950 best_n=23 a=109232851 (2.0s)
m=1596 d=8953560 best_n=25 a=12255931 (1.9s)
m=1597 d=8959170 best_n=22 a=118674667 (1.9s)
m=1598 d=8964780 best_n=24 a=98581489 (2.7s)
m=1599 d=8970390 best_n=25 a=89942403 (1.9s)
m=1600 d=8976000 best_n=25 a=35456704 (1.6s)
m=1601 d=8981610 best_n=23 a=99311071 (1.9s)
m=1602 d=8987220 best_n=25 a=80511979 (2.1s)
m=1603 d=8992830 best_n=25 a=30186667 (1.9s)
m=1604 d=8998440 best_n=23 a=27605044 (2.0s)
m=1605 d=9004050 best_n=25 a=42039457 (2.0s)
m=1606 d=9009660 best_n=22 a=114980329 (1.9s)
m=1607 d=9015270 best_n=25 a=79036321 (1.6s)
m=1608 d=9020880 best_n=24 a=26045629 (1.7s)
m=1609 d=9026490 best_n=23 a=62413819 (1.9s)
m=1610 d=9032100 best_n=27 a=57410269 (1.8s)
m=1611 d=9037710 best_n=24 a=42036163 (2.0s)
m=1612 d=9043320 best_n=25 a=19879699 (1.9s)
m=1613 d=9048930 best_n=22 a=82437583 (1.9s)
m=1614 d=9054540 best_n=25 a=9326271 (1.8s)
m=1615 d=9060150 best_n=22 a=51139087 (1.7s)
m=1616 d=9065760 best_n=25 a=517756 (2.1s)
m=1617 d=9071370 best_n=25 a=1899093 (2.3s)
m=1618 d=9076980 best_n=22 a=85141453 (2.1s)
m=1619 d=9082590 best_n=27 a=30659743 (2.0s)
m=1620 d=9088200 best_n=24 a=90823332 (2.1s)
m=1621 d=9093810 best_n=23 a=109204921 (2.0s)
m=1622 d=9099420 best_n=24 a=97004539 (2.1s)
m=1623 d=9105030 best_n=25 a=49352709 (2.1s)
m=1624 d=9110640 best_n=26 a=79770901 (1.8s)
m=1625 d=9116250 best_n=22 a=119515261 (1.7s)
m=1626 d=9121860 best_n=26 a=6324433 (2.0s)
m=1627 d=9127470 best_n=22 a=49249927 (1.9s)
m=1628 d=9133080 best_n=26 a=32311417 (1.9s)
m=1629 d=9138690 best_n=26 a=22818613 (1.8s)
m=1630 d=9144300 best_n=27 a=44166643 (1.8s)
m=1631 d=9149910 best_n=22 a=102733759 (2.5s)
m=1632 d=9155520 best_n=27 a=43458652 (1.5s)
m=1633 d=9161130 best_n=27 a=45380989 (1.8s)
m=1634 d=9166740 best_n=24 a=71214181 (2.0s)
m=1635 d=9172350 best_n=23 a=41129031 (1.9s)
m=1636 d=9177960 best_n=23 a=21217948 (1.9s)
m=1637 d=9183570 best_n=22 a=118138411 (1.8s)
m=1638 d=9189180 best_n=26 a=67191007 (1.8s)
G1 BEST last=0 a=0 d=0 (n=35)
BEST n=31 a=5592612 d=7741800  (total 533.2s)
