variant B fit: rho_B(T) = 2.6188 (ln T)^(-0.4739)
   T=1e14: measured 0.5052  fit 0.5050
   T=1e16: measured 0.4736  fit 0.4740
   T=1e18: measured 0.4485  fit 0.4483

  T     | A: members  P(member)   E[sols]  | B: members  P(member)   E[sols]
 1e14   |  7.10e+07   4.92e-18  3.49e-10  |  5.38e+03   6.83e-13  3.68e-09
 1e16   |  7.10e+09   4.11e-19  2.92e-09  |  5.38e+05   5.10e-14  2.74e-08
 1e18   |  7.10e+11   4.60e-20  3.27e-08  |  5.38e+07   5.17e-15  2.78e-07
 1e20   |  7.10e+13   6.49e-21  4.61e-07  |  5.38e+09   6.68e-16  3.59e-06
 1e22   |  7.10e+15   1.10e-21  7.84e-06  |  5.38e+11   1.05e-16  5.64e-05
 1e24   |  7.10e+17   2.19e-22  1.56e-04  |  5.38e+13   1.93e-17  1.04e-03
 1e26   |  7.10e+19   4.95e-23  3.51e-03  |  5.38e+15   4.08e-18  2.20e-02
 1e28   |  7.10e+21   1.25e-23  8.86e-02  |  5.38e+17   9.67e-19  5.20e-01
 1e30   |  7.10e+23   3.46e-24  2.46e+00  |  5.38e+19   2.53e-19  1.36e+01
 1e32   |  7.10e+25   1.04e-24  7.40e+01  |  5.38e+21   7.22e-20  3.88e+02

variant A: break-even T* = 2.91e+29   members to test = 2.07e+23
variant B: break-even T* = 2.54e+28   members to test = 1.37e+18

pentagonal 13-automatic family under the same model (members 9.8e-9 T, 45 non-automatic, 41/47/53 not in d either):
   E(1e20) = 2.11e-10   break-even T* = 3.62e+34   members to test = 3.54e+26

same-work ratio against the unconstrained search at equal T
  (unconstrained: ~T^2/(114*D0) candidates, 58 terms each)
   T=1e14   variantB/unconstrained = 8.47e-12
   T=1e18   variantB/unconstrained = 6.41e-15
   T=1e22   variantB/unconstrained = 3.23e-18
   T=1e28   variantB/unconstrained = 2.25e-23
