  p=41: distribution of poisoned non-automatic indices {0: 0.14634146341463414, 1: 0.7073170731707317, 2: 0.14634146341463414}
  p=47: distribution of poisoned non-automatic indices {0: 0.1702127659574468, 1: 0.7872340425531915, 2: 0.0425531914893617}
  p=53: distribution of poisoned non-automatic indices {0: 0.22641509433962265, 1: 0.7735849056603774}
  p=41: E[(1/p)^m_p] = 1.636802e-01
  p=47: E[(1/p)^m_p] = 1.869817e-01
  p=53: E[(1/p)^m_p] = 2.410110e-01

  overall factor E[prod (1/p)^m_p] = 7.3762e-03
  mean poisoned indices = 2.646  (matches measured 3.17)
  naive point estimate (1/41*1/47*1/53)^(mean/3) style = 3.9328e-05
  -> the Jensen error is a factor 753.3 vs the m=1-each point estimate

T~1e14: rc=0.5052  P_A = rc^41 * 7.376e-03 = 5.127e-15   P_B = 6.950e-13
        E_A = 3.640e-07   E_B = 3.739e-09   A/B = 97.344
T~1e16: rc=0.4736  P_A = rc^41 * 7.376e-03 = 3.628e-16   P_B = 4.919e-14
        E_A = 2.576e-06   E_B = 2.646e-08   A/B = 97.344
T~1e18: rc=0.4485  P_A = rc^41 * 7.376e-03 = 3.891e-17   P_B = 5.275e-15
        E_A = 2.763e-05   E_B = 2.838e-07   A/B = 97.344
empirical (N=400000): mean poisoned non-automatic indices = 3.289
  distribution of total m: {0: 9, 1: 835, 2: 25045, 3: 241380, 4: 123011, 5: 9720}
  E[prod_p (1/p)^m_p] = 9.9671e-05   (uniform-class model gave 7.376e-03)
  T~1e14: P_A=6.927e-17 P_B=6.950e-13  E_A=4.918e-09 E_B=3.739e-09  A/B=1.3
  T~1e16: P_A=4.903e-18 P_B=4.919e-14  E_A=3.481e-08 E_B=2.646e-08  A/B=1.3
  T~1e18: P_A=5.258e-19 P_B=5.275e-15  E_A=3.733e-07 E_B=2.838e-07  A/B=1.3
