8 20000 6 5066 0.3
10 20000 30 897 0.2
12 20000 30 174 0.1
14 20000 30 57 0.1
14 30000.0 30 107 0.1
16 30000 30 27 0.1
16 45000.0 30 49 0.0
16 67500.0 30 94 0.1
18 67500 30 13 0.1
18 101250.0 30 25 0.1
18 151875.0 30 41 0.1
18 227812.5 30 78 0.1
20 227812 30 17 0.1
20 341718.0 30 31 0.2
20 512577.0 30 41 0.2
20 768865.5 30 75 0.3
22 768865 330 7 0.2
22 1153297.5 330 14 0.2
22 1729946.25 330 31 0.2
22 2594919.375 330 71 0.2
24 2594919 330 9 0.2
24 3892378.5 330 16 0.2
24 5838567.75 330 28 0.2
24 8757851.625 330 59 0.4
24 13136777.4375 330 99 0.4
26 13136777 330 16 0.4
26 19705165.5 330 29 0.6
26 29557748.25 330 58 0.4
26 44336622.375 330 117 1.2
28 44336622 330 16 0.9
28 66504933.0 330 27 2.9
28 99757399.5 330 46 6.2
28 149636099.25 330 102 12.5
30 149636099 330 12 16.3
30 224454148.5 330 18 27.1
30 336681222.75 330 35 63.7
30 505021834.125 330 63 169.8
