D 6 cand 280853897
0 167073190
1 70176760
2 28197160
3 10641663
4 3654949
5 728396
6 263925
7 87174
8 25271
9 5409
10 0
11 0
12 0
13 0
14 0
15 0
16 0
17 0
18 0
19 0
20 0
21 0
22 0
23 0
24 0
25 0
26 0
27 0
28 0
29 0
30 0
31 0
32 0
33 0
34 0
35 0
36 0
37 0
38 0
39 0
40 0
D 30 cand 419658963
0 216343833
1 106415671
2 51636522
3 24602627
4 11487842
5 5231779
6 2317770
7 989578
8 405121
9 156190
10 54762
11 10368
12 4238
13 1703
14 632
15 240
16 73
17 8
18 3
19 1
20 2
21 0
22 0
23 0
24 0
25 0
26 0
27 0
28 0
29 0
30 0
31 0
32 0
33 0
34 0
35 0
36 0
37 0
38 0
39 0
40 0
D 330 cand 837675342
0 395464846
1 210699843
2 111546011
3 58475747
4 30357384
5 15581391
6 7896816
7 3948899
8 1945216
9 943186
10 446609
11 208195
12 93476
13 40719
14 17040
15 6752
16 2387
17 475
18 205
19 97
20 29
21 14
22 4
23 0
24 1
25 0
26 0
27 0
28 0
29 0
30 0
31 0
32 0
33 0
34 0
35 0
36 0
37 0
38 0
39 0
40 0
D 5610 cand 13496636067
0 5955448490
1 3349273367
2 1876895432
3 1045237287
4 578367676
5 317891403
6 173990288
7 93569585
8 50230823
9 26730968
10 14076844
11 7344704
12 3784716
13 1924621
14 964263
15 476236
16 230758
17 109538
18 50427
19 22855
20 9916
21 3871
22 1479
23 311
24 125
25 55
26 21
27 6
28 1
29 1
30 0
31 0
32 0
33 0
34 0
35 0
36 0
37 0
38 0
39 0
40 0
D 129030 cand 16245524049
0 6777287176
1 3971058883
2 2320717940
3 1350030140
4 781616500
5 450328617
6 258129907
7 147095452
8 83417021
9 47026902
10 26356540
11 14673913
12 8114444
13 4453934
14 2424888
15 1311259
16 702892
17 373462
18 196854
19 102119
20 52698
21 26836
22 13369
23 6609
24 3159
25 1440
26 686
27 294
28 93
29 13
30 4
31 3
32 2
33 0
34 0
35 0
36 0
37 0
38 0
39 0
40 0
