sieving Loeschian numbers up to N=2000000000 (238.4 MiB bitmap)...
sieve selftest: OK
sieve built in 8.7s
*** new best n=31  a=252316027  d=129030
m=1 d=129030 best_n=31 a=252316027 (4.3s)
m=2 d=258060 best_n=28 a=1980105199 (4.8s)
m=3 d=387090 best_n=31 a=756948081 (5.4s)
m=4 d=516120 best_n=31 a=1009264108 (5.4s)
m=5 d=645150 best_n=31 a=466051 (4.9s)
m=6 d=774180 best_n=31 a=1565176453 (5.0s)
m=7 d=903210 best_n=31 a=1766212189 (5.3s)
m=8 d=1032240 best_n=28 a=603834331 (5.1s)
m=9 d=1161270 best_n=28 a=1628983557 (5.2s)
m=10 d=1290300 best_n=29 a=94095319 (5.3s)
m=11 d=1419330 best_n=28 a=1616821033 (5.6s)
m=12 d=1548360 best_n=29 a=1441882173 (5.4s)
m=13 d=1677390 best_n=28 a=973404721 (4.2s)
m=14 d=1806420 best_n=29 a=7474063 (3.9s)
m=15 d=1935450 best_n=31 a=1398153 (3.9s)
m=16 d=2064480 best_n=29 a=1922509564 (4.0s)
m=17 d=2193510 best_n=28 a=724300267 (4.1s)
m=18 d=2322540 best_n=29 a=1229644021 (4.1s)
m=19 d=2451570 best_n=29 a=67869337 (3.9s)
m=20 d=2580600 best_n=31 a=1864204 (3.9s)
*** new best n=35  a=219830911  d=2709630
m=21 d=2709630 best_n=35 a=219830911 (3.9s)
m=22 d=2838660 best_n=28 a=997022431 (4.0s)
m=23 d=2967690 best_n=29 a=1687243057 (3.9s)
m=24 d=3096720 best_n=28 a=1811502993 (3.9s)
m=25 d=3225750 best_n=28 a=588003877 (4.0s)
m=26 d=3354780 best_n=28 a=1305431551 (4.0s)
m=27 d=3483810 best_n=29 a=1102206643 (4.0s)
m=28 d=3612840 best_n=28 a=1645552849 (3.9s)
m=29 d=3741870 best_n=33 a=358004947 (3.9s)
m=30 d=3870900 best_n=29 a=282285957 (4.0s)
m=31 d=3999930 best_n=28 a=1398252367 (3.9s)
m=32 d=4128960 best_n=28 a=1872810631 (4.0s)
m=33 d=4257990 best_n=29 a=920866231 (4.0s)
m=34 d=4387020 best_n=29 a=426132943 (3.9s)
m=35 d=4516050 best_n=31 a=3262357 (4.0s)
m=36 d=4645080 best_n=30 a=1185619 (3.9s)
m=37 d=4774110 best_n=28 a=1710454321 (4.0s)
m=38 d=4903140 best_n=28 a=354609073 (4.0s)
m=39 d=5032170 best_n=28 a=1426395153 (4.0s)
m=40 d=5161200 best_n=29 a=376381276 (3.9s)
m=41 d=5290230 best_n=30 a=300179221 (4.0s)
m=42 d=5419260 best_n=29 a=22422189 (3.9s)
m=43 d=5548290 best_n=28 a=433289677 (3.9s)
m=44 d=5677320 best_n=27 a=1018471396 (3.9s)
m=45 d=5806350 best_n=31 a=4194459 (3.9s)
m=46 d=5935380 best_n=33 a=95618329 (4.0s)
m=47 d=6064410 best_n=29 a=1801168879 (4.0s)
m=48 d=6193440 best_n=30 a=1639801561 (3.9s)
m=49 d=6322470 best_n=28 a=1800624013 (4.0s)
m=50 d=6451500 best_n=28 a=53773207 (3.9s)
m=51 d=6580530 best_n=30 a=1082449801 (4.0s)
m=52 d=6709560 best_n=28 a=1787444119 (4.0s)
m=53 d=6838590 best_n=34 a=354558043 (3.9s)
m=54 d=6967620 best_n=29 a=80846049 (4.1s)
m=55 d=7096650 best_n=28 a=1218350521 (4.0s)
m=56 d=7225680 best_n=29 a=29896252 (4.1s)
m=57 d=7354710 best_n=29 a=203608011 (4.0s)
m=58 d=7483740 best_n=32 a=1598839351 (4.1s)
m=59 d=7612770 best_n=30 a=699655387 (4.1s)
m=60 d=7741800 best_n=31 a=5592612 (4.1s)
m=61 d=7870830 best_n=29 a=708370411 (4.1s)
m=62 d=7999860 best_n=30 a=1569238831 (4.4s)
m=63 d=8128890 best_n=35 a=659492733 (4.6s)
m=64 d=8257920 best_n=30 a=1046535067 (4.3s)
m=65 d=8386950 best_n=32 a=203648437 (4.3s)
m=66 d=8515980 best_n=28 a=1672025899 (4.3s)
m=67 d=8645010 best_n=29 a=894172621 (4.5s)
m=68 d=8774040 best_n=28 a=1107084292 (4.3s)
m=69 d=8903070 best_n=31 a=825926269 (4.3s)
m=70 d=9032100 best_n=31 a=318541123 (4.0s)
BEST n=35 a=219830911 d=2709630  (total 304.5s)
