unit K=1 shift=0 MOD=113366126802939 tierB=7(59,71,83,89,101,107,113) tierC=148 residues=1.168e+09 range=7.255e+15
*** n=3 a=4390156334368723 d=382160924970 (K=1 shift=0)
*** n=7 a=1020681279418357 d=382160924970 (K=1 shift=0)
*** n=9 a=6712534686176233 d=382160924970 (K=1 shift=0)
*** n=12 a=5823787918335703 d=382160924970 (K=1 shift=0)
*** n=13 a=765436863096151 d=382160924970 (K=1 shift=0)
*** n=14 a=193634533026427 d=382160924970 (K=1 shift=0)
*** n=21 a=1443478945108417 d=382160924970 (K=1 shift=0)
  .. K=1 shift=0 R=6.711e+07 surv=691 conf=480 best=21 9s (7.51e+06 res/s)
*** n=23 a=342112829214661 d=382160924970 (K=1 shift=0)
  .. K=1 shift=0 R=1.342e+08 surv=1393 conf=958 best=23 18s (7.32e+06 res/s)
  .. K=1 shift=0 R=2.013e+08 surv=2145 conf=1462 best=23 27s (7.36e+06 res/s)
  .. K=1 shift=0 R=2.684e+08 surv=2852 conf=1944 best=23 37s (7.34e+06 res/s)
  .. K=1 shift=0 R=3.355e+08 surv=3532 conf=2399 best=23 45s (7.4e+06 res/s)
  .. K=1 shift=0 R=4.027e+08 surv=4242 conf=2898 best=23 54s (7.44e+06 res/s)
  .. K=1 shift=0 R=4.698e+08 surv=4966 conf=3390 best=23 63s (7.51e+06 res/s)
  .. K=1 shift=0 R=5.369e+08 surv=5662 conf=3862 best=23 71s (7.57e+06 res/s)
  .. K=1 shift=0 R=6.04e+08 surv=6414 conf=4378 best=23 80s (7.55e+06 res/s)
  .. K=1 shift=0 R=6.711e+08 surv=7153 conf=4887 best=23 88s (7.6e+06 res/s)
  .. K=1 shift=0 R=7.382e+08 surv=7926 conf=5418 best=23 97s (7.65e+06 res/s)
  .. K=1 shift=0 R=8.053e+08 surv=8618 conf=5882 best=23 105s (7.69e+06 res/s)
*** n=34 a=205545426422383 d=382160924970 (K=1 shift=0)
  .. K=1 shift=0 R=8.724e+08 surv=9299 conf=6347 best=34 113s (7.69e+06 res/s)
  .. K=1 shift=0 R=9.395e+08 surv=10031 conf=6843 best=34 122s (7.72e+06 res/s)
  .. K=1 shift=0 R=1.007e+09 surv=10747 conf=7339 best=34 131s (7.69e+06 res/s)
  .. K=1 shift=0 R=1.074e+09 surv=11481 conf=7830 best=34 140s (7.69e+06 res/s)
  .. K=1 shift=0 R=1.141e+09 surv=12232 conf=8337 best=34 148s (7.72e+06 res/s)
K=1 shift=0 MOD=113366126802939 tierB=7 tierC=148 R=1167541375 surv=12505 conf=8525 best=34 150.9s (4.81e+13 raw/s)
unit K=2 shift=0 MOD=113366126802939 tierB=7(59,71,83,89,101,107,113) tierC=148 residues=1.168e+09 range=7.255e+15
  .. K=2 shift=0 R=6.711e+07 surv=698 conf=493 best=34 8s (8.23e+06 res/s)
  .. K=2 shift=0 R=1.342e+08 surv=1410 conf=963 best=34 16s (8.21e+06 res/s)
  .. K=2 shift=0 R=2.013e+08 surv=2118 conf=1445 best=34 25s (8.01e+06 res/s)
  .. K=2 shift=0 R=2.684e+08 surv=2832 conf=1930 best=34 33s (8.07e+06 res/s)
  .. K=2 shift=0 R=3.355e+08 surv=3584 conf=2440 best=34 42s (8.07e+06 res/s)
K=2 shift=0 MOD=113366126802939 tierB=7 tierC=148 R=364568922 surv=3914 conf=2664 best=34 45.2s (1.61e+14 raw/s)
BEST n=34 a=205545426422383 d=382160924970  units=2 covered=1.451e+16 raw a  196.1s INTERRUPTED
unit K=1 shift=0 MOD=113366126802939 tierB=7(59,71,83,89,101,107,113) tierC=148 residues=1.168e+09 range=7.255e+15
*** n=3 a=4390156334368723 d=382160924970 (K=1 shift=0)
*** n=7 a=1020681279418357 d=382160924970 (K=1 shift=0)
*** n=9 a=6712534686176233 d=382160924970 (K=1 shift=0)
*** n=12 a=5823787918335703 d=382160924970 (K=1 shift=0)
*** n=13 a=765436863096151 d=382160924970 (K=1 shift=0)
*** n=14 a=193634533026427 d=382160924970 (K=1 shift=0)
*** n=21 a=1443478945108417 d=382160924970 (K=1 shift=0)
  .. K=1 shift=0 R=6.711e+07 surv=691 conf=480 best=21 9s (7.79e+06 res/s)
*** n=23 a=342112829214661 d=382160924970 (K=1 shift=0)
  .. K=1 shift=0 R=1.342e+08 surv=1393 conf=958 best=23 17s (7.93e+06 res/s)
  .. K=1 shift=0 R=2.013e+08 surv=2145 conf=1462 best=23 25s (7.95e+06 res/s)
  .. K=1 shift=0 R=2.684e+08 surv=2852 conf=1944 best=23 34s (7.96e+06 res/s)
  .. K=1 shift=0 R=3.355e+08 surv=3532 conf=2399 best=23 42s (7.96e+06 res/s)
  .. K=1 shift=0 R=4.027e+08 surv=4242 conf=2898 best=23 51s (7.96e+06 res/s)
  .. K=1 shift=0 R=4.698e+08 surv=4966 conf=3390 best=23 59s (7.98e+06 res/s)
  .. K=1 shift=0 R=5.369e+08 surv=5662 conf=3862 best=23 67s (8.03e+06 res/s)
  .. K=1 shift=0 R=6.04e+08 surv=6414 conf=4378 best=23 75s (8.01e+06 res/s)
  .. K=1 shift=0 R=6.711e+08 surv=7153 conf=4887 best=23 84s (8.01e+06 res/s)
  .. K=1 shift=0 R=7.382e+08 surv=7926 conf=5418 best=23 92s (8.04e+06 res/s)
  .. K=1 shift=0 R=8.053e+08 surv=8618 conf=5882 best=23 100s (8.05e+06 res/s)
*** n=34 a=205545426422383 d=382160924970 (K=1 shift=0)
  .. K=1 shift=0 R=8.724e+08 surv=9299 conf=6347 best=34 108s (8.05e+06 res/s)
  .. K=1 shift=0 R=9.395e+08 surv=10031 conf=6843 best=34 116s (8.06e+06 res/s)
  .. K=1 shift=0 R=1.007e+09 surv=10747 conf=7339 best=34 125s (8.06e+06 res/s)
  .. K=1 shift=0 R=1.074e+09 surv=11481 conf=7830 best=34 134s (8.03e+06 res/s)
  .. K=1 shift=0 R=1.141e+09 surv=12232 conf=8337 best=34 143s (7.98e+06 res/s)
K=1 shift=0 MOD=113366126802939 tierB=7 tierC=148 R=1167541375 surv=12505 conf=8525 best=34 146.3s (4.96e+13 raw/s)
unit K=2 shift=0 MOD=113366126802939 tierB=7(59,71,83,89,101,107,113) tierC=148 residues=1.168e+09 range=7.255e+15
  .. K=2 shift=0 R=6.711e+07 surv=698 conf=493 best=34 9s (7.11e+06 res/s)
  .. K=2 shift=0 R=1.342e+08 surv=1410 conf=963 best=34 18s (7.33e+06 res/s)
  .. K=2 shift=0 R=2.013e+08 surv=2118 conf=1445 best=34 27s (7.33e+06 res/s)
  .. K=2 shift=0 R=2.684e+08 surv=2832 conf=1930 best=34 37s (7.31e+06 res/s)
  .. K=2 shift=0 R=3.355e+08 surv=3584 conf=2440 best=34 46s (7.29e+06 res/s)
  .. K=2 shift=0 R=4.027e+08 surv=4323 conf=2947 best=34 55s (7.32e+06 res/s)
  .. K=2 shift=0 R=4.698e+08 surv=5037 conf=3416 best=34 64s (7.36e+06 res/s)
  .. K=2 shift=0 R=5.369e+08 surv=5781 conf=3918 best=34 73s (7.32e+06 res/s)
  .. K=2 shift=0 R=6.04e+08 surv=6476 conf=4396 best=34 82s (7.35e+06 res/s)
  .. K=2 shift=0 R=6.711e+08 surv=7212 conf=4912 best=34 91s (7.35e+06 res/s)
  .. K=2 shift=0 R=7.382e+08 surv=7896 conf=5382 best=34 100s (7.39e+06 res/s)
  .. K=2 shift=0 R=8.053e+08 surv=8616 conf=5877 best=34 108s (7.44e+06 res/s)
  .. K=2 shift=0 R=8.724e+08 surv=9333 conf=6360 best=34 117s (7.45e+06 res/s)
  .. K=2 shift=0 R=9.395e+08 surv=10078 conf=6847 best=34 126s (7.48e+06 res/s)
  .. K=2 shift=0 R=1.007e+09 surv=10770 conf=7319 best=34 135s (7.47e+06 res/s)
  .. K=2 shift=0 R=1.074e+09 surv=11451 conf=7774 best=34 144s (7.45e+06 res/s)
K=2 shift=0 MOD=113366126802939 tierB=7 tierC=148 R=1108019866 surv=11813 conf=8010 best=34 148.6s (4.88e+13 raw/s)
BEST n=34 a=205545426422383 d=382160924970  units=2 covered=1.451e+16 raw a  294.9s INTERRUPTED
unit K=1 shift=0 MOD=113366126802939 tierB=7(59,71,83,89,101,107,113) tierC=148 residues=1.168e+09 range=7.255e+15
*** n=7 a=4403914127667643 d=382160924970 (K=1 shift=0)
*** n=12 a=4829684372780149 d=382160924970 (K=1 shift=0)
*** n=14 a=859190359854163 d=382160924970 (K=1 shift=0)
*** n=17 a=2576644756591549 d=382160924970 (K=1 shift=0)
*** n=26 a=4993523197240603 d=382160924970 (K=1 shift=0)
  .. K=1 shift=0 R=6.711e+07 surv=691 conf=691 best=26 17s (3.94e+06 res/s)
  .. K=1 shift=0 R=1.342e+08 surv=1393 conf=1393 best=26 34s (3.94e+06 res/s)
  .. K=1 shift=0 R=2.013e+08 surv=2145 conf=2145 best=26 52s (3.86e+06 res/s)
  .. K=1 shift=0 R=2.684e+08 surv=2852 conf=2852 best=26 70s (3.85e+06 res/s)
  .. K=1 shift=0 R=3.355e+08 surv=3532 conf=3532 best=26 86s (3.92e+06 res/s)
  .. K=1 shift=0 R=4.027e+08 surv=4242 conf=4242 best=26 106s (3.79e+06 res/s)
  .. K=1 shift=0 R=4.698e+08 surv=4966 conf=4966 best=26 125s (3.75e+06 res/s)
  .. K=1 shift=0 R=5.369e+08 surv=5662 conf=5662 best=26 145s (3.69e+06 res/s)
  .. K=1 shift=0 R=6.04e+08 surv=6414 conf=6414 best=26 166s (3.63e+06 res/s)
  .. K=1 shift=0 R=6.711e+08 surv=7153 conf=7153 best=26 187s (3.58e+06 res/s)
  .. K=1 shift=0 R=7.382e+08 surv=7926 conf=7926 best=26 211s (3.5e+06 res/s)
*** n=28 a=1369052844150877 d=382160924970 (K=1 shift=0)
  .. K=1 shift=0 R=8.053e+08 surv=8618 conf=8618 best=28 232s (3.47e+06 res/s)
*** n=34 a=205545426422383 d=382160924970 (K=1 shift=0)
  .. K=1 shift=0 R=8.724e+08 surv=9299 conf=9299 best=34 254s (3.44e+06 res/s)
  .. K=1 shift=0 R=9.395e+08 surv=10031 conf=10031 best=34 276s (3.4e+06 res/s)
