unit K=251 shift=0 MOD=113366126802939 tierB=7(59,71,83,89,101,107,113) tierC=147 residues=1.168e+09 range=7.255e+15
*** n=1 a=6533505505452931 d=95922392167470 (K=251 shift=0)
*** n=5 a=5137692473555827 d=95922392167470 (K=251 shift=0)
*** n=10 a=6102713416481161 d=95922392167470 (K=251 shift=0)
*** n=11 a=5158044158106523 d=95922392167470 (K=251 shift=0)
*** n=12 a=5972808122007379 d=95922392167470 (K=251 shift=0)
*** n=13 a=1184352841939933 d=95922392167470 (K=251 shift=0)
*** n=15 a=6891857094988609 d=95922392167470 (K=251 shift=0)
*** n=17 a=406276333805461 d=95922392167470 (K=251 shift=0)
  .. K=251 shift=0 R=6.711e+07 surv=961 conf=641 best=17 9s (7.29e+06 res/s)
*** n=19 a=3179128608528121 d=95922392167470 (K=251 shift=0)
*** n=22 a=2935808565076873 d=95922392167470 (K=251 shift=0)
  .. K=251 shift=0 R=1.342e+08 surv=1877 conf=1247 best=22 19s (7.25e+06 res/s)
  .. K=251 shift=0 R=2.013e+08 surv=2789 conf=1868 best=22 28s (7.29e+06 res/s)
  .. K=251 shift=0 R=2.684e+08 surv=3669 conf=2468 best=22 37s (7.31e+06 res/s)
  .. K=251 shift=0 R=3.355e+08 surv=4583 conf=3100 best=22 46s (7.31e+06 res/s)
  .. K=251 shift=0 R=4.027e+08 surv=5527 conf=3747 best=22 55s (7.38e+06 res/s)
*** n=23 a=5109399838362229 d=95922392167470 (K=251 shift=0)
  .. K=251 shift=0 R=4.698e+08 surv=6516 conf=4407 best=23 63s (7.44e+06 res/s)
  .. K=251 shift=0 R=5.369e+08 surv=7438 conf=5038 best=23 71s (7.51e+06 res/s)
  .. K=251 shift=0 R=6.04e+08 surv=8364 conf=5679 best=23 80s (7.52e+06 res/s)
  .. K=251 shift=0 R=6.711e+08 surv=9280 conf=6301 best=23 88s (7.58e+06 res/s)
  .. K=251 shift=0 R=7.382e+08 surv=10175 conf=6919 best=23 97s (7.62e+06 res/s)
  .. K=251 shift=0 R=8.053e+08 surv=11136 conf=7583 best=23 105s (7.67e+06 res/s)
  .. K=251 shift=0 R=8.724e+08 surv=12068 conf=8229 best=23 113s (7.71e+06 res/s)
  .. K=251 shift=0 R=9.395e+08 surv=13045 conf=8912 best=23 121s (7.74e+06 res/s)
  .. K=251 shift=0 R=1.007e+09 surv=13966 conf=9540 best=23 130s (7.72e+06 res/s)
  .. K=251 shift=0 R=1.074e+09 surv=14900 conf=10168 best=23 139s (7.73e+06 res/s)
  .. K=251 shift=0 R=1.141e+09 surv=15819 conf=10807 best=23 147s (7.75e+06 res/s)
*** n=24 a=5429500792214311 d=95922392167470 (K=251 shift=0)
K=251 shift=0 MOD=113366126802939 tierB=7 tierC=147 R=1167541375 surv=16181 conf=11055 best=24 150.4s (4.83e+13 raw/s)
unit K=252 shift=0 MOD=113366126802939 tierB=7(59,71,83,89,101,107,113) tierC=148 residues=1.168e+09 range=7.255e+15
  .. K=252 shift=0 R=6.711e+07 surv=744 conf=502 best=24 8s (8.18e+06 res/s)
  .. K=252 shift=0 R=1.342e+08 surv=1475 conf=992 best=24 17s (8.09e+06 res/s)
  .. K=252 shift=0 R=2.013e+08 surv=2214 conf=1498 best=24 26s (7.87e+06 res/s)
  .. K=252 shift=0 R=2.684e+08 surv=2927 conf=1985 best=24 34s (7.98e+06 res/s)
  .. K=252 shift=0 R=3.355e+08 surv=3622 conf=2456 best=24 41s (8.1e+06 res/s)
K=252 shift=0 MOD=113366126802939 tierB=7 tierC=148 R=370303456 surv=4009 conf=2740 best=24 45.7s (1.59e+14 raw/s)
BEST n=24 a=5429500792214311 d=95922392167470  units=2 covered=1.451e+16 raw a  196.1s INTERRUPTED
unit K=43 shift=0 MOD=113366126802939 tierB=7(59,71,83,89,101,107,113) tierC=148 residues=1.168e+09 range=7.255e+15
*** n=5 a=5110566811694611 d=16432919773710 (K=43 shift=0)
*** n=7 a=2571847278010957 d=16432919773710 (K=43 shift=0)
*** n=8 a=4468361630655859 d=16432919773710 (K=43 shift=0)
*** n=11 a=1045829761329799 d=16432919773710 (K=43 shift=0)
*** n=12 a=452274627499399 d=16432919773710 (K=43 shift=0)
*** n=17 a=7229947351407127 d=16432919773710 (K=43 shift=0)
*** n=18 a=4691161335453331 d=16432919773710 (K=43 shift=0)
*** n=20 a=3030440043489709 d=16432919773710 (K=43 shift=0)
  .. K=43 shift=0 R=6.711e+07 surv=757 conf=518 best=20 9s (7.88e+06 res/s)
  .. K=43 shift=0 R=1.342e+08 surv=1416 conf=956 best=20 17s (7.82e+06 res/s)
  .. K=43 shift=0 R=2.013e+08 surv=2171 conf=1495 best=20 26s (7.88e+06 res/s)
*** n=26 a=1075513772873869 d=16432919773710 (K=43 shift=0)
  .. K=43 shift=0 R=2.684e+08 surv=2911 conf=1972 best=26 34s (7.89e+06 res/s)
  .. K=43 shift=0 R=3.355e+08 surv=3645 conf=2484 best=26 43s (7.87e+06 res/s)
  .. K=43 shift=0 R=4.027e+08 surv=4396 conf=2996 best=26 51s (7.87e+06 res/s)
  .. K=43 shift=0 R=4.698e+08 surv=5085 conf=3454 best=26 60s (7.89e+06 res/s)
  .. K=43 shift=0 R=5.369e+08 surv=5806 conf=3940 best=26 68s (7.88e+06 res/s)
  .. K=43 shift=0 R=6.04e+08 surv=6505 conf=4437 best=26 77s (7.88e+06 res/s)
  .. K=43 shift=0 R=6.711e+08 surv=7239 conf=4935 best=26 85s (7.92e+06 res/s)
  .. K=43 shift=0 R=7.382e+08 surv=7934 conf=5410 best=26 93s (7.93e+06 res/s)
  .. K=43 shift=0 R=8.053e+08 surv=8644 conf=5895 best=26 101s (7.95e+06 res/s)
  .. K=43 shift=0 R=8.724e+08 surv=9379 conf=6406 best=26 110s (7.95e+06 res/s)
  .. K=43 shift=0 R=9.395e+08 surv=10084 conf=6909 best=26 118s (7.96e+06 res/s)
  .. K=43 shift=0 R=1.007e+09 surv=10830 conf=7420 best=26 127s (7.94e+06 res/s)
  .. K=43 shift=0 R=1.074e+09 surv=11531 conf=7898 best=26 136s (7.91e+06 res/s)
  .. K=43 shift=0 R=1.141e+09 surv=12274 conf=8405 best=26 145s (7.87e+06 res/s)
K=43 shift=0 MOD=113366126802939 tierB=7 tierC=148 R=1167541375 surv=12567 conf=8597 best=26 148.7s (4.88e+13 raw/s)
unit K=44 shift=0 MOD=113366126802939 tierB=7(59,71,83,89,101,107,113) tierC=148 residues=1.168e+09 range=7.255e+15
  .. K=44 shift=0 R=6.711e+07 surv=713 conf=477 best=26 9s (7.25e+06 res/s)
  .. K=44 shift=0 R=1.342e+08 surv=1405 conf=961 best=26 18s (7.27e+06 res/s)
  .. K=44 shift=0 R=2.013e+08 surv=2127 conf=1464 best=26 27s (7.35e+06 res/s)
  .. K=44 shift=0 R=2.684e+08 surv=2870 conf=1962 best=26 37s (7.33e+06 res/s)
  .. K=44 shift=0 R=3.355e+08 surv=3626 conf=2478 best=26 45s (7.39e+06 res/s)
  .. K=44 shift=0 R=4.027e+08 surv=4358 conf=2950 best=26 54s (7.41e+06 res/s)
  .. K=44 shift=0 R=4.698e+08 surv=5087 conf=3435 best=26 63s (7.42e+06 res/s)
*** n=27 a=1204099443781633 d=16815080698680 (K=44 shift=0)
  .. K=44 shift=0 R=5.369e+08 surv=5833 conf=3956 best=27 73s (7.38e+06 res/s)
  .. K=44 shift=0 R=6.04e+08 surv=6507 conf=4411 best=27 82s (7.34e+06 res/s)
  .. K=44 shift=0 R=6.711e+08 surv=7244 conf=4936 best=27 91s (7.36e+06 res/s)
  .. K=44 shift=0 R=7.382e+08 surv=7942 conf=5425 best=27 100s (7.41e+06 res/s)
  .. K=44 shift=0 R=8.053e+08 surv=8686 conf=5921 best=27 108s (7.43e+06 res/s)
  .. K=44 shift=0 R=8.724e+08 surv=9394 conf=6430 best=27 117s (7.45e+06 res/s)
  .. K=44 shift=0 R=9.395e+08 surv=10094 conf=6901 best=27 126s (7.45e+06 res/s)
  .. K=44 shift=0 R=1.007e+09 surv=10821 conf=7414 best=27 135s (7.45e+06 res/s)
  .. K=44 shift=0 R=1.074e+09 surv=11526 conf=7894 best=27 144s (7.46e+06 res/s)
K=44 shift=0 MOD=113366126802939 tierB=7 tierC=148 R=1091565658 surv=11727 conf=8030 best=27 146.2s (4.96e+13 raw/s)
BEST n=27 a=1204099443781633 d=16815080698680  units=2 covered=1.451e+16 raw a  294.9s INTERRUPTED
unit K=43 shift=0 MOD=113366126802939 tierB=7(59,71,83,89,101,107,113) tierC=148 residues=1.168e+09 range=7.255e+15
*** n=12 a=5767883602643011 d=16432919773710 (K=43 shift=0)
*** n=15 a=4383484914464209 d=16432919773710 (K=43 shift=0)
*** n=18 a=1213327170989899 d=16432919773710 (K=43 shift=0)
*** n=24 a=4467361607624791 d=16432919773710 (K=43 shift=0)
  .. K=43 shift=0 R=6.711e+07 surv=757 conf=757 best=24 18s (3.75e+06 res/s)
  .. K=43 shift=0 R=1.342e+08 surv=1416 conf=1416 best=24 35s (3.87e+06 res/s)
*** n=27 a=5393477428074217 d=16432919773710 (K=43 shift=0)
  .. K=43 shift=0 R=2.013e+08 surv=2171 conf=2171 best=27 53s (3.78e+06 res/s)
  .. K=43 shift=0 R=2.684e+08 surv=2911 conf=2911 best=27 71s (3.76e+06 res/s)
  .. K=43 shift=0 R=3.355e+08 surv=3645 conf=3645 best=27 89s (3.76e+06 res/s)
  .. K=43 shift=0 R=4.027e+08 surv=4396 conf=4396 best=27 111s (3.64e+06 res/s)
  .. K=43 shift=0 R=4.698e+08 surv=5085 conf=5085 best=27 129s (3.63e+06 res/s)
*** n=28 a=5088053790529471 d=16432919773710 (K=43 shift=0)
  .. K=43 shift=0 R=5.369e+08 surv=5806 conf=5806 best=28 151s (3.56e+06 res/s)
  .. K=43 shift=0 R=6.04e+08 surv=6505 conf=6505 best=28 171s (3.52e+06 res/s)
  .. K=43 shift=0 R=6.711e+08 surv=7239 conf=7239 best=28 194s (3.46e+06 res/s)
  .. K=43 shift=0 R=7.382e+08 surv=7934 conf=7934 best=28 217s (3.41e+06 res/s)
  .. K=43 shift=0 R=8.053e+08 surv=8644 conf=8644 best=28 240s (3.36e+06 res/s)
  .. K=43 shift=0 R=8.724e+08 surv=9379 conf=9379 best=28 262s (3.32e+06 res/s)
  .. K=43 shift=0 R=9.395e+08 surv=10084 conf=10084 best=28 285s (3.29e+06 res/s)
