unit K=501 shift=0 MOD=113366126802939 tierB=7(59,71,83,89,101,107,113) tierC=147 residues=1.168e+09 range=7.255e+15
*** n=7 a=995111910749503 d=191462623409970 (K=501 shift=0)
*** n=8 a=6657462282883207 d=191462623409970 (K=501 shift=0)
*** n=13 a=4854973969404679 d=191462623409970 (K=501 shift=0)
*** n=14 a=4028306016797863 d=191462623409970 (K=501 shift=0)
*** n=16 a=697811798649589 d=191462623409970 (K=501 shift=0)
*** n=26 a=4673665752378049 d=191462623409970 (K=501 shift=0)
  .. K=501 shift=0 R=6.711e+07 surv=1045 conf=706 best=26 9s (7.25e+06 res/s)
  .. K=501 shift=0 R=1.342e+08 surv=2156 conf=1453 best=26 19s (7.16e+06 res/s)
  .. K=501 shift=0 R=2.013e+08 surv=3242 conf=2173 best=26 28s (7.26e+06 res/s)
  .. K=501 shift=0 R=2.684e+08 surv=4273 conf=2855 best=26 36s (7.36e+06 res/s)
  .. K=501 shift=0 R=3.355e+08 surv=5390 conf=3624 best=26 45s (7.39e+06 res/s)
  .. K=501 shift=0 R=4.027e+08 surv=6458 conf=4365 best=26 54s (7.46e+06 res/s)
  .. K=501 shift=0 R=4.698e+08 surv=7488 conf=5080 best=26 62s (7.52e+06 res/s)
  .. K=501 shift=0 R=5.369e+08 surv=8568 conf=5819 best=26 71s (7.61e+06 res/s)
  .. K=501 shift=0 R=6.04e+08 surv=9728 conf=6609 best=26 80s (7.57e+06 res/s)
  .. K=501 shift=0 R=6.711e+08 surv=10821 conf=7348 best=26 88s (7.67e+06 res/s)
  .. K=501 shift=0 R=7.382e+08 surv=11939 conf=8115 best=26 96s (7.72e+06 res/s)
  .. K=501 shift=0 R=8.053e+08 surv=13075 conf=8895 best=26 104s (7.75e+06 res/s)
  .. K=501 shift=0 R=8.724e+08 surv=14182 conf=9668 best=26 112s (7.79e+06 res/s)
  .. K=501 shift=0 R=9.395e+08 surv=15273 conf=10428 best=26 120s (7.84e+06 res/s)
  .. K=501 shift=0 R=1.007e+09 surv=16371 conf=11188 best=26 128s (7.84e+06 res/s)
  .. K=501 shift=0 R=1.074e+09 surv=17444 conf=11908 best=26 137s (7.82e+06 res/s)
  .. K=501 shift=0 R=1.141e+09 surv=18538 conf=12680 best=26 145s (7.87e+06 res/s)
K=501 shift=0 MOD=113366126802939 tierB=7 tierC=147 R=1167541375 surv=18962 conf=12983 best=26 148.3s (4.89e+13 raw/s)
unit K=502 shift=0 MOD=113366126802939 tierB=7(59,71,83,89,101,107,113) tierC=147 residues=1.168e+09 range=7.255e+15
  .. K=502 shift=0 R=6.711e+07 surv=924 conf=649 best=26 9s (7.8e+06 res/s)
  .. K=502 shift=0 R=1.342e+08 surv=1876 conf=1313 best=26 17s (7.91e+06 res/s)
  .. K=502 shift=0 R=2.013e+08 surv=2801 conf=1964 best=26 26s (7.74e+06 res/s)
  .. K=502 shift=0 R=2.684e+08 surv=3762 conf=2627 best=26 35s (7.75e+06 res/s)
  .. K=502 shift=0 R=3.355e+08 surv=4700 conf=3247 best=26 43s (7.78e+06 res/s)
K=502 shift=0 MOD=113366126802939 tierB=7 tierC=147 R=373761342 surv=5207 conf=3594 best=26 47.8s (1.52e+14 raw/s)
BEST n=26 a=4673665752378049 d=191462623409970  units=2 covered=1.451e+16 raw a  196.1s INTERRUPTED
unit K=85 shift=0 MOD=113366126802939 tierB=7(59,71,83,89,101,107,113) tierC=148 residues=1.168e+09 range=7.255e+15
*** n=1 a=3578259586691497 d=32483678622450 (K=85 shift=0)
*** n=2 a=430415230321303 d=32483678622450 (K=85 shift=0)
*** n=3 a=4325037832934833 d=32483678622450 (K=85 shift=0)
*** n=4 a=973893847002889 d=32483678622450 (K=85 shift=0)
*** n=7 a=4822547720802151 d=32483678622450 (K=85 shift=0)
*** n=8 a=2123826760240057 d=32483678622450 (K=85 shift=0)
*** n=10 a=1533185606320837 d=32483678622450 (K=85 shift=0)
*** n=13 a=319042055024497 d=32483678622450 (K=85 shift=0)
*** n=17 a=5248375050966799 d=32483678622450 (K=85 shift=0)
  .. K=85 shift=0 R=6.711e+07 surv=711 conf=472 best=17 8s (8.1e+06 res/s)
*** n=19 a=2769799899012409 d=32483678622450 (K=85 shift=0)
  .. K=85 shift=0 R=1.342e+08 surv=1411 conf=950 best=19 16s (8.14e+06 res/s)
*** n=22 a=2514678789616657 d=32483678622450 (K=85 shift=0)
  .. K=85 shift=0 R=2.013e+08 surv=2152 conf=1446 best=22 25s (8.14e+06 res/s)
  .. K=85 shift=0 R=2.684e+08 surv=2936 conf=1990 best=22 33s (8.12e+06 res/s)
  .. K=85 shift=0 R=3.355e+08 surv=3689 conf=2519 best=22 41s (8.09e+06 res/s)
  .. K=85 shift=0 R=4.027e+08 surv=4372 conf=3011 best=22 49s (8.14e+06 res/s)
  .. K=85 shift=0 R=4.698e+08 surv=5078 conf=3474 best=22 58s (8.1e+06 res/s)
  .. K=85 shift=0 R=5.369e+08 surv=5847 conf=3994 best=22 66s (8.08e+06 res/s)
