unit K=751 shift=0 MOD=113366126802939 tierB=7(59,71,83,89,101,107,113) tierC=148 residues=1.168e+09 range=7.255e+15
*** n=2 a=3492118659654697 d=287002854652470 (K=751 shift=0)
*** n=6 a=6253802046957721 d=287002854652470 (K=751 shift=0)
*** n=13 a=1636721746596331 d=287002854652470 (K=751 shift=0)
*** n=14 a=6203973139068751 d=287002854652470 (K=751 shift=0)
*** n=18 a=3052364264080267 d=287002854652470 (K=751 shift=0)
  .. K=751 shift=0 R=6.711e+07 surv=707 conf=484 best=18 9s (7.41e+06 res/s)
*** n=21 a=1960520431034371 d=287002854652470 (K=751 shift=0)
  .. K=751 shift=0 R=1.342e+08 surv=1433 conf=984 best=21 19s (7.25e+06 res/s)
  .. K=751 shift=0 R=2.013e+08 surv=2178 conf=1515 best=21 28s (7.29e+06 res/s)
  .. K=751 shift=0 R=2.684e+08 surv=2882 conf=2024 best=21 37s (7.33e+06 res/s)
  .. K=751 shift=0 R=3.355e+08 surv=3636 conf=2557 best=21 46s (7.36e+06 res/s)
  .. K=751 shift=0 R=4.027e+08 surv=4371 conf=3045 best=21 54s (7.41e+06 res/s)
  .. K=751 shift=0 R=4.698e+08 surv=5042 conf=3475 best=21 63s (7.48e+06 res/s)
  .. K=751 shift=0 R=5.369e+08 surv=5737 conf=3952 best=21 71s (7.53e+06 res/s)
  .. K=751 shift=0 R=6.04e+08 surv=6466 conf=4446 best=21 80s (7.51e+06 res/s)
  .. K=751 shift=0 R=6.711e+08 surv=7158 conf=4921 best=21 89s (7.57e+06 res/s)
*** n=23 a=434526194520703 d=287002854652470 (K=751 shift=0)
  .. K=751 shift=0 R=7.382e+08 surv=7894 conf=5429 best=23 97s (7.63e+06 res/s)
  .. K=751 shift=0 R=8.053e+08 surv=8582 conf=5872 best=23 105s (7.69e+06 res/s)
  .. K=751 shift=0 R=8.724e+08 surv=9298 conf=6362 best=23 113s (7.71e+06 res/s)
  .. K=751 shift=0 R=9.395e+08 surv=10080 conf=6901 best=23 122s (7.72e+06 res/s)
  .. K=751 shift=0 R=1.007e+09 surv=10835 conf=7421 best=23 131s (7.71e+06 res/s)
  .. K=751 shift=0 R=1.074e+09 surv=11516 conf=7897 best=23 139s (7.72e+06 res/s)
  .. K=751 shift=0 R=1.141e+09 surv=12257 conf=8395 best=23 147s (7.75e+06 res/s)
K=751 shift=0 MOD=113366126802939 tierB=7 tierC=148 R=1167541375 surv=12549 conf=8589 best=23 150.4s (4.82e+13 raw/s)
unit K=752 shift=0 MOD=113366126802939 tierB=7(59,71,83,89,101,107,113) tierC=148 residues=1.168e+09 range=7.255e+15
  .. K=752 shift=0 R=6.711e+07 surv=741 conf=499 best=23 8s (8.42e+06 res/s)
  .. K=752 shift=0 R=1.342e+08 surv=1458 conf=971 best=23 16s (8.39e+06 res/s)
  .. K=752 shift=0 R=2.013e+08 surv=2183 conf=1456 best=23 25s (8.18e+06 res/s)
  .. K=752 shift=0 R=2.684e+08 surv=2905 conf=1956 best=23 33s (8.21e+06 res/s)
  .. K=752 shift=0 R=3.355e+08 surv=3652 conf=2464 best=23 41s (8.25e+06 res/s)
K=752 shift=0 MOD=113366126802939 tierB=7 tierC=148 R=375510157 surv=4071 conf=2747 best=23 45.7s (1.59e+14 raw/s)
BEST n=23 a=434526194520703 d=287002854652470  units=2 covered=1.451e+16 raw a  196.1s INTERRUPTED
unit K=127 shift=0 MOD=113366126802939 tierB=7(59,71,83,89,101,107,113) tierC=148 residues=1.168e+09 range=7.255e+15
*** n=7 a=4918843310078713 d=48534437471190 (K=127 shift=0)
*** n=11 a=5420644788985651 d=48534437471190 (K=127 shift=0)
*** n=18 a=1201685083723543 d=48534437471190 (K=127 shift=0)
  .. K=127 shift=0 R=6.711e+07 surv=718 conf=494 best=18 8s (7.98e+06 res/s)
*** n=21 a=3901825837549627 d=48534437471190 (K=127 shift=0)
  .. K=127 shift=0 R=1.342e+08 surv=1466 conf=1014 best=21 17s (8e+06 res/s)
  .. K=127 shift=0 R=2.013e+08 surv=2150 conf=1490 best=21 26s (7.89e+06 res/s)
  .. K=127 shift=0 R=2.684e+08 surv=2854 conf=1978 best=21 34s (7.91e+06 res/s)
  .. K=127 shift=0 R=3.355e+08 surv=3586 conf=2481 best=21 42s (7.94e+06 res/s)
  .. K=127 shift=0 R=4.027e+08 surv=4241 conf=2915 best=21 51s (7.95e+06 res/s)
  .. K=127 shift=0 R=4.698e+08 surv=5008 conf=3449 best=21 59s (7.97e+06 res/s)
  .. K=127 shift=0 R=5.369e+08 surv=5706 conf=3930 best=21 67s (8e+06 res/s)
