unit K=1001 shift=0 MOD=113366126802939 tierB=7(59,71,83,89,101,107,113) tierC=148 residues=1.168e+09 range=7.255e+15
*** n=2 a=3308331612505189 d=382543085894970 (K=1001 shift=0)
*** n=4 a=314330964055447 d=382543085894970 (K=1001 shift=0)
*** n=5 a=2711207947196959 d=382543085894970 (K=1001 shift=0)
*** n=12 a=2334450863551171 d=382543085894970 (K=1001 shift=0)
*** n=13 a=6624247275852787 d=382543085894970 (K=1001 shift=0)
*** n=15 a=3323752479227497 d=382543085894970 (K=1001 shift=0)
  .. K=1001 shift=0 R=6.711e+07 surv=717 conf=485 best=15 9s (7.45e+06 res/s)
*** n=18 a=6467662896429151 d=382543085894970 (K=1001 shift=0)
  .. K=1001 shift=0 R=1.342e+08 surv=1423 conf=957 best=18 18s (7.3e+06 res/s)
*** n=19 a=1556817365292457 d=382543085894970 (K=1001 shift=0)
  .. K=1001 shift=0 R=2.013e+08 surv=2194 conf=1487 best=19 28s (7.32e+06 res/s)
*** n=22 a=3330167165944381 d=382543085894970 (K=1001 shift=0)
  .. K=1001 shift=0 R=2.684e+08 surv=2897 conf=1961 best=22 36s (7.36e+06 res/s)
  .. K=1001 shift=0 R=3.355e+08 surv=3594 conf=2419 best=22 45s (7.44e+06 res/s)
  .. K=1001 shift=0 R=4.027e+08 surv=4303 conf=2924 best=22 54s (7.45e+06 res/s)
  .. K=1001 shift=0 R=4.698e+08 surv=5049 conf=3440 best=22 63s (7.51e+06 res/s)
  .. K=1001 shift=0 R=5.369e+08 surv=5800 conf=3938 best=22 71s (7.56e+06 res/s)
  .. K=1001 shift=0 R=6.04e+08 surv=6505 conf=4417 best=22 80s (7.56e+06 res/s)
  .. K=1001 shift=0 R=6.711e+08 surv=7217 conf=4884 best=22 88s (7.62e+06 res/s)
  .. K=1001 shift=0 R=7.382e+08 surv=7953 conf=5372 best=22 96s (7.66e+06 res/s)
  .. K=1001 shift=0 R=8.053e+08 surv=8702 conf=5910 best=22 105s (7.69e+06 res/s)
  .. K=1001 shift=0 R=8.724e+08 surv=9444 conf=6405 best=22 113s (7.7e+06 res/s)
  .. K=1001 shift=0 R=9.395e+08 surv=10181 conf=6927 best=22 122s (7.73e+06 res/s)
  .. K=1001 shift=0 R=1.007e+09 surv=10904 conf=7418 best=22 130s (7.72e+06 res/s)
  .. K=1001 shift=0 R=1.074e+09 surv=11592 conf=7888 best=22 139s (7.72e+06 res/s)
  .. K=1001 shift=0 R=1.141e+09 surv=12350 conf=8402 best=22 147s (7.76e+06 res/s)
K=1001 shift=0 MOD=113366126802939 tierB=7 tierC=148 R=1167541375 surv=12639 conf=8610 best=22 150.2s (4.83e+13 raw/s)
unit K=1002 shift=0 MOD=113366126802939 tierB=7(59,71,83,89,101,107,113) tierC=147 residues=1.168e+09 range=7.255e+15
  .. K=1002 shift=0 R=6.711e+07 surv=1103 conf=740 best=22 9s (7.79e+06 res/s)
*** n=23 a=241494218019877 d=382925246819940 (K=1002 shift=0)
  .. K=1002 shift=0 R=1.342e+08 surv=2178 conf=1479 best=23 17s (7.85e+06 res/s)
  .. K=1002 shift=0 R=2.013e+08 surv=3295 conf=2248 best=23 26s (7.67e+06 res/s)
*** n=26 a=2691367032415867 d=382925246819940 (K=1002 shift=0)
  .. K=1002 shift=0 R=2.684e+08 surv=4407 conf=3031 best=26 35s (7.76e+06 res/s)
  .. K=1002 shift=0 R=3.355e+08 surv=5518 conf=3790 best=26 43s (7.78e+06 res/s)
K=1002 shift=0 MOD=113366126802939 tierB=7 tierC=147 R=356465706 surv=5868 conf=4029 best=26 45.9s (1.58e+14 raw/s)
BEST n=26 a=2691367032415867 d=382925246819940  units=2 covered=1.451e+16 raw a  196.1s INTERRUPTED
unit K=169 shift=0 MOD=113366126802939 tierB=7(59,71,83,89,101,107,113) tierC=148 residues=1.168e+09 range=7.255e+15
*** n=4 a=1114769639779369 d=64585196319930 (K=169 shift=0)
*** n=5 a=5242627303344127 d=64585196319930 (K=169 shift=0)
*** n=13 a=353276228985919 d=64585196319930 (K=169 shift=0)
*** n=15 a=101640996225019 d=64585196319930 (K=169 shift=0)
*** n=18 a=6373154013945163 d=64585196319930 (K=169 shift=0)
*** n=19 a=3204506723145031 d=64585196319930 (K=169 shift=0)
  .. K=169 shift=0 R=6.711e+07 surv=742 conf=522 best=19 7s (9.05e+06 res/s)
  .. K=169 shift=0 R=1.342e+08 surv=1538 conf=1075 best=19 15s (8.95e+06 res/s)
*** n=20 a=599926154958721 d=64585196319930 (K=169 shift=0)
  .. K=169 shift=0 R=2.013e+08 surv=2265 conf=1575 best=20 23s (8.89e+06 res/s)
  .. K=169 shift=0 R=2.684e+08 surv=2964 conf=2074 best=20 30s (8.83e+06 res/s)
  .. K=169 shift=0 R=3.355e+08 surv=3715 conf=2589 best=20 38s (8.76e+06 res/s)
  .. K=169 shift=0 R=4.027e+08 surv=4430 conf=3064 best=20 46s (8.82e+06 res/s)
  .. K=169 shift=0 R=4.698e+08 surv=5144 conf=3557 best=20 53s (8.83e+06 res/s)
  .. K=169 shift=0 R=5.369e+08 surv=5817 conf=4017 best=20 61s (8.87e+06 res/s)
  .. K=169 shift=0 R=6.04e+08 surv=6582 conf=4536 best=20 68s (8.88e+06 res/s)
