unit K=1251 shift=0 MOD=113366126802939 tierB=7(59,71,83,89,101,107,113) tierC=148 residues=1.168e+09 range=7.255e+15
*** n=1 a=268178571623101 d=478083317137470 (K=1251 shift=0)
*** n=2 a=7237497358694011 d=478083317137470 (K=1251 shift=0)
*** n=3 a=839356689101101 d=478083317137470 (K=1251 shift=0)
*** n=5 a=14787911007763 d=478083317137470 (K=1251 shift=0)
*** n=11 a=5199057315200779 d=478083317137470 (K=1251 shift=0)
*** n=16 a=4954490996313919 d=478083317137470 (K=1251 shift=0)
*** n=19 a=5911755249515839 d=478083317137470 (K=1251 shift=0)
  .. K=1251 shift=0 R=6.711e+07 surv=710 conf=506 best=19 9s (7.55e+06 res/s)
  .. K=1251 shift=0 R=1.342e+08 surv=1423 conf=987 best=19 18s (7.3e+06 res/s)
  .. K=1251 shift=0 R=2.013e+08 surv=2119 conf=1456 best=19 28s (7.27e+06 res/s)
*** n=21 a=2976529353195889 d=478083317137470 (K=1251 shift=0)
  .. K=1251 shift=0 R=2.684e+08 surv=2910 conf=1981 best=21 37s (7.32e+06 res/s)
  .. K=1251 shift=0 R=3.355e+08 surv=3601 conf=2460 best=21 45s (7.4e+06 res/s)
  .. K=1251 shift=0 R=4.027e+08 surv=4289 conf=2929 best=21 54s (7.45e+06 res/s)
  .. K=1251 shift=0 R=4.698e+08 surv=4981 conf=3411 best=21 63s (7.51e+06 res/s)
  .. K=1251 shift=0 R=5.369e+08 surv=5727 conf=3919 best=21 71s (7.57e+06 res/s)
  .. K=1251 shift=0 R=6.04e+08 surv=6434 conf=4414 best=21 80s (7.56e+06 res/s)
  .. K=1251 shift=0 R=6.711e+08 surv=7118 conf=4867 best=21 88s (7.64e+06 res/s)
  .. K=1251 shift=0 R=7.382e+08 surv=7834 conf=5354 best=21 96s (7.7e+06 res/s)
  .. K=1251 shift=0 R=8.053e+08 surv=8534 conf=5841 best=21 104s (7.73e+06 res/s)
  .. K=1251 shift=0 R=8.724e+08 surv=9288 conf=6352 best=21 113s (7.74e+06 res/s)
*** n=24 a=7153603388257603 d=478083317137470 (K=1251 shift=0)
  .. K=1251 shift=0 R=9.395e+08 surv=10041 conf=6838 best=24 121s (7.74e+06 res/s)
  .. K=1251 shift=0 R=1.007e+09 surv=10772 conf=7347 best=24 130s (7.72e+06 res/s)
  .. K=1251 shift=0 R=1.074e+09 surv=11477 conf=7829 best=24 139s (7.73e+06 res/s)
  .. K=1251 shift=0 R=1.141e+09 surv=12182 conf=8315 best=24 147s (7.77e+06 res/s)
K=1251 shift=0 MOD=113366126802939 tierB=7 tierC=148 R=1167541375 surv=12460 conf=8492 best=24 149.9s (4.84e+13 raw/s)
unit K=1252 shift=0 MOD=113366126802939 tierB=7(59,71,83,89,101,107,113) tierC=148 residues=1.168e+09 range=7.255e+15
  .. K=1252 shift=0 R=6.711e+07 surv=774 conf=527 best=24 8s (8.49e+06 res/s)
  .. K=1252 shift=0 R=1.342e+08 surv=1474 conf=985 best=24 16s (8.42e+06 res/s)
  .. K=1252 shift=0 R=2.013e+08 surv=2194 conf=1468 best=24 25s (8.14e+06 res/s)
  .. K=1252 shift=0 R=2.684e+08 surv=2892 conf=1946 best=24 33s (8.17e+06 res/s)
  .. K=1252 shift=0 R=3.355e+08 surv=3576 conf=2405 best=24 41s (8.21e+06 res/s)
K=1252 shift=0 MOD=113366126802939 tierB=7 tierC=148 R=376090741 surv=4048 conf=2734 best=24 46.0s (1.58e+14 raw/s)
BEST n=24 a=7153603388257603 d=478083317137470  units=2 covered=1.451e+16 raw a  196.0s INTERRUPTED
unit K=211 shift=0 MOD=113366126802939 tierB=7(59,71,83,89,101,107,113) tierC=148 residues=1.168e+09 range=7.255e+15
*** n=1 a=5136607639360957 d=80635955168670 (K=211 shift=0)
*** n=3 a=4922017496138563 d=80635955168670 (K=211 shift=0)
*** n=5 a=1117450045359091 d=80635955168670 (K=211 shift=0)
*** n=8 a=2823259185539401 d=80635955168670 (K=211 shift=0)
*** n=11 a=1376047802084359 d=80635955168670 (K=211 shift=0)
*** n=27 a=3113563582694773 d=80635955168670 (K=211 shift=0)
  .. K=211 shift=0 R=6.711e+07 surv=736 conf=518 best=27 8s (8.57e+06 res/s)
  .. K=211 shift=0 R=1.342e+08 surv=1474 conf=1023 best=27 16s (8.59e+06 res/s)
  .. K=211 shift=0 R=2.013e+08 surv=2206 conf=1525 best=27 23s (8.57e+06 res/s)
  .. K=211 shift=0 R=2.684e+08 surv=2906 conf=2015 best=27 31s (8.6e+06 res/s)
  .. K=211 shift=0 R=3.355e+08 surv=3588 conf=2483 best=27 39s (8.55e+06 res/s)
  .. K=211 shift=0 R=4.027e+08 surv=4331 conf=2986 best=27 47s (8.59e+06 res/s)
  .. K=211 shift=0 R=4.698e+08 surv=5049 conf=3454 best=27 55s (8.56e+06 res/s)
  .. K=211 shift=0 R=5.369e+08 surv=5774 conf=3970 best=27 63s (8.58e+06 res/s)
  .. K=211 shift=0 R=6.04e+08 surv=6436 conf=4441 best=27 70s (8.61e+06 res/s)
