unit K=1501 shift=0 MOD=113366126802939 tierB=7(59,71,83,89,101,107,113) tierC=148 residues=1.168e+09 range=7.255e+15
*** n=3 a=1320714337860601 d=573623548379970 (K=1501 shift=0)
*** n=4 a=6554052558724351 d=573623548379970 (K=1501 shift=0)
*** n=13 a=1652067387142423 d=573623548379970 (K=1501 shift=0)
*** n=19 a=1198723620751123 d=573623548379970 (K=1501 shift=0)
*** n=24 a=4702869904137931 d=573623548379970 (K=1501 shift=0)
  .. K=1501 shift=0 R=6.711e+07 surv=683 conf=491 best=24 9s (7.39e+06 res/s)
  .. K=1501 shift=0 R=1.342e+08 surv=1411 conf=996 best=24 19s (7.17e+06 res/s)
  .. K=1501 shift=0 R=2.013e+08 surv=2056 conf=1425 best=24 28s (7.31e+06 res/s)
  .. K=1501 shift=0 R=2.684e+08 surv=2744 conf=1898 best=24 37s (7.32e+06 res/s)
  .. K=1501 shift=0 R=3.355e+08 surv=3455 conf=2372 best=24 45s (7.4e+06 res/s)
  .. K=1501 shift=0 R=4.027e+08 surv=4168 conf=2869 best=24 54s (7.44e+06 res/s)
  .. K=1501 shift=0 R=4.698e+08 surv=4910 conf=3388 best=24 63s (7.48e+06 res/s)
  .. K=1501 shift=0 R=5.369e+08 surv=5581 conf=3853 best=24 71s (7.55e+06 res/s)
  .. K=1501 shift=0 R=6.04e+08 surv=6255 conf=4316 best=24 80s (7.55e+06 res/s)
  .. K=1501 shift=0 R=6.711e+08 surv=6989 conf=4814 best=24 88s (7.63e+06 res/s)
  .. K=1501 shift=0 R=7.382e+08 surv=7769 conf=5357 best=24 96s (7.66e+06 res/s)
  .. K=1501 shift=0 R=8.053e+08 surv=8436 conf=5838 best=24 104s (7.71e+06 res/s)
  .. K=1501 shift=0 R=8.724e+08 surv=9154 conf=6345 best=24 113s (7.72e+06 res/s)
  .. K=1501 shift=0 R=9.395e+08 surv=9939 conf=6876 best=24 121s (7.75e+06 res/s)
  .. K=1501 shift=0 R=1.007e+09 surv=10702 conf=7392 best=24 130s (7.74e+06 res/s)
  .. K=1501 shift=0 R=1.074e+09 surv=11407 conf=7883 best=24 139s (7.73e+06 res/s)
  .. K=1501 shift=0 R=1.141e+09 surv=12100 conf=8357 best=24 147s (7.75e+06 res/s)
K=1501 shift=0 MOD=113366126802939 tierB=7 tierC=148 R=1167541375 surv=12391 conf=8564 best=24 150.3s (4.83e+13 raw/s)
unit K=1502 shift=0 MOD=113366126802939 tierB=7(59,71,83,89,101,107,113) tierC=148 residues=1.168e+09 range=7.255e+15
  .. K=1502 shift=0 R=6.711e+07 surv=708 conf=466 best=24 8s (8.13e+06 res/s)
  .. K=1502 shift=0 R=1.342e+08 surv=1457 conf=974 best=24 17s (8.05e+06 res/s)
  .. K=1502 shift=0 R=2.013e+08 surv=2153 conf=1459 best=24 26s (7.88e+06 res/s)
  .. K=1502 shift=0 R=2.684e+08 surv=2882 conf=1979 best=24 34s (7.98e+06 res/s)
  .. K=1502 shift=0 R=3.355e+08 surv=3585 conf=2474 best=24 42s (8.01e+06 res/s)
K=1502 shift=0 MOD=113366126802939 tierB=7 tierC=148 R=365069161 surv=3883 conf=2669 best=24 45.7s (1.59e+14 raw/s)
BEST n=24 a=4702869904137931 d=573623548379970  units=2 covered=1.451e+16 raw a  196.0s INTERRUPTED
unit K=253 shift=0 MOD=113366126802939 tierB=7(59,71,83,89,101,107,113) tierC=148 residues=1.168e+09 range=7.255e+15
*** n=1 a=2282004647766769 d=96686714017410 (K=253 shift=0)
*** n=8 a=2774202267683527 d=96686714017410 (K=253 shift=0)
*** n=9 a=1764013149433669 d=96686714017410 (K=253 shift=0)
*** n=10 a=6992312375908969 d=96686714017410 (K=253 shift=0)
*** n=12 a=3284766151205959 d=96686714017410 (K=253 shift=0)
*** n=13 a=610702672800403 d=96686714017410 (K=253 shift=0)
*** n=17 a=3444801863197861 d=96686714017410 (K=253 shift=0)
*** n=21 a=2224723009791961 d=96686714017410 (K=253 shift=0)
  .. K=253 shift=0 R=6.711e+07 surv=717 conf=476 best=21 8s (8.19e+06 res/s)
*** n=24 a=1734176909701933 d=96686714017410 (K=253 shift=0)
  .. K=253 shift=0 R=1.342e+08 surv=1428 conf=962 best=24 16s (8.15e+06 res/s)
  .. K=253 shift=0 R=2.013e+08 surv=2165 conf=1494 best=24 25s (8.02e+06 res/s)
  .. K=253 shift=0 R=2.684e+08 surv=2873 conf=1989 best=24 34s (7.94e+06 res/s)
  .. K=253 shift=0 R=3.355e+08 surv=3584 conf=2480 best=24 43s (7.89e+06 res/s)
  .. K=253 shift=0 R=4.027e+08 surv=4292 conf=2981 best=24 51s (7.9e+06 res/s)
  .. K=253 shift=0 R=4.698e+08 surv=4983 conf=3438 best=24 59s (7.91e+06 res/s)
  .. K=253 shift=0 R=5.369e+08 surv=5696 conf=3910 best=24 68s (7.95e+06 res/s)
  .. K=253 shift=0 R=6.04e+08 surv=6421 conf=4403 best=24 76s (7.95e+06 res/s)
  .. K=253 shift=0 R=6.711e+08 surv=7152 conf=4893 best=24 84s (7.96e+06 res/s)
  .. K=253 shift=0 R=7.382e+08 surv=7852 conf=5383 best=24 93s (7.97e+06 res/s)
  .. K=253 shift=0 R=8.053e+08 surv=8603 conf=5903 best=24 101s (7.98e+06 res/s)
  .. K=253 shift=0 R=8.724e+08 surv=9357 conf=6435 best=24 110s (7.96e+06 res/s)
  .. K=253 shift=0 R=9.395e+08 surv=10076 conf=6922 best=24 118s (7.96e+06 res/s)
*** n=25 a=6221178689075551 d=96686714017410 (K=253 shift=0)
  .. K=253 shift=0 R=1.007e+09 surv=10789 conf=7400 best=25 127s (7.95e+06 res/s)
  .. K=253 shift=0 R=1.074e+09 surv=11498 conf=7902 best=25 135s (7.94e+06 res/s)
  .. K=253 shift=0 R=1.141e+09 surv=12217 conf=8395 best=25 144s (7.91e+06 res/s)
K=253 shift=0 MOD=113366126802939 tierB=7 tierC=148 R=1167541375 surv=12512 conf=8591 best=25 147.9s (4.91e+13 raw/s)
unit K=254 shift=0 MOD=113366126802939 tierB=7(59,71,83,89,101,107,113) tierC=148 residues=1.168e+09 range=7.255e+15
  .. K=254 shift=0 R=6.711e+07 surv=732 conf=492 best=25 9s (7.36e+06 res/s)
  .. K=254 shift=0 R=1.342e+08 surv=1437 conf=980 best=25 18s (7.39e+06 res/s)
  .. K=254 shift=0 R=2.013e+08 surv=2133 conf=1458 best=25 27s (7.42e+06 res/s)
  .. K=254 shift=0 R=2.684e+08 surv=2822 conf=1902 best=25 37s (7.35e+06 res/s)
  .. K=254 shift=0 R=3.355e+08 surv=3522 conf=2388 best=25 45s (7.39e+06 res/s)
  .. K=254 shift=0 R=4.027e+08 surv=4235 conf=2876 best=25 55s (7.37e+06 res/s)
  .. K=254 shift=0 R=4.698e+08 surv=5005 conf=3424 best=25 64s (7.39e+06 res/s)
  .. K=254 shift=0 R=5.369e+08 surv=5700 conf=3906 best=25 73s (7.37e+06 res/s)
  .. K=254 shift=0 R=6.04e+08 surv=6429 conf=4405 best=25 82s (7.37e+06 res/s)
  .. K=254 shift=0 R=6.711e+08 surv=7169 conf=4924 best=25 91s (7.36e+06 res/s)
  .. K=254 shift=0 R=7.382e+08 surv=7906 conf=5448 best=25 100s (7.41e+06 res/s)
  .. K=254 shift=0 R=8.053e+08 surv=8612 conf=5925 best=25 108s (7.44e+06 res/s)
  .. K=254 shift=0 R=8.724e+08 surv=9360 conf=6442 best=25 117s (7.46e+06 res/s)
  .. K=254 shift=0 R=9.395e+08 surv=10083 conf=6952 best=25 126s (7.48e+06 res/s)
  .. K=254 shift=0 R=1.007e+09 surv=10782 conf=7431 best=25 135s (7.48e+06 res/s)
  .. K=254 shift=0 R=1.074e+09 surv=11521 conf=7928 best=25 144s (7.48e+06 res/s)
K=254 shift=0 MOD=113366126802939 tierB=7 tierC=148 R=1100402774 surv=11821 conf=8129 best=25 146.9s (4.94e+13 raw/s)
BEST n=25 a=6221178689075551 d=96686714017410  units=2 covered=1.451e+16 raw a  294.8s INTERRUPTED
unit K=253 shift=0 MOD=113366126802939 tierB=7(59,71,83,89,101,107,113) tierC=148 residues=1.168e+09 range=7.255e+15
*** n=8 a=7752320761754521 d=96686714017410 (K=253 shift=0)
*** n=9 a=6278148838601989 d=96686714017410 (K=253 shift=0)
*** n=11 a=1634555046224479 d=96686714017410 (K=253 shift=0)
*** n=13 a=4792087799371537 d=96686714017410 (K=253 shift=0)
*** n=17 a=6838204297943209 d=96686714017410 (K=253 shift=0)
*** n=19 a=6197797948397839 d=96686714017410 (K=253 shift=0)
*** n=26 a=645499048416043 d=96686714017410 (K=253 shift=0)
  .. K=253 shift=0 R=6.711e+07 surv=717 conf=717 best=26 18s (3.67e+06 res/s)
  .. K=253 shift=0 R=1.342e+08 surv=1428 conf=1428 best=26 37s (3.65e+06 res/s)
  .. K=253 shift=0 R=2.013e+08 surv=2165 conf=2165 best=26 56s (3.61e+06 res/s)
  .. K=253 shift=0 R=2.684e+08 surv=2873 conf=2873 best=26 74s (3.62e+06 res/s)
  .. K=253 shift=0 R=3.355e+08 surv=3584 conf=3584 best=26 93s (3.6e+06 res/s)
  .. K=253 shift=0 R=4.027e+08 surv=4292 conf=4292 best=26 115s (3.51e+06 res/s)
  .. K=253 shift=0 R=4.698e+08 surv=4983 conf=4983 best=26 136s (3.45e+06 res/s)
  .. K=253 shift=0 R=5.369e+08 surv=5696 conf=5696 best=26 157s (3.41e+06 res/s)
  .. K=253 shift=0 R=6.04e+08 surv=6421 conf=6421 best=26 180s (3.36e+06 res/s)
  .. K=253 shift=0 R=6.711e+08 surv=7152 conf=7152 best=26 204s (3.29e+06 res/s)
  .. K=253 shift=0 R=7.382e+08 surv=7852 conf=7852 best=26 228s (3.24e+06 res/s)
  .. K=253 shift=0 R=8.053e+08 surv=8603 conf=8603 best=26 253s (3.19e+06 res/s)
  .. K=253 shift=0 R=8.724e+08 surv=9357 conf=9357 best=26 278s (3.14e+06 res/s)
