unit K=1751 shift=0 MOD=113366126802939 tierB=7(59,71,83,89,101,107,113) tierC=148 residues=1.168e+09 range=7.255e+15
*** n=1 a=4662416540441713 d=669163779622470 (K=1751 shift=0)
*** n=2 a=3864085746932809 d=669163779622470 (K=1751 shift=0)
*** n=4 a=1842625480674133 d=669163779622470 (K=1751 shift=0)
*** n=7 a=692268273169507 d=669163779622470 (K=1751 shift=0)
*** n=12 a=4748918588424151 d=669163779622470 (K=1751 shift=0)
*** n=14 a=7031239175369929 d=669163779622470 (K=1751 shift=0)
*** n=15 a=2899233383802769 d=669163779622470 (K=1751 shift=0)
  .. K=1751 shift=0 R=6.711e+07 surv=748 conf=510 best=15 10s (7.04e+06 res/s)
*** n=17 a=1278713872024117 d=669163779622470 (K=1751 shift=0)
  .. K=1751 shift=0 R=1.342e+08 surv=1448 conf=971 best=17 19s (6.96e+06 res/s)
*** n=22 a=2290668323312143 d=669163779622470 (K=1751 shift=0)
  .. K=1751 shift=0 R=2.013e+08 surv=2162 conf=1476 best=22 29s (7.06e+06 res/s)
  .. K=1751 shift=0 R=2.684e+08 surv=2818 conf=1929 best=22 38s (7.12e+06 res/s)
  .. K=1751 shift=0 R=3.355e+08 surv=3568 conf=2433 best=22 47s (7.15e+06 res/s)
  .. K=1751 shift=0 R=4.027e+08 surv=4306 conf=2934 best=22 56s (7.2e+06 res/s)
  .. K=1751 shift=0 R=4.698e+08 surv=4999 conf=3395 best=22 65s (7.28e+06 res/s)
  .. K=1751 shift=0 R=5.369e+08 surv=5735 conf=3897 best=22 74s (7.3e+06 res/s)
  .. K=1751 shift=0 R=6.04e+08 surv=6476 conf=4434 best=22 83s (7.32e+06 res/s)
  .. K=1751 shift=0 R=6.711e+08 surv=7169 conf=4904 best=22 91s (7.4e+06 res/s)
  .. K=1751 shift=0 R=7.382e+08 surv=7921 conf=5432 best=22 99s (7.44e+06 res/s)
  .. K=1751 shift=0 R=8.053e+08 surv=8647 conf=5915 best=22 108s (7.47e+06 res/s)
  .. K=1751 shift=0 R=8.724e+08 surv=9403 conf=6442 best=22 117s (7.49e+06 res/s)
  .. K=1751 shift=0 R=9.395e+08 surv=10132 conf=6966 best=22 126s (7.49e+06 res/s)
  .. K=1751 shift=0 R=1.007e+09 surv=10867 conf=7461 best=22 135s (7.48e+06 res/s)
  .. K=1751 shift=0 R=1.074e+09 surv=11651 conf=8015 best=22 143s (7.51e+06 res/s)
  .. K=1751 shift=0 R=1.141e+09 surv=12358 conf=8503 best=22 151s (7.54e+06 res/s)
K=1751 shift=0 MOD=113366126802939 tierB=7 tierC=148 R=1167541375 surv=12648 conf=8715 best=22 154.5s (4.7e+13 raw/s)
unit K=1752 shift=0 MOD=113366126802939 tierB=7(59,71,83,89,101,107,113) tierC=148 residues=1.168e+09 range=7.255e+15
  .. K=1752 shift=0 R=6.711e+07 surv=722 conf=519 best=22 8s (8.27e+06 res/s)
  .. K=1752 shift=0 R=1.342e+08 surv=1467 conf=1017 best=22 17s (8.05e+06 res/s)
  .. K=1752 shift=0 R=2.013e+08 surv=2198 conf=1531 best=22 25s (7.92e+06 res/s)
  .. K=1752 shift=0 R=2.684e+08 surv=2957 conf=2057 best=22 33s (8.04e+06 res/s)
K=1752 shift=0 MOD=113366126802939 tierB=7 tierC=148 R=332381864 surv=3653 conf=2550 best=22 41.4s (1.75e+14 raw/s)
BEST n=22 a=2290668323312143 d=669163779622470  units=2 covered=1.451e+16 raw a  196.0s INTERRUPTED
unit K=295 shift=0 MOD=251711230698051 tierB=7(71,83,89,101,107,113,131) tierC=147 residues=8.523e+10 range=1.611e+16
*** n=1 a=15694731535211587 d=112737472866150 (K=295 shift=0)
*** n=2 a=10606278234771541 d=112737472866150 (K=295 shift=0)
*** n=3 a=9137367269729503 d=112737472866150 (K=295 shift=0)
*** n=9 a=7675019249025289 d=112737472866150 (K=295 shift=0)
*** n=10 a=9608422134470617 d=112737472866150 (K=295 shift=0)
*** n=12 a=5497164183548737 d=112737472866150 (K=295 shift=0)
*** n=14 a=3223537712382421 d=112737472866150 (K=295 shift=0)
*** n=19 a=2910593301418729 d=112737472866150 (K=295 shift=0)
  .. K=295 shift=0 R=6.711e+07 surv=1354 conf=928 best=19 9s (7.37e+06 res/s)
  .. K=295 shift=0 R=1.342e+08 surv=2598 conf=1782 best=19 19s (7.25e+06 res/s)
  .. K=295 shift=0 R=2.013e+08 surv=3902 conf=2634 best=19 27s (7.33e+06 res/s)
  .. K=295 shift=0 R=2.684e+08 surv=5197 conf=3501 best=19 37s (7.33e+06 res/s)
  .. K=295 shift=0 R=3.355e+08 surv=6461 conf=4373 best=19 46s (7.35e+06 res/s)
  .. K=295 shift=0 R=4.027e+08 surv=7725 conf=5202 best=19 55s (7.3e+06 res/s)
  .. K=295 shift=0 R=4.698e+08 surv=9059 conf=6117 best=19 64s (7.31e+06 res/s)
*** n=20 a=726950241057199 d=112737472866150 (K=295 shift=0)
