tierC order: 149 167 173 179 191 ... (143 primes)
unit K=20001 shift=0 MOD=3051720230586990 stage1=10(3,2,5,71,83,89,101,107,131,137) tierC=143 residues=4.897e+11 range=1.953e+17
*** n=11 a=283533754584334141 d=7643600660324970 (K=20001 shift=0)
*** n=12 a=76803501890932741 d=7643600660324970 (K=20001 shift=0)
*** n=13 a=80892306635329801 d=7643600660324970 (K=20001 shift=0)
*** n=19 a=148279902155308411 d=7643600660324970 (K=20001 shift=0)
*** n=20 a=228544389707960911 d=7643600660324970 (K=20001 shift=0)
*** n=23 a=309702738484996741 d=7643600660324970 (K=20001 shift=0)
  .. K=20001 shift=0 R=6.711e+07 surv=5688 conf=5597 best=23 44s (1.52e+06 res/s)
  .. K=20001 shift=0 R=1.342e+08 surv=11333 conf=11152 best=23 90s (1.49e+06 res/s)
*** n=27 a=170783721183409561 d=7643600660324970 (K=20001 shift=0)
  .. K=20001 shift=0 R=2.013e+08 surv=16965 conf=16689 best=27 139s (1.45e+06 res/s)
  .. K=20001 shift=0 R=2.684e+08 surv=22560 conf=22207 best=27 189s (1.42e+06 res/s)
  .. K=20001 shift=0 R=3.355e+08 surv=28119 conf=27674 best=27 234s (1.44e+06 res/s)
  .. K=20001 shift=0 R=4.027e+08 surv=33733 conf=33174 best=27 280s (1.44e+06 res/s)
  .. K=20001 shift=0 R=4.698e+08 surv=39325 conf=38660 best=27 323s (1.45e+06 res/s)
  .. K=20001 shift=0 R=5.369e+08 surv=44987 conf=44230 best=27 366s (1.47e+06 res/s)
  .. K=20001 shift=0 R=6.04e+08 surv=50761 conf=49913 best=27 412s (1.47e+06 res/s)
  .. K=20001 shift=0 R=6.711e+08 surv=56282 conf=55346 best=27 456s (1.47e+06 res/s)
*** n=28 a=61947879159576241 d=7643600660324970 (K=20001 shift=0)
*** n=29 a=340875505343427031 d=7643600660324970 (K=20001 shift=0)
  .. K=20001 shift=0 R=7.382e+08 surv=61892 conf=60846 best=29 500s (1.48e+06 res/s)
  .. K=20001 shift=0 R=8.053e+08 surv=67500 conf=66360 best=29 546s (1.47e+06 res/s)
  .. K=20001 shift=0 R=8.724e+08 surv=73115 conf=71896 best=29 595s (1.47e+06 res/s)
  .. K=20001 shift=0 R=9.395e+08 surv=78696 conf=77365 best=29 658s (1.43e+06 res/s)
  .. K=20001 shift=0 R=1.007e+09 surv=84347 conf=82911 best=29 716s (1.41e+06 res/s)
*** n=33 a=190148476929613231 d=7643600660324970 (K=20001 shift=0)
K=20001 shift=0 MOD=3051720230586990 tierB=7 tierC=143 R=1073451829 surv=89993 conf=88430 best=33 761.5s (2.56e+14 raw/s)
BEST n=33 a=190148476929613231 d=7643600660324970  units=1 covered=1.953e+17 raw a  761.6s INTERRUPTED
