tierC order: 131 137 149 167 173 ... (145 primes)
unit K=21001 shift=0 MOD=1133661268029390 stage1=10(3,2,5,59,71,83,89,101,107,113) tierC=145 residues=4.67e+09 range=7.255e+16
*** n=4 a=45231778598662621 d=8025761585294970 (K=21001 shift=0)
*** n=10 a=94792479219793951 d=8025761585294970 (K=21001 shift=0)
*** n=12 a=30221949889732171 d=8025761585294970 (K=21001 shift=0)
*** n=15 a=268039122746807761 d=8025761585294970 (K=21001 shift=0)
*** n=17 a=138601812184317781 d=8025761585294970 (K=21001 shift=0)
*** n=18 a=178788408183428941 d=8025761585294970 (K=21001 shift=0)
*** n=19 a=111840643263703381 d=8025761585294970 (K=21001 shift=0)
*** n=24 a=140314590380937871 d=8025761585294970 (K=21001 shift=0)
  .. K=21001 shift=0 R=6.711e+07 surv=1811 conf=1811 best=24 18s (3.82e+06 res/s)
*** n=32 a=217198950909761701 d=8025761585294970 (K=21001 shift=0)
  .. K=21001 shift=0 R=1.342e+08 surv=3571 conf=3571 best=32 36s (3.71e+06 res/s)
  .. K=21001 shift=0 R=2.013e+08 surv=5326 conf=5326 best=32 53s (3.79e+06 res/s)
  .. K=21001 shift=0 R=2.684e+08 surv=7124 conf=7124 best=32 70s (3.85e+06 res/s)
  .. K=21001 shift=0 R=3.355e+08 surv=8871 conf=8871 best=32 90s (3.72e+06 res/s)
  .. K=21001 shift=0 R=4.027e+08 surv=10681 conf=10681 best=32 110s (3.68e+06 res/s)
  .. K=21001 shift=0 R=4.698e+08 surv=12558 conf=12558 best=32 129s (3.64e+06 res/s)
  .. K=21001 shift=0 R=5.369e+08 surv=14334 conf=14334 best=32 151s (3.56e+06 res/s)
  .. K=21001 shift=0 R=6.04e+08 surv=16140 conf=16140 best=32 171s (3.53e+06 res/s)
  .. K=21001 shift=0 R=6.711e+08 surv=17888 conf=17888 best=32 191s (3.51e+06 res/s)
  .. K=21001 shift=0 R=7.382e+08 surv=19680 conf=19680 best=32 209s (3.53e+06 res/s)
  .. K=21001 shift=0 R=8.053e+08 surv=21471 conf=21471 best=32 228s (3.53e+06 res/s)
  .. K=21001 shift=0 R=8.724e+08 surv=23301 conf=23301 best=32 248s (3.51e+06 res/s)
  .. K=21001 shift=0 R=9.395e+08 surv=25148 conf=25148 best=32 267s (3.52e+06 res/s)
  .. K=21001 shift=0 R=1.007e+09 surv=26936 conf=26936 best=32 285s (3.53e+06 res/s)
  .. K=21001 shift=0 R=1.074e+09 surv=28757 conf=28757 best=32 303s (3.54e+06 res/s)
  .. K=21001 shift=0 R=1.141e+09 surv=30447 conf=30447 best=32 320s (3.56e+06 res/s)
  .. K=21001 shift=0 R=1.208e+09 surv=32297 conf=32297 best=32 339s (3.56e+06 res/s)
  .. K=21001 shift=0 R=1.275e+09 surv=34166 conf=34166 best=32 356s (3.59e+06 res/s)
  .. K=21001 shift=0 R=1.342e+09 surv=35908 conf=35908 best=32 374s (3.59e+06 res/s)
  .. K=21001 shift=0 R=1.409e+09 surv=37747 conf=37747 best=32 393s (3.59e+06 res/s)
  .. K=21001 shift=0 R=1.476e+09 surv=39590 conf=39590 best=32 410s (3.6e+06 res/s)
  .. K=21001 shift=0 R=1.544e+09 surv=41370 conf=41370 best=32 428s (3.61e+06 res/s)
  .. K=21001 shift=0 R=1.611e+09 surv=43202 conf=43202 best=32 447s (3.6e+06 res/s)
  .. K=21001 shift=0 R=1.678e+09 surv=45018 conf=45018 best=32 466s (3.6e+06 res/s)
  .. K=21001 shift=0 R=1.745e+09 surv=46780 conf=46780 best=32 484s (3.6e+06 res/s)
  .. K=21001 shift=0 R=1.812e+09 surv=48542 conf=48542 best=32 501s (3.61e+06 res/s)
  .. K=21001 shift=0 R=1.879e+09 surv=50318 conf=50318 best=32 520s (3.61e+06 res/s)
  .. K=21001 shift=0 R=1.946e+09 surv=52166 conf=52166 best=32 539s (3.61e+06 res/s)
*** n=33 a=50286618295435417 d=8025761585294970 (K=21001 shift=0)
  .. K=21001 shift=0 R=2.013e+09 surv=54015 conf=54015 best=33 559s (3.6e+06 res/s)
  .. K=21001 shift=0 R=2.08e+09 surv=55831 conf=55831 best=33 579s (3.59e+06 res/s)
  .. K=21001 shift=0 R=2.147e+09 surv=57669 conf=57669 best=33 599s (3.59e+06 res/s)
  .. K=21001 shift=0 R=2.215e+09 surv=59523 conf=59523 best=33 626s (3.54e+06 res/s)
  .. K=21001 shift=0 R=2.282e+09 surv=61312 conf=61312 best=33 651s (3.5e+06 res/s)
  .. K=21001 shift=0 R=2.349e+09 surv=63102 conf=63102 best=33 676s (3.48e+06 res/s)
  .. K=21001 shift=0 R=2.416e+09 surv=64939 conf=64939 best=33 700s (3.45e+06 res/s)
  .. K=21001 shift=0 R=2.483e+09 surv=66758 conf=66758 best=33 725s (3.43e+06 res/s)
  .. K=21001 shift=0 R=2.55e+09 surv=68551 conf=68551 best=33 746s (3.42e+06 res/s)
  .. K=21001 shift=0 R=2.617e+09 surv=70356 conf=70356 best=33 760s (3.44e+06 res/s)
K=21001 shift=0 MOD=1133661268029390 tierB=7 tierC=145 R=2624559542 surv=70524 conf=70524 best=33 761.5s (9.53e+13 raw/s)
BEST n=33 a=50286618295435417 d=8025761585294970  units=1 covered=7.255e+16 raw a  761.6s INTERRUPTED
