tierC order: 131 137 149 167 173 ... (144 primes)
unit K=22001 shift=0 MOD=1133661268029390 stage1=10(3,2,5,59,71,83,89,101,107,113) tierC=144 residues=4.67e+09 range=7.255e+16
*** n=4 a=192980800356655021 d=8407922510264970 (K=22001 shift=0)
*** n=6 a=102025342235928601 d=8407922510264970 (K=22001 shift=0)
*** n=7 a=93052021070381161 d=8407922510264970 (K=22001 shift=0)
*** n=10 a=186999620684206291 d=8407922510264970 (K=22001 shift=0)
*** n=16 a=195264436100103991 d=8407922510264970 (K=22001 shift=0)
*** n=22 a=229679594822350471 d=8407922510264970 (K=22001 shift=0)
*** n=23 a=281246453976785101 d=8407922510264970 (K=22001 shift=0)
  .. K=22001 shift=0 R=6.711e+07 surv=2044 conf=2041 best=23 19s (3.49e+06 res/s)
*** n=24 a=18561524439766261 d=8407922510264970 (K=22001 shift=0)
  .. K=22001 shift=0 R=1.342e+08 surv=4138 conf=4133 best=24 40s (3.4e+06 res/s)
  .. K=22001 shift=0 R=2.013e+08 surv=6182 conf=6171 best=24 58s (3.45e+06 res/s)
  .. K=22001 shift=0 R=2.684e+08 surv=8317 conf=8300 best=24 78s (3.44e+06 res/s)
*** n=29 a=121863158266321441 d=8407922510264970 (K=22001 shift=0)
  .. K=22001 shift=0 R=3.355e+08 surv=10400 conf=10380 best=29 100s (3.34e+06 res/s)
  .. K=22001 shift=0 R=4.027e+08 surv=12464 conf=12442 best=29 122s (3.31e+06 res/s)
  .. K=22001 shift=0 R=4.698e+08 surv=14567 conf=14539 best=29 145s (3.24e+06 res/s)
  .. K=22001 shift=0 R=5.369e+08 surv=16545 conf=16512 best=29 167s (3.21e+06 res/s)
  .. K=22001 shift=0 R=6.04e+08 surv=18655 conf=18617 best=29 190s (3.18e+06 res/s)
  .. K=22001 shift=0 R=6.711e+08 surv=20662 conf=20618 best=29 210s (3.2e+06 res/s)
  .. K=22001 shift=0 R=7.382e+08 surv=22774 conf=22723 best=29 230s (3.21e+06 res/s)
  .. K=22001 shift=0 R=8.053e+08 surv=24782 conf=24726 best=29 252s (3.19e+06 res/s)
  .. K=22001 shift=0 R=8.724e+08 surv=26829 conf=26769 best=29 272s (3.21e+06 res/s)
  .. K=22001 shift=0 R=9.395e+08 surv=28973 conf=28909 best=29 292s (3.21e+06 res/s)
  .. K=22001 shift=0 R=1.007e+09 surv=31114 conf=31044 best=29 313s (3.22e+06 res/s)
  .. K=22001 shift=0 R=1.074e+09 surv=33212 conf=33137 best=29 332s (3.23e+06 res/s)
  .. K=22001 shift=0 R=1.141e+09 surv=35280 conf=35200 best=29 352s (3.25e+06 res/s)
  .. K=22001 shift=0 R=1.208e+09 surv=37322 conf=37235 best=29 370s (3.27e+06 res/s)
  .. K=22001 shift=0 R=1.275e+09 surv=39446 conf=39354 best=29 391s (3.27e+06 res/s)
  .. K=22001 shift=0 R=1.342e+09 surv=41490 conf=41397 best=29 409s (3.28e+06 res/s)
  .. K=22001 shift=0 R=1.409e+09 surv=43536 conf=43441 best=29 429s (3.29e+06 res/s)
  .. K=22001 shift=0 R=1.476e+09 surv=45522 conf=45423 best=29 448s (3.29e+06 res/s)
  .. K=22001 shift=0 R=1.544e+09 surv=47612 conf=47511 best=29 469s (3.29e+06 res/s)
  .. K=22001 shift=0 R=1.611e+09 surv=49647 conf=49541 best=29 488s (3.3e+06 res/s)
  .. K=22001 shift=0 R=1.678e+09 surv=51702 conf=51592 best=29 507s (3.31e+06 res/s)
  .. K=22001 shift=0 R=1.745e+09 surv=53802 conf=53687 best=29 528s (3.3e+06 res/s)
  .. K=22001 shift=0 R=1.812e+09 surv=55894 conf=55777 best=29 549s (3.3e+06 res/s)
  .. K=22001 shift=0 R=1.879e+09 surv=57929 conf=57808 best=29 571s (3.29e+06 res/s)
  .. K=22001 shift=0 R=1.946e+09 surv=59949 conf=59820 best=29 592s (3.29e+06 res/s)
  .. K=22001 shift=0 R=2.013e+09 surv=62012 conf=61879 best=29 619s (3.25e+06 res/s)
  .. K=22001 shift=0 R=2.08e+09 surv=64104 conf=63969 best=29 648s (3.21e+06 res/s)
  .. K=22001 shift=0 R=2.147e+09 surv=66132 conf=65994 best=29 675s (3.18e+06 res/s)
  .. K=22001 shift=0 R=2.215e+09 surv=68071 conf=67928 best=29 700s (3.16e+06 res/s)
  .. K=22001 shift=0 R=2.282e+09 surv=70156 conf=70008 best=29 727s (3.14e+06 res/s)
  .. K=22001 shift=0 R=2.349e+09 surv=72216 conf=72065 best=29 749s (3.14e+06 res/s)
K=22001 shift=0 MOD=1133661268029390 tierB=7 tierC=144 R=2406063232 surv=73906 conf=73752 best=29 761.5s (9.53e+13 raw/s)
BEST n=29 a=121863158266321441 d=8407922510264970  units=1 covered=7.255e+16 raw a  761.6s INTERRUPTED
