tierC order: 131 137 149 167 173 ... (145 primes)
unit K=23001 shift=0 MOD=1133661268029390 stage1=10(3,2,5,59,71,83,89,101,107,113) tierC=145 residues=4.67e+09 range=7.255e+16
*** n=7 a=239040236728937131 d=8790083435234970 (K=23001 shift=0)
*** n=9 a=44603798203408561 d=8790083435234970 (K=23001 shift=0)
*** n=10 a=240317165856401041 d=8790083435234970 (K=23001 shift=0)
*** n=13 a=36739537177567381 d=8790083435234970 (K=23001 shift=0)
*** n=16 a=60058827036713251 d=8790083435234970 (K=23001 shift=0)
*** n=33 a=131884807318232731 d=8790083435234970 (K=23001 shift=0)
  .. K=23001 shift=0 R=6.711e+07 surv=1810 conf=1810 best=33 18s (3.78e+06 res/s)
  .. K=23001 shift=0 R=1.342e+08 surv=3546 conf=3546 best=33 36s (3.69e+06 res/s)
  .. K=23001 shift=0 R=2.013e+08 surv=5312 conf=5312 best=33 54s (3.75e+06 res/s)
  .. K=23001 shift=0 R=2.684e+08 surv=7100 conf=7100 best=33 70s (3.82e+06 res/s)
  .. K=23001 shift=0 R=3.355e+08 surv=8856 conf=8856 best=33 91s (3.67e+06 res/s)
  .. K=23001 shift=0 R=4.027e+08 surv=10644 conf=10644 best=33 111s (3.63e+06 res/s)
  .. K=23001 shift=0 R=4.698e+08 surv=12450 conf=12450 best=33 132s (3.57e+06 res/s)
  .. K=23001 shift=0 R=5.369e+08 surv=14207 conf=14207 best=33 153s (3.51e+06 res/s)
  .. K=23001 shift=0 R=6.04e+08 surv=15985 conf=15985 best=33 174s (3.47e+06 res/s)
  .. K=23001 shift=0 R=6.711e+08 surv=17780 conf=17780 best=33 194s (3.46e+06 res/s)
  .. K=23001 shift=0 R=7.382e+08 surv=19641 conf=19641 best=33 213s (3.47e+06 res/s)
  .. K=23001 shift=0 R=8.053e+08 surv=21465 conf=21465 best=33 232s (3.46e+06 res/s)
  .. K=23001 shift=0 R=8.724e+08 surv=23258 conf=23258 best=33 253s (3.45e+06 res/s)
  .. K=23001 shift=0 R=9.395e+08 surv=25075 conf=25075 best=33 272s (3.45e+06 res/s)
  .. K=23001 shift=0 R=1.007e+09 surv=26911 conf=26911 best=33 290s (3.47e+06 res/s)
  .. K=23001 shift=0 R=1.074e+09 surv=28671 conf=28671 best=33 308s (3.48e+06 res/s)
  .. K=23001 shift=0 R=1.141e+09 surv=30517 conf=30517 best=33 327s (3.49e+06 res/s)
  .. K=23001 shift=0 R=1.208e+09 surv=32248 conf=32248 best=33 345s (3.5e+06 res/s)
  .. K=23001 shift=0 R=1.275e+09 surv=34032 conf=34032 best=33 361s (3.53e+06 res/s)
  .. K=23001 shift=0 R=1.342e+09 surv=35899 conf=35899 best=33 381s (3.52e+06 res/s)
  .. K=23001 shift=0 R=1.409e+09 surv=37684 conf=37684 best=33 399s (3.53e+06 res/s)
  .. K=23001 shift=0 R=1.476e+09 surv=39519 conf=39519 best=33 417s (3.54e+06 res/s)
  .. K=23001 shift=0 R=1.544e+09 surv=41338 conf=41338 best=33 435s (3.55e+06 res/s)
  .. K=23001 shift=0 R=1.611e+09 surv=43117 conf=43117 best=33 454s (3.55e+06 res/s)
  .. K=23001 shift=0 R=1.678e+09 surv=44841 conf=44841 best=33 473s (3.55e+06 res/s)
  .. K=23001 shift=0 R=1.745e+09 surv=46587 conf=46587 best=33 490s (3.56e+06 res/s)
  .. K=23001 shift=0 R=1.812e+09 surv=48404 conf=48404 best=33 508s (3.56e+06 res/s)
  .. K=23001 shift=0 R=1.879e+09 surv=50227 conf=50227 best=33 528s (3.56e+06 res/s)
  .. K=23001 shift=0 R=1.946e+09 surv=52000 conf=52000 best=33 547s (3.56e+06 res/s)
  .. K=23001 shift=0 R=2.013e+09 surv=53807 conf=53807 best=33 567s (3.55e+06 res/s)
  .. K=23001 shift=0 R=2.08e+09 surv=55628 conf=55628 best=33 587s (3.54e+06 res/s)
  .. K=23001 shift=0 R=2.147e+09 surv=57367 conf=57367 best=33 609s (3.53e+06 res/s)
  .. K=23001 shift=0 R=2.215e+09 surv=59244 conf=59244 best=33 636s (3.48e+06 res/s)
  .. K=23001 shift=0 R=2.282e+09 surv=61048 conf=61048 best=33 663s (3.44e+06 res/s)
  .. K=23001 shift=0 R=2.349e+09 surv=62774 conf=62774 best=33 686s (3.42e+06 res/s)
  .. K=23001 shift=0 R=2.416e+09 surv=64623 conf=64623 best=33 710s (3.4e+06 res/s)
  .. K=23001 shift=0 R=2.483e+09 surv=66355 conf=66355 best=33 735s (3.38e+06 res/s)
  .. K=23001 shift=0 R=2.55e+09 surv=68129 conf=68129 best=33 752s (3.39e+06 res/s)
K=23001 shift=0 MOD=1133661268029390 tierB=7 tierC=145 R=2593866836 surv=69346 conf=69346 best=33 761.5s (9.53e+13 raw/s)
BEST n=33 a=131884807318232731 d=8790083435234970  units=1 covered=7.255e+16 raw a  761.6s INTERRUPTED
