tierC order: 131 137 149 167 173 ... (145 primes)
unit K=24001 shift=0 MOD=1133661268029390 stage1=10(3,2,5,59,71,83,89,101,107,113) tierC=145 residues=4.67e+09 range=7.255e+16
*** n=5 a=204451050962185471 d=9172244360204970 (K=24001 shift=0)
*** n=6 a=32273325895614271 d=9172244360204970 (K=24001 shift=0)
*** n=8 a=82475937790742011 d=9172244360204970 (K=24001 shift=0)
*** n=10 a=47174850918598321 d=9172244360204970 (K=24001 shift=0)
*** n=11 a=137283694428020941 d=9172244360204970 (K=24001 shift=0)
*** n=12 a=123545599991157871 d=9172244360204970 (K=24001 shift=0)
*** n=16 a=33295614875680141 d=9172244360204970 (K=24001 shift=0)
*** n=21 a=91314234653325901 d=9172244360204970 (K=24001 shift=0)
  .. K=24001 shift=0 R=6.711e+07 surv=1845 conf=1845 best=21 18s (3.67e+06 res/s)
  .. K=24001 shift=0 R=1.342e+08 surv=3621 conf=3621 best=21 37s (3.61e+06 res/s)
*** n=22 a=51206122003028671 d=9172244360204970 (K=24001 shift=0)
  .. K=24001 shift=0 R=2.013e+08 surv=5419 conf=5419 best=22 55s (3.68e+06 res/s)
  .. K=24001 shift=0 R=2.684e+08 surv=7235 conf=7235 best=22 72s (3.72e+06 res/s)
*** n=23 a=140634673294888741 d=9172244360204970 (K=24001 shift=0)
*** n=24 a=299356882562076391 d=9172244360204970 (K=24001 shift=0)
  .. K=24001 shift=0 R=3.355e+08 surv=9002 conf=9002 best=24 93s (3.6e+06 res/s)
  .. K=24001 shift=0 R=4.027e+08 surv=10793 conf=10793 best=24 112s (3.58e+06 res/s)
*** n=26 a=141609627633015571 d=9172244360204970 (K=24001 shift=0)
  .. K=24001 shift=0 R=4.698e+08 surv=12540 conf=12540 best=26 133s (3.53e+06 res/s)
  .. K=24001 shift=0 R=5.369e+08 surv=14325 conf=14325 best=26 154s (3.49e+06 res/s)
  .. K=24001 shift=0 R=6.04e+08 surv=16041 conf=16041 best=26 175s (3.46e+06 res/s)
  .. K=24001 shift=0 R=6.711e+08 surv=17871 conf=17871 best=26 195s (3.45e+06 res/s)
  .. K=24001 shift=0 R=7.382e+08 surv=19660 conf=19660 best=26 213s (3.46e+06 res/s)
  .. K=24001 shift=0 R=8.053e+08 surv=21468 conf=21468 best=26 233s (3.46e+06 res/s)
  .. K=24001 shift=0 R=8.724e+08 surv=23266 conf=23266 best=26 253s (3.45e+06 res/s)
  .. K=24001 shift=0 R=9.395e+08 surv=25013 conf=25013 best=26 272s (3.46e+06 res/s)
  .. K=24001 shift=0 R=1.007e+09 surv=26866 conf=26866 best=26 290s (3.47e+06 res/s)
  .. K=24001 shift=0 R=1.074e+09 surv=28637 conf=28637 best=26 308s (3.48e+06 res/s)
  .. K=24001 shift=0 R=1.141e+09 surv=30429 conf=30429 best=26 326s (3.5e+06 res/s)
  .. K=24001 shift=0 R=1.208e+09 surv=32212 conf=32212 best=26 345s (3.5e+06 res/s)
  .. K=24001 shift=0 R=1.275e+09 surv=33992 conf=33992 best=26 361s (3.53e+06 res/s)
  .. K=24001 shift=0 R=1.342e+09 surv=35813 conf=35813 best=26 381s (3.53e+06 res/s)
  .. K=24001 shift=0 R=1.409e+09 surv=37588 conf=37588 best=26 399s (3.54e+06 res/s)
*** n=31 a=178684033687716247 d=9172244360204970 (K=24001 shift=0)
  .. K=24001 shift=0 R=1.476e+09 surv=39328 conf=39328 best=31 416s (3.55e+06 res/s)
  .. K=24001 shift=0 R=1.544e+09 surv=41150 conf=41150 best=31 434s (3.56e+06 res/s)
  .. K=24001 shift=0 R=1.611e+09 surv=42916 conf=42916 best=31 453s (3.55e+06 res/s)
  .. K=24001 shift=0 R=1.678e+09 surv=44709 conf=44709 best=31 472s (3.55e+06 res/s)
  .. K=24001 shift=0 R=1.745e+09 surv=46471 conf=46471 best=31 490s (3.56e+06 res/s)
  .. K=24001 shift=0 R=1.812e+09 surv=48299 conf=48299 best=31 507s (3.57e+06 res/s)
  .. K=24001 shift=0 R=1.879e+09 surv=50099 conf=50099 best=31 527s (3.57e+06 res/s)
  .. K=24001 shift=0 R=1.946e+09 surv=51841 conf=51841 best=31 546s (3.57e+06 res/s)
  .. K=24001 shift=0 R=2.013e+09 surv=53616 conf=53616 best=31 565s (3.56e+06 res/s)
  .. K=24001 shift=0 R=2.08e+09 surv=55414 conf=55414 best=31 586s (3.55e+06 res/s)
  .. K=24001 shift=0 R=2.147e+09 surv=57162 conf=57162 best=31 607s (3.54e+06 res/s)
  .. K=24001 shift=0 R=2.215e+09 surv=58877 conf=58877 best=31 634s (3.5e+06 res/s)
  .. K=24001 shift=0 R=2.282e+09 surv=60665 conf=60665 best=31 660s (3.46e+06 res/s)
  .. K=24001 shift=0 R=2.349e+09 surv=62414 conf=62414 best=31 684s (3.44e+06 res/s)
  .. K=24001 shift=0 R=2.416e+09 surv=64137 conf=64137 best=31 707s (3.42e+06 res/s)
  .. K=24001 shift=0 R=2.483e+09 surv=65920 conf=65920 best=31 732s (3.39e+06 res/s)
  .. K=24001 shift=0 R=2.55e+09 surv=67773 conf=67773 best=31 750s (3.4e+06 res/s)
K=24001 shift=0 MOD=1133661268029390 tierB=7 tierC=145 R=2602609262 surv=69170 conf=69170 best=31 761.5s (9.53e+13 raw/s)
BEST n=31 a=178684033687716247 d=9172244360204970  units=1 covered=7.255e+16 raw a  761.5s INTERRUPTED
