tierC order: 131 137 149 167 173 ... (145 primes)
unit K=25001 shift=0 MOD=1133661268029390 stage1=10(3,2,5,59,71,83,89,101,107,113) tierC=145 residues=4.67e+09 range=7.255e+16
*** n=8 a=265316264041637341 d=9554405285174970 (K=25001 shift=0)
*** n=10 a=264215068851827911 d=9554405285174970 (K=25001 shift=0)
*** n=14 a=191343478917364381 d=9554405285174970 (K=25001 shift=0)
*** n=15 a=1487652530235781 d=9554405285174970 (K=25001 shift=0)
*** n=19 a=167438381739892561 d=9554405285174970 (K=25001 shift=0)
*** n=20 a=160189072262946481 d=9554405285174970 (K=25001 shift=0)
*** n=27 a=111933059598682891 d=9554405285174970 (K=25001 shift=0)
  .. K=25001 shift=0 R=6.711e+07 surv=1864 conf=1864 best=27 19s (3.6e+06 res/s)
  .. K=25001 shift=0 R=1.342e+08 surv=3727 conf=3727 best=27 38s (3.53e+06 res/s)
  .. K=25001 shift=0 R=2.013e+08 surv=5493 conf=5493 best=27 56s (3.6e+06 res/s)
  .. K=25001 shift=0 R=2.684e+08 surv=7275 conf=7275 best=27 73s (3.66e+06 res/s)
*** n=28 a=46000192721987191 d=9554405285174970 (K=25001 shift=0)
  .. K=25001 shift=0 R=3.355e+08 surv=9052 conf=9052 best=28 94s (3.56e+06 res/s)
*** n=33 a=82756418222749531 d=9554405285174970 (K=25001 shift=0)
  .. K=25001 shift=0 R=4.027e+08 surv=10787 conf=10787 best=33 113s (3.55e+06 res/s)
  .. K=25001 shift=0 R=4.698e+08 surv=12549 conf=12549 best=33 134s (3.5e+06 res/s)
  .. K=25001 shift=0 R=5.369e+08 surv=14349 conf=14349 best=33 155s (3.46e+06 res/s)
  .. K=25001 shift=0 R=6.04e+08 surv=16120 conf=16120 best=33 177s (3.42e+06 res/s)
  .. K=25001 shift=0 R=6.711e+08 surv=17899 conf=17899 best=33 196s (3.42e+06 res/s)
  .. K=25001 shift=0 R=7.382e+08 surv=19705 conf=19705 best=33 215s (3.43e+06 res/s)
  .. K=25001 shift=0 R=8.053e+08 surv=21559 conf=21559 best=33 234s (3.44e+06 res/s)
  .. K=25001 shift=0 R=8.724e+08 surv=23357 conf=23357 best=33 255s (3.42e+06 res/s)
  .. K=25001 shift=0 R=9.395e+08 surv=25192 conf=25192 best=33 274s (3.43e+06 res/s)
  .. K=25001 shift=0 R=1.007e+09 surv=26996 conf=26996 best=33 292s (3.44e+06 res/s)
  .. K=25001 shift=0 R=1.074e+09 surv=28732 conf=28732 best=33 310s (3.46e+06 res/s)
  .. K=25001 shift=0 R=1.141e+09 surv=30502 conf=30502 best=33 328s (3.48e+06 res/s)
  .. K=25001 shift=0 R=1.208e+09 surv=32277 conf=32277 best=33 347s (3.48e+06 res/s)
  .. K=25001 shift=0 R=1.275e+09 surv=34051 conf=34051 best=33 363s (3.51e+06 res/s)
  .. K=25001 shift=0 R=1.342e+09 surv=35849 conf=35849 best=33 383s (3.51e+06 res/s)
  .. K=25001 shift=0 R=1.409e+09 surv=37691 conf=37691 best=33 401s (3.52e+06 res/s)
  .. K=25001 shift=0 R=1.476e+09 surv=39445 conf=39445 best=33 418s (3.53e+06 res/s)
  .. K=25001 shift=0 R=1.544e+09 surv=41258 conf=41258 best=33 437s (3.53e+06 res/s)
  .. K=25001 shift=0 R=1.611e+09 surv=43011 conf=43011 best=33 456s (3.54e+06 res/s)
  .. K=25001 shift=0 R=1.678e+09 surv=44708 conf=44708 best=33 474s (3.54e+06 res/s)
  .. K=25001 shift=0 R=1.745e+09 surv=46532 conf=46532 best=33 493s (3.54e+06 res/s)
  .. K=25001 shift=0 R=1.812e+09 surv=48327 conf=48327 best=33 510s (3.55e+06 res/s)
  .. K=25001 shift=0 R=1.879e+09 surv=50091 conf=50091 best=33 529s (3.55e+06 res/s)
  .. K=25001 shift=0 R=1.946e+09 surv=51870 conf=51870 best=33 549s (3.54e+06 res/s)
  .. K=25001 shift=0 R=2.013e+09 surv=53684 conf=53684 best=33 570s (3.53e+06 res/s)
  .. K=25001 shift=0 R=2.08e+09 surv=55490 conf=55490 best=33 590s (3.53e+06 res/s)
  .. K=25001 shift=0 R=2.147e+09 surv=57272 conf=57272 best=33 614s (3.5e+06 res/s)
  .. K=25001 shift=0 R=2.215e+09 surv=59016 conf=59016 best=33 640s (3.46e+06 res/s)
  .. K=25001 shift=0 R=2.282e+09 surv=60849 conf=60849 best=33 667s (3.42e+06 res/s)
  .. K=25001 shift=0 R=2.349e+09 surv=62584 conf=62584 best=33 690s (3.4e+06 res/s)
  .. K=25001 shift=0 R=2.416e+09 surv=64407 conf=64407 best=33 714s (3.38e+06 res/s)
  .. K=25001 shift=0 R=2.483e+09 surv=66151 conf=66151 best=33 739s (3.36e+06 res/s)
  .. K=25001 shift=0 R=2.55e+09 surv=68000 conf=68000 best=33 755s (3.38e+06 res/s)
K=25001 shift=0 MOD=1133661268029390 tierB=7 tierC=145 R=2581840269 surv=68852 conf=68852 best=33 761.5s (9.53e+13 raw/s)
BEST n=33 a=82756418222749531 d=9554405285174970  units=1 covered=7.255e+16 raw a  761.5s INTERRUPTED
