tierC order: 137 149 167 173 179 ... (144 primes)
unit K=26001 shift=0 MOD=1387940430951870 stage1=10(3,2,5,59,71,83,89,101,113,131) tierC=144 residues=6.958e+09 range=8.883e+16
*** n=1 a=206592392145389911 d=9936566210144970 (K=26001 shift=0)
*** n=11 a=1932650015775841 d=9936566210144970 (K=26001 shift=0)
*** n=15 a=10554770991139411 d=9936566210144970 (K=26001 shift=0)
*** n=17 a=245644975822413271 d=9936566210144970 (K=26001 shift=0)
*** n=20 a=53745311393780641 d=9936566210144970 (K=26001 shift=0)
  .. K=26001 shift=0 R=6.711e+07 surv=3145 conf=3125 best=20 28s (2.38e+06 res/s)
*** n=29 a=183875151941553751 d=9936566210144970 (K=26001 shift=0)
  .. K=26001 shift=0 R=1.342e+08 surv=6438 conf=6406 best=29 55s (2.42e+06 res/s)
  .. K=26001 shift=0 R=2.013e+08 surv=9552 conf=9496 best=29 83s (2.44e+06 res/s)
  .. K=26001 shift=0 R=2.684e+08 surv=12789 conf=12714 best=29 113s (2.37e+06 res/s)
  .. K=26001 shift=0 R=3.355e+08 surv=15958 conf=15859 best=29 145s (2.31e+06 res/s)
  .. K=26001 shift=0 R=4.027e+08 surv=19243 conf=19126 best=29 178s (2.26e+06 res/s)
  .. K=26001 shift=0 R=4.698e+08 surv=22550 conf=22410 best=29 207s (2.26e+06 res/s)
  .. K=26001 shift=0 R=5.369e+08 surv=25845 conf=25689 best=29 237s (2.26e+06 res/s)
  .. K=26001 shift=0 R=6.04e+08 surv=29119 conf=28931 best=29 268s (2.26e+06 res/s)
  .. K=26001 shift=0 R=6.711e+08 surv=32402 conf=32190 best=29 296s (2.27e+06 res/s)
  .. K=26001 shift=0 R=7.382e+08 surv=35746 conf=35499 best=29 324s (2.28e+06 res/s)
  .. K=26001 shift=0 R=8.053e+08 surv=39111 conf=38847 best=29 352s (2.28e+06 res/s)
  .. K=26001 shift=0 R=8.724e+08 surv=42335 conf=42044 best=29 380s (2.3e+06 res/s)
  .. K=26001 shift=0 R=9.395e+08 surv=45602 conf=45286 best=29 408s (2.3e+06 res/s)
  .. K=26001 shift=0 R=1.007e+09 surv=48829 conf=48488 best=29 436s (2.31e+06 res/s)
  .. K=26001 shift=0 R=1.074e+09 surv=52081 conf=51717 best=29 465s (2.31e+06 res/s)
  .. K=26001 shift=0 R=1.141e+09 surv=55373 conf=54986 best=29 493s (2.31e+06 res/s)
  .. K=26001 shift=0 R=1.208e+09 surv=58687 conf=58274 best=29 522s (2.31e+06 res/s)
  .. K=26001 shift=0 R=1.275e+09 surv=61904 conf=61465 best=29 551s (2.31e+06 res/s)
*** n=32 a=144495068146478551 d=9936566210144970 (K=26001 shift=0)
  .. K=26001 shift=0 R=1.342e+09 surv=65098 conf=64634 best=32 582s (2.31e+06 res/s)
  .. K=26001 shift=0 R=1.409e+09 surv=68466 conf=67972 best=32 619s (2.28e+06 res/s)
  .. K=26001 shift=0 R=1.476e+09 surv=71740 conf=71222 best=32 660s (2.24e+06 res/s)
  .. K=26001 shift=0 R=1.544e+09 surv=75080 conf=74544 best=32 698s (2.21e+06 res/s)
  .. K=26001 shift=0 R=1.611e+09 surv=78331 conf=77767 best=32 736s (2.19e+06 res/s)
  .. K=26001 shift=0 R=1.678e+09 surv=81607 conf=81013 best=32 761s (2.21e+06 res/s)
K=26001 shift=0 MOD=1387940430951870 tierB=7 tierC=144 R=1680162521 surv=81721 conf=81126 best=32 761.5s (1.17e+14 raw/s)
BEST n=32 a=144495068146478551 d=9936566210144970  units=1 covered=8.883e+16 raw a  761.5s INTERRUPTED
