tierC order: 131 137 149 167 173 ... (145 primes)
unit K=27001 shift=0 MOD=1133661268029390 stage1=10(3,2,5,59,71,83,89,101,107,113) tierC=145 residues=4.67e+09 range=7.255e+16
*** n=4 a=106036677570079021 d=10318727135114970 (K=27001 shift=0)
*** n=6 a=32245672604822851 d=10318727135114970 (K=27001 shift=0)
*** n=7 a=159445917714447691 d=10318727135114970 (K=27001 shift=0)
*** n=11 a=18719245823459461 d=10318727135114970 (K=27001 shift=0)
*** n=12 a=11770253667837691 d=10318727135114970 (K=27001 shift=0)
*** n=16 a=33709406082862381 d=10318727135114970 (K=27001 shift=0)
*** n=17 a=159050075270810971 d=10318727135114970 (K=27001 shift=0)
*** n=18 a=117228552035662141 d=10318727135114970 (K=27001 shift=0)
*** n=19 a=179662170622800061 d=10318727135114970 (K=27001 shift=0)
*** n=22 a=177209396527166251 d=10318727135114970 (K=27001 shift=0)
  .. K=27001 shift=0 R=6.711e+07 surv=1798 conf=1798 best=22 18s (3.7e+06 res/s)
*** n=23 a=90778973379064351 d=10318727135114970 (K=27001 shift=0)
  .. K=27001 shift=0 R=1.342e+08 surv=3639 conf=3639 best=23 37s (3.6e+06 res/s)
*** n=25 a=236224592907414031 d=10318727135114970 (K=27001 shift=0)
*** n=31 a=138871843564677001 d=10318727135114970 (K=27001 shift=0)
  .. K=27001 shift=0 R=2.013e+08 surv=5471 conf=5471 best=31 55s (3.63e+06 res/s)
  .. K=27001 shift=0 R=2.684e+08 surv=7280 conf=7280 best=31 73s (3.67e+06 res/s)
  .. K=27001 shift=0 R=3.355e+08 surv=9085 conf=9085 best=31 95s (3.53e+06 res/s)
  .. K=27001 shift=0 R=4.027e+08 surv=10863 conf=10863 best=31 115s (3.51e+06 res/s)
  .. K=27001 shift=0 R=4.698e+08 surv=12642 conf=12642 best=31 136s (3.46e+06 res/s)
  .. K=27001 shift=0 R=5.369e+08 surv=14445 conf=14445 best=31 157s (3.43e+06 res/s)
  .. K=27001 shift=0 R=6.04e+08 surv=16241 conf=16241 best=31 178s (3.39e+06 res/s)
  .. K=27001 shift=0 R=6.711e+08 surv=18045 conf=18045 best=31 198s (3.39e+06 res/s)
  .. K=27001 shift=0 R=7.382e+08 surv=19820 conf=19820 best=31 217s (3.4e+06 res/s)
  .. K=27001 shift=0 R=8.053e+08 surv=21637 conf=21637 best=31 236s (3.41e+06 res/s)
  .. K=27001 shift=0 R=8.724e+08 surv=23467 conf=23467 best=31 257s (3.4e+06 res/s)
  .. K=27001 shift=0 R=9.395e+08 surv=25201 conf=25201 best=31 275s (3.42e+06 res/s)
  .. K=27001 shift=0 R=1.007e+09 surv=26974 conf=26974 best=31 293s (3.44e+06 res/s)
  .. K=27001 shift=0 R=1.074e+09 surv=28772 conf=28772 best=31 311s (3.45e+06 res/s)
  .. K=27001 shift=0 R=1.141e+09 surv=30543 conf=30543 best=31 329s (3.47e+06 res/s)
  .. K=27001 shift=0 R=1.208e+09 surv=32329 conf=32329 best=31 348s (3.47e+06 res/s)
  .. K=27001 shift=0 R=1.275e+09 surv=34157 conf=34157 best=31 364s (3.5e+06 res/s)
  .. K=27001 shift=0 R=1.342e+09 surv=36013 conf=36013 best=31 385s (3.49e+06 res/s)
  .. K=27001 shift=0 R=1.409e+09 surv=37778 conf=37778 best=31 403s (3.5e+06 res/s)
  .. K=27001 shift=0 R=1.476e+09 surv=39567 conf=39567 best=31 421s (3.51e+06 res/s)
  .. K=27001 shift=0 R=1.544e+09 surv=41381 conf=41381 best=31 439s (3.51e+06 res/s)
  .. K=27001 shift=0 R=1.611e+09 surv=43176 conf=43176 best=31 458s (3.51e+06 res/s)
  .. K=27001 shift=0 R=1.678e+09 surv=44995 conf=44995 best=31 478s (3.51e+06 res/s)
  .. K=27001 shift=0 R=1.745e+09 surv=46839 conf=46839 best=31 496s (3.52e+06 res/s)
  .. K=27001 shift=0 R=1.812e+09 surv=48665 conf=48665 best=31 515s (3.52e+06 res/s)
  .. K=27001 shift=0 R=1.879e+09 surv=50504 conf=50504 best=31 534s (3.52e+06 res/s)
  .. K=27001 shift=0 R=1.946e+09 surv=52275 conf=52275 best=31 554s (3.51e+06 res/s)
  .. K=27001 shift=0 R=2.013e+09 surv=54049 conf=54049 best=31 574s (3.51e+06 res/s)
  .. K=27001 shift=0 R=2.08e+09 surv=55889 conf=55889 best=31 595s (3.5e+06 res/s)
  .. K=27001 shift=0 R=2.147e+09 surv=57660 conf=57660 best=31 621s (3.46e+06 res/s)
  .. K=27001 shift=0 R=2.215e+09 surv=59472 conf=59472 best=31 648s (3.42e+06 res/s)
  .. K=27001 shift=0 R=2.282e+09 surv=61227 conf=61227 best=31 673s (3.39e+06 res/s)
  .. K=27001 shift=0 R=2.349e+09 surv=62938 conf=62938 best=31 696s (3.37e+06 res/s)
  .. K=27001 shift=0 R=2.416e+09 surv=64726 conf=64726 best=31 722s (3.35e+06 res/s)
  .. K=27001 shift=0 R=2.483e+09 surv=66455 conf=66455 best=31 744s (3.34e+06 res/s)
  .. K=27001 shift=0 R=2.55e+09 surv=68259 conf=68259 best=31 759s (3.36e+06 res/s)
K=27001 shift=0 MOD=1133661268029390 tierB=7 tierC=145 R=2561639325 surv=68558 conf=68558 best=31 761.5s (9.53e+13 raw/s)
BEST n=31 a=138871843564677001 d=10318727135114970  units=1 covered=7.255e+16 raw a  761.5s INTERRUPTED
