measured cost, and expected 58-term hits per CPU-second (1 core)
(rows with X < 57*D0 = 2.18e+13 are INFEASIBLE, marked *, kept only to show the cost curve)
pins                     X (term)   1/delta   work/out ns/out   P58         hits/core-s
59..113                  2.18e+13   32366     2.09     6.84     1.196e-13   1.749e-05  
59..113*                 1e+12      32366     2.74     9.30     2.567e-12   0.000276   
59..113*                 1e+13      32366     2.12     7.12     2.519e-13   3.538e-05  
59..113                  2.18e+13   32366     2.09     6.65     1.196e-13   1.799e-05  
59..113                  1e+14      32366     1.38     3.20     2.937e-14   9.178e-06  
59..113                  1e+15      32366     1.04     1.56     3.971e-15   2.546e-06  
59..113                  1e+16      32366     1.00     1.24     6.111e-16   4.928e-07  
59..113                  1e+17      32366     1.00     1.23     1.053e-16   8.564e-08  
59..101                  2.18e+13   7214      1.00     1.22     4.184e-14   3.43e-05   
59..107                  2.18e+13   15753     1.02     1.36     7.177e-14   5.277e-05  
59..113                  2.18e+13   32366     2.09     6.67     1.196e-13   1.794e-05  
59..131                  2.18e+13   58082     3.74     20.00    1.86e-13    9.298e-06  
59..137                  2.18e+13   100724    6.49     49.97    2.835e-13   5.674e-06  
59..149                  2.18e+13   164921    10.63    130.93   4.179e-13   3.192e-06  
59..167                  2.18e+13   252677    16.29    222.66   5.908e-13   2.654e-06  
59..173                  2.18e+13   380115    24.50    381.61   8.254e-13   2.163e-06  
59..113                  7.26e+16   32366     1.00     1.26     1.337e-16   1.061e-07  
59..113                  7.26e+16   32366     1.00     1.26     1.337e-16   1.061e-07  
59..131                  7.26e+16   58082     1.07     1.61     2.079e-16   1.291e-07  
59..137                  7.26e+16   100724    1.85     6.63     3.169e-16   4.78e-08   
59..173                  7.26e+16   380115    6.99     89.97    9.226e-16   1.026e-08  

baseline (today's engine structure: pins 59..113, term floor 64*MOD = 7.26e+16)
  ns/out = 1.26  P58 = 1.337e-16  hits/core-s = 1.061e-07

best measured configuration: pins 59..107 at X = 2.18e+13
  ns/out = 1.36  P58 = 7.177e-14  hits/core-s = 5.277e-05
  SPEEDUP over today's structure = 497.2 x

-- value of the win: exhaustive sweep of a < 57*K*D0 at ~1.64 ns/cand --
Kmax      term size  cands<=Kmax core-hours  E[58s] new  E[58s] old 
1         2.18e+13   1.844e+08   8.399e-05   1.323e-05   1.2e-08    
10        2.18e+14   1.844e+09   0.0008399   4.179e-05   1.2e-07    
100       2.18e+15   1.844e+10   0.008399    8.538e-05   1.2e-06    
1000      2.18e+16   1.844e+11   0.08399     0.0001523   1.2e-05    
3331      7.26e+16   6.141e+11   0.2798      0.0002036   3.997e-05  
10000     2.18e+17   1.844e+12   0.8399      0.0002663   9.084e-05  
100000    2.18e+18   1.844e+13   8.399       0.0004813   0.0002653  
400000    8.71e+18   7.375e+13   33.6        0.0007073   0.0004486  

(last column = the same a-supply priced at the engine's term floor and pin set, i.e. what today's structure would get from the same work)
